
> python-arena@0.1.0 build
> next build

Γû▓ Next.js 16.2.5 (Turbopack)
- Environments: .env.local

  Creating an optimized production build ...
node.exe : Turbopack build encountered 1 warnings:
At line:1 char:1
+ & "C:\Program Files\nodejs/node.exe" "C:\Program Files\nodejs/node_mo ...
+ ~~~~~~~~~~~~~~~~~~~~~~~~~~~~~~~~~~~~~~~~~~~~~~~~~~~~~~~~~~~~~~~~~~~~~
    + CategoryInfo          : NotSpecified: (Turbopack build encountered 1 warnings::String) [], RemoteException
    + FullyQualifiedErrorId : NativeCommandError
 
./next.config.js
Encountered unexpected file in NFT list
A file was traced that indicates that the whole project was traced unintentionally. Somewhere in the import trace 
below, there are:
- filesystem operations (like path.join, path.resolve or fs.readFile), or
- very dynamic requires (like require('./' + foo)).
To resolve this, you can
- remove them if possible, or
- only use them in development, or
- make sure they are statically scoped to some subfolder: path.join(process.cwd(), 'data', bar), or
- add ignore comments: path.join(/*turbopackIgnore: true*/ process.cwd(), bar)

Import trace:
  App Route:
    ./next.config.js
    ./app/api/admin/users/import-teachers-csv/route.ts



> Build error occurred
Error: Turbopack build failed with 774 errors:
./src/data/pythonPrograms.ts:75:9
Cannot assign to this
  [90m73 |[0m [36mexport[0m [36mconst[0m pythonPrograms: [33mPythonProgram[0m[] = [
  [90m74 |[0m   {
[31m[1m>[0m [90m75 |[0m     id: [32m"b-1"[0m,
  [90m   |[0m         [31m[1m^^^^^[0m
  [90m76 |[0m     title: [32m"Hello World"[0m,
  [90m77 |[0m     language: [32m"python"[0m,
  [90m78 |[0m     category: [32m"Basics"[0m,

Parsing ecmascript source code failed

Import traces:
  App Route:
    ./src/data/pythonPrograms.ts
    ./app/api/admin/users/import-teachers-csv/route.ts

  Client Component Browser:
    ./src/data/pythonPrograms.ts [Client Component Browser]
    ./src/sections/ProgramsSection.tsx [Client Component Browser]
    ./src/sections/ProgramsSection.tsx [Server Component]
    ./app/page.tsx [Server Component]

  Client Component SSR:
    ./src/data/pythonPrograms.ts [Client Component SSR]
    ./src/sections/ProgramsSection.tsx [Client Component SSR]
    ./src/sections/ProgramsSection.tsx [Server Component]
    ./app/page.tsx [Server Component]


./src/data/pythonPrograms.ts:76:12
Cannot assign to this
  [90m74 |[0m   {
  [90m75 |[0m     id: [32m"b-1"[0m,
[31m[1m>[0m [90m76 |[0m     title: [32m"Hello World"[0m,
  [90m   |[0m            [31m[1m^^^^^^^^^^^^^[0m
  [90m77 |[0m     language: [32m"python"[0m,
  [90m78 |[0m     category: [32m"Basics"[0m,
  [90m79 |[0m     difficulty: [32m"Easy"[0m,

Parsing ecmascript source code failed

Import traces:
  App Route:
    ./src/data/pythonPrograms.ts
    ./app/api/admin/users/import-teachers-csv/route.ts

  Client Component Browser:
    ./src/data/pythonPrograms.ts [Client Component Browser]
    ./src/sections/ProgramsSection.tsx [Client Component Browser]
    ./src/sections/ProgramsSection.tsx [Server Component]
    ./app/page.tsx [Server Component]

  Client Component SSR:
    ./src/data/pythonPrograms.ts [Client Component SSR]
    ./src/sections/ProgramsSection.tsx [Client Component SSR]
    ./src/sections/ProgramsSection.tsx [Server Component]
    ./app/page.tsx [Server Component]


./src/data/pythonPrograms.ts:77:15
Cannot assign to this
  [90m75 |[0m     id: [32m"b-1"[0m,
  [90m76 |[0m     title: [32m"Hello World"[0m,
[31m[1m>[0m [90m77 |[0m     language: [32m"python"[0m,
  [90m   |[0m               [31m[1m^^^^^^^^[0m
  [90m78 |[0m     category: [32m"Basics"[0m,
  [90m79 |[0m     difficulty: [32m"Easy"[0m,
  [90m80 |[0m     classLevel: [32m"Class 8"[0m,

Parsing ecmascript source code failed

Import traces:
  App Route:
    ./src/data/pythonPrograms.ts
    ./app/api/admin/users/import-teachers-csv/route.ts

  Client Component Browser:
    ./src/data/pythonPrograms.ts [Client Component Browser]
    ./src/sections/ProgramsSection.tsx [Client Component Browser]
    ./src/sections/ProgramsSection.tsx [Server Component]
    ./app/page.tsx [Server Component]

  Client Component SSR:
    ./src/data/pythonPrograms.ts [Client Component SSR]
    ./src/sections/ProgramsSection.tsx [Client Component SSR]
    ./src/sections/ProgramsSection.tsx [Server Component]
    ./app/page.tsx [Server Component]


./src/data/pythonPrograms.ts:78:15
Cannot assign to this
  [90m76 |[0m     title: [32m"Hello World"[0m,
  [90m77 |[0m     language: [32m"python"[0m,
[31m[1m>[0m [90m78 |[0m     category: [32m"Basics"[0m,
  [90m   |[0m               [31m[1m^^^^^^^^[0m
  [90m79 |[0m     difficulty: [32m"Easy"[0m,
  [90m80 |[0m     classLevel: [32m"Class 8"[0m,
  [90m81 |[0m     description: [32m"Learn how to display output using Python's print() function"[0m,

Parsing ecmascript source code failed

Import traces:
  App Route:
    ./src/data/pythonPrograms.ts
    ./app/api/admin/users/import-teachers-csv/route.ts

  Client Component Browser:
    ./src/data/pythonPrograms.ts [Client Component Browser]
    ./src/sections/ProgramsSection.tsx [Client Component Browser]
    ./src/sections/ProgramsSection.tsx [Server Component]
    ./app/page.tsx [Server Component]

  Client Component SSR:
    ./src/data/pythonPrograms.ts [Client Component SSR]
    ./src/sections/ProgramsSection.tsx [Client Component SSR]
    ./src/sections/ProgramsSection.tsx [Server Component]
    ./app/page.tsx [Server Component]


./src/data/pythonPrograms.ts:79:17
Cannot assign to this
  [90m77 |[0m     language: [32m"python"[0m,
  [90m78 |[0m     category: [32m"Basics"[0m,
[31m[1m>[0m [90m79 |[0m     difficulty: [32m"Easy"[0m,
  [90m   |[0m                 [31m[1m^^^^^^[0m
  [90m80 |[0m     classLevel: [32m"Class 8"[0m,
  [90m81 |[0m     description: [32m"Learn how to display output using Python's print() function"[0m,
  [90m82 |[0m     code: [32m`"""[0m

Parsing ecmascript source code failed

Import traces:
  App Route:
    ./src/data/pythonPrograms.ts
    ./app/api/admin/users/import-teachers-csv/route.ts

  Client Component Browser:
    ./src/data/pythonPrograms.ts [Client Component Browser]
    ./src/sections/ProgramsSection.tsx [Client Component Browser]
    ./src/sections/ProgramsSection.tsx [Server Component]
    ./app/page.tsx [Server Component]

  Client Component SSR:
    ./src/data/pythonPrograms.ts [Client Component SSR]
    ./src/sections/ProgramsSection.tsx [Client Component SSR]
    ./src/sections/ProgramsSection.tsx [Server Component]
    ./app/page.tsx [Server Component]


./src/data/pythonPrograms.ts:80:17
Cannot assign to this
  [90m78 |[0m     category: [32m"Basics"[0m,
  [90m79 |[0m     difficulty: [32m"Easy"[0m,
[31m[1m>[0m [90m80 |[0m     classLevel: [32m"Class 8"[0m,
  [90m   |[0m                 [31m[1m^^^^^^^^^[0m
  [90m81 |[0m     description: [32m"Learn how to display output using Python's print() function"[0m,
  [90m82 |[0m     code: [32m`"""[0m
  [90m83 |[0m [32m==========================================[0m

Parsing ecmascript source code failed

Import traces:
  App Route:
    ./src/data/pythonPrograms.ts
    ./app/api/admin/users/import-teachers-csv/route.ts

  Client Component Browser:
    ./src/data/pythonPrograms.ts [Client Component Browser]
    ./src/sections/ProgramsSection.tsx [Client Component Browser]
    ./src/sections/ProgramsSection.tsx [Server Component]
    ./app/page.tsx [Server Component]

  Client Component SSR:
    ./src/data/pythonPrograms.ts [Client Component SSR]
    ./src/sections/ProgramsSection.tsx [Client Component SSR]
    ./src/sections/ProgramsSection.tsx [Server Component]
    ./app/page.tsx [Server Component]


./src/data/pythonPrograms.ts:81:18
Cannot assign to this
  [90m79 |[0m     difficulty: [32m"Easy"[0m,
  [90m80 |[0m     classLevel: [32m"Class 8"[0m,
[31m[1m>[0m [90m81 |[0m     description: [32m"Learn how to display output using Python's print() function"[0m,
  [90m   |[0m                  [31m[1m^^^^^^^^^^^^^^^^^^^^^^^^^^^^^^^^^^^^^^^^^^^^^^^^^^^^^^^^^^^^^[0m
  [90m82 |[0m     code: [32m`"""[0m
  [90m83 |[0m [32m==========================================[0m
  [90m84 |[0m [32mProgram: Hello World[0m

Parsing ecmascript source code failed

Import traces:
  App Route:
    ./src/data/pythonPrograms.ts
    ./app/api/admin/users/import-teachers-csv/route.ts

  Client Component Browser:
    ./src/data/pythonPrograms.ts [Client Component Browser]
    ./src/sections/ProgramsSection.tsx [Client Component Browser]
    ./src/sections/ProgramsSection.tsx [Server Component]
    ./app/page.tsx [Server Component]

  Client Component SSR:
    ./src/data/pythonPrograms.ts [Client Component SSR]
    ./src/sections/ProgramsSection.tsx [Client Component SSR]
    ./src/sections/ProgramsSection.tsx [Server Component]
    ./app/page.tsx [Server Component]


./src/data/pythonPrograms.ts:82:11
Cannot assign to this
  [90m 80 |[0m     classLevel: [32m"Class 8"[0m,
  [90m 81 |[0m     description: [32m"Learn how to display output using Python's print() function"[0m,
[31m[1m>[0m [90m 82 |[0m     code: [32m`"""[0m
  [90m    |[0m           [31m[1m^^^[0m
[31m[1m>[0m [90m 83 |[0m [32m==========================================[0m
  [90m    |[0m [31m[1m^^^^^^^^^^^^^^^^^^^^^^^^^^^^^^^^^^^^^^^^^^[0m
[31m[1m>[0m [90m 84 |[0m [32mProgram: Hello World[0m
  [90m    |[0m [31m[1m^^^^^^^^^^^^^^^^^^^^[0m
[31m[1m>[0m [90m 85 |[0m [32mTeaches: Using print() to display output[0m
  [90m    |[0m [31m[1m^^^^^^^^^^^^^^^^^^^^^^^^^^^^^^^^^^^^^^^^[0m
[31m[1m>[0m [90m 86 |[0m [32mWHY: Every program needs to communicate results to the user.[0m
  [90m    |[0m [31m[1m^^^^^^^^^^^^^^^^^^^^^^^^^^^^^^^^^^^^^^^^^^^^^^^^^^^^^^^^^^^^[0m
[31m[1m>[0m [90m 87 |[0m [32m      print() is the most basic way to show output.[0m
  [90m    |[0m [31m[1m^^^^^^^^^^^^^^^^^^^^^^^^^^^^^^^^^^^^^^^^^^^^^^^^^^^[0m
[31m[1m>[0m [90m 88 |[0m [32m==========================================[0m
  [90m    |[0m [31m[1m^^^^^^^^^^^^^^^^^^^^^^^^^^^^^^^^^^^^^^^^^^[0m
[31m[1m>[0m [90m 89 |[0m
  [90m    |[0m [31m[1m^[0m
[31m[1m>[0m [90m 90 |[0m [32mEXECUTION TRACE:[0m
  [90m    |[0m [31m[1m^^^^^^^^^^^^^^^^[0m
[31m[1m>[0m [90m 91 |[0m [32mLine 1: print("Hello, World!") ΓåÆ displays "Hello, World!" on screen[0m
  [90m    |[0m [31m[1m^^^^^^^^^^^^^^^^^^^^^^^^^^^^^^^^^^^^^^^^^^^^^^^^^^^^^^^^^^^^^^^^^^^[0m
[31m[1m>[0m [90m 92 |[0m [32mLine 2: print("Welcome to Python!") ΓåÆ displays "Welcome to Python!" on screen[0m
  [90m    |[0m [31m[1m^^^^^^^^^^^^^^^^^^^^^^^^^^^^^^^^^^^^^^^^^^^^^^^^^^^^^^^^^^^^^^^^^^^^^^^^^^^^^[0m
[31m[1m>[0m [90m 93 |[0m [32mLine 3: print("My first program") ΓåÆ displays "My first program" on screen[0m
  [90m    |[0m [31m[1m^^^^^^^^^^^^^^^^^^^^^^^^^^^^^^^^^^^^^^^^^^^^^^^^^^^^^^^^^^^^^^^^^^^^^^^^^[0m
[31m[1m>[0m [90m 94 |[0m
  [90m    |[0m [31m[1m^[0m
[31m[1m>[0m [90m 95 |[0m [32mTRY THIS:[0m
  [90m    |[0m [31m[1m^^^^^^^^^[0m
[31m[1m>[0m [90m 96 |[0m [32m- Change the messages inside print() to your own greetings[0m
  [90m    |[0m [31m[1m^^^^^^^^^^^^^^^^^^^^^^^^^^^^^^^^^^^^^^^^^^^^^^^^^^^^^^^^^^[0m
[31m[1m>[0m [90m 97 |[0m [32m- Add a 4th print() statement with your name[0m
  [90m    |[0m [31m[1m^^^^^^^^^^^^^^^^^^^^^^^^^^^^^^^^^^^^^^^^^^^^[0m
[31m[1m>[0m [90m 98 |[0m [32m- Try printing numbers directly: print(10 + 5)[0m
  [90m    |[0m [31m[1m^^^^^^^^^^^^^^^^^^^^^^^^^^^^^^^^^^^^^^^^^^^^^^[0m
[31m[1m>[0m [90m 99 |[0m [32m"""[0m
  [90m    |[0m [31m[1m^^^[0m
[31m[1m>[0m [90m100 |[0m
  [90m    |[0m [31m[1m^[0m
[31m[1m>[0m [90m101 |[0m [32mprint("Hello, World!")[0m
  [90m    |[0m [31m[1m^^^^^^^^^^^^^^^^^^^^^^[0m
[31m[1m>[0m [90m102 |[0m [32mprint("Welcome to Python!")[0m
  [90m    |[0m [31m[1m^^^^^^^^^^^^^^^^^^^^^^^^^^^[0m
[31m[1m>[0m [90m103 |[0m [32mprint("My first program")[0m
  [90m    |[0m [31m[1m^^^^^^^^^^^^^^^^^^^^^^^^^[0m
[31m[1m>[0m [90m104 |[0m [32m`[0m,
  [90m    |[0m [31m[1m^[0m
  [90m105 |[0m     funFact: [32m"Python's creator Guido van Rossum named it after 'Monty Python's Flying Cir...[0m
  [90m106 |[0m   },
  [90m107 |[0m   {

Parsing ecmascript source code failed

Import traces:
  App Route:
    ./src/data/pythonPrograms.ts
    ./app/api/admin/users/import-teachers-csv/route.ts

  Client Component Browser:
    ./src/data/pythonPrograms.ts [Client Component Browser]
    ./src/sections/ProgramsSection.tsx [Client Component Browser]
    ./src/sections/ProgramsSection.tsx [Server Component]
    ./app/page.tsx [Server Component]

  Client Component SSR:
    ./src/data/pythonPrograms.ts [Client Component SSR]
    ./src/sections/ProgramsSection.tsx [Client Component SSR]
    ./src/sections/ProgramsSection.tsx [Server Component]
    ./app/page.tsx [Server Component]


./src/data/pythonPrograms.ts:105:14
Cannot assign to this
  [90m103 |[0m ...[32mogram"[0m)
  [90m104 |[0m ...
[31m[1m>[0m [90m105 |[0m ...[32mon's creator Guido van Rossum named it after 'Monty Python's Flying Circus', not 
the s...[0m
  [90m    |[0m    
[31m[1m^^^^^^^^^^^^^^^^^^^^^^^^^^^^^^^^^^^^^^^^^^^^^^^^^^^^^^^^^^^^^^^^^^^^^^^^^^^^^^^^^^^^^^^^^[0m
  [90m106 |[0m ...
  [90m107 |[0m ...
  [90m108 |[0m ...

Parsing ecmascript source code failed

Import traces:
  App Route:
    ./src/data/pythonPrograms.ts
    ./app/api/admin/users/import-teachers-csv/route.ts

  Client Component Browser:
    ./src/data/pythonPrograms.ts [Client Component Browser]
    ./src/sections/ProgramsSection.tsx [Client Component Browser]
    ./src/sections/ProgramsSection.tsx [Server Component]
    ./app/page.tsx [Server Component]

  Client Component SSR:
    ./src/data/pythonPrograms.ts [Client Component SSR]
    ./src/sections/ProgramsSection.tsx [Client Component SSR]
    ./src/sections/ProgramsSection.tsx [Server Component]
    ./app/page.tsx [Server Component]


./src/data/pythonPrograms.ts:108:9
Cannot assign to this
  [90m106 |[0m [32m  },[0m
  [90m107 |[0m [32m  {[0m
[31m[1m>[0m [90m108 |[0m [32m    id: "b-2",[0m
  [90m    |[0m         [31m[1m^^^^^[0m
  [90m109 |[0m [32m    title: "My Bio Data",[0m
  [90m110 |[0m [32m    language: "python",[0m
  [90m111 |[0m [32m    category: "Basics",[0m

Parsing ecmascript source code failed

Import traces:
  App Route:
    ./src/data/pythonPrograms.ts
    ./app/api/admin/users/import-teachers-csv/route.ts

  Client Component Browser:
    ./src/data/pythonPrograms.ts [Client Component Browser]
    ./src/sections/ProgramsSection.tsx [Client Component Browser]
    ./src/sections/ProgramsSection.tsx [Server Component]
    ./app/page.tsx [Server Component]

  Client Component SSR:
    ./src/data/pythonPrograms.ts [Client Component SSR]
    ./src/sections/ProgramsSection.tsx [Client Component SSR]
    ./src/sections/ProgramsSection.tsx [Server Component]
    ./app/page.tsx [Server Component]


./src/data/pythonPrograms.ts:109:12
Cannot assign to this
  [90m107 |[0m [32m  {[0m
  [90m108 |[0m [32m    id: "b-2",[0m
[31m[1m>[0m [90m109 |[0m [32m    title: "My Bio Data",[0m
  [90m    |[0m            [31m[1m^^^^^^^^^^^^^[0m
  [90m110 |[0m [32m    language: "python",[0m
  [90m111 |[0m [32m    category: "Basics",[0m
  [90m112 |[0m [32m    difficulty: "Easy",[0m

Parsing ecmascript source code failed

Import traces:
  App Route:
    ./src/data/pythonPrograms.ts
    ./app/api/admin/users/import-teachers-csv/route.ts

  Client Component Browser:
    ./src/data/pythonPrograms.ts [Client Component Browser]
    ./src/sections/ProgramsSection.tsx [Client Component Browser]
    ./src/sections/ProgramsSection.tsx [Server Component]
    ./app/page.tsx [Server Component]

  Client Component SSR:
    ./src/data/pythonPrograms.ts [Client Component SSR]
    ./src/sections/ProgramsSection.tsx [Client Component SSR]
    ./src/sections/ProgramsSection.tsx [Server Component]
    ./app/page.tsx [Server Component]


./src/data/pythonPrograms.ts:110:15
Cannot assign to this
  [90m108 |[0m [32m    id: "b-2",[0m
  [90m109 |[0m [32m    title: "My Bio Data",[0m
[31m[1m>[0m [90m110 |[0m [32m    language: "python",[0m
  [90m    |[0m               [31m[1m^^^^^^^^[0m
  [90m111 |[0m [32m    category: "Basics",[0m
  [90m112 |[0m [32m    difficulty: "Easy",[0m
  [90m113 |[0m [32m    classLevel: "Class 8",[0m

Parsing ecmascript source code failed

Import traces:
  App Route:
    ./src/data/pythonPrograms.ts
    ./app/api/admin/users/import-teachers-csv/route.ts

  Client Component Browser:
    ./src/data/pythonPrograms.ts [Client Component Browser]
    ./src/sections/ProgramsSection.tsx [Client Component Browser]
    ./src/sections/ProgramsSection.tsx [Server Component]
    ./app/page.tsx [Server Component]

  Client Component SSR:
    ./src/data/pythonPrograms.ts [Client Component SSR]
    ./src/sections/ProgramsSection.tsx [Client Component SSR]
    ./src/sections/ProgramsSection.tsx [Server Component]
    ./app/page.tsx [Server Component]


./src/data/pythonPrograms.ts:111:15
Cannot assign to this
  [90m109 |[0m [32m    title: "My Bio Data",[0m
  [90m110 |[0m [32m    language: "python",[0m
[31m[1m>[0m [90m111 |[0m [32m    category: "Basics",[0m
  [90m    |[0m               [31m[1m^^^^^^^^[0m
  [90m112 |[0m [32m    difficulty: "Easy",[0m
  [90m113 |[0m [32m    classLevel: "Class 8",[0m
  [90m114 |[0m [32m    description: "Use multiple print() statements to display personal information",[0m

Parsing ecmascript source code failed

Import traces:
  App Route:
    ./src/data/pythonPrograms.ts
    ./app/api/admin/users/import-teachers-csv/route.ts

  Client Component Browser:
    ./src/data/pythonPrograms.ts [Client Component Browser]
    ./src/sections/ProgramsSection.tsx [Client Component Browser]
    ./src/sections/ProgramsSection.tsx [Server Component]
    ./app/page.tsx [Server Component]

  Client Component SSR:
    ./src/data/pythonPrograms.ts [Client Component SSR]
    ./src/sections/ProgramsSection.tsx [Client Component SSR]
    ./src/sections/ProgramsSection.tsx [Server Component]
    ./app/page.tsx [Server Component]


./src/data/pythonPrograms.ts:112:17
Cannot assign to this
  [90m110 |[0m [32m    language: "python",[0m
  [90m111 |[0m [32m    category: "Basics",[0m
[31m[1m>[0m [90m112 |[0m [32m    difficulty: "Easy",[0m
  [90m    |[0m                 [31m[1m^^^^^^[0m
  [90m113 |[0m [32m    classLevel: "Class 8",[0m
  [90m114 |[0m [32m    description: "Use multiple print() statements to display personal information",[0m
  [90m115 |[0m [32m    code: `[0m[32m""[0m[32m"[0m

Parsing ecmascript source code failed

Import traces:
  App Route:
    ./src/data/pythonPrograms.ts
    ./app/api/admin/users/import-teachers-csv/route.ts

  Client Component Browser:
    ./src/data/pythonPrograms.ts [Client Component Browser]
    ./src/sections/ProgramsSection.tsx [Client Component Browser]
    ./src/sections/ProgramsSection.tsx [Server Component]
    ./app/page.tsx [Server Component]

  Client Component SSR:
    ./src/data/pythonPrograms.ts [Client Component SSR]
    ./src/sections/ProgramsSection.tsx [Client Component SSR]
    ./src/sections/ProgramsSection.tsx [Server Component]
    ./app/page.tsx [Server Component]


./src/data/pythonPrograms.ts:113:17
Cannot assign to this
  [90m111 |[0m [32m    category: "Basics",[0m
  [90m112 |[0m [32m    difficulty: "Easy",[0m
[31m[1m>[0m [90m113 |[0m [32m    classLevel: "Class 8",[0m
  [90m    |[0m                 [31m[1m^^^^^^^^^[0m
  [90m114 |[0m [32m    description: "Use multiple print() statements to display personal information",[0m
  [90m115 |[0m [32m    code: `[0m[32m""[0m[32m"[0m
  [90m116 |[0m [32m==========================================[0m

Parsing ecmascript source code failed

Import traces:
  App Route:
    ./src/data/pythonPrograms.ts
    ./app/api/admin/users/import-teachers-csv/route.ts

  Client Component Browser:
    ./src/data/pythonPrograms.ts [Client Component Browser]
    ./src/sections/ProgramsSection.tsx [Client Component Browser]
    ./src/sections/ProgramsSection.tsx [Server Component]
    ./app/page.tsx [Server Component]

  Client Component SSR:
    ./src/data/pythonPrograms.ts [Client Component SSR]
    ./src/sections/ProgramsSection.tsx [Client Component SSR]
    ./src/sections/ProgramsSection.tsx [Server Component]
    ./app/page.tsx [Server Component]


./src/data/pythonPrograms.ts:114:18
Cannot assign to this
  [90m112 |[0m [32m    difficulty: "Easy",[0m
  [90m113 |[0m [32m    classLevel: "Class 8",[0m
[31m[1m>[0m [90m114 |[0m [32m    description: "Use multiple print() statements to display personal 
information",[0m
  [90m    |[0m                  [31m[1m^^^^^^^^^^^^^^^^^^^^^^^^^^^^^^^^^^^^^^^^^^^^^^^^^^^^^^^^^^^^^^^^^[0m
  [90m115 |[0m [32m    code: `[0m[32m""[0m[32m"[0m
  [90m116 |[0m [32m==========================================[0m
  [90m117 |[0m [32mProgram: My Bio Data[0m

Parsing ecmascript source code failed

Import traces:
  App Route:
    ./src/data/pythonPrograms.ts
    ./app/api/admin/users/import-teachers-csv/route.ts

  Client Component Browser:
    ./src/data/pythonPrograms.ts [Client Component Browser]
    ./src/sections/ProgramsSection.tsx [Client Component Browser]
    ./src/sections/ProgramsSection.tsx [Server Component]
    ./app/page.tsx [Server Component]

  Client Component SSR:
    ./src/data/pythonPrograms.ts [Client Component SSR]
    ./src/sections/ProgramsSection.tsx [Client Component SSR]
    ./src/sections/ProgramsSection.tsx [Server Component]
    ./app/page.tsx [Server Component]


./src/data/pythonPrograms.ts:115:11
Cannot assign to this
  [90m113 |[0m [32m    classLevel: "Class 8",[0m
  [90m114 |[0m [32m    description: "Use multiple print() statements to display personal information",[0m
[31m[1m>[0m [90m115 |[0m [32m    code: `[0m[32m""[0m[32m"[0m
  [90m    |[0m           [31m[1m^^^[0m
[31m[1m>[0m [90m116 |[0m [32m==========================================[0m
  [90m    |[0m [31m[1m^^^^^^^^^^^^^^^^^^^^^^^^^^^^^^^^^^^^^^^^^^[0m
[31m[1m>[0m [90m117 |[0m [32mProgram: My Bio Data[0m
  [90m    |[0m [31m[1m^^^^^^^^^^^^^^^^^^^^[0m
[31m[1m>[0m [90m118 |[0m [32mTeaches: Multiple print() statements, string formatting[0m
  [90m    |[0m [31m[1m^^^^^^^^^^^^^^^^^^^^^^^^^^^^^^^^^^^^^^^^^^^^^^^^^^^^^^^[0m
[31m[1m>[0m [90m119 |[0m [32mWHY: Programs often need to display multiple pieces of information[0m
  [90m    |[0m [31m[1m^^^^^^^^^^^^^^^^^^^^^^^^^^^^^^^^^^^^^^^^^^^^^^^^^^^^^^^^^^^^^^^^^^[0m
[31m[1m>[0m [90m120 |[0m [32m      in a structured way. This teaches output organization.[0m
  [90m    |[0m [31m[1m^^^^^^^^^^^^^^^^^^^^^^^^^^^^^^^^^^^^^^^^^^^^^^^^^^^^^^^^^^^^[0m
[31m[1m>[0m [90m121 |[0m [32m==========================================[0m
  [90m    |[0m [31m[1m^^^^^^^^^^^^^^^^^^^^^^^^^^^^^^^^^^^^^^^^^^[0m
[31m[1m>[0m [90m122 |[0m
  [90m    |[0m [31m[1m^[0m
[31m[1m>[0m [90m123 |[0m [32mEXECUTION TRACE:[0m
  [90m    |[0m [31m[1m^^^^^^^^^^^^^^^^[0m
[31m[1m>[0m [90m124 |[0m [32mLine 1: print("[0m[33mName[0m: [33mRahul[0m[32m") ΓåÆ displays 
"[0m[33mName[0m: [33mRahul[0m[32m"[0m
  [90m    |[0m [31m[1m^^^^^^^^^^^^^^^^^^^^^^^^^^^^^^^^^^^^^^^^^^^^^^^^^^^^^[0m
[31m[1m>[0m [90m125 |[0m [32mLine 2: print("[0m[33mClass[0m: [35m8[0m[32m") ΓåÆ displays 
"[0m[33mClass[0m: [35m8[0m[32m"[0m
  [90m    |[0m [31m[1m^^^^^^^^^^^^^^^^^^^^^^^^^^^^^^^^^^^^^^^^^^^^^^^[0m
[31m[1m>[0m [90m126 |[0m [32mLine 3: print("[0m[33mSchool[0m: [33mDelhi[0m [33mPublic[0m 
[33mSchool[0m[32m") ΓåÆ displays school name[0m
  [90m    |[0m [31m[1m^^^^^^^^^^^^^^^^^^^^^^^^^^^^^^^^^^^^^^^^^^^^^^^^^^^^^^^^^^^^^^^^^^^[0m
[31m[1m>[0m [90m127 |[0m [32mLine 4: print("[0m[33mHobby[0m: [33mProgramming[0m[32m") ΓåÆ displays 
hobby[0m
  [90m    |[0m [31m[1m^^^^^^^^^^^^^^^^^^^^^^^^^^^^^^^^^^^^^^^^^^^^^^^^^^^^[0m
[31m[1m>[0m [90m128 |[0m [32mLine 5: print("[0m[33mCity[0m: [33mNew[0m [33mDelhi[0m[32m") ΓåÆ displays 
city[0m
  [90m    |[0m [31m[1m^^^^^^^^^^^^^^^^^^^^^^^^^^^^^^^^^^^^^^^^^^^^^^^^[0m
[31m[1m>[0m [90m129 |[0m
  [90m    |[0m [31m[1m^[0m
[31m[1m>[0m [90m130 |[0m [32mTRY THIS:[0m
  [90m    |[0m [31m[1m^^^^^^^^^[0m
[31m[1m>[0m [90m131 |[0m [32m- Add more details like age, favourite subject, or pet name[0m
  [90m    |[0m [31m[1m^^^^^^^^^^^^^^^^^^^^^^^^^^^^^^^^^^^^^^^^^^^^^^^^^^^^^^^^^^^[0m
[31m[1m>[0m [90m132 |[0m [32m- Use a comma to print on the same line: print("[0m[33mName[0m:[32m", 
"[0m[33mRahul[0m[32m")[0m
  [90m    |[0m [31m[1m^^^^^^^^^^^^^^^^^^^^^^^^^^^^^^^^^^^^^^^^^^^^^^^^^^^^^^^^^^^^^^^^[0m
[31m[1m>[0m [90m133 |[0m [32m- Try printing with double quotes: print("[0m[33mShe[0m said 
[32m'hello'[0m[32m")[0m
  [90m    |[0m [31m[1m^^^^^^^^^^^^^^^^^^^^^^^^^^^^^^^^^^^^^^^^^^^^^^^^^^^^^^^^^^^^[0m
[31m[1m>[0m [90m134 |[0m [32m"[0m[32m""[0m
  [90m    |[0m [31m[1m^^^[0m
[31m[1m>[0m [90m135 |[0m
  [90m    |[0m [31m[1m^[0m
[31m[1m>[0m [90m136 |[0m print([32m"Name: Rahul"[0m)
  [90m    |[0m [31m[1m^^^^^^^^^^^^^^^^^^^^[0m
[31m[1m>[0m [90m137 |[0m print([32m"Class: 8"[0m)
  [90m    |[0m [31m[1m^^^^^^^^^^^^^^^^^[0m
[31m[1m>[0m [90m138 |[0m print([32m"School: Delhi Public School"[0m)
  [90m    |[0m [31m[1m^^^^^^^^^^^^^^^^^^^^^^^^^^^^^^^^^^^^[0m
[31m[1m>[0m [90m139 |[0m print([32m"Hobby: Programming"[0m)
  [90m    |[0m [31m[1m^^^^^^^^^^^^^^^^^^^^^^^^^^^[0m
[31m[1m>[0m [90m140 |[0m print([32m"City: New Delhi"[0m)
  [90m    |[0m [31m[1m^^^^^^^^^^^^^^^^^^^^^^^^[0m
[31m[1m>[0m [90m141 |[0m [32m`,[0m
  [90m    |[0m [31m[1m^[0m
  [90m142 |[0m [32m    funFact: "Python uses indentation (spaces) to group code blocks instead of curly brac...[0m
  [90m143 |[0m [32m  },[0m
  [90m144 |[0m [32m  {[0m

Parsing ecmascript source code failed

Import traces:
  App Route:
    ./src/data/pythonPrograms.ts
    ./app/api/admin/users/import-teachers-csv/route.ts

  Client Component Browser:
    ./src/data/pythonPrograms.ts [Client Component Browser]
    ./src/sections/ProgramsSection.tsx [Client Component Browser]
    ./src/sections/ProgramsSection.tsx [Server Component]
    ./app/page.tsx [Server Component]

  Client Component SSR:
    ./src/data/pythonPrograms.ts [Client Component SSR]
    ./src/sections/ProgramsSection.tsx [Client Component SSR]
    ./src/sections/ProgramsSection.tsx [Server Component]
    ./app/page.tsx [Server Component]


./src/data/pythonPrograms.ts:142:14
Cannot assign to this
  [90m140 |[0m ...[32melhi"[0m)
  [90m141 |[0m ...
[31m[1m>[0m [90m142 |[0m ...[32mon uses indentation (spaces) to group code blocks instead of curly braces like 
C++ or ...[0m
  [90m    |[0m    
[31m[1m^^^^^^^^^^^^^^^^^^^^^^^^^^^^^^^^^^^^^^^^^^^^^^^^^^^^^^^^^^^^^^^^^^^^^^^^^^^^^^^^^^^^^^^^^[0m
  [90m143 |[0m ...
  [90m144 |[0m ...
  [90m145 |[0m ...

Parsing ecmascript source code failed

Import traces:
  App Route:
    ./src/data/pythonPrograms.ts
    ./app/api/admin/users/import-teachers-csv/route.ts

  Client Component Browser:
    ./src/data/pythonPrograms.ts [Client Component Browser]
    ./src/sections/ProgramsSection.tsx [Client Component Browser]
    ./src/sections/ProgramsSection.tsx [Server Component]
    ./app/page.tsx [Server Component]

  Client Component SSR:
    ./src/data/pythonPrograms.ts [Client Component SSR]
    ./src/sections/ProgramsSection.tsx [Client Component SSR]
    ./src/sections/ProgramsSection.tsx [Server Component]
    ./app/page.tsx [Server Component]


./src/data/pythonPrograms.ts:145:9
Cannot assign to this
  [90m143 |[0m [32m  },[0m
  [90m144 |[0m [32m  {[0m
[31m[1m>[0m [90m145 |[0m [32m    id: "b-3",[0m
  [90m    |[0m         [31m[1m^^^^^[0m
  [90m146 |[0m [32m    title: "Add Two Numbers",[0m
  [90m147 |[0m [32m    language: "python",[0m
  [90m148 |[0m [32m    category: "Basics",[0m

Parsing ecmascript source code failed

Import traces:
  App Route:
    ./src/data/pythonPrograms.ts
    ./app/api/admin/users/import-teachers-csv/route.ts

  Client Component Browser:
    ./src/data/pythonPrograms.ts [Client Component Browser]
    ./src/sections/ProgramsSection.tsx [Client Component Browser]
    ./src/sections/ProgramsSection.tsx [Server Component]
    ./app/page.tsx [Server Component]

  Client Component SSR:
    ./src/data/pythonPrograms.ts [Client Component SSR]
    ./src/sections/ProgramsSection.tsx [Client Component SSR]
    ./src/sections/ProgramsSection.tsx [Server Component]
    ./app/page.tsx [Server Component]


./src/data/pythonPrograms.ts:146:12
Cannot assign to this
  [90m144 |[0m [32m  {[0m
  [90m145 |[0m [32m    id: "b-3",[0m
[31m[1m>[0m [90m146 |[0m [32m    title: "Add Two Numbers",[0m
  [90m    |[0m            [31m[1m^^^^^^^^^^^^^^^^^[0m
  [90m147 |[0m [32m    language: "python",[0m
  [90m148 |[0m [32m    category: "Basics",[0m
  [90m149 |[0m [32m    difficulty: "Easy",[0m

Parsing ecmascript source code failed

Import traces:
  App Route:
    ./src/data/pythonPrograms.ts
    ./app/api/admin/users/import-teachers-csv/route.ts

  Client Component Browser:
    ./src/data/pythonPrograms.ts [Client Component Browser]
    ./src/sections/ProgramsSection.tsx [Client Component Browser]
    ./src/sections/ProgramsSection.tsx [Server Component]
    ./app/page.tsx [Server Component]

  Client Component SSR:
    ./src/data/pythonPrograms.ts [Client Component SSR]
    ./src/sections/ProgramsSection.tsx [Client Component SSR]
    ./src/sections/ProgramsSection.tsx [Server Component]
    ./app/page.tsx [Server Component]


./src/data/pythonPrograms.ts:147:15
Cannot assign to this
  [90m145 |[0m [32m    id: "b-3",[0m
  [90m146 |[0m [32m    title: "Add Two Numbers",[0m
[31m[1m>[0m [90m147 |[0m [32m    language: "python",[0m
  [90m    |[0m               [31m[1m^^^^^^^^[0m
  [90m148 |[0m [32m    category: "Basics",[0m
  [90m149 |[0m [32m    difficulty: "Easy",[0m
  [90m150 |[0m [32m    classLevel: "Class 8",[0m

Parsing ecmascript source code failed

Import traces:
  App Route:
    ./src/data/pythonPrograms.ts
    ./app/api/admin/users/import-teachers-csv/route.ts

  Client Component Browser:
    ./src/data/pythonPrograms.ts [Client Component Browser]
    ./src/sections/ProgramsSection.tsx [Client Component Browser]
    ./src/sections/ProgramsSection.tsx [Server Component]
    ./app/page.tsx [Server Component]

  Client Component SSR:
    ./src/data/pythonPrograms.ts [Client Component SSR]
    ./src/sections/ProgramsSection.tsx [Client Component SSR]
    ./src/sections/ProgramsSection.tsx [Server Component]
    ./app/page.tsx [Server Component]


./src/data/pythonPrograms.ts:148:15
Cannot assign to this
  [90m146 |[0m [32m    title: "Add Two Numbers",[0m
  [90m147 |[0m [32m    language: "python",[0m
[31m[1m>[0m [90m148 |[0m [32m    category: "Basics",[0m
  [90m    |[0m               [31m[1m^^^^^^^^[0m
  [90m149 |[0m [32m    difficulty: "Easy",[0m
  [90m150 |[0m [32m    classLevel: "Class 8",[0m
  [90m151 |[0m [32m    description: "Take user input and perform arithmetic operations",[0m

Parsing ecmascript source code failed

Import traces:
  App Route:
    ./src/data/pythonPrograms.ts
    ./app/api/admin/users/import-teachers-csv/route.ts

  Client Component Browser:
    ./src/data/pythonPrograms.ts [Client Component Browser]
    ./src/sections/ProgramsSection.tsx [Client Component Browser]
    ./src/sections/ProgramsSection.tsx [Server Component]
    ./app/page.tsx [Server Component]

  Client Component SSR:
    ./src/data/pythonPrograms.ts [Client Component SSR]
    ./src/sections/ProgramsSection.tsx [Client Component SSR]
    ./src/sections/ProgramsSection.tsx [Server Component]
    ./app/page.tsx [Server Component]


./src/data/pythonPrograms.ts:149:17
Cannot assign to this
  [90m147 |[0m [32m    language: "python",[0m
  [90m148 |[0m [32m    category: "Basics",[0m
[31m[1m>[0m [90m149 |[0m [32m    difficulty: "Easy",[0m
  [90m    |[0m                 [31m[1m^^^^^^[0m
  [90m150 |[0m [32m    classLevel: "Class 8",[0m
  [90m151 |[0m [32m    description: "Take user input and perform arithmetic operations",[0m
  [90m152 |[0m [32m    code: `[0m[32m""[0m[32m"[0m

Parsing ecmascript source code failed

Import traces:
  App Route:
    ./src/data/pythonPrograms.ts
    ./app/api/admin/users/import-teachers-csv/route.ts

  Client Component Browser:
    ./src/data/pythonPrograms.ts [Client Component Browser]
    ./src/sections/ProgramsSection.tsx [Client Component Browser]
    ./src/sections/ProgramsSection.tsx [Server Component]
    ./app/page.tsx [Server Component]

  Client Component SSR:
    ./src/data/pythonPrograms.ts [Client Component SSR]
    ./src/sections/ProgramsSection.tsx [Client Component SSR]
    ./src/sections/ProgramsSection.tsx [Server Component]
    ./app/page.tsx [Server Component]


./src/data/pythonPrograms.ts:150:17
Cannot assign to this
  [90m148 |[0m [32m    category: "Basics",[0m
  [90m149 |[0m [32m    difficulty: "Easy",[0m
[31m[1m>[0m [90m150 |[0m [32m    classLevel: "Class 8",[0m
  [90m    |[0m                 [31m[1m^^^^^^^^^[0m
  [90m151 |[0m [32m    description: "Take user input and perform arithmetic operations",[0m
  [90m152 |[0m [32m    code: `[0m[32m""[0m[32m"[0m
  [90m153 |[0m [32m==========================================[0m

Parsing ecmascript source code failed

Import traces:
  App Route:
    ./src/data/pythonPrograms.ts
    ./app/api/admin/users/import-teachers-csv/route.ts

  Client Component Browser:
    ./src/data/pythonPrograms.ts [Client Component Browser]
    ./src/sections/ProgramsSection.tsx [Client Component Browser]
    ./src/sections/ProgramsSection.tsx [Server Component]
    ./app/page.tsx [Server Component]

  Client Component SSR:
    ./src/data/pythonPrograms.ts [Client Component SSR]
    ./src/sections/ProgramsSection.tsx [Client Component SSR]
    ./src/sections/ProgramsSection.tsx [Server Component]
    ./app/page.tsx [Server Component]


./src/data/pythonPrograms.ts:151:18
Cannot assign to this
  [90m149 |[0m [32m    difficulty: "Easy",[0m
  [90m150 |[0m [32m    classLevel: "Class 8",[0m
[31m[1m>[0m [90m151 |[0m [32m    description: "Take user input and perform arithmetic operations",[0m
  [90m    |[0m                  [31m[1m^^^^^^^^^^^^^^^^^^^^^^^^^^^^^^^^^^^^^^^^^^^^^^^^^^^[0m
  [90m152 |[0m [32m    code: `[0m[32m""[0m[32m"[0m
  [90m153 |[0m [32m==========================================[0m
  [90m154 |[0m [32mProgram: Add Two Numbers[0m

Parsing ecmascript source code failed

Import traces:
  App Route:
    ./src/data/pythonPrograms.ts
    ./app/api/admin/users/import-teachers-csv/route.ts

  Client Component Browser:
    ./src/data/pythonPrograms.ts [Client Component Browser]
    ./src/sections/ProgramsSection.tsx [Client Component Browser]
    ./src/sections/ProgramsSection.tsx [Server Component]
    ./app/page.tsx [Server Component]

  Client Component SSR:
    ./src/data/pythonPrograms.ts [Client Component SSR]
    ./src/sections/ProgramsSection.tsx [Client Component SSR]
    ./src/sections/ProgramsSection.tsx [Server Component]
    ./app/page.tsx [Server Component]


./src/data/pythonPrograms.ts:152:11
Cannot assign to this
  [90m150 |[0m [32m    classLevel: "Class 8",[0m
  [90m151 |[0m [32m    description: "Take user input and perform arithmetic operations",[0m
[31m[1m>[0m [90m152 |[0m [32m    code: `[0m[32m""[0m[32m"[0m
  [90m    |[0m           [31m[1m^^^[0m
[31m[1m>[0m [90m153 |[0m [32m==========================================[0m
  [90m    |[0m [31m[1m^^^^^^^^^^^^^^^^^^^^^^^^^^^^^^^^^^^^^^^^^^[0m
[31m[1m>[0m [90m154 |[0m [32mProgram: Add Two Numbers[0m
  [90m    |[0m [31m[1m^^^^^^^^^^^^^^^^^^^^^^^^[0m
[31m[1m>[0m [90m155 |[0m [32mTeaches: input() to get user data, int() to convert text to numbers[0m
  [90m    |[0m [31m[1m^^^^^^^^^^^^^^^^^^^^^^^^^^^^^^^^^^^^^^^^^^^^^^^^^^^^^^^^^^^^^^^^^^^[0m
[31m[1m>[0m [90m156 |[0m [32mWHY: Real programs must accept user input. Numbers come as text[0m
  [90m    |[0m [31m[1m^^^^^^^^^^^^^^^^^^^^^^^^^^^^^^^^^^^^^^^^^^^^^^^^^^^^^^^^^^^^^^^[0m
[31m[1m>[0m [90m157 |[0m [32m      from input(), so we convert them with int() before math.[0m
  [90m    |[0m [31m[1m^^^^^^^^^^^^^^^^^^^^^^^^^^^^^^^^^^^^^^^^^^^^^^^^^^^^^^^^^^^^^^[0m
[31m[1m>[0m [90m158 |[0m [32m==========================================[0m
  [90m    |[0m [31m[1m^^^^^^^^^^^^^^^^^^^^^^^^^^^^^^^^^^^^^^^^^^[0m
[31m[1m>[0m [90m159 |[0m
  [90m    |[0m [31m[1m^[0m
[31m[1m>[0m [90m160 |[0m [32mEXECUTION TRACE:[0m
  [90m    |[0m [31m[1m^^^^^^^^^^^^^^^^[0m
[31m[1m>[0m [90m161 |[0m [32mLine 1: num1 = int(input("[0m[33mEnter[0m first number: [32m"))[0m
  [90m    |[0m [31m[1m^^^^^^^^^^^^^^^^^^^^^^^^^^^^^^^^^^^^^^^^^^^^^^^^^[0m
[31m[1m>[0m [90m162 |[0m [32m        ΓåÆ prompts "[0m[33mEnter[0m first number: [32m", user types 
"[0m[35m5[0m[32m"[0m
  [90m    |[0m [31m[1m^^^^^^^^^^^^^^^^^^^^^^^^^^^^^^^^^^^^^^^^^^^^^^^^^^^^^^^^[0m
[31m[1m>[0m [90m163 |[0m [32m        ΓåÆ input() returns "[0m[35m5[0m[32m" (text), int() converts to 5 
(number)[0m
  [90m    |[0m [31m[1m^^^^^^^^^^^^^^^^^^^^^^^^^^^^^^^^^^^^^^^^^^^^^^^^^^^^^^^^^^^^^^^^^^[0m
[31m[1m>[0m [90m164 |[0m [32mLine 2: num2 = int(input("[0m[33mEnter[0m second number: [32m"))[0m
  [90m    |[0m [31m[1m^^^^^^^^^^^^^^^^^^^^^^^^^^^^^^^^^^^^^^^^^^^^^^^^^^[0m
[31m[1m>[0m [90m165 |[0m [32m        ΓåÆ user types "[0m[35m3[0m[32m", num2 becomes 3[0m
  [90m    |[0m [31m[1m^^^^^^^^^^^^^^^^^^^^^^^^^^^^^^^^^^^^^^^^[0m
[31m[1m>[0m [90m166 |[0m [32mLine 3: result = num1 + num2[0m
  [90m    |[0m [31m[1m^^^^^^^^^^^^^^^^^^^^^^^^^^^^[0m
[31m[1m>[0m [90m167 |[0m [32m        ΓåÆ 5 + 3 = 8, result = 8[0m
  [90m    |[0m [31m[1m^^^^^^^^^^^^^^^^^^^^^^^^^^^^^^^[0m
[31m[1m>[0m [90m168 |[0m [32mLine 4: print("[0m[33mThe[0m sum is:[32m", result) ΓåÆ displays 
"[0m[33mThe[0m sum is: [35m8[0m[32m"[0m
  [90m    |[0m [31m[1m^^^^^^^^^^^^^^^^^^^^^^^^^^^^^^^^^^^^^^^^^^^^^^^^^^^^^^^^^^^^^^^[0m
[31m[1m>[0m [90m169 |[0m
  [90m    |[0m [31m[1m^[0m
[31m[1m>[0m [90m170 |[0m [32mTRY THIS:[0m
  [90m    |[0m [31m[1m^^^^^^^^^[0m
[31m[1m>[0m [90m171 |[0m [32m- Modify the program to subtract, multiply, and divide[0m
  [90m    |[0m [31m[1m^^^^^^^^^^^^^^^^^^^^^^^^^^^^^^^^^^^^^^^^^^^^^^^^^^^^^^[0m
[31m[1m>[0m [90m172 |[0m [32m- Try multiplying two numbers with a 3rd print statement[0m
  [90m    |[0m [31m[1m^^^^^^^^^^^^^^^^^^^^^^^^^^^^^^^^^^^^^^^^^^^^^^^^^^^^^^^^[0m
[31m[1m>[0m [90m173 |[0m [32m- What happens if you type "[0mhello[32m" instead of a number?[0m
  [90m    |[0m [31m[1m^^^^^^^^^^^^^^^^^^^^^^^^^^^^^^^^^^^^^^^^^^^^^^^^^^^^^^^[0m
[31m[1m>[0m [90m174 |[0m [32m"[0m[32m""[0m
  [90m    |[0m [31m[1m^^^[0m
[31m[1m>[0m [90m175 |[0m
  [90m    |[0m [31m[1m^[0m
[31m[1m>[0m [90m176 |[0m num1 = int(input([32m"Enter first number: "[0m))
  [90m    |[0m [31m[1m^^^^^^^^^^^^^^^^^^^^^^^^^^^^^^^^^^^^^^^^^[0m
[31m[1m>[0m [90m177 |[0m num2 = int(input([32m"Enter second number: "[0m))
  [90m    |[0m [31m[1m^^^^^^^^^^^^^^^^^^^^^^^^^^^^^^^^^^^^^^^^^^[0m
[31m[1m>[0m [90m178 |[0m result = num1 + num2
  [90m    |[0m [31m[1m^^^^^^^^^^^^^^^^^^^^[0m
[31m[1m>[0m [90m179 |[0m print([32m"The sum is:"[0m, result)
  [90m    |[0m [31m[1m^^^^^^^^^^^^^^^^^^^^^^^^^^^^[0m
[31m[1m>[0m [90m180 |[0m [32m`,[0m
  [90m    |[0m [31m[1m^[0m
  [90m181 |[0m [32m    funFact: "input() always returns a string (text). You MUST convert it to int() or flo...[0m
  [90m182 |[0m [32m  },[0m
  [90m183 |[0m [32m  {[0m

Parsing ecmascript source code failed

Import traces:
  App Route:
    ./src/data/pythonPrograms.ts
    ./app/api/admin/users/import-teachers-csv/route.ts

  Client Component Browser:
    ./src/data/pythonPrograms.ts [Client Component Browser]
    ./src/sections/ProgramsSection.tsx [Client Component Browser]
    ./src/sections/ProgramsSection.tsx [Server Component]
    ./app/page.tsx [Server Component]

  Client Component SSR:
    ./src/data/pythonPrograms.ts [Client Component SSR]
    ./src/sections/ProgramsSection.tsx [Client Component SSR]
    ./src/sections/ProgramsSection.tsx [Server Component]
    ./app/page.tsx [Server Component]


./src/data/pythonPrograms.ts:181:14
Cannot assign to this
  [90m179 |[0m ...[32ms:"[0m, result)
  [90m180 |[0m ...
[31m[1m>[0m [90m181 |[0m ...[32mput() always returns a string (text). You MUST convert it to int() or float() to 
do ma...[0m
  [90m    |[0m    
[31m[1m^^^^^^^^^^^^^^^^^^^^^^^^^^^^^^^^^^^^^^^^^^^^^^^^^^^^^^^^^^^^^^^^^^^^^^^^^^^^^^^^^^^^^^^^^[0m
  [90m182 |[0m ...
  [90m183 |[0m ...
  [90m184 |[0m ...

Parsing ecmascript source code failed

Import traces:
  App Route:
    ./src/data/pythonPrograms.ts
    ./app/api/admin/users/import-teachers-csv/route.ts

  Client Component Browser:
    ./src/data/pythonPrograms.ts [Client Component Browser]
    ./src/sections/ProgramsSection.tsx [Client Component Browser]
    ./src/sections/ProgramsSection.tsx [Server Component]
    ./app/page.tsx [Server Component]

  Client Component SSR:
    ./src/data/pythonPrograms.ts [Client Component SSR]
    ./src/sections/ProgramsSection.tsx [Client Component SSR]
    ./src/sections/ProgramsSection.tsx [Server Component]
    ./app/page.tsx [Server Component]


./src/data/pythonPrograms.ts:184:9
Cannot assign to this
  [90m182 |[0m [32m  },[0m
  [90m183 |[0m [32m  {[0m
[31m[1m>[0m [90m184 |[0m [32m    id: "b-4",[0m
  [90m    |[0m         [31m[1m^^^^^[0m
  [90m185 |[0m [32m    title: "Simple Calculator",[0m
  [90m186 |[0m [32m    language: "python",[0m
  [90m187 |[0m [32m    category: "Basics",[0m

Parsing ecmascript source code failed

Import traces:
  App Route:
    ./src/data/pythonPrograms.ts
    ./app/api/admin/users/import-teachers-csv/route.ts

  Client Component Browser:
    ./src/data/pythonPrograms.ts [Client Component Browser]
    ./src/sections/ProgramsSection.tsx [Client Component Browser]
    ./src/sections/ProgramsSection.tsx [Server Component]
    ./app/page.tsx [Server Component]

  Client Component SSR:
    ./src/data/pythonPrograms.ts [Client Component SSR]
    ./src/sections/ProgramsSection.tsx [Client Component SSR]
    ./src/sections/ProgramsSection.tsx [Server Component]
    ./app/page.tsx [Server Component]


./src/data/pythonPrograms.ts:185:12
Cannot assign to this
  [90m183 |[0m [32m  {[0m
  [90m184 |[0m [32m    id: "b-4",[0m
[31m[1m>[0m [90m185 |[0m [32m    title: "Simple Calculator",[0m
  [90m    |[0m            [31m[1m^^^^^^^^^^^^^^^^^^^[0m
  [90m186 |[0m [32m    language: "python",[0m
  [90m187 |[0m [32m    category: "Basics",[0m
  [90m188 |[0m [32m    difficulty: "Easy",[0m

Parsing ecmascript source code failed

Import traces:
  App Route:
    ./src/data/pythonPrograms.ts
    ./app/api/admin/users/import-teachers-csv/route.ts

  Client Component Browser:
    ./src/data/pythonPrograms.ts [Client Component Browser]
    ./src/sections/ProgramsSection.tsx [Client Component Browser]
    ./src/sections/ProgramsSection.tsx [Server Component]
    ./app/page.tsx [Server Component]

  Client Component SSR:
    ./src/data/pythonPrograms.ts [Client Component SSR]
    ./src/sections/ProgramsSection.tsx [Client Component SSR]
    ./src/sections/ProgramsSection.tsx [Server Component]
    ./app/page.tsx [Server Component]


./src/data/pythonPrograms.ts:186:15
Cannot assign to this
  [90m184 |[0m [32m    id: "b-4",[0m
  [90m185 |[0m [32m    title: "Simple Calculator",[0m
[31m[1m>[0m [90m186 |[0m [32m    language: "python",[0m
  [90m    |[0m               [31m[1m^^^^^^^^[0m
  [90m187 |[0m [32m    category: "Basics",[0m
  [90m188 |[0m [32m    difficulty: "Easy",[0m
  [90m189 |[0m [32m    classLevel: "Class 8",[0m

Parsing ecmascript source code failed

Import traces:
  App Route:
    ./src/data/pythonPrograms.ts
    ./app/api/admin/users/import-teachers-csv/route.ts

  Client Component Browser:
    ./src/data/pythonPrograms.ts [Client Component Browser]
    ./src/sections/ProgramsSection.tsx [Client Component Browser]
    ./src/sections/ProgramsSection.tsx [Server Component]
    ./app/page.tsx [Server Component]

  Client Component SSR:
    ./src/data/pythonPrograms.ts [Client Component SSR]
    ./src/sections/ProgramsSection.tsx [Client Component SSR]
    ./src/sections/ProgramsSection.tsx [Server Component]
    ./app/page.tsx [Server Component]


./src/data/pythonPrograms.ts:187:15
Cannot assign to this
  [90m185 |[0m [32m    title: "Simple Calculator",[0m
  [90m186 |[0m [32m    language: "python",[0m
[31m[1m>[0m [90m187 |[0m [32m    category: "Basics",[0m
  [90m    |[0m               [31m[1m^^^^^^^^[0m
  [90m188 |[0m [32m    difficulty: "Easy",[0m
  [90m189 |[0m [32m    classLevel: "Class 8",[0m
  [90m190 |[0m [32m    description: "Build a calculator using if-elif-else to choose operations",[0m

Parsing ecmascript source code failed

Import traces:
  App Route:
    ./src/data/pythonPrograms.ts
    ./app/api/admin/users/import-teachers-csv/route.ts

  Client Component Browser:
    ./src/data/pythonPrograms.ts [Client Component Browser]
    ./src/sections/ProgramsSection.tsx [Client Component Browser]
    ./src/sections/ProgramsSection.tsx [Server Component]
    ./app/page.tsx [Server Component]

  Client Component SSR:
    ./src/data/pythonPrograms.ts [Client Component SSR]
    ./src/sections/ProgramsSection.tsx [Client Component SSR]
    ./src/sections/ProgramsSection.tsx [Server Component]
    ./app/page.tsx [Server Component]


./src/data/pythonPrograms.ts:188:17
Cannot assign to this
  [90m186 |[0m [32m    language: "python",[0m
  [90m187 |[0m [32m    category: "Basics",[0m
[31m[1m>[0m [90m188 |[0m [32m    difficulty: "Easy",[0m
  [90m    |[0m                 [31m[1m^^^^^^[0m
  [90m189 |[0m [32m    classLevel: "Class 8",[0m
  [90m190 |[0m [32m    description: "Build a calculator using if-elif-else to choose operations",[0m
  [90m191 |[0m [32m    code: `[0m[32m""[0m[32m"[0m

Parsing ecmascript source code failed

Import traces:
  App Route:
    ./src/data/pythonPrograms.ts
    ./app/api/admin/users/import-teachers-csv/route.ts

  Client Component Browser:
    ./src/data/pythonPrograms.ts [Client Component Browser]
    ./src/sections/ProgramsSection.tsx [Client Component Browser]
    ./src/sections/ProgramsSection.tsx [Server Component]
    ./app/page.tsx [Server Component]

  Client Component SSR:
    ./src/data/pythonPrograms.ts [Client Component SSR]
    ./src/sections/ProgramsSection.tsx [Client Component SSR]
    ./src/sections/ProgramsSection.tsx [Server Component]
    ./app/page.tsx [Server Component]


./src/data/pythonPrograms.ts:189:17
Cannot assign to this
  [90m187 |[0m [32m    category: "Basics",[0m
  [90m188 |[0m [32m    difficulty: "Easy",[0m
[31m[1m>[0m [90m189 |[0m [32m    classLevel: "Class 8",[0m
  [90m    |[0m                 [31m[1m^^^^^^^^^[0m
  [90m190 |[0m [32m    description: "Build a calculator using if-elif-else to choose operations",[0m
  [90m191 |[0m [32m    code: `[0m[32m""[0m[32m"[0m
  [90m192 |[0m [32m==========================================[0m

Parsing ecmascript source code failed

Import traces:
  App Route:
    ./src/data/pythonPrograms.ts
    ./app/api/admin/users/import-teachers-csv/route.ts

  Client Component Browser:
    ./src/data/pythonPrograms.ts [Client Component Browser]
    ./src/sections/ProgramsSection.tsx [Client Component Browser]
    ./src/sections/ProgramsSection.tsx [Server Component]
    ./app/page.tsx [Server Component]

  Client Component SSR:
    ./src/data/pythonPrograms.ts [Client Component SSR]
    ./src/sections/ProgramsSection.tsx [Client Component SSR]
    ./src/sections/ProgramsSection.tsx [Server Component]
    ./app/page.tsx [Server Component]


./src/data/pythonPrograms.ts:190:18
Cannot assign to this
  [90m188 |[0m [32m    difficulty: "Easy",[0m
  [90m189 |[0m [32m    classLevel: "Class 8",[0m
[31m[1m>[0m [90m190 |[0m [32m    description: "Build a calculator using if-elif-else to choose operations",[0m
  [90m    |[0m                  [31m[1m^^^^^^^^^^^^^^^^^^^^^^^^^^^^^^^^^^^^^^^^^^^^^^^^^^^^^^^^^^^^[0m
  [90m191 |[0m [32m    code: `[0m[32m""[0m[32m"[0m
  [90m192 |[0m [32m==========================================[0m
  [90m193 |[0m [32mProgram: Simple Calculator[0m

Parsing ecmascript source code failed

Import traces:
  App Route:
    ./src/data/pythonPrograms.ts
    ./app/api/admin/users/import-teachers-csv/route.ts

  Client Component Browser:
    ./src/data/pythonPrograms.ts [Client Component Browser]
    ./src/sections/ProgramsSection.tsx [Client Component Browser]
    ./src/sections/ProgramsSection.tsx [Server Component]
    ./app/page.tsx [Server Component]

  Client Component SSR:
    ./src/data/pythonPrograms.ts [Client Component SSR]
    ./src/sections/ProgramsSection.tsx [Client Component SSR]
    ./src/sections/ProgramsSection.tsx [Server Component]
    ./app/page.tsx [Server Component]


./src/data/pythonPrograms.ts:191:11
Cannot assign to this
  [90m189 |[0m [32m    classLevel: "Class 8",[0m
  [90m190 |[0m [32m    description: "Build a calculator using if-elif-else to choose operations",[0m
[31m[1m>[0m [90m191 |[0m [32m    code: `[0m[32m""[0m[32m"[0m
  [90m    |[0m           [31m[1m^^^[0m
[31m[1m>[0m [90m192 |[0m [32m==========================================[0m
  [90m    |[0m [31m[1m^^^^^^^^^^^^^^^^^^^^^^^^^^^^^^^^^^^^^^^^^^[0m
[31m[1m>[0m [90m193 |[0m [32mProgram: Simple Calculator[0m
  [90m    |[0m [31m[1m^^^^^^^^^^^^^^^^^^^^^^^^^^[0m
[31m[1m>[0m [90m194 |[0m [32mTeaches: if-elif-else for decision making[0m
  [90m    |[0m [31m[1m^^^^^^^^^^^^^^^^^^^^^^^^^^^^^^^^^^^^^^^^^[0m
[31m[1m>[0m [90m195 |[0m [32mWHY: Programs must make choices based on conditions.[0m
  [90m    |[0m [31m[1m^^^^^^^^^^^^^^^^^^^^^^^^^^^^^^^^^^^^^^^^^^^^^^^^^^^^[0m
[31m[1m>[0m [90m196 |[0m [32m      The if-elif-else chain lets us handle multiple options.[0m
  [90m    |[0m [31m[1m^^^^^^^^^^^^^^^^^^^^^^^^^^^^^^^^^^^^^^^^^^^^^^^^^^^^^^^^^^^^^[0m
[31m[1m>[0m [90m197 |[0m [32m==========================================[0m
  [90m    |[0m [31m[1m^^^^^^^^^^^^^^^^^^^^^^^^^^^^^^^^^^^^^^^^^^[0m
[31m[1m>[0m [90m198 |[0m
  [90m    |[0m [31m[1m^[0m
[31m[1m>[0m [90m199 |[0m [32mEXECUTION TRACE:[0m
  [90m    |[0m [31m[1m^^^^^^^^^^^^^^^^[0m
[31m[1m>[0m [90m200 |[0m [32mLine 1: num1 = 10, num2 = 5 (assigned values)[0m
  [90m    |[0m [31m[1m^^^^^^^^^^^^^^^^^^^^^^^^^^^^^^^^^^^^^^^^^^^^^[0m
[31m[1m>[0m [90m201 |[0m [32mLine 2: op = "[0m+[32m" (user chooses addition)[0m
  [90m    |[0m [31m[1m^^^^^^^^^^^^^^^^^^^^^^^^^^^^^^^^^^^^^^^^[0m
[31m[1m>[0m [90m202 |[0m [32mLine 3: if op == "[0m+[32m": checks ΓåÆ True[0m
  [90m    |[0m [31m[1m^^^^^^^^^^^^^^^^^^^^^^^^^^^^^^^^^^^[0m
[31m[1m>[0m [90m203 |[0m [32mLine 4: print("[0m[33mResult[0m:[32m", 10 + 5) ΓåÆ "[0m[33mResult[0m: 
[35m15[0m[32m"[0m
  [90m    |[0m [31m[1m^^^^^^^^^^^^^^^^^^^^^^^^^^^^^^^^^^^^^^^^^^^^^^^[0m
[31m[1m>[0m [90m204 |[0m [32m        The elif and else blocks are skipped entirely[0m
  [90m    |[0m [31m[1m^^^^^^^^^^^^^^^^^^^^^^^^^^^^^^^^^^^^^^^^^^^^^^^^^^^^^[0m
[31m[1m>[0m [90m205 |[0m
  [90m    |[0m [31m[1m^[0m
[31m[1m>[0m [90m206 |[0m [32mIf op had been "[0m*[32m":[0m
  [90m    |[0m [31m[1m^^^^^^^^^^^^^^^^^^^[0m
[31m[1m>[0m [90m207 |[0m [32m  - if op == "[0m+[32m"? False ΓåÆ skip[0m
  [90m    |[0m [31m[1m^^^^^^^^^^^^^^^^^^^^^^^^^^^^^^[0m
[31m[1m>[0m [90m208 |[0m [32m  - elif op == "[0m-[32m"? False ΓåÆ skip[0m
  [90m    |[0m [31m[1m^^^^^^^^^^^^^^^^^^^^^^^^^^^^^^^^[0m
[31m[1m>[0m [90m209 |[0m [32m  - elif op == "[0m*[32m"? True ΓåÆ execute multiply block[0m
  [90m    |[0m [31m[1m^^^^^^^^^^^^^^^^^^^^^^^^^^^^^^^^^^^^^^^^^^^^^^^^^[0m
[31m[1m>[0m [90m210 |[0m [32m  - else is skipped[0m
  [90m    |[0m [31m[1m^^^^^^^^^^^^^^^^^^^[0m
[31m[1m>[0m [90m211 |[0m
  [90m    |[0m [31m[1m^[0m
[31m[1m>[0m [90m212 |[0m [32mTRY THIS:[0m
  [90m    |[0m [31m[1m^^^^^^^^^[0m
[31m[1m>[0m [90m213 |[0m [32m- Add another elif for modulo (% operator)[0m
  [90m    |[0m [31m[1m^^^^^^^^^^^^^^^^^^^^^^^^^^^^^^^^^^^^^^^^^^[0m
[31m[1m>[0m [90m214 |[0m [32m- What happens if the user enters "[0m/[32m" and num2 is 0?[0m
  [90m    |[0m [31m[1m^^^^^^^^^^^^^^^^^^^^^^^^^^^^^^^^^^^^^^^^^^^^^^^^^^^^[0m
[31m[1m>[0m [90m215 |[0m [32m- Add support for ** (power) operation[0m
  [90m    |[0m [31m[1m^^^^^^^^^^^^^^^^^^^^^^^^^^^^^^^^^^^^^^[0m
[31m[1m>[0m [90m216 |[0m [32m"[0m[32m""[0m
  [90m    |[0m [31m[1m^^^[0m
[31m[1m>[0m [90m217 |[0m
  [90m    |[0m [31m[1m^[0m
[31m[1m>[0m [90m218 |[0m num1 = float(input([32m"Enter first number: "[0m))
  [90m    |[0m [31m[1m^^^^^^^^^^^^^^^^^^^^^^^^^^^^^^^^^^^^^^^^^^^[0m
[31m[1m>[0m [90m219 |[0m num2 = float(input([32m"Enter second number: "[0m))
  [90m    |[0m [31m[1m^^^^^^^^^^^^^^^^^^^^^^^^^^^^^^^^^^^^^^^^^^^^[0m
[31m[1m>[0m [90m220 |[0m op = input([32m"Enter operator (+, -, *, /): "[0m)
  [90m    |[0m [31m[1m^^^^^^^^^^^^^^^^^^^^^^^^^^^^^^^^^^^^^^^^^^^[0m
[31m[1m>[0m [90m221 |[0m
  [90m    |[0m [31m[1m^[0m
[31m[1m>[0m [90m222 |[0m [36mif[0m op == [32m"+"[0m:
  [90m    |[0m [31m[1m^^^^^^^^^^^^^[0m
[31m[1m>[0m [90m223 |[0m     print([32m"Result:"[0m, num1 + num2)
  [90m    |[0m [31m[1m^^^^^^^^^^^^^^^^^^^^^^^^^^^^^^^^^[0m
[31m[1m>[0m [90m224 |[0m elif op == [32m"-"[0m:
  [90m    |[0m [31m[1m^^^^^^^^^^^^^^^[0m
[31m[1m>[0m [90m225 |[0m     print([32m"Result:"[0m, num1 - num2)
  [90m    |[0m [31m[1m^^^^^^^^^^^^^^^^^^^^^^^^^^^^^^^^^[0m
[31m[1m>[0m [90m226 |[0m elif op == [32m"*"[0m:
  [90m    |[0m [31m[1m^^^^^^^^^^^^^^^[0m
[31m[1m>[0m [90m227 |[0m     print([32m"Result:"[0m, num1 * num2)
  [90m    |[0m [31m[1m^^^^^^^^^^^^^^^^^^^^^^^^^^^^^^^^^[0m
[31m[1m>[0m [90m228 |[0m elif op == [32m"/"[0m:
  [90m    |[0m [31m[1m^^^^^^^^^^^^^^^[0m
[31m[1m>[0m [90m229 |[0m     print([32m"Result:"[0m, num1 / num2)
  [90m    |[0m [31m[1m^^^^^^^^^^^^^^^^^^^^^^^^^^^^^^^^^[0m
[31m[1m>[0m [90m230 |[0m [36melse[0m:
  [90m    |[0m [31m[1m^^^^^[0m
[31m[1m>[0m [90m231 |[0m     print([32m"Invalid operator!"[0m)
  [90m    |[0m [31m[1m^^^^^^^^^^^^^^^^^^^^^^^^^^^^^^[0m
[31m[1m>[0m [90m232 |[0m [32m`,[0m
  [90m    |[0m [31m[1m^[0m
  [90m233 |[0m [32m    funFact: "Python evaluates conditions top to bottom and stops at the FIRST match ΓÇö 
li...[0m
  [90m234 |[0m [32m  },[0m
  [90m235 |[0m [32m  {[0m

Parsing ecmascript source code failed

Import traces:
  App Route:
    ./src/data/pythonPrograms.ts
    ./app/api/admin/users/import-teachers-csv/route.ts

  Client Component Browser:
    ./src/data/pythonPrograms.ts [Client Component Browser]
    ./src/sections/ProgramsSection.tsx [Client Component Browser]
    ./src/sections/ProgramsSection.tsx [Server Component]
    ./app/page.tsx [Server Component]

  Client Component SSR:
    ./src/data/pythonPrograms.ts [Client Component SSR]
    ./src/sections/ProgramsSection.tsx [Client Component SSR]
    ./src/sections/ProgramsSection.tsx [Server Component]
    ./app/page.tsx [Server Component]


./src/data/pythonPrograms.ts:233:14
Cannot assign to this
  [90m231 |[0m ...[32md operator!"[0m)
  [90m232 |[0m ...
[31m[1m>[0m [90m233 |[0m ...[32mhon evaluates conditions top to bottom and stops at the FIRST match ΓÇö like a 
checklist!"[0m
  [90m    |[0m    
[31m[1m^^^^^^^^^^^^^^^^^^^^^^^^^^^^^^^^^^^^^^^^^^^^^^^^^^^^^^^^^^^^^^^^^^^^^^^^^^^^^^^^^^^^^^^^^[0m
  [90m234 |[0m ...
  [90m235 |[0m ...
  [90m236 |[0m ...

Parsing ecmascript source code failed

Import traces:
  App Route:
    ./src/data/pythonPrograms.ts
    ./app/api/admin/users/import-teachers-csv/route.ts

  Client Component Browser:
    ./src/data/pythonPrograms.ts [Client Component Browser]
    ./src/sections/ProgramsSection.tsx [Client Component Browser]
    ./src/sections/ProgramsSection.tsx [Server Component]
    ./app/page.tsx [Server Component]

  Client Component SSR:
    ./src/data/pythonPrograms.ts [Client Component SSR]
    ./src/sections/ProgramsSection.tsx [Client Component SSR]
    ./src/sections/ProgramsSection.tsx [Server Component]
    ./app/page.tsx [Server Component]


./src/data/pythonPrograms.ts:236:9
Cannot assign to this
  [90m234 |[0m [32m  },[0m
  [90m235 |[0m [32m  {[0m
[31m[1m>[0m [90m236 |[0m [32m    id: "b-5",[0m
  [90m    |[0m         [31m[1m^^^^^[0m
  [90m237 |[0m [32m    title: "Area of Rectangle",[0m
  [90m238 |[0m [32m    language: "python",[0m
  [90m239 |[0m [32m    category: "Basics",[0m

Parsing ecmascript source code failed

Import traces:
  App Route:
    ./src/data/pythonPrograms.ts
    ./app/api/admin/users/import-teachers-csv/route.ts

  Client Component Browser:
    ./src/data/pythonPrograms.ts [Client Component Browser]
    ./src/sections/ProgramsSection.tsx [Client Component Browser]
    ./src/sections/ProgramsSection.tsx [Server Component]
    ./app/page.tsx [Server Component]

  Client Component SSR:
    ./src/data/pythonPrograms.ts [Client Component SSR]
    ./src/sections/ProgramsSection.tsx [Client Component SSR]
    ./src/sections/ProgramsSection.tsx [Server Component]
    ./app/page.tsx [Server Component]


./src/data/pythonPrograms.ts:237:12
Cannot assign to this
  [90m235 |[0m [32m  {[0m
  [90m236 |[0m [32m    id: "b-5",[0m
[31m[1m>[0m [90m237 |[0m [32m    title: "Area of Rectangle",[0m
  [90m    |[0m            [31m[1m^^^^^^^^^^^^^^^^^^^[0m
  [90m238 |[0m [32m    language: "python",[0m
  [90m239 |[0m [32m    category: "Basics",[0m
  [90m240 |[0m [32m    difficulty: "Easy",[0m

Parsing ecmascript source code failed

Import traces:
  App Route:
    ./src/data/pythonPrograms.ts
    ./app/api/admin/users/import-teachers-csv/route.ts

  Client Component Browser:
    ./src/data/pythonPrograms.ts [Client Component Browser]
    ./src/sections/ProgramsSection.tsx [Client Component Browser]
    ./src/sections/ProgramsSection.tsx [Server Component]
    ./app/page.tsx [Server Component]

  Client Component SSR:
    ./src/data/pythonPrograms.ts [Client Component SSR]
    ./src/sections/ProgramsSection.tsx [Client Component SSR]
    ./src/sections/ProgramsSection.tsx [Server Component]
    ./app/page.tsx [Server Component]


./src/data/pythonPrograms.ts:238:15
Cannot assign to this
  [90m236 |[0m [32m    id: "b-5",[0m
  [90m237 |[0m [32m    title: "Area of Rectangle",[0m
[31m[1m>[0m [90m238 |[0m [32m    language: "python",[0m
  [90m    |[0m               [31m[1m^^^^^^^^[0m
  [90m239 |[0m [32m    category: "Basics",[0m
  [90m240 |[0m [32m    difficulty: "Easy",[0m
  [90m241 |[0m [32m    classLevel: "Class 8",[0m

Parsing ecmascript source code failed

Import traces:
  App Route:
    ./src/data/pythonPrograms.ts
    ./app/api/admin/users/import-teachers-csv/route.ts

  Client Component Browser:
    ./src/data/pythonPrograms.ts [Client Component Browser]
    ./src/sections/ProgramsSection.tsx [Client Component Browser]
    ./src/sections/ProgramsSection.tsx [Server Component]
    ./app/page.tsx [Server Component]

  Client Component SSR:
    ./src/data/pythonPrograms.ts [Client Component SSR]
    ./src/sections/ProgramsSection.tsx [Client Component SSR]
    ./src/sections/ProgramsSection.tsx [Server Component]
    ./app/page.tsx [Server Component]


./src/data/pythonPrograms.ts:239:15
Cannot assign to this
  [90m237 |[0m [32m    title: "Area of Rectangle",[0m
  [90m238 |[0m [32m    language: "python",[0m
[31m[1m>[0m [90m239 |[0m [32m    category: "Basics",[0m
  [90m    |[0m               [31m[1m^^^^^^^^[0m
  [90m240 |[0m [32m    difficulty: "Easy",[0m
  [90m241 |[0m [32m    classLevel: "Class 8",[0m
  [90m242 |[0m [32m    description: "Use variables and formulas to calculate the area of a rectangle",[0m

Parsing ecmascript source code failed

Import traces:
  App Route:
    ./src/data/pythonPrograms.ts
    ./app/api/admin/users/import-teachers-csv/route.ts

  Client Component Browser:
    ./src/data/pythonPrograms.ts [Client Component Browser]
    ./src/sections/ProgramsSection.tsx [Client Component Browser]
    ./src/sections/ProgramsSection.tsx [Server Component]
    ./app/page.tsx [Server Component]

  Client Component SSR:
    ./src/data/pythonPrograms.ts [Client Component SSR]
    ./src/sections/ProgramsSection.tsx [Client Component SSR]
    ./src/sections/ProgramsSection.tsx [Server Component]
    ./app/page.tsx [Server Component]


./src/data/pythonPrograms.ts:240:17
Cannot assign to this
  [90m238 |[0m [32m    language: "python",[0m
  [90m239 |[0m [32m    category: "Basics",[0m
[31m[1m>[0m [90m240 |[0m [32m    difficulty: "Easy",[0m
  [90m    |[0m                 [31m[1m^^^^^^[0m
  [90m241 |[0m [32m    classLevel: "Class 8",[0m
  [90m242 |[0m [32m    description: "Use variables and formulas to calculate the area of a rectangle",[0m
  [90m243 |[0m [32m    code: `[0m[32m""[0m[32m"[0m

Parsing ecmascript source code failed

Import traces:
  App Route:
    ./src/data/pythonPrograms.ts
    ./app/api/admin/users/import-teachers-csv/route.ts

  Client Component Browser:
    ./src/data/pythonPrograms.ts [Client Component Browser]
    ./src/sections/ProgramsSection.tsx [Client Component Browser]
    ./src/sections/ProgramsSection.tsx [Server Component]
    ./app/page.tsx [Server Component]

  Client Component SSR:
    ./src/data/pythonPrograms.ts [Client Component SSR]
    ./src/sections/ProgramsSection.tsx [Client Component SSR]
    ./src/sections/ProgramsSection.tsx [Server Component]
    ./app/page.tsx [Server Component]


./src/data/pythonPrograms.ts:241:17
Cannot assign to this
  [90m239 |[0m [32m    category: "Basics",[0m
  [90m240 |[0m [32m    difficulty: "Easy",[0m
[31m[1m>[0m [90m241 |[0m [32m    classLevel: "Class 8",[0m
  [90m    |[0m                 [31m[1m^^^^^^^^^[0m
  [90m242 |[0m [32m    description: "Use variables and formulas to calculate the area of a rectangle",[0m
  [90m243 |[0m [32m    code: `[0m[32m""[0m[32m"[0m
  [90m244 |[0m [32m==========================================[0m

Parsing ecmascript source code failed

Import traces:
  App Route:
    ./src/data/pythonPrograms.ts
    ./app/api/admin/users/import-teachers-csv/route.ts

  Client Component Browser:
    ./src/data/pythonPrograms.ts [Client Component Browser]
    ./src/sections/ProgramsSection.tsx [Client Component Browser]
    ./src/sections/ProgramsSection.tsx [Server Component]
    ./app/page.tsx [Server Component]

  Client Component SSR:
    ./src/data/pythonPrograms.ts [Client Component SSR]
    ./src/sections/ProgramsSection.tsx [Client Component SSR]
    ./src/sections/ProgramsSection.tsx [Server Component]
    ./app/page.tsx [Server Component]


./src/data/pythonPrograms.ts:242:18
Cannot assign to this
  [90m240 |[0m [32m    difficulty: "Easy",[0m
  [90m241 |[0m [32m    classLevel: "Class 8",[0m
[31m[1m>[0m [90m242 |[0m [32m    description: "Use variables and formulas to calculate the area of a 
rectangle",[0m
  [90m    |[0m                  [31m[1m^^^^^^^^^^^^^^^^^^^^^^^^^^^^^^^^^^^^^^^^^^^^^^^^^^^^^^^^^^^^^^^^^[0m
  [90m243 |[0m [32m    code: `[0m[32m""[0m[32m"[0m
  [90m244 |[0m [32m==========================================[0m
  [90m245 |[0m [32mProgram: Area of Rectangle[0m

Parsing ecmascript source code failed

Import traces:
  App Route:
    ./src/data/pythonPrograms.ts
    ./app/api/admin/users/import-teachers-csv/route.ts

  Client Component Browser:
    ./src/data/pythonPrograms.ts [Client Component Browser]
    ./src/sections/ProgramsSection.tsx [Client Component Browser]
    ./src/sections/ProgramsSection.tsx [Server Component]
    ./app/page.tsx [Server Component]

  Client Component SSR:
    ./src/data/pythonPrograms.ts [Client Component SSR]
    ./src/sections/ProgramsSection.tsx [Client Component SSR]
    ./src/sections/ProgramsSection.tsx [Server Component]
    ./app/page.tsx [Server Component]


./src/data/pythonPrograms.ts:243:11
Cannot assign to this
  [90m241 |[0m [32m    classLevel: "Class 8",[0m
  [90m242 |[0m [32m    description: "Use variables and formulas to calculate the area of a rectangle",[0m
[31m[1m>[0m [90m243 |[0m [32m    code: `[0m[32m""[0m[32m"[0m
  [90m    |[0m           [31m[1m^^^[0m
[31m[1m>[0m [90m244 |[0m [32m==========================================[0m
  [90m    |[0m [31m[1m^^^^^^^^^^^^^^^^^^^^^^^^^^^^^^^^^^^^^^^^^^[0m
[31m[1m>[0m [90m245 |[0m [32mProgram: Area of Rectangle[0m
  [90m    |[0m [31m[1m^^^^^^^^^^^^^^^^^^^^^^^^^^[0m
[31m[1m>[0m [90m246 |[0m [32mTeaches: Variables, assignment, and formula application[0m
  [90m    |[0m [31m[1m^^^^^^^^^^^^^^^^^^^^^^^^^^^^^^^^^^^^^^^^^^^^^^^^^^^^^^^[0m
[31m[1m>[0m [90m247 |[0m [32mWHY: Variables store data for later use. Formulas let us[0m
  [90m    |[0m [31m[1m^^^^^^^^^^^^^^^^^^^^^^^^^^^^^^^^^^^^^^^^^^^^^^^^^^^^^^^^[0m
[31m[1m>[0m [90m248 |[0m [32m      compute results from input values ΓÇö core to all programs.[0m
  [90m    |[0m [31m[1m^^^^^^^^^^^^^^^^^^^^^^^^^^^^^^^^^^^^^^^^^^^^^^^^^^^^^^^^^^^^^^^[0m
[31m[1m>[0m [90m249 |[0m [32m==========================================[0m
  [90m    |[0m [31m[1m^^^^^^^^^^^^^^^^^^^^^^^^^^^^^^^^^^^^^^^^^^[0m
[31m[1m>[0m [90m250 |[0m
  [90m    |[0m [31m[1m^[0m
[31m[1m>[0m [90m251 |[0m [32mEXECUTION TRACE:[0m
  [90m    |[0m [31m[1m^^^^^^^^^^^^^^^^[0m
[31m[1m>[0m [90m252 |[0m [32mLine 1: length = 10 ΓåÆ variable length stores value 10[0m
  [90m    |[0m [31m[1m^^^^^^^^^^^^^^^^^^^^^^^^^^^^^^^^^^^^^^^^^^^^^^^^^^^^^[0m
[31m[1m>[0m [90m253 |[0m [32mLine 2: breadth = 5 ΓåÆ variable breadth stores value 5[0m
  [90m    |[0m [31m[1m^^^^^^^^^^^^^^^^^^^^^^^^^^^^^^^^^^^^^^^^^^^^^^^^^^^^^[0m
[31m[1m>[0m [90m254 |[0m [32mLine 3: area = length * breadth ΓåÆ 10 * 5 = 50[0m
  [90m    |[0m [31m[1m^^^^^^^^^^^^^^^^^^^^^^^^^^^^^^^^^^^^^^^^^^^^^[0m
[31m[1m>[0m [90m255 |[0m [32mLine 4: print("[0m[33mLength[0m:[32m", length) ΓåÆ "[0m[33mLength[0m: 
[35m10[0m[32m"[0m
  [90m    |[0m [31m[1m^^^^^^^^^^^^^^^^^^^^^^^^^^^^^^^^^^^^^^^^^^^^^^^[0m
[31m[1m>[0m [90m256 |[0m [32mLine 5: print("[0m[33mBreadth[0m:[32m", breadth) ΓåÆ "[0m[33mBreadth[0m: 
[35m5[0m[32m"[0m
  [90m    |[0m [31m[1m^^^^^^^^^^^^^^^^^^^^^^^^^^^^^^^^^^^^^^^^^^^^^^^^^[0m
[31m[1m>[0m [90m257 |[0m [32mLine 6: print("[0m[33mArea[0m:[32m", area) ΓåÆ "[0m[33mArea[0m: 
[35m50[0m[32m"[0m
  [90m    |[0m [31m[1m^^^^^^^^^^^^^^^^^^^^^^^^^^^^^^^^^^^^^^^^^[0m
[31m[1m>[0m [90m258 |[0m
  [90m    |[0m [31m[1m^[0m
[31m[1m>[0m [90m259 |[0m [32mTRY THIS:[0m
  [90m    |[0m [31m[1m^^^^^^^^^[0m
[31m[1m>[0m [90m260 |[0m [32m- Change the values of length and breadth[0m
  [90m    |[0m [31m[1m^^^^^^^^^^^^^^^^^^^^^^^^^^^^^^^^^^^^^^^^^[0m
[31m[1m>[0m [90m261 |[0m [32m- Add a third variable for perimeter: 2 * (length + breadth)[0m
  [90m    |[0m [31m[1m^^^^^^^^^^^^^^^^^^^^^^^^^^^^^^^^^^^^^^^^^^^^^^^^^^^^^^^^^^^^[0m
[31m[1m>[0m [90m262 |[0m [32m- Ask the user to input length and breadth using input()[0m
  [90m    |[0m [31m[1m^^^^^^^^^^^^^^^^^^^^^^^^^^^^^^^^^^^^^^^^^^^^^^^^^^^^^^^^[0m
[31m[1m>[0m [90m263 |[0m [32m"[0m[32m""[0m
  [90m    |[0m [31m[1m^^^[0m
[31m[1m>[0m [90m264 |[0m
  [90m    |[0m [31m[1m^[0m
[31m[1m>[0m [90m265 |[0m length = [35m10[0m
  [90m    |[0m [31m[1m^^^^^^^^^^^[0m
[31m[1m>[0m [90m266 |[0m breadth = [35m5[0m
  [90m    |[0m [31m[1m^^^^^^^^^^^[0m
[31m[1m>[0m [90m267 |[0m area = length * breadth
  [90m    |[0m [31m[1m^^^^^^^^^^^^^^^^^^^^^^^[0m
[31m[1m>[0m [90m268 |[0m print([32m"Length:"[0m, length)
  [90m    |[0m [31m[1m^^^^^^^^^^^^^^^^^^^^^^^^[0m
[31m[1m>[0m [90m269 |[0m print([32m"Breadth:"[0m, breadth)
  [90m    |[0m [31m[1m^^^^^^^^^^^^^^^^^^^^^^^^^^[0m
[31m[1m>[0m [90m270 |[0m print([32m"Area:"[0m, area)
  [90m    |[0m [31m[1m^^^^^^^^^^^^^^^^^^^^[0m
[31m[1m>[0m [90m271 |[0m [32m`,[0m
  [90m    |[0m [31m[1m^[0m
  [90m272 |[0m [32m    funFact: "Variable names in Python are case-sensitive! 'Area' and 'area' are two diff...[0m
  [90m273 |[0m [32m  },[0m
  [90m274 |[0m [32m  {[0m

Parsing ecmascript source code failed

Import traces:
  App Route:
    ./src/data/pythonPrograms.ts
    ./app/api/admin/users/import-teachers-csv/route.ts

  Client Component Browser:
    ./src/data/pythonPrograms.ts [Client Component Browser]
    ./src/sections/ProgramsSection.tsx [Client Component Browser]
    ./src/sections/ProgramsSection.tsx [Server Component]
    ./app/page.tsx [Server Component]

  Client Component SSR:
    ./src/data/pythonPrograms.ts [Client Component SSR]
    ./src/sections/ProgramsSection.tsx [Client Component SSR]
    ./src/sections/ProgramsSection.tsx [Server Component]
    ./app/page.tsx [Server Component]


./src/data/pythonPrograms.ts:272:14
Cannot assign to this
  [90m270 |[0m ...rea)
  [90m271 |[0m ...
[31m[1m>[0m [90m272 |[0m ...[32mriable names in Python are case-sensitive! 'Area' and 'area' are two different 
variabl...[0m
  [90m    |[0m    
[31m[1m^^^^^^^^^^^^^^^^^^^^^^^^^^^^^^^^^^^^^^^^^^^^^^^^^^^^^^^^^^^^^^^^^^^^^^^^^^^^^^^^^^^^^^^^^[0m
  [90m273 |[0m ...
  [90m274 |[0m ...
  [90m275 |[0m ...

Parsing ecmascript source code failed

Import traces:
  App Route:
    ./src/data/pythonPrograms.ts
    ./app/api/admin/users/import-teachers-csv/route.ts

  Client Component Browser:
    ./src/data/pythonPrograms.ts [Client Component Browser]
    ./src/sections/ProgramsSection.tsx [Client Component Browser]
    ./src/sections/ProgramsSection.tsx [Server Component]
    ./app/page.tsx [Server Component]

  Client Component SSR:
    ./src/data/pythonPrograms.ts [Client Component SSR]
    ./src/sections/ProgramsSection.tsx [Client Component SSR]
    ./src/sections/ProgramsSection.tsx [Server Component]
    ./app/page.tsx [Server Component]


./src/data/pythonPrograms.ts:275:9
Cannot assign to this
  [90m273 |[0m [32m  },[0m
  [90m274 |[0m [32m  {[0m
[31m[1m>[0m [90m275 |[0m [32m    id: "b-6",[0m
  [90m    |[0m         [31m[1m^^^^^[0m
  [90m276 |[0m [32m    title: "Area of Circle",[0m
  [90m277 |[0m [32m    language: "python",[0m
  [90m278 |[0m [32m    category: "Basics",[0m

Parsing ecmascript source code failed

Import traces:
  App Route:
    ./src/data/pythonPrograms.ts
    ./app/api/admin/users/import-teachers-csv/route.ts

  Client Component Browser:
    ./src/data/pythonPrograms.ts [Client Component Browser]
    ./src/sections/ProgramsSection.tsx [Client Component Browser]
    ./src/sections/ProgramsSection.tsx [Server Component]
    ./app/page.tsx [Server Component]

  Client Component SSR:
    ./src/data/pythonPrograms.ts [Client Component SSR]
    ./src/sections/ProgramsSection.tsx [Client Component SSR]
    ./src/sections/ProgramsSection.tsx [Server Component]
    ./app/page.tsx [Server Component]


./src/data/pythonPrograms.ts:276:12
Cannot assign to this
  [90m274 |[0m [32m  {[0m
  [90m275 |[0m [32m    id: "b-6",[0m
[31m[1m>[0m [90m276 |[0m [32m    title: "Area of Circle",[0m
  [90m    |[0m            [31m[1m^^^^^^^^^^^^^^^^[0m
  [90m277 |[0m [32m    language: "python",[0m
  [90m278 |[0m [32m    category: "Basics",[0m
  [90m279 |[0m [32m    difficulty: "Easy",[0m

Parsing ecmascript source code failed

Import traces:
  App Route:
    ./src/data/pythonPrograms.ts
    ./app/api/admin/users/import-teachers-csv/route.ts

  Client Component Browser:
    ./src/data/pythonPrograms.ts [Client Component Browser]
    ./src/sections/ProgramsSection.tsx [Client Component Browser]
    ./src/sections/ProgramsSection.tsx [Server Component]
    ./app/page.tsx [Server Component]

  Client Component SSR:
    ./src/data/pythonPrograms.ts [Client Component SSR]
    ./src/sections/ProgramsSection.tsx [Client Component SSR]
    ./src/sections/ProgramsSection.tsx [Server Component]
    ./app/page.tsx [Server Component]


./src/data/pythonPrograms.ts:277:15
Cannot assign to this
  [90m275 |[0m [32m    id: "b-6",[0m
  [90m276 |[0m [32m    title: "Area of Circle",[0m
[31m[1m>[0m [90m277 |[0m [32m    language: "python",[0m
  [90m    |[0m               [31m[1m^^^^^^^^[0m
  [90m278 |[0m [32m    category: "Basics",[0m
  [90m279 |[0m [32m    difficulty: "Easy",[0m
  [90m280 |[0m [32m    classLevel: "Class 8",[0m

Parsing ecmascript source code failed

Import traces:
  App Route:
    ./src/data/pythonPrograms.ts
    ./app/api/admin/users/import-teachers-csv/route.ts

  Client Component Browser:
    ./src/data/pythonPrograms.ts [Client Component Browser]
    ./src/sections/ProgramsSection.tsx [Client Component Browser]
    ./src/sections/ProgramsSection.tsx [Server Component]
    ./app/page.tsx [Server Component]

  Client Component SSR:
    ./src/data/pythonPrograms.ts [Client Component SSR]
    ./src/sections/ProgramsSection.tsx [Client Component SSR]
    ./src/sections/ProgramsSection.tsx [Server Component]
    ./app/page.tsx [Server Component]


./src/data/pythonPrograms.ts:278:15
Cannot assign to this
  [90m276 |[0m [32m    title: "Area of Circle",[0m
  [90m277 |[0m [32m    language: "python",[0m
[31m[1m>[0m [90m278 |[0m [32m    category: "Basics",[0m
  [90m    |[0m               [31m[1m^^^^^^^^[0m
  [90m279 |[0m [32m    difficulty: "Easy",[0m
  [90m280 |[0m [32m    classLevel: "Class 8",[0m
  [90m281 |[0m [32m    description: "Use the math module to access the value of pi for calculations",[0m

Parsing ecmascript source code failed

Import traces:
  App Route:
    ./src/data/pythonPrograms.ts
    ./app/api/admin/users/import-teachers-csv/route.ts

  Client Component Browser:
    ./src/data/pythonPrograms.ts [Client Component Browser]
    ./src/sections/ProgramsSection.tsx [Client Component Browser]
    ./src/sections/ProgramsSection.tsx [Server Component]
    ./app/page.tsx [Server Component]

  Client Component SSR:
    ./src/data/pythonPrograms.ts [Client Component SSR]
    ./src/sections/ProgramsSection.tsx [Client Component SSR]
    ./src/sections/ProgramsSection.tsx [Server Component]
    ./app/page.tsx [Server Component]


./src/data/pythonPrograms.ts:279:17
Cannot assign to this
  [90m277 |[0m [32m    language: "python",[0m
  [90m278 |[0m [32m    category: "Basics",[0m
[31m[1m>[0m [90m279 |[0m [32m    difficulty: "Easy",[0m
  [90m    |[0m                 [31m[1m^^^^^^[0m
  [90m280 |[0m [32m    classLevel: "Class 8",[0m
  [90m281 |[0m [32m    description: "Use the math module to access the value of pi for calculations",[0m
  [90m282 |[0m [32m    code: `[0m[32m""[0m[32m"[0m

Parsing ecmascript source code failed

Import traces:
  App Route:
    ./src/data/pythonPrograms.ts
    ./app/api/admin/users/import-teachers-csv/route.ts

  Client Component Browser:
    ./src/data/pythonPrograms.ts [Client Component Browser]
    ./src/sections/ProgramsSection.tsx [Client Component Browser]
    ./src/sections/ProgramsSection.tsx [Server Component]
    ./app/page.tsx [Server Component]

  Client Component SSR:
    ./src/data/pythonPrograms.ts [Client Component SSR]
    ./src/sections/ProgramsSection.tsx [Client Component SSR]
    ./src/sections/ProgramsSection.tsx [Server Component]
    ./app/page.tsx [Server Component]


./src/data/pythonPrograms.ts:280:17
Cannot assign to this
  [90m278 |[0m [32m    category: "Basics",[0m
  [90m279 |[0m [32m    difficulty: "Easy",[0m
[31m[1m>[0m [90m280 |[0m [32m    classLevel: "Class 8",[0m
  [90m    |[0m                 [31m[1m^^^^^^^^^[0m
  [90m281 |[0m [32m    description: "Use the math module to access the value of pi for calculations",[0m
  [90m282 |[0m [32m    code: `[0m[32m""[0m[32m"[0m
  [90m283 |[0m [32m==========================================[0m

Parsing ecmascript source code failed

Import traces:
  App Route:
    ./src/data/pythonPrograms.ts
    ./app/api/admin/users/import-teachers-csv/route.ts

  Client Component Browser:
    ./src/data/pythonPrograms.ts [Client Component Browser]
    ./src/sections/ProgramsSection.tsx [Client Component Browser]
    ./src/sections/ProgramsSection.tsx [Server Component]
    ./app/page.tsx [Server Component]

  Client Component SSR:
    ./src/data/pythonPrograms.ts [Client Component SSR]
    ./src/sections/ProgramsSection.tsx [Client Component SSR]
    ./src/sections/ProgramsSection.tsx [Server Component]
    ./app/page.tsx [Server Component]


./src/data/pythonPrograms.ts:281:18
Cannot assign to this
  [90m279 |[0m [32m    difficulty: "Easy",[0m
  [90m280 |[0m [32m    classLevel: "Class 8",[0m
[31m[1m>[0m [90m281 |[0m [32m    description: "Use the math module to access the value of pi for 
calculations",[0m
  [90m    |[0m                  [31m[1m^^^^^^^^^^^^^^^^^^^^^^^^^^^^^^^^^^^^^^^^^^^^^^^^^^^^^^^^^^^^^^^^[0m
  [90m282 |[0m [32m    code: `[0m[32m""[0m[32m"[0m
  [90m283 |[0m [32m==========================================[0m
  [90m284 |[0m [32mProgram: Area of Circle[0m

Parsing ecmascript source code failed

Import traces:
  App Route:
    ./src/data/pythonPrograms.ts
    ./app/api/admin/users/import-teachers-csv/route.ts

  Client Component Browser:
    ./src/data/pythonPrograms.ts [Client Component Browser]
    ./src/sections/ProgramsSection.tsx [Client Component Browser]
    ./src/sections/ProgramsSection.tsx [Server Component]
    ./app/page.tsx [Server Component]

  Client Component SSR:
    ./src/data/pythonPrograms.ts [Client Component SSR]
    ./src/sections/ProgramsSection.tsx [Client Component SSR]
    ./src/sections/ProgramsSection.tsx [Server Component]
    ./app/page.tsx [Server Component]


./src/data/pythonPrograms.ts:282:11
Cannot assign to this
  [90m280 |[0m [32m    classLevel: "Class 8",[0m
  [90m281 |[0m [32m    description: "Use the math module to access the value of pi for calculations",[0m
[31m[1m>[0m [90m282 |[0m [32m    code: `[0m[32m""[0m[32m"[0m
  [90m    |[0m           [31m[1m^^^[0m
[31m[1m>[0m [90m283 |[0m [32m==========================================[0m
  [90m    |[0m [31m[1m^^^^^^^^^^^^^^^^^^^^^^^^^^^^^^^^^^^^^^^^^^[0m
[31m[1m>[0m [90m284 |[0m [32mProgram: Area of Circle[0m
  [90m    |[0m [31m[1m^^^^^^^^^^^^^^^^^^^^^^^[0m
[31m[1m>[0m [90m285 |[0m [32mTeaches: import math, using math.pi for accurate pi value[0m
  [90m    |[0m [31m[1m^^^^^^^^^^^^^^^^^^^^^^^^^^^^^^^^^^^^^^^^^^^^^^^^^^^^^^^^^[0m
[31m[1m>[0m [90m286 |[0m [32mWHY: Python has built-in modules with useful values and functions.[0m
  [90m    |[0m [31m[1m^^^^^^^^^^^^^^^^^^^^^^^^^^^^^^^^^^^^^^^^^^^^^^^^^^^^^^^^^^^^^^^^^^[0m
[31m[1m>[0m [90m287 |[0m [32m      Importing math gives us pi (3.14159...) without manual typing.[0m
  [90m    |[0m [31m[1m^^^^^^^^^^^^^^^^^^^^^^^^^^^^^^^^^^^^^^^^^^^^^^^^^^^^^^^^^^^^^^^^^^^^[0m
[31m[1m>[0m [90m288 |[0m [32m==========================================[0m
  [90m    |[0m [31m[1m^^^^^^^^^^^^^^^^^^^^^^^^^^^^^^^^^^^^^^^^^^[0m
[31m[1m>[0m [90m289 |[0m
  [90m    |[0m [31m[1m^[0m
[31m[1m>[0m [90m290 |[0m [32mEXECUTION TRACE:[0m
  [90m    |[0m [31m[1m^^^^^^^^^^^^^^^^[0m
[31m[1m>[0m [90m291 |[0m [32mLine 1: import math ΓåÆ loads the math module into memory[0m
  [90m    |[0m [31m[1m^^^^^^^^^^^^^^^^^^^^^^^^^^^^^^^^^^^^^^^^^^^^^^^^^^^^^^^[0m
[31m[1m>[0m [90m292 |[0m [32mLine 2: radius = 7 ΓåÆ stores 7 in radius[0m
  [90m    |[0m [31m[1m^^^^^^^^^^^^^^^^^^^^^^^^^^^^^^^^^^^^^^^[0m
[31m[1m>[0m [90m293 |[0m [32mLine 3: area = math.pi * radius * radius[0m
  [90m    |[0m [31m[1m^^^^^^^^^^^^^^^^^^^^^^^^^^^^^^^^^^^^^^^^[0m
[31m[1m>[0m [90m294 |[0m [32m        ΓåÆ 3.14159... * 7 * 7 = 153.938...[0m
  [90m    |[0m [31m[1m^^^^^^^^^^^^^^^^^^^^^^^^^^^^^^^^^^^^^^^^^[0m
[31m[1m>[0m [90m295 |[0m [32mLine 4: print("[0m[33mArea[0m:[32m", area) ΓåÆ displays the calculated area[0m
  [90m    |[0m [31m[1m^^^^^^^^^^^^^^^^^^^^^^^^^^^^^^^^^^^^^^^^^^^^^^^^^^^^^^^^^^^[0m
[31m[1m>[0m [90m296 |[0m
  [90m    |[0m [31m[1m^[0m
[31m[1m>[0m [90m297 |[0m [32mTRY THIS:[0m
  [90m    |[0m [31m[1m^^^^^^^^^[0m
[31m[1m>[0m [90m298 |[0m [32m- Ask the user for the radius with input()[0m
  [90m    |[0m [31m[1m^^^^^^^^^^^^^^^^^^^^^^^^^^^^^^^^^^^^^^^^^^[0m
[31m[1m>[0m [90m299 |[0m [32m- Also calculate the circumference: 2 * math.pi * radius[0m
  [90m    |[0m [31m[1m^^^^^^^^^^^^^^^^^^^^^^^^^^^^^^^^^^^^^^^^^^^^^^^^^^^^^^^^[0m
[31m[1m>[0m [90m300 |[0m [32m- What is math.pi to 5 decimal places? Try: print(round(math.pi, 5))[0m
  [90m    |[0m [31m[1m^^^^^^^^^^^^^^^^^^^^^^^^^^^^^^^^^^^^^^^^^^^^^^^^^^^^^^^^^^^^^^^^^^^^[0m
[31m[1m>[0m [90m301 |[0m [32m"[0m[32m""[0m
  [90m    |[0m [31m[1m^^^[0m
[31m[1m>[0m [90m302 |[0m
  [90m    |[0m [31m[1m^[0m
[31m[1m>[0m [90m303 |[0m [36mimport[0m math
  [90m    |[0m [31m[1m^^^^^^^^^^^[0m
[31m[1m>[0m [90m304 |[0m
  [90m    |[0m [31m[1m^[0m
[31m[1m>[0m [90m305 |[0m radius = [35m7[0m
  [90m    |[0m [31m[1m^^^^^^^^^^[0m
[31m[1m>[0m [90m306 |[0m area = math.pi * radius * radius
  [90m    |[0m [31m[1m^^^^^^^^^^^^^^^^^^^^^^^^^^^^^^^^[0m
[31m[1m>[0m [90m307 |[0m print([32m"Area of circle:"[0m, area)
  [90m    |[0m [31m[1m^^^^^^^^^^^^^^^^^^^^^^^^^^^^^^[0m
[31m[1m>[0m [90m308 |[0m [32m`,[0m
  [90m    |[0m [31m[1m^[0m
  [90m309 |[0m [32m    funFact: "Python's math.pi is accurate to 15 decimal places ΓÇö far more precise than 
3...[0m
  [90m310 |[0m [32m  },[0m
  [90m311 |[0m [32m  {[0m

Parsing ecmascript source code failed

Import traces:
  App Route:
    ./src/data/pythonPrograms.ts
    ./app/api/admin/users/import-teachers-csv/route.ts

  Client Component Browser:
    ./src/data/pythonPrograms.ts [Client Component Browser]
    ./src/sections/ProgramsSection.tsx [Client Component Browser]
    ./src/sections/ProgramsSection.tsx [Server Component]
    ./app/page.tsx [Server Component]

  Client Component SSR:
    ./src/data/pythonPrograms.ts [Client Component SSR]
    ./src/sections/ProgramsSection.tsx [Client Component SSR]
    ./src/sections/ProgramsSection.tsx [Server Component]
    ./app/page.tsx [Server Component]


./src/data/pythonPrograms.ts:309:14
Cannot assign to this
  [90m307 |[0m ...[32m of circle:"[0m, area)
  [90m308 |[0m ...
[31m[1m>[0m [90m309 |[0m ...[32m: "Python's math.pi is accurate to 15 decimal places ΓÇö far more precise than 
3.14!"[0m
  [90m    |[0m      [31m[1m^^^^^^^^^^^^^^^^^^^^^^^^^^^^^^^^^^^^^^^^^^^^^^^^^^^^^^^^^^^^^^^^^^^^^^^^^^^^^^^^^[0m
  [90m310 |[0m ...
  [90m311 |[0m ...
  [90m312 |[0m ...[32m7",[0m

Parsing ecmascript source code failed

Import traces:
  App Route:
    ./src/data/pythonPrograms.ts
    ./app/api/admin/users/import-teachers-csv/route.ts

  Client Component Browser:
    ./src/data/pythonPrograms.ts [Client Component Browser]
    ./src/sections/ProgramsSection.tsx [Client Component Browser]
    ./src/sections/ProgramsSection.tsx [Server Component]
    ./app/page.tsx [Server Component]

  Client Component SSR:
    ./src/data/pythonPrograms.ts [Client Component SSR]
    ./src/sections/ProgramsSection.tsx [Client Component SSR]
    ./src/sections/ProgramsSection.tsx [Server Component]
    ./app/page.tsx [Server Component]


./src/data/pythonPrograms.ts:312:9
Cannot assign to this
  [90m310 |[0m [32m  },[0m
  [90m311 |[0m [32m  {[0m
[31m[1m>[0m [90m312 |[0m [32m    id: "b-7",[0m
  [90m    |[0m         [31m[1m^^^^^[0m
  [90m313 |[0m [32m    title: "Temperature Converter",[0m
  [90m314 |[0m [32m    language: "python",[0m
  [90m315 |[0m [32m    category: "Basics",[0m

Parsing ecmascript source code failed

Import traces:
  App Route:
    ./src/data/pythonPrograms.ts
    ./app/api/admin/users/import-teachers-csv/route.ts

  Client Component Browser:
    ./src/data/pythonPrograms.ts [Client Component Browser]
    ./src/sections/ProgramsSection.tsx [Client Component Browser]
    ./src/sections/ProgramsSection.tsx [Server Component]
    ./app/page.tsx [Server Component]

  Client Component SSR:
    ./src/data/pythonPrograms.ts [Client Component SSR]
    ./src/sections/ProgramsSection.tsx [Client Component SSR]
    ./src/sections/ProgramsSection.tsx [Server Component]
    ./app/page.tsx [Server Component]


./src/data/pythonPrograms.ts:313:12
Cannot assign to this
  [90m311 |[0m [32m  {[0m
  [90m312 |[0m [32m    id: "b-7",[0m
[31m[1m>[0m [90m313 |[0m [32m    title: "Temperature Converter",[0m
  [90m    |[0m            [31m[1m^^^^^^^^^^^^^^^^^^^^^^^[0m
  [90m314 |[0m [32m    language: "python",[0m
  [90m315 |[0m [32m    category: "Basics",[0m
  [90m316 |[0m [32m    difficulty: "Easy",[0m

Parsing ecmascript source code failed

Import traces:
  App Route:
    ./src/data/pythonPrograms.ts
    ./app/api/admin/users/import-teachers-csv/route.ts

  Client Component Browser:
    ./src/data/pythonPrograms.ts [Client Component Browser]
    ./src/sections/ProgramsSection.tsx [Client Component Browser]
    ./src/sections/ProgramsSection.tsx [Server Component]
    ./app/page.tsx [Server Component]

  Client Component SSR:
    ./src/data/pythonPrograms.ts [Client Component SSR]
    ./src/sections/ProgramsSection.tsx [Client Component SSR]
    ./src/sections/ProgramsSection.tsx [Server Component]
    ./app/page.tsx [Server Component]


./src/data/pythonPrograms.ts:314:15
Cannot assign to this
  [90m312 |[0m [32m    id: "b-7",[0m
  [90m313 |[0m [32m    title: "Temperature Converter",[0m
[31m[1m>[0m [90m314 |[0m [32m    language: "python",[0m
  [90m    |[0m               [31m[1m^^^^^^^^[0m
  [90m315 |[0m [32m    category: "Basics",[0m
  [90m316 |[0m [32m    difficulty: "Easy",[0m
  [90m317 |[0m [32m    classLevel: "Class 8",[0m

Parsing ecmascript source code failed

Import traces:
  App Route:
    ./src/data/pythonPrograms.ts
    ./app/api/admin/users/import-teachers-csv/route.ts

  Client Component Browser:
    ./src/data/pythonPrograms.ts [Client Component Browser]
    ./src/sections/ProgramsSection.tsx [Client Component Browser]
    ./src/sections/ProgramsSection.tsx [Server Component]
    ./app/page.tsx [Server Component]

  Client Component SSR:
    ./src/data/pythonPrograms.ts [Client Component SSR]
    ./src/sections/ProgramsSection.tsx [Client Component SSR]
    ./src/sections/ProgramsSection.tsx [Server Component]
    ./app/page.tsx [Server Component]


./src/data/pythonPrograms.ts:315:15
Cannot assign to this
  [90m313 |[0m [32m    title: "Temperature Converter",[0m
  [90m314 |[0m [32m    language: "python",[0m
[31m[1m>[0m [90m315 |[0m [32m    category: "Basics",[0m
  [90m    |[0m               [31m[1m^^^^^^^^[0m
  [90m316 |[0m [32m    difficulty: "Easy",[0m
  [90m317 |[0m [32m    classLevel: "Class 8",[0m
  [90m318 |[0m [32m    description: "Apply multiple formulas to convert temperatures between scales",[0m

Parsing ecmascript source code failed

Import traces:
  App Route:
    ./src/data/pythonPrograms.ts
    ./app/api/admin/users/import-teachers-csv/route.ts

  Client Component Browser:
    ./src/data/pythonPrograms.ts [Client Component Browser]
    ./src/sections/ProgramsSection.tsx [Client Component Browser]
    ./src/sections/ProgramsSection.tsx [Server Component]
    ./app/page.tsx [Server Component]

  Client Component SSR:
    ./src/data/pythonPrograms.ts [Client Component SSR]
    ./src/sections/ProgramsSection.tsx [Client Component SSR]
    ./src/sections/ProgramsSection.tsx [Server Component]
    ./app/page.tsx [Server Component]


./src/data/pythonPrograms.ts:316:17
Cannot assign to this
  [90m314 |[0m [32m    language: "python",[0m
  [90m315 |[0m [32m    category: "Basics",[0m
[31m[1m>[0m [90m316 |[0m [32m    difficulty: "Easy",[0m
  [90m    |[0m                 [31m[1m^^^^^^[0m
  [90m317 |[0m [32m    classLevel: "Class 8",[0m
  [90m318 |[0m [32m    description: "Apply multiple formulas to convert temperatures between scales",[0m
  [90m319 |[0m [32m    code: `[0m[32m""[0m[32m"[0m

Parsing ecmascript source code failed

Import traces:
  App Route:
    ./src/data/pythonPrograms.ts
    ./app/api/admin/users/import-teachers-csv/route.ts

  Client Component Browser:
    ./src/data/pythonPrograms.ts [Client Component Browser]
    ./src/sections/ProgramsSection.tsx [Client Component Browser]
    ./src/sections/ProgramsSection.tsx [Server Component]
    ./app/page.tsx [Server Component]

  Client Component SSR:
    ./src/data/pythonPrograms.ts [Client Component SSR]
    ./src/sections/ProgramsSection.tsx [Client Component SSR]
    ./src/sections/ProgramsSection.tsx [Server Component]
    ./app/page.tsx [Server Component]


./src/data/pythonPrograms.ts:317:17
Cannot assign to this
  [90m315 |[0m [32m    category: "Basics",[0m
  [90m316 |[0m [32m    difficulty: "Easy",[0m
[31m[1m>[0m [90m317 |[0m [32m    classLevel: "Class 8",[0m
  [90m    |[0m                 [31m[1m^^^^^^^^^[0m
  [90m318 |[0m [32m    description: "Apply multiple formulas to convert temperatures between scales",[0m
  [90m319 |[0m [32m    code: `[0m[32m""[0m[32m"[0m
  [90m320 |[0m [32m==========================================[0m

Parsing ecmascript source code failed

Import traces:
  App Route:
    ./src/data/pythonPrograms.ts
    ./app/api/admin/users/import-teachers-csv/route.ts

  Client Component Browser:
    ./src/data/pythonPrograms.ts [Client Component Browser]
    ./src/sections/ProgramsSection.tsx [Client Component Browser]
    ./src/sections/ProgramsSection.tsx [Server Component]
    ./app/page.tsx [Server Component]

  Client Component SSR:
    ./src/data/pythonPrograms.ts [Client Component SSR]
    ./src/sections/ProgramsSection.tsx [Client Component SSR]
    ./src/sections/ProgramsSection.tsx [Server Component]
    ./app/page.tsx [Server Component]


./src/data/pythonPrograms.ts:318:18
Cannot assign to this
  [90m316 |[0m [32m    difficulty: "Easy",[0m
  [90m317 |[0m [32m    classLevel: "Class 8",[0m
[31m[1m>[0m [90m318 |[0m [32m    description: "Apply multiple formulas to convert temperatures between 
scales",[0m
  [90m    |[0m                  [31m[1m^^^^^^^^^^^^^^^^^^^^^^^^^^^^^^^^^^^^^^^^^^^^^^^^^^^^^^^^^^^^^^^^[0m
  [90m319 |[0m [32m    code: `[0m[32m""[0m[32m"[0m
  [90m320 |[0m [32m==========================================[0m
  [90m321 |[0m [32mProgram: Temperature Converter[0m

Parsing ecmascript source code failed

Import traces:
  App Route:
    ./src/data/pythonPrograms.ts
    ./app/api/admin/users/import-teachers-csv/route.ts

  Client Component Browser:
    ./src/data/pythonPrograms.ts [Client Component Browser]
    ./src/sections/ProgramsSection.tsx [Client Component Browser]
    ./src/sections/ProgramsSection.tsx [Server Component]
    ./app/page.tsx [Server Component]

  Client Component SSR:
    ./src/data/pythonPrograms.ts [Client Component SSR]
    ./src/sections/ProgramsSection.tsx [Client Component SSR]
    ./src/sections/ProgramsSection.tsx [Server Component]
    ./app/page.tsx [Server Component]


./src/data/pythonPrograms.ts:319:11
Cannot assign to this
  [90m317 |[0m [32m    classLevel: "Class 8",[0m
  [90m318 |[0m [32m    description: "Apply multiple formulas to convert temperatures between scales",[0m
[31m[1m>[0m [90m319 |[0m [32m    code: `[0m[32m""[0m[32m"[0m
  [90m    |[0m           [31m[1m^^^[0m
[31m[1m>[0m [90m320 |[0m [32m==========================================[0m
  [90m    |[0m [31m[1m^^^^^^^^^^^^^^^^^^^^^^^^^^^^^^^^^^^^^^^^^^[0m
[31m[1m>[0m [90m321 |[0m [32mProgram: Temperature Converter[0m
  [90m    |[0m [31m[1m^^^^^^^^^^^^^^^^^^^^^^^^^^^^^^[0m
[31m[1m>[0m [90m322 |[0m [32mTeaches: Multiple formulas, float() for decimal input[0m
  [90m    |[0m [31m[1m^^^^^^^^^^^^^^^^^^^^^^^^^^^^^^^^^^^^^^^^^^^^^^^^^^^^^[0m
[31m[1m>[0m [90m323 |[0m [32mWHY: Converting between scales uses different formulas.[0m
  [90m    |[0m [31m[1m^^^^^^^^^^^^^^^^^^^^^^^^^^^^^^^^^^^^^^^^^^^^^^^^^^^^^^^[0m
[31m[1m>[0m [90m324 |[0m [32m      This teaches handling multiple operations based on user choice.[0m
  [90m    |[0m [31m[1m^^^^^^^^^^^^^^^^^^^^^^^^^^^^^^^^^^^^^^^^^^^^^^^^^^^^^^^^^^^^^^^^^^^^^[0m
[31m[1m>[0m [90m325 |[0m [32m==========================================[0m
  [90m    |[0m [31m[1m^^^^^^^^^^^^^^^^^^^^^^^^^^^^^^^^^^^^^^^^^^[0m
[31m[1m>[0m [90m326 |[0m
  [90m    |[0m [31m[1m^[0m
[31m[1m>[0m [90m327 |[0m [32mEXECUTION TRACE:[0m
  [90m    |[0m [31m[1m^^^^^^^^^^^^^^^^[0m
[31m[1m>[0m [90m328 |[0m [32mLine 1: temp = 100 ΓåÆ stores the temperature value[0m
  [90m    |[0m [31m[1m^^^^^^^^^^^^^^^^^^^^^^^^^^^^^^^^^^^^^^^^^^^^^^^^^[0m
[31m[1m>[0m [90m329 |[0m [32mLine 2: choice = "[0m[33mC[0m[32m" ΓåÆ user wants Celsius to Fahrenheit[0m
  [90m    |[0m [31m[1m^^^^^^^^^^^^^^^^^^^^^^^^^^^^^^^^^^^^^^^^^^^^^^^^^^^^^^^[0m
[31m[1m>[0m [90m330 |[0m [32mLine 3: if choice == "[0m[33mC[0m[32m": ΓåÆ True[0m
  [90m    |[0m [31m[1m^^^^^^^^^^^^^^^^^^^^^^^^^^^^^^^^[0m
[31m[1m>[0m [90m331 |[0m [32mLine 4: result = (temp * 9/5) + 32[0m
  [90m    |[0m [31m[1m^^^^^^^^^^^^^^^^^^^^^^^^^^^^^^^^^^[0m
[31m[1m>[0m [90m332 |[0m [32m        ΓåÆ (100 * 9/5) + 32 = 180 + 32 = 212.0[0m
  [90m    |[0m [31m[1m^^^^^^^^^^^^^^^^^^^^^^^^^^^^^^^^^^^^^^^^^^^^^[0m
[31m[1m>[0m [90m333 |[0m [32mLine 5: print("[0m[33mResult[0m:[32m", 212.0) ΓåÆ "[0m[33mResult[0m: 
[35m212.0[0m[32m"[0m
  [90m    |[0m [31m[1m^^^^^^^^^^^^^^^^^^^^^^^^^^^^^^^^^^^^^^^^^^^^^^^^^[0m
[31m[1m>[0m [90m334 |[0m
  [90m    |[0m [31m[1m^[0m
[31m[1m>[0m [90m335 |[0m [32mTRY THIS:[0m
  [90m    |[0m [31m[1m^^^^^^^^^[0m
[31m[1m>[0m [90m336 |[0m [32m- Add support for Kelvin conversion[0m
  [90m    |[0m [31m[1m^^^^^^^^^^^^^^^^^^^^^^^^^^^^^^^^^^^[0m
[31m[1m>[0m [90m337 |[0m [32m- Use float(input()) to let users enter decimal temperatures[0m
  [90m    |[0m [31m[1m^^^^^^^^^^^^^^^^^^^^^^^^^^^^^^^^^^^^^^^^^^^^^^^^^^^^^^^^^^^^[0m
[31m[1m>[0m [90m338 |[0m [32m- Add an "[0m[36melse[0m[32m" clause for invalid choices[0m
  [90m    |[0m [31m[1m^^^^^^^^^^^^^^^^^^^^^^^^^^^^^^^^^^^^^^^^^^[0m
[31m[1m>[0m [90m339 |[0m [32m"[0m[32m""[0m
  [90m    |[0m [31m[1m^^^[0m
[31m[1m>[0m [90m340 |[0m
  [90m    |[0m [31m[1m^[0m
[31m[1m>[0m [90m341 |[0m temp = [35m100[0m
  [90m    |[0m [31m[1m^^^^^^^^^^[0m
[31m[1m>[0m [90m342 |[0m choice = input([32m"Enter C for Celsius or F for Fahrenheit: "[0m)
  [90m    |[0m [31m[1m^^^^^^^^^^^^^^^^^^^^^^^^^^^^^^^^^^^^^^^^^^^^^^^^^^^^^^^^^^^[0m
[31m[1m>[0m [90m343 |[0m
  [90m    |[0m [31m[1m^[0m
[31m[1m>[0m [90m344 |[0m [36mif[0m choice == [32m"C"[0m:
  [90m    |[0m [31m[1m^^^^^^^^^^^^^^^^^[0m
[31m[1m>[0m [90m345 |[0m     result = (temp * [35m9[0m/[35m5[0m) + [35m32[0m
  [90m    |[0m [31m[1m^^^^^^^^^^^^^^^^^^^^^^^^^^^^^^[0m
[31m[1m>[0m [90m346 |[0m     print([32m"Result:"[0m, result)
  [90m    |[0m [31m[1m^^^^^^^^^^^^^^^^^^^^^^^^^^^^[0m
[31m[1m>[0m [90m347 |[0m elif choice == [32m"F"[0m:
  [90m    |[0m [31m[1m^^^^^^^^^^^^^^^^^^^[0m
[31m[1m>[0m [90m348 |[0m     result = (temp - [35m32[0m) * [35m5[0m/[35m9[0m
  [90m    |[0m [31m[1m^^^^^^^^^^^^^^^^^^^^^^^^^^^^^^[0m
[31m[1m>[0m [90m349 |[0m     print([32m"Result:"[0m, result)
  [90m    |[0m [31m[1m^^^^^^^^^^^^^^^^^^^^^^^^^^^^[0m
[31m[1m>[0m [90m350 |[0m [36melse[0m:
  [90m    |[0m [31m[1m^^^^^[0m
[31m[1m>[0m [90m351 |[0m     print([32m"Invalid choice!"[0m)
  [90m    |[0m [31m[1m^^^^^^^^^^^^^^^^^^^^^^^^^^^^[0m
[31m[1m>[0m [90m352 |[0m [32m`,[0m
  [90m    |[0m [31m[1m^[0m
  [90m353 |[0m [32m    funFact: "0┬░C = 32┬░F and 100┬░C = 212┬░F ΓÇö the boiling point of water is exactly 180┬░F 
...[0m
  [90m354 |[0m [32m  },[0m
  [90m355 |[0m [32m  {[0m

Parsing ecmascript source code failed

Import traces:
  App Route:
    ./src/data/pythonPrograms.ts
    ./app/api/admin/users/import-teachers-csv/route.ts

  Client Component Browser:
    ./src/data/pythonPrograms.ts [Client Component Browser]
    ./src/sections/ProgramsSection.tsx [Client Component Browser]
    ./src/sections/ProgramsSection.tsx [Server Component]
    ./app/page.tsx [Server Component]

  Client Component SSR:
    ./src/data/pythonPrograms.ts [Client Component SSR]
    ./src/sections/ProgramsSection.tsx [Client Component SSR]
    ./src/sections/ProgramsSection.tsx [Server Component]
    ./app/page.tsx [Server Component]


./src/data/pythonPrograms.ts:353:14
Cannot assign to this
  [90m351 |[0m ...[32mchoice!"[0m)
  [90m352 |[0m ...
[31m[1m>[0m [90m353 |[0m ...[32m= 32┬░F and 100┬░C = 212┬░F ΓÇö the boiling point of water is exactly 180┬░F 
above freezing![0m"
  [90m    |[0m    
[31m[1m^^^^^^^^^^^^^^^^^^^^^^^^^^^^^^^^^^^^^^^^^^^^^^^^^^^^^^^^^^^^^^^^^^^^^^^^^^^^^^^^^^^^^^^^^[0m
  [90m354 |[0m ...
  [90m355 |[0m ...
  [90m356 |[0m ...

Parsing ecmascript source code failed

Import traces:
  App Route:
    ./src/data/pythonPrograms.ts
    ./app/api/admin/users/import-teachers-csv/route.ts

  Client Component Browser:
    ./src/data/pythonPrograms.ts [Client Component Browser]
    ./src/sections/ProgramsSection.tsx [Client Component Browser]
    ./src/sections/ProgramsSection.tsx [Server Component]
    ./app/page.tsx [Server Component]

  Client Component SSR:
    ./src/data/pythonPrograms.ts [Client Component SSR]
    ./src/sections/ProgramsSection.tsx [Client Component SSR]
    ./src/sections/ProgramsSection.tsx [Server Component]
    ./app/page.tsx [Server Component]


./src/data/pythonPrograms.ts:356:9
Cannot assign to this
  [90m354 |[0m [32m  },[0m
  [90m355 |[0m [32m  {[0m
[31m[1m>[0m [90m356 |[0m [32m    id: "b-8",[0m
  [90m    |[0m         [31m[1m^^^^^[0m
  [90m357 |[0m [32m    title: "BMI Calculator",[0m
  [90m358 |[0m [32m    language: "python",[0m
  [90m359 |[0m [32m    category: "Basics",[0m

Parsing ecmascript source code failed

Import traces:
  App Route:
    ./src/data/pythonPrograms.ts
    ./app/api/admin/users/import-teachers-csv/route.ts

  Client Component Browser:
    ./src/data/pythonPrograms.ts [Client Component Browser]
    ./src/sections/ProgramsSection.tsx [Client Component Browser]
    ./src/sections/ProgramsSection.tsx [Server Component]
    ./app/page.tsx [Server Component]

  Client Component SSR:
    ./src/data/pythonPrograms.ts [Client Component SSR]
    ./src/sections/ProgramsSection.tsx [Client Component SSR]
    ./src/sections/ProgramsSection.tsx [Server Component]
    ./app/page.tsx [Server Component]


./src/data/pythonPrograms.ts:357:12
Cannot assign to this
  [90m355 |[0m [32m  {[0m
  [90m356 |[0m [32m    id: "b-8",[0m
[31m[1m>[0m [90m357 |[0m [32m    title: "BMI Calculator",[0m
  [90m    |[0m            [31m[1m^^^^^^^^^^^^^^^^[0m
  [90m358 |[0m [32m    language: "python",[0m
  [90m359 |[0m [32m    category: "Basics",[0m
  [90m360 |[0m [32m    difficulty: "Easy",[0m

Parsing ecmascript source code failed

Import traces:
  App Route:
    ./src/data/pythonPrograms.ts
    ./app/api/admin/users/import-teachers-csv/route.ts

  Client Component Browser:
    ./src/data/pythonPrograms.ts [Client Component Browser]
    ./src/sections/ProgramsSection.tsx [Client Component Browser]
    ./src/sections/ProgramsSection.tsx [Server Component]
    ./app/page.tsx [Server Component]

  Client Component SSR:
    ./src/data/pythonPrograms.ts [Client Component SSR]
    ./src/sections/ProgramsSection.tsx [Client Component SSR]
    ./src/sections/ProgramsSection.tsx [Server Component]
    ./app/page.tsx [Server Component]


./src/data/pythonPrograms.ts:358:15
Cannot assign to this
  [90m356 |[0m [32m    id: "b-8",[0m
  [90m357 |[0m [32m    title: "BMI Calculator",[0m
[31m[1m>[0m [90m358 |[0m [32m    language: "python",[0m
  [90m    |[0m               [31m[1m^^^^^^^^[0m
  [90m359 |[0m [32m    category: "Basics",[0m
  [90m360 |[0m [32m    difficulty: "Easy",[0m
  [90m361 |[0m [32m    classLevel: "Class 8",[0m

Parsing ecmascript source code failed

Import traces:
  App Route:
    ./src/data/pythonPrograms.ts
    ./app/api/admin/users/import-teachers-csv/route.ts

  Client Component Browser:
    ./src/data/pythonPrograms.ts [Client Component Browser]
    ./src/sections/ProgramsSection.tsx [Client Component Browser]
    ./src/sections/ProgramsSection.tsx [Server Component]
    ./app/page.tsx [Server Component]

  Client Component SSR:
    ./src/data/pythonPrograms.ts [Client Component SSR]
    ./src/sections/ProgramsSection.tsx [Client Component SSR]
    ./src/sections/ProgramsSection.tsx [Server Component]
    ./app/page.tsx [Server Component]


./src/data/pythonPrograms.ts:359:15
Cannot assign to this
  [90m357 |[0m [32m    title: "BMI Calculator",[0m
  [90m358 |[0m [32m    language: "python",[0m
[31m[1m>[0m [90m359 |[0m [32m    category: "Basics",[0m
  [90m    |[0m               [31m[1m^^^^^^^^[0m
  [90m360 |[0m [32m    difficulty: "Easy",[0m
  [90m361 |[0m [32m    classLevel: "Class 8",[0m
  [90m362 |[0m [32m    description: "Calculate Body Mass Index using a real-world health formula",[0m

Parsing ecmascript source code failed

Import traces:
  App Route:
    ./src/data/pythonPrograms.ts
    ./app/api/admin/users/import-teachers-csv/route.ts

  Client Component Browser:
    ./src/data/pythonPrograms.ts [Client Component Browser]
    ./src/sections/ProgramsSection.tsx [Client Component Browser]
    ./src/sections/ProgramsSection.tsx [Server Component]
    ./app/page.tsx [Server Component]

  Client Component SSR:
    ./src/data/pythonPrograms.ts [Client Component SSR]
    ./src/sections/ProgramsSection.tsx [Client Component SSR]
    ./src/sections/ProgramsSection.tsx [Server Component]
    ./app/page.tsx [Server Component]


./src/data/pythonPrograms.ts:360:17
Cannot assign to this
  [90m358 |[0m [32m    language: "python",[0m
  [90m359 |[0m [32m    category: "Basics",[0m
[31m[1m>[0m [90m360 |[0m [32m    difficulty: "Easy",[0m
  [90m    |[0m                 [31m[1m^^^^^^[0m
  [90m361 |[0m [32m    classLevel: "Class 8",[0m
  [90m362 |[0m [32m    description: "Calculate Body Mass Index using a real-world health formula",[0m
  [90m363 |[0m [32m    code: `[0m[32m""[0m[32m"[0m

Parsing ecmascript source code failed

Import traces:
  App Route:
    ./src/data/pythonPrograms.ts
    ./app/api/admin/users/import-teachers-csv/route.ts

  Client Component Browser:
    ./src/data/pythonPrograms.ts [Client Component Browser]
    ./src/sections/ProgramsSection.tsx [Client Component Browser]
    ./src/sections/ProgramsSection.tsx [Server Component]
    ./app/page.tsx [Server Component]

  Client Component SSR:
    ./src/data/pythonPrograms.ts [Client Component SSR]
    ./src/sections/ProgramsSection.tsx [Client Component SSR]
    ./src/sections/ProgramsSection.tsx [Server Component]
    ./app/page.tsx [Server Component]


./src/data/pythonPrograms.ts:361:17
Cannot assign to this
  [90m359 |[0m [32m    category: "Basics",[0m
  [90m360 |[0m [32m    difficulty: "Easy",[0m
[31m[1m>[0m [90m361 |[0m [32m    classLevel: "Class 8",[0m
  [90m    |[0m                 [31m[1m^^^^^^^^^[0m
  [90m362 |[0m [32m    description: "Calculate Body Mass Index using a real-world health formula",[0m
  [90m363 |[0m [32m    code: `[0m[32m""[0m[32m"[0m
  [90m364 |[0m [32m==========================================[0m

Parsing ecmascript source code failed

Import traces:
  App Route:
    ./src/data/pythonPrograms.ts
    ./app/api/admin/users/import-teachers-csv/route.ts

  Client Component Browser:
    ./src/data/pythonPrograms.ts [Client Component Browser]
    ./src/sections/ProgramsSection.tsx [Client Component Browser]
    ./src/sections/ProgramsSection.tsx [Server Component]
    ./app/page.tsx [Server Component]

  Client Component SSR:
    ./src/data/pythonPrograms.ts [Client Component SSR]
    ./src/sections/ProgramsSection.tsx [Client Component SSR]
    ./src/sections/ProgramsSection.tsx [Server Component]
    ./app/page.tsx [Server Component]


./src/data/pythonPrograms.ts:362:18
Cannot assign to this
  [90m360 |[0m [32m    difficulty: "Easy",[0m
  [90m361 |[0m [32m    classLevel: "Class 8",[0m
[31m[1m>[0m [90m362 |[0m [32m    description: "Calculate Body Mass Index using a real-world health formula",[0m
  [90m    |[0m                  [31m[1m^^^^^^^^^^^^^^^^^^^^^^^^^^^^^^^^^^^^^^^^^^^^^^^^^^^^^^^^^^^^^[0m
  [90m363 |[0m [32m    code: `[0m[32m""[0m[32m"[0m
  [90m364 |[0m [32m==========================================[0m
  [90m365 |[0m [32mProgram: BMI Calculator[0m

Parsing ecmascript source code failed

Import traces:
  App Route:
    ./src/data/pythonPrograms.ts
    ./app/api/admin/users/import-teachers-csv/route.ts

  Client Component Browser:
    ./src/data/pythonPrograms.ts [Client Component Browser]
    ./src/sections/ProgramsSection.tsx [Client Component Browser]
    ./src/sections/ProgramsSection.tsx [Server Component]
    ./app/page.tsx [Server Component]

  Client Component SSR:
    ./src/data/pythonPrograms.ts [Client Component SSR]
    ./src/sections/ProgramsSection.tsx [Client Component SSR]
    ./src/sections/ProgramsSection.tsx [Server Component]
    ./app/page.tsx [Server Component]


./src/data/pythonPrograms.ts:363:11
Cannot assign to this
  [90m361 |[0m [32m    classLevel: "Class 8",[0m
  [90m362 |[0m [32m    description: "Calculate Body Mass Index using a real-world health formula",[0m
[31m[1m>[0m [90m363 |[0m [32m    code: `[0m[32m""[0m[32m"[0m
  [90m    |[0m           [31m[1m^^^[0m
[31m[1m>[0m [90m364 |[0m [32m==========================================[0m
  [90m    |[0m [31m[1m^^^^^^^^^^^^^^^^^^^^^^^^^^^^^^^^^^^^^^^^^^[0m
[31m[1m>[0m [90m365 |[0m [32mProgram: BMI Calculator[0m
  [90m    |[0m [31m[1m^^^^^^^^^^^^^^^^^^^^^^^[0m
[31m[1m>[0m [90m366 |[0m [32mTeaches: Using float() for decimal numbers, real-world formulas[0m
  [90m    |[0m [31m[1m^^^^^^^^^^^^^^^^^^^^^^^^^^^^^^^^^^^^^^^^^^^^^^^^^^^^^^^^^^^^^^^[0m
[31m[1m>[0m [90m367 |[0m [32mWHY: BMI = weight(kg) / height(m)^2 is a real health metric.[0m
  [90m    |[0m [31m[1m^^^^^^^^^^^^^^^^^^^^^^^^^^^^^^^^^^^^^^^^^^^^^^^^^^^^^^^^^^^^[0m
[31m[1m>[0m [90m368 |[0m [32m      Programs can solve practical problems like this one.[0m
  [90m    |[0m [31m[1m^^^^^^^^^^^^^^^^^^^^^^^^^^^^^^^^^^^^^^^^^^^^^^^^^^^^^^^^^^[0m
[31m[1m>[0m [90m369 |[0m [32m==========================================[0m
  [90m    |[0m [31m[1m^^^^^^^^^^^^^^^^^^^^^^^^^^^^^^^^^^^^^^^^^^[0m
[31m[1m>[0m [90m370 |[0m
  [90m    |[0m [31m[1m^[0m
[31m[1m>[0m [90m371 |[0m [32mEXECUTION TRACE:[0m
  [90m    |[0m [31m[1m^^^^^^^^^^^^^^^^[0m
[31m[1m>[0m [90m372 |[0m [32mLine 1: weight = 65.0 ΓåÆ stores weight as a float[0m
  [90m    |[0m [31m[1m^^^^^^^^^^^^^^^^^^^^^^^^^^^^^^^^^^^^^^^^^^^^^^^^[0m
[31m[1m>[0m [90m373 |[0m [32mLine 2: height = 1.75 ΓåÆ stores height as a float[0m
  [90m    |[0m [31m[1m^^^^^^^^^^^^^^^^^^^^^^^^^^^^^^^^^^^^^^^^^^^^^^^^[0m
[31m[1m>[0m [90m374 |[0m [32mLine 3: bmi = 65.0 / (1.75 * 1.75)[0m
  [90m    |[0m [31m[1m^^^^^^^^^^^^^^^^^^^^^^^^^^^^^^^^^^[0m
[31m[1m>[0m [90m375 |[0m [32m        ΓåÆ 65.0 / 3.0625 = 21.22[0m
  [90m    |[0m [31m[1m^^^^^^^^^^^^^^^^^^^^^^^^^^^^^^^[0m
[31m[1m>[0m [90m376 |[0m [32mLine 4: if bmi < 18.5: ΓåÆ 21.22 < 18.5? False[0m
  [90m    |[0m [31m[1m^^^^^^^^^^^^^^^^^^^^^^^^^^^^^^^^^^^^^^^^^^^^[0m
[31m[1m>[0m [90m377 |[0m [32mLine 5: elif bmi < 25: ΓåÆ 21.22 < 25? True[0m
  [90m    |[0m [31m[1m^^^^^^^^^^^^^^^^^^^^^^^^^^^^^^^^^^^^^^^^^[0m
[31m[1m>[0m [90m378 |[0m [32mLine 6: print("[0m[33mResult[0m: [33mNormal[0m weight[32m") ΓåÆ category 
displayed[0m
  [90m    |[0m [31m[1m^^^^^^^^^^^^^^^^^^^^^^^^^^^^^^^^^^^^^^^^^^^^^^^^^^^^^^^^^^^[0m
[31m[1m>[0m [90m379 |[0m
  [90m    |[0m [31m[1m^[0m
[31m[1m>[0m [90m380 |[0m [32mTRY THIS:[0m
  [90m    |[0m [31m[1m^^^^^^^^^[0m
[31m[1m>[0m [90m381 |[0m [32m- Ask user to input weight and height[0m
  [90m    |[0m [31m[1m^^^^^^^^^^^^^^^^^^^^^^^^^^^^^^^^^^^^^[0m
[31m[1m>[0m [90m382 |[0m [32m- Round BMI to 2 decimal places: round(bmi, 2)[0m
  [90m    |[0m [31m[1m^^^^^^^^^^^^^^^^^^^^^^^^^^^^^^^^^^^^^^^^^^^^^^[0m
[31m[1m>[0m [90m383 |[0m [32m- Add a category for obesity (bmi >= 30)[0m
  [90m    |[0m [31m[1m^^^^^^^^^^^^^^^^^^^^^^^^^^^^^^^^^^^^^^^^[0m
[31m[1m>[0m [90m384 |[0m [32m"[0m[32m""[0m
  [90m    |[0m [31m[1m^^^[0m
[31m[1m>[0m [90m385 |[0m
  [90m    |[0m [31m[1m^[0m
[31m[1m>[0m [90m386 |[0m weight = float(input([32m"Enter weight in kg: "[0m))
  [90m    |[0m [31m[1m^^^^^^^^^^^^^^^^^^^^^^^^^^^^^^^^^^^^^^^^^^^^^[0m
[31m[1m>[0m [90m387 |[0m height = float(input([32m"Enter height in meters: "[0m))
  [90m    |[0m [31m[1m^^^^^^^^^^^^^^^^^^^^^^^^^^^^^^^^^^^^^^^^^^^^^^^^^[0m
[31m[1m>[0m [90m388 |[0m bmi = weight / (height * height)
  [90m    |[0m [31m[1m^^^^^^^^^^^^^^^^^^^^^^^^^^^^^^^^[0m
[31m[1m>[0m [90m389 |[0m
  [90m    |[0m [31m[1m^[0m
[31m[1m>[0m [90m390 |[0m [36mif[0m bmi < [35m18.5[0m:
  [90m    |[0m [31m[1m^^^^^^^^^^^^^^[0m
[31m[1m>[0m [90m391 |[0m     print([32m"Result: Underweight"[0m)
  [90m    |[0m [31m[1m^^^^^^^^^^^^^^^^^^^^^^^^^^^^^^^^[0m
[31m[1m>[0m [90m392 |[0m elif bmi < [35m25[0m:
  [90m    |[0m [31m[1m^^^^^^^^^^^^^^[0m
[31m[1m>[0m [90m393 |[0m     print([32m"Result: Normal weight"[0m)
  [90m    |[0m [31m[1m^^^^^^^^^^^^^^^^^^^^^^^^^^^^^^^^^^[0m
[31m[1m>[0m [90m394 |[0m elif bmi < [35m30[0m:
  [90m    |[0m [31m[1m^^^^^^^^^^^^^^[0m
[31m[1m>[0m [90m395 |[0m     print([32m"Result: Overweight"[0m)
  [90m    |[0m [31m[1m^^^^^^^^^^^^^^^^^^^^^^^^^^^^^^^[0m
[31m[1m>[0m [90m396 |[0m [36melse[0m:
  [90m    |[0m [31m[1m^^^^^[0m
[31m[1m>[0m [90m397 |[0m     print([32m"Result: Obese"[0m)
  [90m    |[0m [31m[1m^^^^^^^^^^^^^^^^^^^^^^^^^^[0m
[31m[1m>[0m [90m398 |[0m [32m`,[0m
  [90m    |[0m [31m[1m^[0m
  [90m399 |[0m [32m    funFact: "BMI was invented in the 1830s by Adolphe Quetelet, a Belgian mathematician ...[0m
  [90m400 |[0m [32m  },[0m
  [90m401 |[0m [32m  {[0m

Parsing ecmascript source code failed

Import traces:
  App Route:
    ./src/data/pythonPrograms.ts
    ./app/api/admin/users/import-teachers-csv/route.ts

  Client Component Browser:
    ./src/data/pythonPrograms.ts [Client Component Browser]
    ./src/sections/ProgramsSection.tsx [Client Component Browser]
    ./src/sections/ProgramsSection.tsx [Server Component]
    ./app/page.tsx [Server Component]

  Client Component SSR:
    ./src/data/pythonPrograms.ts [Client Component SSR]
    ./src/sections/ProgramsSection.tsx [Client Component SSR]
    ./src/sections/ProgramsSection.tsx [Server Component]
    ./app/page.tsx [Server Component]


./src/data/pythonPrograms.ts:399:14
Cannot assign to this
  [90m397 |[0m ...[32m: Obese"[0m)
  [90m398 |[0m ...
[31m[1m>[0m [90m399 |[0m ...[32m was invented in the 1830s by Adolphe Quetelet, a Belgian mathematician ΓÇö not 
a doctor!"[0m
  [90m    |[0m    
[31m[1m^^^^^^^^^^^^^^^^^^^^^^^^^^^^^^^^^^^^^^^^^^^^^^^^^^^^^^^^^^^^^^^^^^^^^^^^^^^^^^^^^^^^^^^^^[0m
  [90m400 |[0m ...
  [90m401 |[0m ...
  [90m402 |[0m ...

Parsing ecmascript source code failed

Import traces:
  App Route:
    ./src/data/pythonPrograms.ts
    ./app/api/admin/users/import-teachers-csv/route.ts

  Client Component Browser:
    ./src/data/pythonPrograms.ts [Client Component Browser]
    ./src/sections/ProgramsSection.tsx [Client Component Browser]
    ./src/sections/ProgramsSection.tsx [Server Component]
    ./app/page.tsx [Server Component]

  Client Component SSR:
    ./src/data/pythonPrograms.ts [Client Component SSR]
    ./src/sections/ProgramsSection.tsx [Client Component SSR]
    ./src/sections/ProgramsSection.tsx [Server Component]
    ./app/page.tsx [Server Component]


./src/data/pythonPrograms.ts:402:9
Cannot assign to this
  [90m400 |[0m [32m  },[0m
  [90m401 |[0m [32m  {[0m
[31m[1m>[0m [90m402 |[0m [32m    id: "b-9",[0m
  [90m    |[0m         [31m[1m^^^^^[0m
  [90m403 |[0m [32m    title: "Swap Two Numbers",[0m
  [90m404 |[0m [32m    language: "python",[0m
  [90m405 |[0m [32m    category: "Basics",[0m

Parsing ecmascript source code failed

Import traces:
  App Route:
    ./src/data/pythonPrograms.ts
    ./app/api/admin/users/import-teachers-csv/route.ts

  Client Component Browser:
    ./src/data/pythonPrograms.ts [Client Component Browser]
    ./src/sections/ProgramsSection.tsx [Client Component Browser]
    ./src/sections/ProgramsSection.tsx [Server Component]
    ./app/page.tsx [Server Component]

  Client Component SSR:
    ./src/data/pythonPrograms.ts [Client Component SSR]
    ./src/sections/ProgramsSection.tsx [Client Component SSR]
    ./src/sections/ProgramsSection.tsx [Server Component]
    ./app/page.tsx [Server Component]


./src/data/pythonPrograms.ts:403:12
Cannot assign to this
  [90m401 |[0m [32m  {[0m
  [90m402 |[0m [32m    id: "b-9",[0m
[31m[1m>[0m [90m403 |[0m [32m    title: "Swap Two Numbers",[0m
  [90m    |[0m            [31m[1m^^^^^^^^^^^^^^^^^^[0m
  [90m404 |[0m [32m    language: "python",[0m
  [90m405 |[0m [32m    category: "Basics",[0m
  [90m406 |[0m [32m    difficulty: "Easy",[0m

Parsing ecmascript source code failed

Import traces:
  App Route:
    ./src/data/pythonPrograms.ts
    ./app/api/admin/users/import-teachers-csv/route.ts

  Client Component Browser:
    ./src/data/pythonPrograms.ts [Client Component Browser]
    ./src/sections/ProgramsSection.tsx [Client Component Browser]
    ./src/sections/ProgramsSection.tsx [Server Component]
    ./app/page.tsx [Server Component]

  Client Component SSR:
    ./src/data/pythonPrograms.ts [Client Component SSR]
    ./src/sections/ProgramsSection.tsx [Client Component SSR]
    ./src/sections/ProgramsSection.tsx [Server Component]
    ./app/page.tsx [Server Component]


./src/data/pythonPrograms.ts:404:15
Cannot assign to this
  [90m402 |[0m [32m    id: "b-9",[0m
  [90m403 |[0m [32m    title: "Swap Two Numbers",[0m
[31m[1m>[0m [90m404 |[0m [32m    language: "python",[0m
  [90m    |[0m               [31m[1m^^^^^^^^[0m
  [90m405 |[0m [32m    category: "Basics",[0m
  [90m406 |[0m [32m    difficulty: "Easy",[0m
  [90m407 |[0m [32m    classLevel: "Class 8",[0m

Parsing ecmascript source code failed

Import traces:
  App Route:
    ./src/data/pythonPrograms.ts
    ./app/api/admin/users/import-teachers-csv/route.ts

  Client Component Browser:
    ./src/data/pythonPrograms.ts [Client Component Browser]
    ./src/sections/ProgramsSection.tsx [Client Component Browser]
    ./src/sections/ProgramsSection.tsx [Server Component]
    ./app/page.tsx [Server Component]

  Client Component SSR:
    ./src/data/pythonPrograms.ts [Client Component SSR]
    ./src/sections/ProgramsSection.tsx [Client Component SSR]
    ./src/sections/ProgramsSection.tsx [Server Component]
    ./app/page.tsx [Server Component]


./src/data/pythonPrograms.ts:405:15
Cannot assign to this
  [90m403 |[0m [32m    title: "Swap Two Numbers",[0m
  [90m404 |[0m [32m    language: "python",[0m
[31m[1m>[0m [90m405 |[0m [32m    category: "Basics",[0m
  [90m    |[0m               [31m[1m^^^^^^^^[0m
  [90m406 |[0m [32m    difficulty: "Easy",[0m
  [90m407 |[0m [32m    classLevel: "Class 8",[0m
  [90m408 |[0m [32m    description: "Swap values between variables using temp variable and tuple unpacking",[0m

Parsing ecmascript source code failed

Import traces:
  App Route:
    ./src/data/pythonPrograms.ts
    ./app/api/admin/users/import-teachers-csv/route.ts

  Client Component Browser:
    ./src/data/pythonPrograms.ts [Client Component Browser]
    ./src/sections/ProgramsSection.tsx [Client Component Browser]
    ./src/sections/ProgramsSection.tsx [Server Component]
    ./app/page.tsx [Server Component]

  Client Component SSR:
    ./src/data/pythonPrograms.ts [Client Component SSR]
    ./src/sections/ProgramsSection.tsx [Client Component SSR]
    ./src/sections/ProgramsSection.tsx [Server Component]
    ./app/page.tsx [Server Component]


./src/data/pythonPrograms.ts:406:17
Cannot assign to this
  [90m404 |[0m [32m    language: "python",[0m
  [90m405 |[0m [32m    category: "Basics",[0m
[31m[1m>[0m [90m406 |[0m [32m    difficulty: "Easy",[0m
  [90m    |[0m                 [31m[1m^^^^^^[0m
  [90m407 |[0m [32m    classLevel: "Class 8",[0m
  [90m408 |[0m [32m    description: "Swap values between variables using temp variable and tuple unpacking",[0m
  [90m409 |[0m [32m    code: `[0m[32m""[0m[32m"[0m

Parsing ecmascript source code failed

Import traces:
  App Route:
    ./src/data/pythonPrograms.ts
    ./app/api/admin/users/import-teachers-csv/route.ts

  Client Component Browser:
    ./src/data/pythonPrograms.ts [Client Component Browser]
    ./src/sections/ProgramsSection.tsx [Client Component Browser]
    ./src/sections/ProgramsSection.tsx [Server Component]
    ./app/page.tsx [Server Component]

  Client Component SSR:
    ./src/data/pythonPrograms.ts [Client Component SSR]
    ./src/sections/ProgramsSection.tsx [Client Component SSR]
    ./src/sections/ProgramsSection.tsx [Server Component]
    ./app/page.tsx [Server Component]


./src/data/pythonPrograms.ts:407:17
Cannot assign to this
  [90m405 |[0m [32m    category: "Basics",[0m
  [90m406 |[0m [32m    difficulty: "Easy",[0m
[31m[1m>[0m [90m407 |[0m [32m    classLevel: "Class 8",[0m
  [90m    |[0m                 [31m[1m^^^^^^^^^[0m
  [90m408 |[0m [32m    description: "Swap values between variables using temp variable and tuple unpacking",[0m
  [90m409 |[0m [32m    code: `[0m[32m""[0m[32m"[0m
  [90m410 |[0m [32m==========================================[0m

Parsing ecmascript source code failed

Import traces:
  App Route:
    ./src/data/pythonPrograms.ts
    ./app/api/admin/users/import-teachers-csv/route.ts

  Client Component Browser:
    ./src/data/pythonPrograms.ts [Client Component Browser]
    ./src/sections/ProgramsSection.tsx [Client Component Browser]
    ./src/sections/ProgramsSection.tsx [Server Component]
    ./app/page.tsx [Server Component]

  Client Component SSR:
    ./src/data/pythonPrograms.ts [Client Component SSR]
    ./src/sections/ProgramsSection.tsx [Client Component SSR]
    ./src/sections/ProgramsSection.tsx [Server Component]
    ./app/page.tsx [Server Component]


./src/data/pythonPrograms.ts:408:18
Cannot assign to this
  [90m406 |[0m [32m    difficulty: "Easy",[0m
  [90m407 |[0m [32m    classLevel: "Class 8",[0m
[31m[1m>[0m [90m408 |[0m [32m    description: "Swap values between variables using temp variable and tuple 
unpacking",[0m
  [90m    |[0m                  [31m[1m^^^^^^^^^^^^^^^^^^^^^^^^^^^^^^^^^^^^^^^^^^^^^^^^^^^^^^^^^^^^^^^^^^^^^^^[0m
  [90m409 |[0m [32m    code: `[0m[32m""[0m[32m"[0m
  [90m410 |[0m [32m==========================================[0m
  [90m411 |[0m [32mProgram: Swap Two Numbers[0m

Parsing ecmascript source code failed

Import traces:
  App Route:
    ./src/data/pythonPrograms.ts
    ./app/api/admin/users/import-teachers-csv/route.ts

  Client Component Browser:
    ./src/data/pythonPrograms.ts [Client Component Browser]
    ./src/sections/ProgramsSection.tsx [Client Component Browser]
    ./src/sections/ProgramsSection.tsx [Server Component]
    ./app/page.tsx [Server Component]

  Client Component SSR:
    ./src/data/pythonPrograms.ts [Client Component SSR]
    ./src/sections/ProgramsSection.tsx [Client Component SSR]
    ./src/sections/ProgramsSection.tsx [Server Component]
    ./app/page.tsx [Server Component]


./src/data/pythonPrograms.ts:409:11
Cannot assign to this
  [90m407 |[0m [32m    classLevel: "Class 8",[0m
  [90m408 |[0m [32m    description: "Swap values between variables using temp variable and tuple unpacking",[0m
[31m[1m>[0m [90m409 |[0m [32m    code: `[0m[32m""[0m[32m"[0m
  [90m    |[0m           [31m[1m^^^[0m
[31m[1m>[0m [90m410 |[0m [32m==========================================[0m
  [90m    |[0m [31m[1m^^^^^^^^^^^^^^^^^^^^^^^^^^^^^^^^^^^^^^^^^^[0m
[31m[1m>[0m [90m411 |[0m [32mProgram: Swap Two Numbers[0m
  [90m    |[0m [31m[1m^^^^^^^^^^^^^^^^^^^^^^^^^[0m
[31m[1m>[0m [90m412 |[0m [32mTeaches: Temp variable swap vs Python's tuple swap[0m
  [90m    |[0m [31m[1m^^^^^^^^^^^^^^^^^^^^^^^^^^^^^^^^^^^^^^^^^^^^^^^^^^[0m
[31m[1m>[0m [90m413 |[0m [32mWHY: Swapping values is fundamental in sorting algorithms[0m
  [90m    |[0m [31m[1m^^^^^^^^^^^^^^^^^^^^^^^^^^^^^^^^^^^^^^^^^^^^^^^^^^^^^^^^^[0m
[31m[1m>[0m [90m414 |[0m [32m      and data manipulation. Python offers an elegant shortcut.[0m
  [90m    |[0m [31m[1m^^^^^^^^^^^^^^^^^^^^^^^^^^^^^^^^^^^^^^^^^^^^^^^^^^^^^^^^^^^^^^^[0m
[31m[1m>[0m [90m415 |[0m [32m==========================================[0m
  [90m    |[0m [31m[1m^^^^^^^^^^^^^^^^^^^^^^^^^^^^^^^^^^^^^^^^^^[0m
[31m[1m>[0m [90m416 |[0m
  [90m    |[0m [31m[1m^[0m
[31m[1m>[0m [90m417 |[0m [32mEXECUTION TRACE:[0m
  [90m    |[0m [31m[1m^^^^^^^^^^^^^^^^[0m
[31m[1m>[0m [90m418 |[0m
  [90m    |[0m [31m[1m^[0m
[31m[1m>[0m [90m419 |[0m [32m--- Method 1: Temp Variable ---[0m
  [90m    |[0m [31m[1m^^^^^^^^^^^^^^^^^^^^^^^^^^^^^^^[0m
[31m[1m>[0m [90m420 |[0m [32mLine 1: a = 5 ΓåÆ a stores 5[0m
  [90m    |[0m [31m[1m^^^^^^^^^^^^^^^^^^^^^^^^^^[0m
[31m[1m>[0m [90m421 |[0m [32mLine 2: b = 10 ΓåÆ b stores 10[0m
  [90m    |[0m [31m[1m^^^^^^^^^^^^^^^^^^^^^^^^^^^^[0m
[31m[1m>[0m [90m422 |[0m [32mLine 3: temp = a ΓåÆ temp stores 5 (backup a's value)[0m
  [90m    |[0m [31m[1m^^^^^^^^^^^^^^^^^^^^^^^^^^^^^^^^^^^^^^^^^^^^^^^^^^^[0m
[31m[1m>[0m [90m423 |[0m [32mLine 4: a = b ΓåÆ a stores 10 (b's value)[0m
  [90m    |[0m [31m[1m^^^^^^^^^^^^^^^^^^^^^^^^^^^^^^^^^^^^^^^[0m
[31m[1m>[0m [90m424 |[0m [32mLine 5: b = temp ΓåÆ b stores 5 (old a's value)[0m
  [90m    |[0m [31m[1m^^^^^^^^^^^^^^^^^^^^^^^^^^^^^^^^^^^^^^^^^^^^^[0m
[31m[1m>[0m [90m425 |[0m [32mResult: a=10, b=5[0m
  [90m    |[0m [31m[1m^^^^^^^^^^^^^^^^^[0m
[31m[1m>[0m [90m426 |[0m
  [90m    |[0m [31m[1m^[0m
[31m[1m>[0m [90m427 |[0m [32m--- Method 2: Tuple Swap ---[0m
  [90m    |[0m [31m[1m^^^^^^^^^^^^^^^^^^^^^^^^^^^^[0m
[31m[1m>[0m [90m428 |[0m [32mLine 1: a = 5, b = 10[0m
  [90m    |[0m [31m[1m^^^^^^^^^^^^^^^^^^^^^[0m
[31m[1m>[0m [90m429 |[0m [32mLine 2: a, b = b, a[0m
  [90m    |[0m [31m[1m^^^^^^^^^^^^^^^^^^^[0m
[31m[1m>[0m [90m430 |[0m [32m        ΓåÆ Right side evaluates to (10, 5)[0m
  [90m    |[0m [31m[1m^^^^^^^^^^^^^^^^^^^^^^^^^^^^^^^^^^^^^^^^^[0m
[31m[1m>[0m [90m431 |[0m [32m        ΓåÆ Unpacks: a gets 10, b gets 5[0m
  [90m    |[0m [31m[1m^^^^^^^^^^^^^^^^^^^^^^^^^^^^^^^^^^^^^^[0m
[31m[1m>[0m [90m432 |[0m [32mResult: a=10, b=5[0m
  [90m    |[0m [31m[1m^^^^^^^^^^^^^^^^^[0m
[31m[1m>[0m [90m433 |[0m
  [90m    |[0m [31m[1m^[0m
[31m[1m>[0m [90m434 |[0m [32mTRY THIS:[0m
  [90m    |[0m [31m[1m^^^^^^^^^[0m
[31m[1m>[0m [90m435 |[0m [32m- Swap three variables: a, b, c = b, c, a[0m
  [90m    |[0m [31m[1m^^^^^^^^^^^^^^^^^^^^^^^^^^^^^^^^^^^^^^^^^[0m
[31m[1m>[0m [90m436 |[0m [32m- What happens if you try: a = b; b = a (without temp)?[0m
  [90m    |[0m [31m[1m^^^^^^^^^^^^^^^^^^^^^^^^^^^^^^^^^^^^^^^^^^^^^^^^^^^^^^^[0m
[31m[1m>[0m [90m437 |[0m [32m- Create variables x=3, y=7 and swap them both ways[0m
  [90m    |[0m [31m[1m^^^^^^^^^^^^^^^^^^^^^^^^^^^^^^^^^^^^^^^^^^^^^^^^^^^[0m
[31m[1m>[0m [90m438 |[0m [32m"[0m[32m""[0m
  [90m    |[0m [31m[1m^^^[0m
[31m[1m>[0m [90m439 |[0m
  [90m    |[0m [31m[1m^[0m
[31m[1m>[0m [90m440 |[0m # [33mMethod[0m [35m1[0m: [33mUsing[0m a temp variable
  [90m    |[0m [31m[1m^^^^^^^^^^^^^^^^^^^^^^^^^^^^^^^^^[0m
[31m[1m>[0m [90m441 |[0m a = [35m5[0m
  [90m    |[0m [31m[1m^^^^^[0m
[31m[1m>[0m [90m442 |[0m b = [35m10[0m
  [90m    |[0m [31m[1m^^^^^^[0m
[31m[1m>[0m [90m443 |[0m temp = a
  [90m    |[0m [31m[1m^^^^^^^^[0m
[31m[1m>[0m [90m444 |[0m a = b
  [90m    |[0m [31m[1m^^^^^[0m
[31m[1m>[0m [90m445 |[0m b = temp
  [90m    |[0m [31m[1m^^^^^^^^[0m
[31m[1m>[0m [90m446 |[0m print([32m"Method 1 ΓåÆ a:"[0m, a, [32m"b:"[0m, b)
  [90m    |[0m [31m[1m^^^^^^^^^^^^^^^^^^^^^^^^^^^^^^^^^^[0m
[31m[1m>[0m [90m447 |[0m
  [90m    |[0m [31m[1m^[0m
[31m[1m>[0m [90m448 |[0m # [33mMethod[0m [35m2[0m: [33mPython[0m[32m's tuple swap (no temp needed!)[0m
  [90m    |[0m [31m[1m^^^^^^^^^^^^^^^^^^^^^^^^^^^^^^^^^^^^^^^^^^^^^^^^^[0m
[31m[1m>[0m [90m449 |[0m [32ma = 5[0m
  [90m    |[0m [31m[1m^^^^^[0m
[31m[1m>[0m [90m450 |[0m [32mb = 10[0m
  [90m    |[0m [31m[1m^^^^^^[0m
[31m[1m>[0m [90m451 |[0m [32ma, b = b, a[0m
  [90m    |[0m [31m[1m^^^^^^^^^^^[0m
[31m[1m>[0m [90m452 |[0m [32mprint("Method 2 ΓåÆ a:", a, "b:", b)[0m
  [90m    |[0m [31m[1m^^^^^^^^^^^^^^^^^^^^^^^^^^^^^^^^^^[0m
[31m[1m>[0m [90m453 |[0m [32m`,[0m
  [90m    |[0m [31m[1m^[0m
  [90m454 |[0m [32m    funFact: "Python'[0ms tuple swap a, b = b, a works because the right side is fully evalu...
  [90m455 |[0m [32m  },[0m
  [90m456 |[0m [32m  {[0m

Parsing ecmascript source code failed

Import traces:
  App Route:
    ./src/data/pythonPrograms.ts
    ./app/api/admin/users/import-teachers-csv/route.ts

  Client Component Browser:
    ./src/data/pythonPrograms.ts [Client Component Browser]
    ./src/sections/ProgramsSection.tsx [Client Component Browser]
    ./src/sections/ProgramsSection.tsx [Server Component]
    ./app/page.tsx [Server Component]

  Client Component SSR:
    ./src/data/pythonPrograms.ts [Client Component SSR]
    ./src/sections/ProgramsSection.tsx [Client Component SSR]
    ./src/sections/ProgramsSection.tsx [Server Component]
    ./app/page.tsx [Server Component]


./src/data/pythonPrograms.ts:454:14
Cannot assign to this
  [90m452 |[0m ...[32ma:", a, "b:", b)[0m
  [90m453 |[0m ...
[31m[1m>[0m [90m454 |[0m ...[32m'[0ms tuple swap a, b = b, a works because the right side is fully evaluated 
[33mBEFORE[0m assig...
  [90m    |[0m    
[31m[1m^^^^^^^^^^^^^^^^^^^^^^^^^^^^^^^^^^^^^^^^^^^^^^^^^^^^^^^^^^^^^^^^^^^^^^^^^^^^^^^^^^^^^^^^^[0m
  [90m455 |[0m ...
  [90m456 |[0m ...
  [90m457 |[0m ...

Parsing ecmascript source code failed

Import traces:
  App Route:
    ./src/data/pythonPrograms.ts
    ./app/api/admin/users/import-teachers-csv/route.ts

  Client Component Browser:
    ./src/data/pythonPrograms.ts [Client Component Browser]
    ./src/sections/ProgramsSection.tsx [Client Component Browser]
    ./src/sections/ProgramsSection.tsx [Server Component]
    ./app/page.tsx [Server Component]

  Client Component SSR:
    ./src/data/pythonPrograms.ts [Client Component SSR]
    ./src/sections/ProgramsSection.tsx [Client Component SSR]
    ./src/sections/ProgramsSection.tsx [Server Component]
    ./app/page.tsx [Server Component]


./src/data/pythonPrograms.ts:457:9
Cannot assign to this
  [90m455 |[0m [32m  },[0m
  [90m456 |[0m [32m  {[0m
[31m[1m>[0m [90m457 |[0m [32m    id: "[0mb-[35m10[0m[32m",[0m
  [90m    |[0m         [31m[1m^^^^^^[0m
  [90m458 |[0m [32m    title: "[0m[33mType[0m [36mof[0m [33mVariable[0m[32m",[0m
  [90m459 |[0m [32m    language: "[0mpython[32m",[0m
  [90m460 |[0m [32m    category: "[0m[33mBasics[0m[32m",[0m

Parsing ecmascript source code failed

Import traces:
  App Route:
    ./src/data/pythonPrograms.ts
    ./app/api/admin/users/import-teachers-csv/route.ts

  Client Component Browser:
    ./src/data/pythonPrograms.ts [Client Component Browser]
    ./src/sections/ProgramsSection.tsx [Client Component Browser]
    ./src/sections/ProgramsSection.tsx [Server Component]
    ./app/page.tsx [Server Component]

  Client Component SSR:
    ./src/data/pythonPrograms.ts [Client Component SSR]
    ./src/sections/ProgramsSection.tsx [Client Component SSR]
    ./src/sections/ProgramsSection.tsx [Server Component]
    ./app/page.tsx [Server Component]


./src/data/pythonPrograms.ts:458:12
Cannot assign to this
  [90m456 |[0m [32m  {[0m
  [90m457 |[0m [32m    id: "[0mb-[35m10[0m[32m",[0m
[31m[1m>[0m [90m458 |[0m [32m    title: "[0m[33mType[0m [36mof[0m [33mVariable[0m[32m",[0m
  [90m    |[0m            [31m[1m^^^^^^^^^^^^^^^^^^[0m
  [90m459 |[0m [32m    language: "[0mpython[32m",[0m
  [90m460 |[0m [32m    category: "[0m[33mBasics[0m[32m",[0m
  [90m461 |[0m [32m    difficulty: "[0m[33mEasy[0m[32m",[0m

Parsing ecmascript source code failed

Import traces:
  App Route:
    ./src/data/pythonPrograms.ts
    ./app/api/admin/users/import-teachers-csv/route.ts

  Client Component Browser:
    ./src/data/pythonPrograms.ts [Client Component Browser]
    ./src/sections/ProgramsSection.tsx [Client Component Browser]
    ./src/sections/ProgramsSection.tsx [Server Component]
    ./app/page.tsx [Server Component]

  Client Component SSR:
    ./src/data/pythonPrograms.ts [Client Component SSR]
    ./src/sections/ProgramsSection.tsx [Client Component SSR]
    ./src/sections/ProgramsSection.tsx [Server Component]
    ./app/page.tsx [Server Component]


./src/data/pythonPrograms.ts:459:15
Cannot assign to this
  [90m457 |[0m [32m    id: "[0mb-[35m10[0m[32m",[0m
  [90m458 |[0m [32m    title: "[0m[33mType[0m [36mof[0m [33mVariable[0m[32m",[0m
[31m[1m>[0m [90m459 |[0m [32m    language: "[0mpython[32m",[0m
  [90m    |[0m               [31m[1m^^^^^^^^[0m
  [90m460 |[0m [32m    category: "[0m[33mBasics[0m[32m",[0m
  [90m461 |[0m [32m    difficulty: "[0m[33mEasy[0m[32m",[0m
  [90m462 |[0m [32m    classLevel: "[0m[33mClass[0m [35m8[0m[32m",[0m

Parsing ecmascript source code failed

Import traces:
  App Route:
    ./src/data/pythonPrograms.ts
    ./app/api/admin/users/import-teachers-csv/route.ts

  Client Component Browser:
    ./src/data/pythonPrograms.ts [Client Component Browser]
    ./src/sections/ProgramsSection.tsx [Client Component Browser]
    ./src/sections/ProgramsSection.tsx [Server Component]
    ./app/page.tsx [Server Component]

  Client Component SSR:
    ./src/data/pythonPrograms.ts [Client Component SSR]
    ./src/sections/ProgramsSection.tsx [Client Component SSR]
    ./src/sections/ProgramsSection.tsx [Server Component]
    ./app/page.tsx [Server Component]


./src/data/pythonPrograms.ts:460:15
Cannot assign to this
  [90m458 |[0m [32m    title: "[0m[33mType[0m [36mof[0m [33mVariable[0m[32m",[0m
  [90m459 |[0m [32m    language: "[0mpython[32m",[0m
[31m[1m>[0m [90m460 |[0m [32m    category: "[0m[33mBasics[0m[32m",[0m
  [90m    |[0m               [31m[1m^^^^^^^^[0m
  [90m461 |[0m [32m    difficulty: "[0m[33mEasy[0m[32m",[0m
  [90m462 |[0m [32m    classLevel: "[0m[33mClass[0m [35m8[0m[32m",[0m
  [90m463 |[0m [32m    description: "[0m[33mExplore[0m variable types using [36mtype[0m() and isinstance() 
functions[32m",[0m

Parsing ecmascript source code failed

Import traces:
  App Route:
    ./src/data/pythonPrograms.ts
    ./app/api/admin/users/import-teachers-csv/route.ts

  Client Component Browser:
    ./src/data/pythonPrograms.ts [Client Component Browser]
    ./src/sections/ProgramsSection.tsx [Client Component Browser]
    ./src/sections/ProgramsSection.tsx [Server Component]
    ./app/page.tsx [Server Component]

  Client Component SSR:
    ./src/data/pythonPrograms.ts [Client Component SSR]
    ./src/sections/ProgramsSection.tsx [Client Component SSR]
    ./src/sections/ProgramsSection.tsx [Server Component]
    ./app/page.tsx [Server Component]


./src/data/pythonPrograms.ts:461:17
Cannot assign to this
  [90m459 |[0m [32m    language: "[0mpython[32m",[0m
  [90m460 |[0m [32m    category: "[0m[33mBasics[0m[32m",[0m
[31m[1m>[0m [90m461 |[0m [32m    difficulty: "[0m[33mEasy[0m[32m",[0m
  [90m    |[0m                 [31m[1m^^^^^^[0m
  [90m462 |[0m [32m    classLevel: "[0m[33mClass[0m [35m8[0m[32m",[0m
  [90m463 |[0m [32m    description: "[0m[33mExplore[0m variable types using [36mtype[0m() and isinstance() 
functions[32m",[0m
  [90m464 |[0m [32m    code: `"[0m[32m""[0m

Parsing ecmascript source code failed

Import traces:
  App Route:
    ./src/data/pythonPrograms.ts
    ./app/api/admin/users/import-teachers-csv/route.ts

  Client Component Browser:
    ./src/data/pythonPrograms.ts [Client Component Browser]
    ./src/sections/ProgramsSection.tsx [Client Component Browser]
    ./src/sections/ProgramsSection.tsx [Server Component]
    ./app/page.tsx [Server Component]

  Client Component SSR:
    ./src/data/pythonPrograms.ts [Client Component SSR]
    ./src/sections/ProgramsSection.tsx [Client Component SSR]
    ./src/sections/ProgramsSection.tsx [Server Component]
    ./app/page.tsx [Server Component]


./src/data/pythonPrograms.ts:462:17
Cannot assign to this
  [90m460 |[0m [32m    category: "[0m[33mBasics[0m[32m",[0m
  [90m461 |[0m [32m    difficulty: "[0m[33mEasy[0m[32m",[0m
[31m[1m>[0m [90m462 |[0m [32m    classLevel: "[0m[33mClass[0m [35m8[0m[32m",[0m
  [90m    |[0m                 [31m[1m^^^^^^^^^[0m
  [90m463 |[0m [32m    description: "[0m[33mExplore[0m variable types using [36mtype[0m() and isinstance() 
functions[32m",[0m
  [90m464 |[0m [32m    code: `"[0m[32m""[0m
  [90m465 |[0m ==========================================

Parsing ecmascript source code failed

Import traces:
  App Route:
    ./src/data/pythonPrograms.ts
    ./app/api/admin/users/import-teachers-csv/route.ts

  Client Component Browser:
    ./src/data/pythonPrograms.ts [Client Component Browser]
    ./src/sections/ProgramsSection.tsx [Client Component Browser]
    ./src/sections/ProgramsSection.tsx [Server Component]
    ./app/page.tsx [Server Component]

  Client Component SSR:
    ./src/data/pythonPrograms.ts [Client Component SSR]
    ./src/sections/ProgramsSection.tsx [Client Component SSR]
    ./src/sections/ProgramsSection.tsx [Server Component]
    ./app/page.tsx [Server Component]


./src/data/pythonPrograms.ts:463:18
Cannot assign to this
  [90m461 |[0m [32m    difficulty: "[0m[33mEasy[0m[32m",[0m
  [90m462 |[0m [32m    classLevel: "[0m[33mClass[0m [35m8[0m[32m",[0m
[31m[1m>[0m [90m463 |[0m [32m    description: "[0m[33mExplore[0m variable types using [36mtype[0m() and 
isinstance() functions[32m",[0m
  [90m    |[0m                  [31m[1m^^^^^^^^^^^^^^^^^^^^^^^^^^^^^^^^^^^^^^^^^^^^^^^^^^^^^^^^^^^^^^^^[0m
  [90m464 |[0m [32m    code: `"[0m[32m""[0m
  [90m465 |[0m ==========================================
  [90m466 |[0m [33mProgram[0m: [33mType[0m [36mof[0m [33mVariable[0m

Parsing ecmascript source code failed

Import traces:
  App Route:
    ./src/data/pythonPrograms.ts
    ./app/api/admin/users/import-teachers-csv/route.ts

  Client Component Browser:
    ./src/data/pythonPrograms.ts [Client Component Browser]
    ./src/sections/ProgramsSection.tsx [Client Component Browser]
    ./src/sections/ProgramsSection.tsx [Server Component]
    ./app/page.tsx [Server Component]

  Client Component SSR:
    ./src/data/pythonPrograms.ts [Client Component SSR]
    ./src/sections/ProgramsSection.tsx [Client Component SSR]
    ./src/sections/ProgramsSection.tsx [Server Component]
    ./app/page.tsx [Server Component]


./src/data/pythonPrograms.ts:464:11
Cannot assign to this
  [90m462 |[0m [32m    classLevel: "[0m[33mClass[0m [35m8[0m[32m",[0m
  [90m463 |[0m [32m    description: "[0m[33mExplore[0m variable types using [36mtype[0m() and isinstance() 
functions[32m",[0m
[31m[1m>[0m [90m464 |[0m [32m    code: `"[0m[32m""[0m
  [90m    |[0m           [31m[1m^^^[0m
[31m[1m>[0m [90m465 |[0m ==========================================
  [90m    |[0m [31m[1m^^^^^^^^^^^^^^^^^^^^^^^^^^^^^^^^^^^^^^^^^^[0m
[31m[1m>[0m [90m466 |[0m [33mProgram[0m: [33mType[0m [36mof[0m [33mVariable[0m
  [90m    |[0m [31m[1m^^^^^^^^^^^^^^^^^^^^^^^^^[0m
[31m[1m>[0m [90m467 |[0m [33mTeaches[0m: [36mtype[0m() [36mfunction[0m, isinstance(), [33mPython[0m data 
types
  [90m    |[0m [31m[1m^^^^^^^^^^^^^^^^^^^^^^^^^^^^^^^^^^^^^^^^^^^^^^^^^^^^^^^^^[0m
[31m[1m>[0m [90m468 |[0m [33mWHY[0m: [33mKnowing[0m data types prevents bugs. [33mYou[0m can[32m't 
multiply[0m
  [90m    |[0m [31m[1m^^^^^^^^^^^^^^^^^^^^^^^^^^^^^^^^^^^^^^^^^^^^^^^^^^^^^^^^^[0m
[31m[1m>[0m [90m469 |[0m [32m      text by text or subtract a word from a number![0m
  [90m    |[0m [31m[1m^^^^^^^^^^^^^^^^^^^^^^^^^^^^^^^^^^^^^^^^^^^^^^^^^^^^[0m
[31m[1m>[0m [90m470 |[0m [32m==========================================[0m
  [90m    |[0m [31m[1m^^^^^^^^^^^^^^^^^^^^^^^^^^^^^^^^^^^^^^^^^^[0m
[31m[1m>[0m [90m471 |[0m
  [90m    |[0m [31m[1m^[0m
[31m[1m>[0m [90m472 |[0m [32mEXECUTION TRACE:[0m
  [90m    |[0m [31m[1m^^^^^^^^^^^^^^^^[0m
[31m[1m>[0m [90m473 |[0m [32mLine 1: x = 10 ΓåÆ x is an integer[0m
  [90m    |[0m [31m[1m^^^^^^^^^^^^^^^^^^^^^^^^^^^^^^^^[0m
[31m[1m>[0m [90m474 |[0m [32mLine 2: type(x) returns <class '[0mint[32m'>[0m
  [90m    |[0m [31m[1m^^^^^^^^^^^^^^^^^^^^^^^^^^^^^^^^^^^^^[0m
[31m[1m>[0m [90m475 |[0m [32mLine 3: y = 3.14 ΓåÆ y is a float[0m
  [90m    |[0m [31m[1m^^^^^^^^^^^^^^^^^^^^^^^^^^^^^^^[0m
[31m[1m>[0m [90m476 |[0m [32mLine 4: type(y) returns <class '[0mfloat[32m'>[0m
  [90m    |[0m [31m[1m^^^^^^^^^^^^^^^^^^^^^^^^^^^^^^^^^^^^^^^[0m
[31m[1m>[0m [90m477 |[0m [32mLine 5: z = "Hello" ΓåÆ z is a string[0m
  [90m    |[0m [31m[1m^^^^^^^^^^^^^^^^^^^^^^^^^^^^^^^^^^^[0m
[31m[1m>[0m [90m478 |[0m [32mLine 6: isinstance(x, int) returns True[0m
  [90m    |[0m [31m[1m^^^^^^^^^^^^^^^^^^^^^^^^^^^^^^^^^^^^^^^[0m
[31m[1m>[0m [90m479 |[0m [32mLine 7: isinstance(z, float) returns False[0m
  [90m    |[0m [31m[1m^^^^^^^^^^^^^^^^^^^^^^^^^^^^^^^^^^^^^^^^^^[0m
[31m[1m>[0m [90m480 |[0m
  [90m    |[0m [31m[1m^[0m
[31m[1m>[0m [90m481 |[0m [32mTRY THIS:[0m
  [90m    |[0m [31m[1m^^^^^^^^^[0m
[31m[1m>[0m [90m482 |[0m [32m- Check the type of True, [1,2,3], and {"key": "value"}[0m
  [90m    |[0m [31m[1m^^^^^^^^^^^^^^^^^^^^^^^^^^^^^^^^^^^^^^^^^^^^^^^^^^^^^^^[0m
[31m[1m>[0m [90m483 |[0m [32m- What is type(True)? (Hint: it'[0ms bool, not int!)
  [90m    |[0m [31m[1m^^^^^^^^^^^^^^^^^^^^^^^^^^^^^^^^^^^^^^^^^^^^^^^^^[0m
[31m[1m>[0m [90m484 |[0m - [33mCreate[0m a variable [36mwith[0m [36mtype[0m() and print the result
  [90m    |[0m [31m[1m^^^^^^^^^^^^^^^^^^^^^^^^^^^^^^^^^^^^^^^^^^^^^^^^^^^^[0m
[31m[1m>[0m [90m485 |[0m [32m""[0m[32m"[0m
  [90m    |[0m [31m[1m^^^[0m
[31m[1m>[0m [90m486 |[0m
  [90m    |[0m [31m[1m^[0m
[31m[1m>[0m [90m487 |[0m [32mx = 10[0m
  [90m    |[0m [31m[1m^^^^^^[0m
[31m[1m>[0m [90m488 |[0m [32my = 3.14[0m
  [90m    |[0m [31m[1m^^^^^^^^[0m
[31m[1m>[0m [90m489 |[0m [32mz = "[0m[33mHello[0m[32m"[0m
  [90m    |[0m [31m[1m^^^^^^^^^^^[0m
[31m[1m>[0m [90m490 |[0m [32mflag = True[0m
  [90m    |[0m [31m[1m^^^^^^^^^^^[0m
[31m[1m>[0m [90m491 |[0m
  [90m    |[0m [31m[1m^[0m
[31m[1m>[0m [90m492 |[0m [32mprint("[0mx =[32m", x, "[0mΓåÆ [33mType[0m:[32m", type(x))[0m
  [90m    |[0m [31m[1m^^^^^^^^^^^^^^^^^^^^^^^^^^^^^^^^^^^[0m
[31m[1m>[0m [90m493 |[0m [32mprint("[0my =[32m", y, "[0mΓåÆ [33mType[0m:[32m", type(y))[0m
  [90m    |[0m [31m[1m^^^^^^^^^^^^^^^^^^^^^^^^^^^^^^^^^^^[0m
[31m[1m>[0m [90m494 |[0m [32mprint("[0mz =[32m", z, "[0mΓåÆ [33mType[0m:[32m", type(z))[0m
  [90m    |[0m [31m[1m^^^^^^^^^^^^^^^^^^^^^^^^^^^^^^^^^^^[0m
[31m[1m>[0m [90m495 |[0m [32mprint("[0mflag =[32m", flag, "[0mΓåÆ [33mType[0m:[32m", type(flag))[0m
  [90m    |[0m [31m[1m^^^^^^^^^^^^^^^^^^^^^^^^^^^^^^^^^^^^^^^^^^^^[0m
[31m[1m>[0m [90m496 |[0m
  [90m    |[0m [31m[1m^[0m
[31m[1m>[0m [90m497 |[0m [32mprint("[0m\\nUsing isinstance():[32m")[0m
  [90m    |[0m [31m[1m^^^^^^^^^^^^^^^^^^^^^^^^^^^^^^^[0m
[31m[1m>[0m [90m498 |[0m [32mprint("[0mx is int?[32m", isinstance(x, int))[0m
  [90m    |[0m [31m[1m^^^^^^^^^^^^^^^^^^^^^^^^^^^^^^^^^^^^^^[0m
[31m[1m>[0m [90m499 |[0m [32mprint("[0mz is str?[32m", isinstance(z, str))[0m
  [90m    |[0m [31m[1m^^^^^^^^^^^^^^^^^^^^^^^^^^^^^^^^^^^^^^[0m
[31m[1m>[0m [90m500 |[0m [32mprint("[0my is int?[32m", isinstance(y, int))[0m
  [90m    |[0m [31m[1m^^^^^^^^^^^^^^^^^^^^^^^^^^^^^^^^^^^^^^[0m
[31m[1m>[0m [90m501 |[0m [32m`,[0m
  [90m    |[0m [31m[1m^[0m
  [90m502 |[0m [32m    funFact: "[0m[33mIn[0m [33mPython[0m, everything is an object ΓÇö even integers and 
functions have metho...
  [90m503 |[0m [32m  },[0m
  [90m504 |[0m [32m  {[0m

Parsing ecmascript source code failed

Import traces:
  App Route:
    ./src/data/pythonPrograms.ts
    ./app/api/admin/users/import-teachers-csv/route.ts

  Client Component Browser:
    ./src/data/pythonPrograms.ts [Client Component Browser]
    ./src/sections/ProgramsSection.tsx [Client Component Browser]
    ./src/sections/ProgramsSection.tsx [Server Component]
    ./app/page.tsx [Server Component]

  Client Component SSR:
    ./src/data/pythonPrograms.ts [Client Component SSR]
    ./src/sections/ProgramsSection.tsx [Client Component SSR]
    ./src/sections/ProgramsSection.tsx [Server Component]
    ./app/page.tsx [Server Component]


./src/data/pythonPrograms.ts:502:14
Cannot assign to this
  [90m500 |[0m ... isinstance(y, int))
  [90m501 |[0m ...
[31m[1m>[0m [90m502 |[0m ...[32mython, everything is an object ΓÇö even integers and functions have methods and 
properti...[0m
  [90m    |[0m    
[31m[1m^^^^^^^^^^^^^^^^^^^^^^^^^^^^^^^^^^^^^^^^^^^^^^^^^^^^^^^^^^^^^^^^^^^^^^^^^^^^^^^^^^^^^^^^^[0m
  [90m503 |[0m ...
  [90m504 |[0m ...
  [90m505 |[0m ...

Parsing ecmascript source code failed

Import traces:
  App Route:
    ./src/data/pythonPrograms.ts
    ./app/api/admin/users/import-teachers-csv/route.ts

  Client Component Browser:
    ./src/data/pythonPrograms.ts [Client Component Browser]
    ./src/sections/ProgramsSection.tsx [Client Component Browser]
    ./src/sections/ProgramsSection.tsx [Server Component]
    ./app/page.tsx [Server Component]

  Client Component SSR:
    ./src/data/pythonPrograms.ts [Client Component SSR]
    ./src/sections/ProgramsSection.tsx [Client Component SSR]
    ./src/sections/ProgramsSection.tsx [Server Component]
    ./app/page.tsx [Server Component]


./src/data/pythonPrograms.ts:505:9
Cannot assign to this
  [90m503 |[0m [32m  },[0m
  [90m504 |[0m [32m  {[0m
[31m[1m>[0m [90m505 |[0m [32m    id: "s-1",[0m
  [90m    |[0m         [31m[1m^^^^^[0m
  [90m506 |[0m [32m    title: "String Methods Demo",[0m
  [90m507 |[0m [32m    language: "python",[0m
  [90m508 |[0m [32m    category: "Strings",[0m

Parsing ecmascript source code failed

Import traces:
  App Route:
    ./src/data/pythonPrograms.ts
    ./app/api/admin/users/import-teachers-csv/route.ts

  Client Component Browser:
    ./src/data/pythonPrograms.ts [Client Component Browser]
    ./src/sections/ProgramsSection.tsx [Client Component Browser]
    ./src/sections/ProgramsSection.tsx [Server Component]
    ./app/page.tsx [Server Component]

  Client Component SSR:
    ./src/data/pythonPrograms.ts [Client Component SSR]
    ./src/sections/ProgramsSection.tsx [Client Component SSR]
    ./src/sections/ProgramsSection.tsx [Server Component]
    ./app/page.tsx [Server Component]


./src/data/pythonPrograms.ts:506:12
Cannot assign to this
  [90m504 |[0m [32m  {[0m
  [90m505 |[0m [32m    id: "s-1",[0m
[31m[1m>[0m [90m506 |[0m [32m    title: "String Methods Demo",[0m
  [90m    |[0m            [31m[1m^^^^^^^^^^^^^^^^^^^^^[0m
  [90m507 |[0m [32m    language: "python",[0m
  [90m508 |[0m [32m    category: "Strings",[0m
  [90m509 |[0m [32m    difficulty: "Easy",[0m

Parsing ecmascript source code failed

Import traces:
  App Route:
    ./src/data/pythonPrograms.ts
    ./app/api/admin/users/import-teachers-csv/route.ts

  Client Component Browser:
    ./src/data/pythonPrograms.ts [Client Component Browser]
    ./src/sections/ProgramsSection.tsx [Client Component Browser]
    ./src/sections/ProgramsSection.tsx [Server Component]
    ./app/page.tsx [Server Component]

  Client Component SSR:
    ./src/data/pythonPrograms.ts [Client Component SSR]
    ./src/sections/ProgramsSection.tsx [Client Component SSR]
    ./src/sections/ProgramsSection.tsx [Server Component]
    ./app/page.tsx [Server Component]


./src/data/pythonPrograms.ts:507:15
Cannot assign to this
  [90m505 |[0m [32m    id: "s-1",[0m
  [90m506 |[0m [32m    title: "String Methods Demo",[0m
[31m[1m>[0m [90m507 |[0m [32m    language: "python",[0m
  [90m    |[0m               [31m[1m^^^^^^^^[0m
  [90m508 |[0m [32m    category: "Strings",[0m
  [90m509 |[0m [32m    difficulty: "Easy",[0m
  [90m510 |[0m [32m    classLevel: "Class 8",[0m

Parsing ecmascript source code failed

Import traces:
  App Route:
    ./src/data/pythonPrograms.ts
    ./app/api/admin/users/import-teachers-csv/route.ts

  Client Component Browser:
    ./src/data/pythonPrograms.ts [Client Component Browser]
    ./src/sections/ProgramsSection.tsx [Client Component Browser]
    ./src/sections/ProgramsSection.tsx [Server Component]
    ./app/page.tsx [Server Component]

  Client Component SSR:
    ./src/data/pythonPrograms.ts [Client Component SSR]
    ./src/sections/ProgramsSection.tsx [Client Component SSR]
    ./src/sections/ProgramsSection.tsx [Server Component]
    ./app/page.tsx [Server Component]


./src/data/pythonPrograms.ts:508:15
Cannot assign to this
  [90m506 |[0m [32m    title: "String Methods Demo",[0m
  [90m507 |[0m [32m    language: "python",[0m
[31m[1m>[0m [90m508 |[0m [32m    category: "Strings",[0m
  [90m    |[0m               [31m[1m^^^^^^^^^[0m
  [90m509 |[0m [32m    difficulty: "Easy",[0m
  [90m510 |[0m [32m    classLevel: "Class 8",[0m
  [90m511 |[0m [32m    description: "Learn common string methods like upper(), lower(), title(), and strip()",[0m

Parsing ecmascript source code failed

Import traces:
  App Route:
    ./src/data/pythonPrograms.ts
    ./app/api/admin/users/import-teachers-csv/route.ts

  Client Component Browser:
    ./src/data/pythonPrograms.ts [Client Component Browser]
    ./src/sections/ProgramsSection.tsx [Client Component Browser]
    ./src/sections/ProgramsSection.tsx [Server Component]
    ./app/page.tsx [Server Component]

  Client Component SSR:
    ./src/data/pythonPrograms.ts [Client Component SSR]
    ./src/sections/ProgramsSection.tsx [Client Component SSR]
    ./src/sections/ProgramsSection.tsx [Server Component]
    ./app/page.tsx [Server Component]


./src/data/pythonPrograms.ts:509:17
Cannot assign to this
  [90m507 |[0m [32m    language: "python",[0m
  [90m508 |[0m [32m    category: "Strings",[0m
[31m[1m>[0m [90m509 |[0m [32m    difficulty: "Easy",[0m
  [90m    |[0m                 [31m[1m^^^^^^[0m
  [90m510 |[0m [32m    classLevel: "Class 8",[0m
  [90m511 |[0m [32m    description: "Learn common string methods like upper(), lower(), title(), and strip()",[0m
  [90m512 |[0m [32m    code: `[0m[32m""[0m[32m"[0m

Parsing ecmascript source code failed

Import traces:
  App Route:
    ./src/data/pythonPrograms.ts
    ./app/api/admin/users/import-teachers-csv/route.ts

  Client Component Browser:
    ./src/data/pythonPrograms.ts [Client Component Browser]
    ./src/sections/ProgramsSection.tsx [Client Component Browser]
    ./src/sections/ProgramsSection.tsx [Server Component]
    ./app/page.tsx [Server Component]

  Client Component SSR:
    ./src/data/pythonPrograms.ts [Client Component SSR]
    ./src/sections/ProgramsSection.tsx [Client Component SSR]
    ./src/sections/ProgramsSection.tsx [Server Component]
    ./app/page.tsx [Server Component]


./src/data/pythonPrograms.ts:510:17
Cannot assign to this
  [90m508 |[0m [32m    category: "Strings",[0m
  [90m509 |[0m [32m    difficulty: "Easy",[0m
[31m[1m>[0m [90m510 |[0m [32m    classLevel: "Class 8",[0m
  [90m    |[0m                 [31m[1m^^^^^^^^^[0m
  [90m511 |[0m [32m    description: "Learn common string methods like upper(), lower(), title(), and strip()",[0m
  [90m512 |[0m [32m    code: `[0m[32m""[0m[32m"[0m
  [90m513 |[0m [32m==========================================[0m

Parsing ecmascript source code failed

Import traces:
  App Route:
    ./src/data/pythonPrograms.ts
    ./app/api/admin/users/import-teachers-csv/route.ts

  Client Component Browser:
    ./src/data/pythonPrograms.ts [Client Component Browser]
    ./src/sections/ProgramsSection.tsx [Client Component Browser]
    ./src/sections/ProgramsSection.tsx [Server Component]
    ./app/page.tsx [Server Component]

  Client Component SSR:
    ./src/data/pythonPrograms.ts [Client Component SSR]
    ./src/sections/ProgramsSection.tsx [Client Component SSR]
    ./src/sections/ProgramsSection.tsx [Server Component]
    ./app/page.tsx [Server Component]


./src/data/pythonPrograms.ts:511:18
Cannot assign to this
  [90m509 |[0m [32m    difficulty: "Easy",[0m
  [90m510 |[0m [32m    classLevel: "Class 8",[0m
[31m[1m>[0m [90m511 |[0m [32m    description: "Learn common string methods like upper(), lower(), title(), and 
strip()",[0m
  [90m    |[0m                  
[31m[1m^^^^^^^^^^^^^^^^^^^^^^^^^^^^^^^^^^^^^^^^^^^^^^^^^^^^^^^^^^^^^^^^^^^^^^^^^[0m
  [90m512 |[0m [32m    code: `[0m[32m""[0m[32m"[0m
  [90m513 |[0m [32m==========================================[0m
  [90m514 |[0m [32mProgram: String Methods Demo[0m

Parsing ecmascript source code failed

Import traces:
  App Route:
    ./src/data/pythonPrograms.ts
    ./app/api/admin/users/import-teachers-csv/route.ts

  Client Component Browser:
    ./src/data/pythonPrograms.ts [Client Component Browser]
    ./src/sections/ProgramsSection.tsx [Client Component Browser]
    ./src/sections/ProgramsSection.tsx [Server Component]
    ./app/page.tsx [Server Component]

  Client Component SSR:
    ./src/data/pythonPrograms.ts [Client Component SSR]
    ./src/sections/ProgramsSection.tsx [Client Component SSR]
    ./src/sections/ProgramsSection.tsx [Server Component]
    ./app/page.tsx [Server Component]


./src/data/pythonPrograms.ts:512:11
Cannot assign to this
  [90m510 |[0m [32m    classLevel: "Class 8",[0m
  [90m511 |[0m [32m    description: "Learn common string methods like upper(), lower(), title(), and strip()",[0m
[31m[1m>[0m [90m512 |[0m [32m    code: `[0m[32m""[0m[32m"[0m
  [90m    |[0m           [31m[1m^^^[0m
[31m[1m>[0m [90m513 |[0m [32m==========================================[0m
  [90m    |[0m [31m[1m^^^^^^^^^^^^^^^^^^^^^^^^^^^^^^^^^^^^^^^^^^[0m
[31m[1m>[0m [90m514 |[0m [32mProgram: String Methods Demo[0m
  [90m    |[0m [31m[1m^^^^^^^^^^^^^^^^^^^^^^^^^^^^[0m
[31m[1m>[0m [90m515 |[0m [32mTeaches: Built-in string methods for text manipulation[0m
  [90m    |[0m [31m[1m^^^^^^^^^^^^^^^^^^^^^^^^^^^^^^^^^^^^^^^^^^^^^^^^^^^^^^[0m
[31m[1m>[0m [90m516 |[0m [32mWHY: Text processing is everywhere ΓÇö names, emails, messages.[0m
  [90m    |[0m [31m[1m^^^^^^^^^^^^^^^^^^^^^^^^^^^^^^^^^^^^^^^^^^^^^^^^^^^^^^^^^^^^^[0m
[31m[1m>[0m [90m517 |[0m [32m      String methods let us clean, format, and transform text.[0m
  [90m    |[0m [31m[1m^^^^^^^^^^^^^^^^^^^^^^^^^^^^^^^^^^^^^^^^^^^^^^^^^^^^^^^^^^^^^^[0m
[31m[1m>[0m [90m518 |[0m [32m==========================================[0m
  [90m    |[0m [31m[1m^^^^^^^^^^^^^^^^^^^^^^^^^^^^^^^^^^^^^^^^^^[0m
[31m[1m>[0m [90m519 |[0m
  [90m    |[0m [31m[1m^[0m
[31m[1m>[0m [90m520 |[0m [32mEXECUTION TRACE:[0m
  [90m    |[0m [31m[1m^^^^^^^^^^^^^^^^[0m
[31m[1m>[0m [90m521 |[0m [32mLine 1: name = "[0m  [33mPython[0m [33mProgramming[0m  [32m" (with extra 
spaces)[0m
  [90m    |[0m [31m[1m^^^^^^^^^^^^^^^^^^^^^^^^^^^^^^^^^^^^^^^^^^^^^^^^^^^^^^^^^^^[0m
[31m[1m>[0m [90m522 |[0m [32mLine 2: name.upper() ΓåÆ "[0m  [33mPYTHON[0m [33mPROGRAMMING[0m  [32m" (all 
caps)[0m
  [90m    |[0m [31m[1m^^^^^^^^^^^^^^^^^^^^^^^^^^^^^^^^^^^^^^^^^^^^^^^^^^^^^^^^^^[0m
[31m[1m>[0m [90m523 |[0m [32mLine 3: name.lower() ΓåÆ "[0m  python programming  [32m" (all lowercase)[0m
  [90m    |[0m [31m[1m^^^^^^^^^^^^^^^^^^^^^^^^^^^^^^^^^^^^^^^^^^^^^^^^^^^^^^^^^^^^^^^[0m
[31m[1m>[0m [90m524 |[0m [32mLine 4: name.title() ΓåÆ "[0m  [33mPython[0m [33mProgramming[0m  [32m" (first 
letter caps)[0m
  [90m    |[0m [31m[1m^^^^^^^^^^^^^^^^^^^^^^^^^^^^^^^^^^^^^^^^^^^^^^^^^^^^^^^^^^^^^^^^^^^[0m
[31m[1m>[0m [90m525 |[0m [32mLine 5: name.strip() ΓåÆ "[0m[33mPython[0m [33mProgramming[0m[32m" (removes 
spaces)[0m
  [90m    |[0m [31m[1m^^^^^^^^^^^^^^^^^^^^^^^^^^^^^^^^^^^^^^^^^^^^^^^^^^^^^^^^^^^^[0m
[31m[1m>[0m [90m526 |[0m [32mLine 6: name.strip().upper() ΓåÆ "[0m[33mPYTHON[0m [33mPROGRAMMING[0m[32m" 
(chained!)[0m
  [90m    |[0m [31m[1m^^^^^^^^^^^^^^^^^^^^^^^^^^^^^^^^^^^^^^^^^^^^^^^^^^^^^^^^^^^^^^[0m
[31m[1m>[0m [90m527 |[0m
  [90m    |[0m [31m[1m^[0m
[31m[1m>[0m [90m528 |[0m [32mTRY THIS:[0m
  [90m    |[0m [31m[1m^^^^^^^^^[0m
[31m[1m>[0m [90m529 |[0m [32m- Try name.replace("[0m[33mPython[0m[32m", "[0m[33mJava[0m[32m")[0m
  [90m    |[0m [31m[1m^^^^^^^^^^^^^^^^^^^^^^^^^^^^^^^^^^^^[0m
[31m[1m>[0m [90m530 |[0m [32m- What does name.find("[0m[33mProg[0m[32m") return?[0m
  [90m    |[0m [31m[1m^^^^^^^^^^^^^^^^^^^^^^^^^^^^^^^^^^^^^[0m
[31m[1m>[0m [90m531 |[0m [32m- Chain 3 methods together in one line![0m
  [90m    |[0m [31m[1m^^^^^^^^^^^^^^^^^^^^^^^^^^^^^^^^^^^^^^^[0m
[31m[1m>[0m [90m532 |[0m [32m"[0m[32m""[0m
  [90m    |[0m [31m[1m^^^[0m
[31m[1m>[0m [90m533 |[0m
  [90m    |[0m [31m[1m^[0m
[31m[1m>[0m [90m534 |[0m text = [32m"  Python Programming  "[0m
  [90m    |[0m [31m[1m^^^^^^^^^^^^^^^^^^^^^^^^^^^^^^^[0m
[31m[1m>[0m [90m535 |[0m print([32m"Original:"[0m, text)
  [90m    |[0m [31m[1m^^^^^^^^^^^^^^^^^^^^^^^^[0m
[31m[1m>[0m [90m536 |[0m print([32m"upper():"[0m, text.upper())
  [90m    |[0m [31m[1m^^^^^^^^^^^^^^^^^^^^^^^^^^^^^^^[0m
[31m[1m>[0m [90m537 |[0m print([32m"lower():"[0m, text.lower())
  [90m    |[0m [31m[1m^^^^^^^^^^^^^^^^^^^^^^^^^^^^^^^[0m
[31m[1m>[0m [90m538 |[0m print([32m"title():"[0m, text.title())
  [90m    |[0m [31m[1m^^^^^^^^^^^^^^^^^^^^^^^^^^^^^^^[0m
[31m[1m>[0m [90m539 |[0m print([32m"strip():"[0m, text.strip())
  [90m    |[0m [31m[1m^^^^^^^^^^^^^^^^^^^^^^^^^^^^^^^[0m
[31m[1m>[0m [90m540 |[0m print([32m"strip().upper():"[0m, text.strip().upper())
  [90m    |[0m [31m[1m^^^^^^^^^^^^^^^^^^^^^^^^^^^^^^^^^^^^^^^^^^^^^^^[0m
[31m[1m>[0m [90m541 |[0m print([32m"len():"[0m, len(text))
  [90m    |[0m [31m[1m^^^^^^^^^^^^^^^^^^^^^^^^^^[0m
[31m[1m>[0m [90m542 |[0m [32m`,[0m
  [90m    |[0m [31m[1m^[0m
  [90m543 |[0m [32m    funFact: "String methods in Python never change the original string ΓÇö they ALWAYS 
ret...[0m
  [90m544 |[0m [32m  },[0m
  [90m545 |[0m [32m  {[0m

Parsing ecmascript source code failed

Import traces:
  App Route:
    ./src/data/pythonPrograms.ts
    ./app/api/admin/users/import-teachers-csv/route.ts

  Client Component Browser:
    ./src/data/pythonPrograms.ts [Client Component Browser]
    ./src/sections/ProgramsSection.tsx [Client Component Browser]
    ./src/sections/ProgramsSection.tsx [Server Component]
    ./app/page.tsx [Server Component]

  Client Component SSR:
    ./src/data/pythonPrograms.ts [Client Component SSR]
    ./src/sections/ProgramsSection.tsx [Client Component SSR]
    ./src/sections/ProgramsSection.tsx [Server Component]
    ./app/page.tsx [Server Component]


./src/data/pythonPrograms.ts:543:14
Cannot assign to this
  [90m541 |[0m ...len(text))
  [90m542 |[0m ...
[31m[1m>[0m [90m543 |[0m ...[32mring methods in Python never change the original string ΓÇö they ALWAYS return a 
new one!"[0m
  [90m    |[0m    
[31m[1m^^^^^^^^^^^^^^^^^^^^^^^^^^^^^^^^^^^^^^^^^^^^^^^^^^^^^^^^^^^^^^^^^^^^^^^^^^^^^^^^^^^^^^^^^[0m
  [90m544 |[0m ...
  [90m545 |[0m ...
  [90m546 |[0m ...

Parsing ecmascript source code failed

Import traces:
  App Route:
    ./src/data/pythonPrograms.ts
    ./app/api/admin/users/import-teachers-csv/route.ts

  Client Component Browser:
    ./src/data/pythonPrograms.ts [Client Component Browser]
    ./src/sections/ProgramsSection.tsx [Client Component Browser]
    ./src/sections/ProgramsSection.tsx [Server Component]
    ./app/page.tsx [Server Component]

  Client Component SSR:
    ./src/data/pythonPrograms.ts [Client Component SSR]
    ./src/sections/ProgramsSection.tsx [Client Component SSR]
    ./src/sections/ProgramsSection.tsx [Server Component]
    ./app/page.tsx [Server Component]


./src/data/pythonPrograms.ts:546:9
Cannot assign to this
  [90m544 |[0m [32m  },[0m
  [90m545 |[0m [32m  {[0m
[31m[1m>[0m [90m546 |[0m [32m    id: "s-2",[0m
  [90m    |[0m         [31m[1m^^^^^[0m
  [90m547 |[0m [32m    title: "String Slicing",[0m
  [90m548 |[0m [32m    language: "python",[0m
  [90m549 |[0m [32m    category: "Strings",[0m

Parsing ecmascript source code failed

Import traces:
  App Route:
    ./src/data/pythonPrograms.ts
    ./app/api/admin/users/import-teachers-csv/route.ts

  Client Component Browser:
    ./src/data/pythonPrograms.ts [Client Component Browser]
    ./src/sections/ProgramsSection.tsx [Client Component Browser]
    ./src/sections/ProgramsSection.tsx [Server Component]
    ./app/page.tsx [Server Component]

  Client Component SSR:
    ./src/data/pythonPrograms.ts [Client Component SSR]
    ./src/sections/ProgramsSection.tsx [Client Component SSR]
    ./src/sections/ProgramsSection.tsx [Server Component]
    ./app/page.tsx [Server Component]


./src/data/pythonPrograms.ts:547:12
Cannot assign to this
  [90m545 |[0m [32m  {[0m
  [90m546 |[0m [32m    id: "s-2",[0m
[31m[1m>[0m [90m547 |[0m [32m    title: "String Slicing",[0m
  [90m    |[0m            [31m[1m^^^^^^^^^^^^^^^^[0m
  [90m548 |[0m [32m    language: "python",[0m
  [90m549 |[0m [32m    category: "Strings",[0m
  [90m550 |[0m [32m    difficulty: "Easy",[0m

Parsing ecmascript source code failed

Import traces:
  App Route:
    ./src/data/pythonPrograms.ts
    ./app/api/admin/users/import-teachers-csv/route.ts

  Client Component Browser:
    ./src/data/pythonPrograms.ts [Client Component Browser]
    ./src/sections/ProgramsSection.tsx [Client Component Browser]
    ./src/sections/ProgramsSection.tsx [Server Component]
    ./app/page.tsx [Server Component]

  Client Component SSR:
    ./src/data/pythonPrograms.ts [Client Component SSR]
    ./src/sections/ProgramsSection.tsx [Client Component SSR]
    ./src/sections/ProgramsSection.tsx [Server Component]
    ./app/page.tsx [Server Component]


./src/data/pythonPrograms.ts:548:15
Cannot assign to this
  [90m546 |[0m [32m    id: "s-2",[0m
  [90m547 |[0m [32m    title: "String Slicing",[0m
[31m[1m>[0m [90m548 |[0m [32m    language: "python",[0m
  [90m    |[0m               [31m[1m^^^^^^^^[0m
  [90m549 |[0m [32m    category: "Strings",[0m
  [90m550 |[0m [32m    difficulty: "Easy",[0m
  [90m551 |[0m [32m    classLevel: "Class 8",[0m

Parsing ecmascript source code failed

Import traces:
  App Route:
    ./src/data/pythonPrograms.ts
    ./app/api/admin/users/import-teachers-csv/route.ts

  Client Component Browser:
    ./src/data/pythonPrograms.ts [Client Component Browser]
    ./src/sections/ProgramsSection.tsx [Client Component Browser]
    ./src/sections/ProgramsSection.tsx [Server Component]
    ./app/page.tsx [Server Component]

  Client Component SSR:
    ./src/data/pythonPrograms.ts [Client Component SSR]
    ./src/sections/ProgramsSection.tsx [Client Component SSR]
    ./src/sections/ProgramsSection.tsx [Server Component]
    ./app/page.tsx [Server Component]


./src/data/pythonPrograms.ts:549:15
Cannot assign to this
  [90m547 |[0m [32m    title: "String Slicing",[0m
  [90m548 |[0m [32m    language: "python",[0m
[31m[1m>[0m [90m549 |[0m [32m    category: "Strings",[0m
  [90m    |[0m               [31m[1m^^^^^^^^^[0m
  [90m550 |[0m [32m    difficulty: "Easy",[0m
  [90m551 |[0m [32m    classLevel: "Class 8",[0m
  [90m552 |[0m [32m    description: "Extract substrings using slice notation [start:end:step]",[0m

Parsing ecmascript source code failed

Import traces:
  App Route:
    ./src/data/pythonPrograms.ts
    ./app/api/admin/users/import-teachers-csv/route.ts

  Client Component Browser:
    ./src/data/pythonPrograms.ts [Client Component Browser]
    ./src/sections/ProgramsSection.tsx [Client Component Browser]
    ./src/sections/ProgramsSection.tsx [Server Component]
    ./app/page.tsx [Server Component]

  Client Component SSR:
    ./src/data/pythonPrograms.ts [Client Component SSR]
    ./src/sections/ProgramsSection.tsx [Client Component SSR]
    ./src/sections/ProgramsSection.tsx [Server Component]
    ./app/page.tsx [Server Component]


./src/data/pythonPrograms.ts:550:17
Cannot assign to this
  [90m548 |[0m [32m    language: "python",[0m
  [90m549 |[0m [32m    category: "Strings",[0m
[31m[1m>[0m [90m550 |[0m [32m    difficulty: "Easy",[0m
  [90m    |[0m                 [31m[1m^^^^^^[0m
  [90m551 |[0m [32m    classLevel: "Class 8",[0m
  [90m552 |[0m [32m    description: "Extract substrings using slice notation [start:end:step]",[0m
  [90m553 |[0m [32m    code: `[0m[32m""[0m[32m"[0m

Parsing ecmascript source code failed

Import traces:
  App Route:
    ./src/data/pythonPrograms.ts
    ./app/api/admin/users/import-teachers-csv/route.ts

  Client Component Browser:
    ./src/data/pythonPrograms.ts [Client Component Browser]
    ./src/sections/ProgramsSection.tsx [Client Component Browser]
    ./src/sections/ProgramsSection.tsx [Server Component]
    ./app/page.tsx [Server Component]

  Client Component SSR:
    ./src/data/pythonPrograms.ts [Client Component SSR]
    ./src/sections/ProgramsSection.tsx [Client Component SSR]
    ./src/sections/ProgramsSection.tsx [Server Component]
    ./app/page.tsx [Server Component]


./src/data/pythonPrograms.ts:551:17
Cannot assign to this
  [90m549 |[0m [32m    category: "Strings",[0m
  [90m550 |[0m [32m    difficulty: "Easy",[0m
[31m[1m>[0m [90m551 |[0m [32m    classLevel: "Class 8",[0m
  [90m    |[0m                 [31m[1m^^^^^^^^^[0m
  [90m552 |[0m [32m    description: "Extract substrings using slice notation [start:end:step]",[0m
  [90m553 |[0m [32m    code: `[0m[32m""[0m[32m"[0m
  [90m554 |[0m [32m==========================================[0m

Parsing ecmascript source code failed

Import traces:
  App Route:
    ./src/data/pythonPrograms.ts
    ./app/api/admin/users/import-teachers-csv/route.ts

  Client Component Browser:
    ./src/data/pythonPrograms.ts [Client Component Browser]
    ./src/sections/ProgramsSection.tsx [Client Component Browser]
    ./src/sections/ProgramsSection.tsx [Server Component]
    ./app/page.tsx [Server Component]

  Client Component SSR:
    ./src/data/pythonPrograms.ts [Client Component SSR]
    ./src/sections/ProgramsSection.tsx [Client Component SSR]
    ./src/sections/ProgramsSection.tsx [Server Component]
    ./app/page.tsx [Server Component]


./src/data/pythonPrograms.ts:552:18
Cannot assign to this
  [90m550 |[0m [32m    difficulty: "Easy",[0m
  [90m551 |[0m [32m    classLevel: "Class 8",[0m
[31m[1m>[0m [90m552 |[0m [32m    description: "Extract substrings using slice notation [start:end:step]",[0m
  [90m    |[0m                  [31m[1m^^^^^^^^^^^^^^^^^^^^^^^^^^^^^^^^^^^^^^^^^^^^^^^^^^^^^^^^^^[0m
  [90m553 |[0m [32m    code: `[0m[32m""[0m[32m"[0m
  [90m554 |[0m [32m==========================================[0m
  [90m555 |[0m [32mProgram: String Slicing[0m

Parsing ecmascript source code failed

Import traces:
  App Route:
    ./src/data/pythonPrograms.ts
    ./app/api/admin/users/import-teachers-csv/route.ts

  Client Component Browser:
    ./src/data/pythonPrograms.ts [Client Component Browser]
    ./src/sections/ProgramsSection.tsx [Client Component Browser]
    ./src/sections/ProgramsSection.tsx [Server Component]
    ./app/page.tsx [Server Component]

  Client Component SSR:
    ./src/data/pythonPrograms.ts [Client Component SSR]
    ./src/sections/ProgramsSection.tsx [Client Component SSR]
    ./src/sections/ProgramsSection.tsx [Server Component]
    ./app/page.tsx [Server Component]


./src/data/pythonPrograms.ts:553:11
Cannot assign to this
  [90m551 |[0m [32m    classLevel: "Class 8",[0m
  [90m552 |[0m [32m    description: "Extract substrings using slice notation [start:end:step]",[0m
[31m[1m>[0m [90m553 |[0m [32m    code: `[0m[32m""[0m[32m"[0m
  [90m    |[0m           [31m[1m^^^[0m
[31m[1m>[0m [90m554 |[0m [32m==========================================[0m
  [90m    |[0m [31m[1m^^^^^^^^^^^^^^^^^^^^^^^^^^^^^^^^^^^^^^^^^^[0m
[31m[1m>[0m [90m555 |[0m [32mProgram: String Slicing[0m
  [90m    |[0m [31m[1m^^^^^^^^^^^^^^^^^^^^^^^[0m
[31m[1m>[0m [90m556 |[0m [32mTeaches: [start:end:step] slice notation for strings[0m
  [90m    |[0m [31m[1m^^^^^^^^^^^^^^^^^^^^^^^^^^^^^^^^^^^^^^^^^^^^^^^^^^^^[0m
[31m[1m>[0m [90m557 |[0m [32mWHY: Slicing lets you extract parts of strings ΓÇö useful for[0m
  [90m    |[0m [31m[1m^^^^^^^^^^^^^^^^^^^^^^^^^^^^^^^^^^^^^^^^^^^^^^^^^^^^^^^^^^^[0m
[31m[1m>[0m [90m558 |[0m [32m      parsing data, formatting output, and text analysis.[0m
  [90m    |[0m [31m[1m^^^^^^^^^^^^^^^^^^^^^^^^^^^^^^^^^^^^^^^^^^^^^^^^^^^^^^^^^[0m
[31m[1m>[0m [90m559 |[0m [32m==========================================[0m
  [90m    |[0m [31m[1m^^^^^^^^^^^^^^^^^^^^^^^^^^^^^^^^^^^^^^^^^^[0m
[31m[1m>[0m [90m560 |[0m
  [90m    |[0m [31m[1m^[0m
[31m[1m>[0m [90m561 |[0m [32mEXECUTION TRACE:[0m
  [90m    |[0m [31m[1m^^^^^^^^^^^^^^^^[0m
[31m[1m>[0m [90m562 |[0m [32mtext = "[0m[33mPYTHON[0m[32m"[0m
  [90m    |[0m [31m[1m^^^^^^^^^^^^^^^[0m
[31m[1m>[0m [90m563 |[0m [32mIndex:   0 1 2 3 4 5[0m
  [90m    |[0m [31m[1m^^^^^^^^^^^^^^^^^^^^[0m
[31m[1m>[0m [90m564 |[0m
  [90m    |[0m [31m[1m^[0m
[31m[1m>[0m [90m565 |[0m [32mLine: text[0]     ΓåÆ "[0m[33mP[0m[32m"     (first character)[0m
  [90m    |[0m [31m[1m^^^^^^^^^^^^^^^^^^^^^^^^^^^^^^^^^^^^^^^^^^^^^[0m
[31m[1m>[0m [90m566 |[0m [32mLine: text[5]     ΓåÆ "[0m[33mN[0m[32m"     (last character)[0m
  [90m    |[0m [31m[1m^^^^^^^^^^^^^^^^^^^^^^^^^^^^^^^^^^^^^^^^^^^^[0m
[31m[1m>[0m [90m567 |[0m [32mLine: text[0:3]   ΓåÆ "[0m[33mPYT[0m[32m"   (index 0,1,2 ΓÇö stop BEFORE 3)[0m
  [90m    |[0m [31m[1m^^^^^^^^^^^^^^^^^^^^^^^^^^^^^^^^^^^^^^^^^^^^^^^^^^^^^^^^^[0m
[31m[1m>[0m [90m568 |[0m [32mLine: text[2:]    ΓåÆ "[0m[33mTHON[0m[32m"  (from index 2 to end)[0m
  [90m    |[0m [31m[1m^^^^^^^^^^^^^^^^^^^^^^^^^^^^^^^^^^^^^^^^^^^^^^^^^[0m
[31m[1m>[0m [90m569 |[0m [32mLine: text[:4]    ΓåÆ "[0m[33mPYTH[0m[32m"  (from start to index 3)[0m
  [90m    |[0m [31m[1m^^^^^^^^^^^^^^^^^^^^^^^^^^^^^^^^^^^^^^^^^^^^^^^^^^^[0m
[31m[1m>[0m [90m570 |[0m [32mLine: text[-1]    ΓåÆ "[0m[33mN[0m[32m"     (last character, negative index)[0m
  [90m    |[0m [31m[1m^^^^^^^^^^^^^^^^^^^^^^^^^^^^^^^^^^^^^^^^^^^^^^^^^^^^^^^^^^^^[0m
[31m[1m>[0m [90m571 |[0m [32mLine: text[::-1]  ΓåÆ "[0m[33mNOHTYP[0m[32m" (reversed string!)[0m
  [90m    |[0m [31m[1m^^^^^^^^^^^^^^^^^^^^^^^^^^^^^^^^^^^^^^^^^^^^^^^[0m
[31m[1m>[0m [90m572 |[0m
  [90m    |[0m [31m[1m^[0m
[31m[1m>[0m [90m573 |[0m [32mTRY THIS:[0m
  [90m    |[0m [31m[1m^^^^^^^^^[0m
[31m[1m>[0m [90m574 |[0m [32m- Extract "[0m[33mPY[0m[32m" from "[0m[33mPYTHON[0m[32m" using slicing[0m
  [90m    |[0m [31m[1m^^^^^^^^^^^^^^^^^^^^^^^^^^^^^^^^^^^^^^^^^^[0m
[31m[1m>[0m [90m575 |[0m [32m- Get every other letter: text[::2][0m
  [90m    |[0m [31m[1m^^^^^^^^^^^^^^^^^^^^^^^^^^^^^^^^^^^[0m
[31m[1m>[0m [90m576 |[0m [32m- Reverse your name using slicing[0m
  [90m    |[0m [31m[1m^^^^^^^^^^^^^^^^^^^^^^^^^^^^^^^^^[0m
[31m[1m>[0m [90m577 |[0m [32m"[0m[32m""[0m
  [90m    |[0m [31m[1m^^^[0m
[31m[1m>[0m [90m578 |[0m
  [90m    |[0m [31m[1m^[0m
[31m[1m>[0m [90m579 |[0m text = [32m"PYTHON"[0m
  [90m    |[0m [31m[1m^^^^^^^^^^^^^^^[0m
[31m[1m>[0m [90m580 |[0m print([32m"String:"[0m, text)
  [90m    |[0m [31m[1m^^^^^^^^^^^^^^^^^^^^^^[0m
[31m[1m>[0m [90m581 |[0m print([32m"text[0]:"[0m, text[[35m0[0m])
  [90m    |[0m [31m[1m^^^^^^^^^^^^^^^^^^^^^^^^^^[0m
[31m[1m>[0m [90m582 |[0m print([32m"text[5]:"[0m, text[[35m5[0m])
  [90m    |[0m [31m[1m^^^^^^^^^^^^^^^^^^^^^^^^^^[0m
[31m[1m>[0m [90m583 |[0m print([32m"text[0:3]:"[0m, text[[35m0[0m:[35m3[0m])
  [90m    |[0m [31m[1m^^^^^^^^^^^^^^^^^^^^^^^^^^^^^^[0m
[31m[1m>[0m [90m584 |[0m print([32m"text[2:]:"[0m, text[[35m2[0m:])
  [90m    |[0m [31m[1m^^^^^^^^^^^^^^^^^^^^^^^^^^^^[0m
[31m[1m>[0m [90m585 |[0m print([32m"text[:4]:"[0m, text[:[35m4[0m])
  [90m    |[0m [31m[1m^^^^^^^^^^^^^^^^^^^^^^^^^^^^[0m
[31m[1m>[0m [90m586 |[0m print([32m"text[-1]:"[0m, text[-[35m1[0m])
  [90m    |[0m [31m[1m^^^^^^^^^^^^^^^^^^^^^^^^^^^^[0m
[31m[1m>[0m [90m587 |[0m print([32m"text[::-1]:"[0m, text[::-[35m1[0m])
  [90m    |[0m [31m[1m^^^^^^^^^^^^^^^^^^^^^^^^^^^^^^^^[0m
[31m[1m>[0m [90m588 |[0m print([32m"text[::2]:"[0m, text[::[35m2[0m])
  [90m    |[0m [31m[1m^^^^^^^^^^^^^^^^^^^^^^^^^^^^^^[0m
[31m[1m>[0m [90m589 |[0m [32m`,[0m
  [90m    |[0m [31m[1m^[0m
  [90m590 |[0m [32m    funFact: "Python's negative indexing lets you count from the end: -1 is the last char...[0m
  [90m591 |[0m [32m  },[0m
  [90m592 |[0m [32m  {[0m

Parsing ecmascript source code failed

Import traces:
  App Route:
    ./src/data/pythonPrograms.ts
    ./app/api/admin/users/import-teachers-csv/route.ts

  Client Component Browser:
    ./src/data/pythonPrograms.ts [Client Component Browser]
    ./src/sections/ProgramsSection.tsx [Client Component Browser]
    ./src/sections/ProgramsSection.tsx [Server Component]
    ./app/page.tsx [Server Component]

  Client Component SSR:
    ./src/data/pythonPrograms.ts [Client Component SSR]
    ./src/sections/ProgramsSection.tsx [Client Component SSR]
    ./src/sections/ProgramsSection.tsx [Server Component]
    ./app/page.tsx [Server Component]


./src/data/pythonPrograms.ts:590:14
Cannot assign to this
  [90m588 |[0m ...[32m[::2]:"[0m, text[::[35m2[0m])
  [90m589 |[0m ...
[31m[1m>[0m [90m590 |[0m ...[32m: "Python's negative indexing lets you count from the end: -1 is the last 
character!"[0m
  [90m    |[0m      [31m[1m^^^^^^^^^^^^^^^^^^^^^^^^^^^^^^^^^^^^^^^^^^^^^^^^^^^^^^^^^^^^^^^^^^^^^^^^^^^^^^^^^^^[0m
  [90m591 |[0m ...
  [90m592 |[0m ...
  [90m593 |[0m ...[32m3",[0m

Parsing ecmascript source code failed

Import traces:
  App Route:
    ./src/data/pythonPrograms.ts
    ./app/api/admin/users/import-teachers-csv/route.ts

  Client Component Browser:
    ./src/data/pythonPrograms.ts [Client Component Browser]
    ./src/sections/ProgramsSection.tsx [Client Component Browser]
    ./src/sections/ProgramsSection.tsx [Server Component]
    ./app/page.tsx [Server Component]

  Client Component SSR:
    ./src/data/pythonPrograms.ts [Client Component SSR]
    ./src/sections/ProgramsSection.tsx [Client Component SSR]
    ./src/sections/ProgramsSection.tsx [Server Component]
    ./app/page.tsx [Server Component]


./src/data/pythonPrograms.ts:593:9
Cannot assign to this
  [90m591 |[0m [32m  },[0m
  [90m592 |[0m [32m  {[0m
[31m[1m>[0m [90m593 |[0m [32m    id: "s-3",[0m
  [90m    |[0m         [31m[1m^^^^^[0m
  [90m594 |[0m [32m    title: "Count Vowels",[0m
  [90m595 |[0m [32m    language: "python",[0m
  [90m596 |[0m [32m    category: "Strings",[0m

Parsing ecmascript source code failed

Import traces:
  App Route:
    ./src/data/pythonPrograms.ts
    ./app/api/admin/users/import-teachers-csv/route.ts

  Client Component Browser:
    ./src/data/pythonPrograms.ts [Client Component Browser]
    ./src/sections/ProgramsSection.tsx [Client Component Browser]
    ./src/sections/ProgramsSection.tsx [Server Component]
    ./app/page.tsx [Server Component]

  Client Component SSR:
    ./src/data/pythonPrograms.ts [Client Component SSR]
    ./src/sections/ProgramsSection.tsx [Client Component SSR]
    ./src/sections/ProgramsSection.tsx [Server Component]
    ./app/page.tsx [Server Component]


./src/data/pythonPrograms.ts:594:12
Cannot assign to this
  [90m592 |[0m [32m  {[0m
  [90m593 |[0m [32m    id: "s-3",[0m
[31m[1m>[0m [90m594 |[0m [32m    title: "Count Vowels",[0m
  [90m    |[0m            [31m[1m^^^^^^^^^^^^^^[0m
  [90m595 |[0m [32m    language: "python",[0m
  [90m596 |[0m [32m    category: "Strings",[0m
  [90m597 |[0m [32m    difficulty: "Easy",[0m

Parsing ecmascript source code failed

Import traces:
  App Route:
    ./src/data/pythonPrograms.ts
    ./app/api/admin/users/import-teachers-csv/route.ts

  Client Component Browser:
    ./src/data/pythonPrograms.ts [Client Component Browser]
    ./src/sections/ProgramsSection.tsx [Client Component Browser]
    ./src/sections/ProgramsSection.tsx [Server Component]
    ./app/page.tsx [Server Component]

  Client Component SSR:
    ./src/data/pythonPrograms.ts [Client Component SSR]
    ./src/sections/ProgramsSection.tsx [Client Component SSR]
    ./src/sections/ProgramsSection.tsx [Server Component]
    ./app/page.tsx [Server Component]


./src/data/pythonPrograms.ts:595:15
Cannot assign to this
  [90m593 |[0m [32m    id: "s-3",[0m
  [90m594 |[0m [32m    title: "Count Vowels",[0m
[31m[1m>[0m [90m595 |[0m [32m    language: "python",[0m
  [90m    |[0m               [31m[1m^^^^^^^^[0m
  [90m596 |[0m [32m    category: "Strings",[0m
  [90m597 |[0m [32m    difficulty: "Easy",[0m
  [90m598 |[0m [32m    classLevel: "Class 8",[0m

Parsing ecmascript source code failed

Import traces:
  App Route:
    ./src/data/pythonPrograms.ts
    ./app/api/admin/users/import-teachers-csv/route.ts

  Client Component Browser:
    ./src/data/pythonPrograms.ts [Client Component Browser]
    ./src/sections/ProgramsSection.tsx [Client Component Browser]
    ./src/sections/ProgramsSection.tsx [Server Component]
    ./app/page.tsx [Server Component]

  Client Component SSR:
    ./src/data/pythonPrograms.ts [Client Component SSR]
    ./src/sections/ProgramsSection.tsx [Client Component SSR]
    ./src/sections/ProgramsSection.tsx [Server Component]
    ./app/page.tsx [Server Component]


./src/data/pythonPrograms.ts:596:15
Cannot assign to this
  [90m594 |[0m [32m    title: "Count Vowels",[0m
  [90m595 |[0m [32m    language: "python",[0m
[31m[1m>[0m [90m596 |[0m [32m    category: "Strings",[0m
  [90m    |[0m               [31m[1m^^^^^^^^^[0m
  [90m597 |[0m [32m    difficulty: "Easy",[0m
  [90m598 |[0m [32m    classLevel: "Class 8",[0m
  [90m599 |[0m [32m    description: "Loop through a string and count vowels using a for loop",[0m

Parsing ecmascript source code failed

Import traces:
  App Route:
    ./src/data/pythonPrograms.ts
    ./app/api/admin/users/import-teachers-csv/route.ts

  Client Component Browser:
    ./src/data/pythonPrograms.ts [Client Component Browser]
    ./src/sections/ProgramsSection.tsx [Client Component Browser]
    ./src/sections/ProgramsSection.tsx [Server Component]
    ./app/page.tsx [Server Component]

  Client Component SSR:
    ./src/data/pythonPrograms.ts [Client Component SSR]
    ./src/sections/ProgramsSection.tsx [Client Component SSR]
    ./src/sections/ProgramsSection.tsx [Server Component]
    ./app/page.tsx [Server Component]


./src/data/pythonPrograms.ts:597:17
Cannot assign to this
  [90m595 |[0m [32m    language: "python",[0m
  [90m596 |[0m [32m    category: "Strings",[0m
[31m[1m>[0m [90m597 |[0m [32m    difficulty: "Easy",[0m
  [90m    |[0m                 [31m[1m^^^^^^[0m
  [90m598 |[0m [32m    classLevel: "Class 8",[0m
  [90m599 |[0m [32m    description: "Loop through a string and count vowels using a for loop",[0m
  [90m600 |[0m [32m    code: `[0m[32m""[0m[32m"[0m

Parsing ecmascript source code failed

Import traces:
  App Route:
    ./src/data/pythonPrograms.ts
    ./app/api/admin/users/import-teachers-csv/route.ts

  Client Component Browser:
    ./src/data/pythonPrograms.ts [Client Component Browser]
    ./src/sections/ProgramsSection.tsx [Client Component Browser]
    ./src/sections/ProgramsSection.tsx [Server Component]
    ./app/page.tsx [Server Component]

  Client Component SSR:
    ./src/data/pythonPrograms.ts [Client Component SSR]
    ./src/sections/ProgramsSection.tsx [Client Component SSR]
    ./src/sections/ProgramsSection.tsx [Server Component]
    ./app/page.tsx [Server Component]


./src/data/pythonPrograms.ts:598:17
Cannot assign to this
  [90m596 |[0m [32m    category: "Strings",[0m
  [90m597 |[0m [32m    difficulty: "Easy",[0m
[31m[1m>[0m [90m598 |[0m [32m    classLevel: "Class 8",[0m
  [90m    |[0m                 [31m[1m^^^^^^^^^[0m
  [90m599 |[0m [32m    description: "Loop through a string and count vowels using a for loop",[0m
  [90m600 |[0m [32m    code: `[0m[32m""[0m[32m"[0m
  [90m601 |[0m [32m==========================================[0m

Parsing ecmascript source code failed

Import traces:
  App Route:
    ./src/data/pythonPrograms.ts
    ./app/api/admin/users/import-teachers-csv/route.ts

  Client Component Browser:
    ./src/data/pythonPrograms.ts [Client Component Browser]
    ./src/sections/ProgramsSection.tsx [Client Component Browser]
    ./src/sections/ProgramsSection.tsx [Server Component]
    ./app/page.tsx [Server Component]

  Client Component SSR:
    ./src/data/pythonPrograms.ts [Client Component SSR]
    ./src/sections/ProgramsSection.tsx [Client Component SSR]
    ./src/sections/ProgramsSection.tsx [Server Component]
    ./app/page.tsx [Server Component]


./src/data/pythonPrograms.ts:599:18
Cannot assign to this
  [90m597 |[0m [32m    difficulty: "Easy",[0m
  [90m598 |[0m [32m    classLevel: "Class 8",[0m
[31m[1m>[0m [90m599 |[0m [32m    description: "Loop through a string and count vowels using a for loop",[0m
  [90m    |[0m                  [31m[1m^^^^^^^^^^^^^^^^^^^^^^^^^^^^^^^^^^^^^^^^^^^^^^^^^^^^^^^^^[0m
  [90m600 |[0m [32m    code: `[0m[32m""[0m[32m"[0m
  [90m601 |[0m [32m==========================================[0m
  [90m602 |[0m [32mProgram: Count Vowels[0m

Parsing ecmascript source code failed

Import traces:
  App Route:
    ./src/data/pythonPrograms.ts
    ./app/api/admin/users/import-teachers-csv/route.ts

  Client Component Browser:
    ./src/data/pythonPrograms.ts [Client Component Browser]
    ./src/sections/ProgramsSection.tsx [Client Component Browser]
    ./src/sections/ProgramsSection.tsx [Server Component]
    ./app/page.tsx [Server Component]

  Client Component SSR:
    ./src/data/pythonPrograms.ts [Client Component SSR]
    ./src/sections/ProgramsSection.tsx [Client Component SSR]
    ./src/sections/ProgramsSection.tsx [Server Component]
    ./app/page.tsx [Server Component]


./src/data/pythonPrograms.ts:600:11
Cannot assign to this
  [90m598 |[0m [32m    classLevel: "Class 8",[0m
  [90m599 |[0m [32m    description: "Loop through a string and count vowels using a for loop",[0m
[31m[1m>[0m [90m600 |[0m [32m    code: `[0m[32m""[0m[32m"[0m
  [90m    |[0m           [31m[1m^^^[0m
[31m[1m>[0m [90m601 |[0m [32m==========================================[0m
  [90m    |[0m [31m[1m^^^^^^^^^^^^^^^^^^^^^^^^^^^^^^^^^^^^^^^^^^[0m
[31m[1m>[0m [90m602 |[0m [32mProgram: Count Vowels[0m
  [90m    |[0m [31m[1m^^^^^^^^^^^^^^^^^^^^^[0m
[31m[1m>[0m [90m603 |[0m [32mTeaches: Iterating over strings with for, counting pattern[0m
  [90m    |[0m [31m[1m^^^^^^^^^^^^^^^^^^^^^^^^^^^^^^^^^^^^^^^^^^^^^^^^^^^^^^^^^^[0m
[31m[1m>[0m [90m604 |[0m [32mWHY: Counting specific characters is useful for text analysis,[0m
  [90m    |[0m [31m[1m^^^^^^^^^^^^^^^^^^^^^^^^^^^^^^^^^^^^^^^^^^^^^^^^^^^^^^^^^^^^^^[0m
[31m[1m>[0m [90m605 |[0m [32m      data validation, and solving word puzzles.[0m
  [90m    |[0m [31m[1m^^^^^^^^^^^^^^^^^^^^^^^^^^^^^^^^^^^^^^^^^^^^^^^^[0m
[31m[1m>[0m [90m606 |[0m [32m==========================================[0m
  [90m    |[0m [31m[1m^^^^^^^^^^^^^^^^^^^^^^^^^^^^^^^^^^^^^^^^^^[0m
[31m[1m>[0m [90m607 |[0m
  [90m    |[0m [31m[1m^[0m
[31m[1m>[0m [90m608 |[0m [32mEXECUTION TRACE:[0m
  [90m    |[0m [31m[1m^^^^^^^^^^^^^^^^[0m
[31m[1m>[0m [90m609 |[0m [32mtext = "[0m[33mHello[0m [33mWorld[0m[32m"[0m
  [90m    |[0m [31m[1m^^^^^^^^^^^^^^^^^^^^[0m
[31m[1m>[0m [90m610 |[0m [32mvowels = "[0maeiouAEIOU[32m"[0m
  [90m    |[0m [31m[1m^^^^^^^^^^^^^^^^^^^^^[0m
[31m[1m>[0m [90m611 |[0m [32mcount = 0[0m
  [90m    |[0m [31m[1m^^^^^^^^^[0m
[31m[1m>[0m [90m612 |[0m
  [90m    |[0m [31m[1m^[0m
[31m[1m>[0m [90m613 |[0m [32mFor each character in "[0m[33mHello[0m [33mWorld[0m[32m":[0m
  [90m    |[0m [31m[1m^^^^^^^^^^^^^^^^^^^^^^^^^^^^^^^^^^^^[0m
[31m[1m>[0m [90m614 |[0m [32m  'H' ΓåÆ in vowels? No ΓåÆ count stays 0[0m
  [90m    |[0m [31m[1m^^^^^^^^^^^^^^^^^^^^^^^^^^^^^^^^^^^^^[0m
[31m[1m>[0m [90m615 |[0m [32m  'e' ΓåÆ in vowels? Yes ΓåÆ count = 1[0m
  [90m    |[0m [31m[1m^^^^^^^^^^^^^^^^^^^^^^^^^^^^^^^^^^[0m
[31m[1m>[0m [90m616 |[0m [32m  'l' ΓåÆ in vowels? No ΓåÆ count stays 1[0m
  [90m    |[0m [31m[1m^^^^^^^^^^^^^^^^^^^^^^^^^^^^^^^^^^^^^[0m
[31m[1m>[0m [90m617 |[0m [32m  'l' ΓåÆ in vowels? No ΓåÆ count stays 1[0m
  [90m    |[0m [31m[1m^^^^^^^^^^^^^^^^^^^^^^^^^^^^^^^^^^^^^[0m
[31m[1m>[0m [90m618 |[0m [32m  'o' ΓåÆ in vowels? Yes ΓåÆ count = 2[0m
  [90m    |[0m [31m[1m^^^^^^^^^^^^^^^^^^^^^^^^^^^^^^^^^^[0m
[31m[1m>[0m [90m619 |[0m [32m  ' ' ΓåÆ in vowels? No ΓåÆ count stays 2[0m
  [90m    |[0m [31m[1m^^^^^^^^^^^^^^^^^^^^^^^^^^^^^^^^^^^^^[0m
[31m[1m>[0m [90m620 |[0m [32m  'W' ΓåÆ in vowels? No ΓåÆ count stays 2[0m
  [90m    |[0m [31m[1m^^^^^^^^^^^^^^^^^^^^^^^^^^^^^^^^^^^^^[0m
[31m[1m>[0m [90m621 |[0m [32m  'o' ΓåÆ in vowels? Yes ΓåÆ count = 3[0m
  [90m    |[0m [31m[1m^^^^^^^^^^^^^^^^^^^^^^^^^^^^^^^^^^[0m
[31m[1m>[0m [90m622 |[0m [32m  'r' ΓåÆ in vowels? No ΓåÆ count stays 3[0m
  [90m    |[0m [31m[1m^^^^^^^^^^^^^^^^^^^^^^^^^^^^^^^^^^^^^[0m
[31m[1m>[0m [90m623 |[0m [32m  'l' ΓåÆ in vowels? No ΓåÆ count stays 3[0m
  [90m    |[0m [31m[1m^^^^^^^^^^^^^^^^^^^^^^^^^^^^^^^^^^^^^[0m
[31m[1m>[0m [90m624 |[0m [32m  'd' ΓåÆ in vowels? No ΓåÆ count stays 3[0m
  [90m    |[0m [31m[1m^^^^^^^^^^^^^^^^^^^^^^^^^^^^^^^^^^^^^[0m
[31m[1m>[0m [90m625 |[0m
  [90m    |[0m [31m[1m^[0m
[31m[1m>[0m [90m626 |[0m [32mFinal count: 3[0m
  [90m    |[0m [31m[1m^^^^^^^^^^^^^^[0m
[31m[1m>[0m [90m627 |[0m
  [90m    |[0m [31m[1m^[0m
[31m[1m>[0m [90m628 |[0m [32mTRY THIS:[0m
  [90m    |[0m [31m[1m^^^^^^^^^[0m
[31m[1m>[0m [90m629 |[0m [32m- Count consonants instead of vowels[0m
  [90m    |[0m [31m[1m^^^^^^^^^^^^^^^^^^^^^^^^^^^^^^^^^^^^[0m
[31m[1m>[0m [90m630 |[0m [32m- Count how many times the letter 'l' appears[0m
  [90m    |[0m [31m[1m^^^^^^^^^^^^^^^^^^^^^^^^^^^^^^^^^^^^^^^^^^^^^[0m
[31m[1m>[0m [90m631 |[0m [32m- Use input() to let the user enter any text[0m
  [90m    |[0m [31m[1m^^^^^^^^^^^^^^^^^^^^^^^^^^^^^^^^^^^^^^^^^^^^[0m
[31m[1m>[0m [90m632 |[0m [32m"[0m[32m""[0m
  [90m    |[0m [31m[1m^^^[0m
[31m[1m>[0m [90m633 |[0m
  [90m    |[0m [31m[1m^[0m
[31m[1m>[0m [90m634 |[0m text = [32m"Hello World"[0m
  [90m    |[0m [31m[1m^^^^^^^^^^^^^^^^^^^^[0m
[31m[1m>[0m [90m635 |[0m vowels = [32m"aeiouAEIOU"[0m
  [90m    |[0m [31m[1m^^^^^^^^^^^^^^^^^^^^^[0m
[31m[1m>[0m [90m636 |[0m count = [35m0[0m
  [90m    |[0m [31m[1m^^^^^^^^^[0m
[31m[1m>[0m [90m637 |[0m
  [90m    |[0m [31m[1m^[0m
[31m[1m>[0m [90m638 |[0m [36mfor[0m char [36min[0m text:
  [90m    |[0m [31m[1m^^^^^^^^^^^^^^^^^[0m
[31m[1m>[0m [90m639 |[0m     [36mif[0m char [36min[0m vowels:
  [90m    |[0m [31m[1m^^^^^^^^^^^^^^^^^^^^^^[0m
[31m[1m>[0m [90m640 |[0m         count = count + [35m1[0m
  [90m    |[0m [31m[1m^^^^^^^^^^^^^^^^^^^^^^^^^[0m
[31m[1m>[0m [90m641 |[0m
  [90m    |[0m [31m[1m^[0m
[31m[1m>[0m [90m642 |[0m print([32m"Text:"[0m, text)
  [90m    |[0m [31m[1m^^^^^^^^^^^^^^^^^^^^[0m
[31m[1m>[0m [90m643 |[0m print([32m"Vowel count:"[0m, count)
  [90m    |[0m [31m[1m^^^^^^^^^^^^^^^^^^^^^^^^^^^^[0m
[31m[1m>[0m [90m644 |[0m [32m`,[0m
  [90m    |[0m [31m[1m^[0m
  [90m645 |[0m [32m    funFact: "The 'in' keyword checks membership ΓÇö it returns True if the item exists in 
...[0m
  [90m646 |[0m [32m  },[0m
  [90m647 |[0m [32m  {[0m

Parsing ecmascript source code failed

Import traces:
  App Route:
    ./src/data/pythonPrograms.ts
    ./app/api/admin/users/import-teachers-csv/route.ts

  Client Component Browser:
    ./src/data/pythonPrograms.ts [Client Component Browser]
    ./src/sections/ProgramsSection.tsx [Client Component Browser]
    ./src/sections/ProgramsSection.tsx [Server Component]
    ./app/page.tsx [Server Component]

  Client Component SSR:
    ./src/data/pythonPrograms.ts [Client Component SSR]
    ./src/sections/ProgramsSection.tsx [Client Component SSR]
    ./src/sections/ProgramsSection.tsx [Server Component]
    ./app/page.tsx [Server Component]


./src/data/pythonPrograms.ts:645:14
Cannot assign to this
  [90m643 |[0m ...[32mt:"[0m, count)
  [90m644 |[0m ...
[31m[1m>[0m [90m645 |[0m ...[32m 'in' keyword checks membership ΓÇö it returns True if the item exists in the 
collection!"[0m
  [90m    |[0m    
[31m[1m^^^^^^^^^^^^^^^^^^^^^^^^^^^^^^^^^^^^^^^^^^^^^^^^^^^^^^^^^^^^^^^^^^^^^^^^^^^^^^^^^^^^^^^^^[0m
  [90m646 |[0m ...
  [90m647 |[0m ...
  [90m648 |[0m ...

Parsing ecmascript source code failed

Import traces:
  App Route:
    ./src/data/pythonPrograms.ts
    ./app/api/admin/users/import-teachers-csv/route.ts

  Client Component Browser:
    ./src/data/pythonPrograms.ts [Client Component Browser]
    ./src/sections/ProgramsSection.tsx [Client Component Browser]
    ./src/sections/ProgramsSection.tsx [Server Component]
    ./app/page.tsx [Server Component]

  Client Component SSR:
    ./src/data/pythonPrograms.ts [Client Component SSR]
    ./src/sections/ProgramsSection.tsx [Client Component SSR]
    ./src/sections/ProgramsSection.tsx [Server Component]
    ./app/page.tsx [Server Component]


./src/data/pythonPrograms.ts:648:9
Cannot assign to this
  [90m646 |[0m [32m  },[0m
  [90m647 |[0m [32m  {[0m
[31m[1m>[0m [90m648 |[0m [32m    id: "lp-1",[0m
  [90m    |[0m         [31m[1m^^^^^^[0m
  [90m649 |[0m [32m    title: "Multiplication Table",[0m
  [90m650 |[0m [32m    language: "python",[0m
  [90m651 |[0m [32m    category: "Loops & Patterns",[0m

Parsing ecmascript source code failed

Import traces:
  App Route:
    ./src/data/pythonPrograms.ts
    ./app/api/admin/users/import-teachers-csv/route.ts

  Client Component Browser:
    ./src/data/pythonPrograms.ts [Client Component Browser]
    ./src/sections/ProgramsSection.tsx [Client Component Browser]
    ./src/sections/ProgramsSection.tsx [Server Component]
    ./app/page.tsx [Server Component]

  Client Component SSR:
    ./src/data/pythonPrograms.ts [Client Component SSR]
    ./src/sections/ProgramsSection.tsx [Client Component SSR]
    ./src/sections/ProgramsSection.tsx [Server Component]
    ./app/page.tsx [Server Component]


./src/data/pythonPrograms.ts:649:12
Cannot assign to this
  [90m647 |[0m [32m  {[0m
  [90m648 |[0m [32m    id: "lp-1",[0m
[31m[1m>[0m [90m649 |[0m [32m    title: "Multiplication Table",[0m
  [90m    |[0m            [31m[1m^^^^^^^^^^^^^^^^^^^^^^[0m
  [90m650 |[0m [32m    language: "python",[0m
  [90m651 |[0m [32m    category: "Loops & Patterns",[0m
  [90m652 |[0m [32m    difficulty: "Easy",[0m

Parsing ecmascript source code failed

Import traces:
  App Route:
    ./src/data/pythonPrograms.ts
    ./app/api/admin/users/import-teachers-csv/route.ts

  Client Component Browser:
    ./src/data/pythonPrograms.ts [Client Component Browser]
    ./src/sections/ProgramsSection.tsx [Client Component Browser]
    ./src/sections/ProgramsSection.tsx [Server Component]
    ./app/page.tsx [Server Component]

  Client Component SSR:
    ./src/data/pythonPrograms.ts [Client Component SSR]
    ./src/sections/ProgramsSection.tsx [Client Component SSR]
    ./src/sections/ProgramsSection.tsx [Server Component]
    ./app/page.tsx [Server Component]


./src/data/pythonPrograms.ts:650:15
Cannot assign to this
  [90m648 |[0m [32m    id: "lp-1",[0m
  [90m649 |[0m [32m    title: "Multiplication Table",[0m
[31m[1m>[0m [90m650 |[0m [32m    language: "python",[0m
  [90m    |[0m               [31m[1m^^^^^^^^[0m
  [90m651 |[0m [32m    category: "Loops & Patterns",[0m
  [90m652 |[0m [32m    difficulty: "Easy",[0m
  [90m653 |[0m [32m    classLevel: "Class 8",[0m

Parsing ecmascript source code failed

Import traces:
  App Route:
    ./src/data/pythonPrograms.ts
    ./app/api/admin/users/import-teachers-csv/route.ts

  Client Component Browser:
    ./src/data/pythonPrograms.ts [Client Component Browser]
    ./src/sections/ProgramsSection.tsx [Client Component Browser]
    ./src/sections/ProgramsSection.tsx [Server Component]
    ./app/page.tsx [Server Component]

  Client Component SSR:
    ./src/data/pythonPrograms.ts [Client Component SSR]
    ./src/sections/ProgramsSection.tsx [Client Component SSR]
    ./src/sections/ProgramsSection.tsx [Server Component]
    ./app/page.tsx [Server Component]


./src/data/pythonPrograms.ts:651:15
Cannot assign to this
  [90m649 |[0m [32m    title: "Multiplication Table",[0m
  [90m650 |[0m [32m    language: "python",[0m
[31m[1m>[0m [90m651 |[0m [32m    category: "Loops & Patterns",[0m
  [90m    |[0m               [31m[1m^^^^^^^^^^^^^^^^^^[0m
  [90m652 |[0m [32m    difficulty: "Easy",[0m
  [90m653 |[0m [32m    classLevel: "Class 8",[0m
  [90m654 |[0m [32m    description: "Generate a multiplication table using a for loop with range()",[0m

Parsing ecmascript source code failed

Import traces:
  App Route:
    ./src/data/pythonPrograms.ts
    ./app/api/admin/users/import-teachers-csv/route.ts

  Client Component Browser:
    ./src/data/pythonPrograms.ts [Client Component Browser]
    ./src/sections/ProgramsSection.tsx [Client Component Browser]
    ./src/sections/ProgramsSection.tsx [Server Component]
    ./app/page.tsx [Server Component]

  Client Component SSR:
    ./src/data/pythonPrograms.ts [Client Component SSR]
    ./src/sections/ProgramsSection.tsx [Client Component SSR]
    ./src/sections/ProgramsSection.tsx [Server Component]
    ./app/page.tsx [Server Component]


./src/data/pythonPrograms.ts:652:17
Cannot assign to this
  [90m650 |[0m [32m    language: "python",[0m
  [90m651 |[0m [32m    category: "Loops & Patterns",[0m
[31m[1m>[0m [90m652 |[0m [32m    difficulty: "Easy",[0m
  [90m    |[0m                 [31m[1m^^^^^^[0m
  [90m653 |[0m [32m    classLevel: "Class 8",[0m
  [90m654 |[0m [32m    description: "Generate a multiplication table using a for loop with range()",[0m
  [90m655 |[0m [32m    code: `[0m[32m""[0m[32m"[0m

Parsing ecmascript source code failed

Import traces:
  App Route:
    ./src/data/pythonPrograms.ts
    ./app/api/admin/users/import-teachers-csv/route.ts

  Client Component Browser:
    ./src/data/pythonPrograms.ts [Client Component Browser]
    ./src/sections/ProgramsSection.tsx [Client Component Browser]
    ./src/sections/ProgramsSection.tsx [Server Component]
    ./app/page.tsx [Server Component]

  Client Component SSR:
    ./src/data/pythonPrograms.ts [Client Component SSR]
    ./src/sections/ProgramsSection.tsx [Client Component SSR]
    ./src/sections/ProgramsSection.tsx [Server Component]
    ./app/page.tsx [Server Component]


./src/data/pythonPrograms.ts:653:17
Cannot assign to this
  [90m651 |[0m [32m    category: "Loops & Patterns",[0m
  [90m652 |[0m [32m    difficulty: "Easy",[0m
[31m[1m>[0m [90m653 |[0m [32m    classLevel: "Class 8",[0m
  [90m    |[0m                 [31m[1m^^^^^^^^^[0m
  [90m654 |[0m [32m    description: "Generate a multiplication table using a for loop with range()",[0m
  [90m655 |[0m [32m    code: `[0m[32m""[0m[32m"[0m
  [90m656 |[0m [32m==========================================[0m

Parsing ecmascript source code failed

Import traces:
  App Route:
    ./src/data/pythonPrograms.ts
    ./app/api/admin/users/import-teachers-csv/route.ts

  Client Component Browser:
    ./src/data/pythonPrograms.ts [Client Component Browser]
    ./src/sections/ProgramsSection.tsx [Client Component Browser]
    ./src/sections/ProgramsSection.tsx [Server Component]
    ./app/page.tsx [Server Component]

  Client Component SSR:
    ./src/data/pythonPrograms.ts [Client Component SSR]
    ./src/sections/ProgramsSection.tsx [Client Component SSR]
    ./src/sections/ProgramsSection.tsx [Server Component]
    ./app/page.tsx [Server Component]


./src/data/pythonPrograms.ts:654:18
Cannot assign to this
  [90m652 |[0m [32m    difficulty: "Easy",[0m
  [90m653 |[0m [32m    classLevel: "Class 8",[0m
[31m[1m>[0m [90m654 |[0m [32m    description: "Generate a multiplication table using a for loop with 
range()",[0m
  [90m    |[0m                  [31m[1m^^^^^^^^^^^^^^^^^^^^^^^^^^^^^^^^^^^^^^^^^^^^^^^^^^^^^^^^^^^^^^^[0m
  [90m655 |[0m [32m    code: `[0m[32m""[0m[32m"[0m
  [90m656 |[0m [32m==========================================[0m
  [90m657 |[0m [32mProgram: Multiplication Table[0m

Parsing ecmascript source code failed

Import traces:
  App Route:
    ./src/data/pythonPrograms.ts
    ./app/api/admin/users/import-teachers-csv/route.ts

  Client Component Browser:
    ./src/data/pythonPrograms.ts [Client Component Browser]
    ./src/sections/ProgramsSection.tsx [Client Component Browser]
    ./src/sections/ProgramsSection.tsx [Server Component]
    ./app/page.tsx [Server Component]

  Client Component SSR:
    ./src/data/pythonPrograms.ts [Client Component SSR]
    ./src/sections/ProgramsSection.tsx [Client Component SSR]
    ./src/sections/ProgramsSection.tsx [Server Component]
    ./app/page.tsx [Server Component]


./src/data/pythonPrograms.ts:655:11
Cannot assign to this
  [90m653 |[0m [32m    classLevel: "Class 8",[0m
  [90m654 |[0m [32m    description: "Generate a multiplication table using a for loop with range()",[0m
[31m[1m>[0m [90m655 |[0m [32m    code: `[0m[32m""[0m[32m"[0m
  [90m    |[0m           [31m[1m^^^[0m
[31m[1m>[0m [90m656 |[0m [32m==========================================[0m
  [90m    |[0m [31m[1m^^^^^^^^^^^^^^^^^^^^^^^^^^^^^^^^^^^^^^^^^^[0m
[31m[1m>[0m [90m657 |[0m [32mProgram: Multiplication Table[0m
  [90m    |[0m [31m[1m^^^^^^^^^^^^^^^^^^^^^^^^^^^^^[0m
[31m[1m>[0m [90m658 |[0m [32mTeaches: for loop with range(), formatted output[0m
  [90m    |[0m [31m[1m^^^^^^^^^^^^^^^^^^^^^^^^^^^^^^^^^^^^^^^^^^^^^^^^[0m
[31m[1m>[0m [90m659 |[0m [32mWHY: Tables help learn multiplication. Loops automate[0m
  [90m    |[0m [31m[1m^^^^^^^^^^^^^^^^^^^^^^^^^^^^^^^^^^^^^^^^^^^^^^^^^^^^^[0m
[31m[1m>[0m [90m660 |[0m [32m      repetitive tasks ΓÇö a core programming concept.[0m
  [90m    |[0m [31m[1m^^^^^^^^^^^^^^^^^^^^^^^^^^^^^^^^^^^^^^^^^^^^^^^^^^^^[0m
[31m[1m>[0m [90m661 |[0m [32m==========================================[0m
  [90m    |[0m [31m[1m^^^^^^^^^^^^^^^^^^^^^^^^^^^^^^^^^^^^^^^^^^[0m
[31m[1m>[0m [90m662 |[0m
  [90m    |[0m [31m[1m^[0m
[31m[1m>[0m [90m663 |[0m [32mEXECUTION_TRACE:[0m
  [90m    |[0m [31m[1m^^^^^^^^^^^^^^^^[0m
[31m[1m>[0m [90m664 |[0m [32mnum = 5[0m
  [90m    |[0m [31m[1m^^^^^^^[0m
[31m[1m>[0m [90m665 |[0m [32mfor i in range(1, 11):[0m
  [90m    |[0m [31m[1m^^^^^^^^^^^^^^^^^^^^^^[0m
[31m[1m>[0m [90m666 |[0m [32m  range(1,11) produces: 1, 2, 3, 4, 5, 6, 7, 8, 9, 10[0m
  [90m    |[0m [31m[1m^^^^^^^^^^^^^^^^^^^^^^^^^^^^^^^^^^^^^^^^^^^^^^^^^^^^^[0m
[31m[1m>[0m [90m667 |[0m
  [90m    |[0m [31m[1m^[0m
[31m[1m>[0m [90m668 |[0m [32m  i=1  ΓåÆ print("[0m[35m5[0m x [35m1[0m = [35m5[0m[32m")[0m
  [90m    |[0m [31m[1m^^^^^^^^^^^^^^^^^^^^^^^^^^^[0m
[31m[1m>[0m [90m669 |[0m [32m  i=2  ΓåÆ print("[0m[35m5[0m x [35m2[0m = [35m10[0m[32m")[0m
  [90m    |[0m [31m[1m^^^^^^^^^^^^^^^^^^^^^^^^^^^^[0m
[31m[1m>[0m [90m670 |[0m [32m  i=3  ΓåÆ print("[0m[35m5[0m x [35m3[0m = [35m15[0m[32m")[0m
  [90m    |[0m [31m[1m^^^^^^^^^^^^^^^^^^^^^^^^^^^^[0m
[31m[1m>[0m [90m671 |[0m [32m  i=4  ΓåÆ print("[0m[35m5[0m x [35m4[0m = [35m20[0m[32m")[0m
  [90m    |[0m [31m[1m^^^^^^^^^^^^^^^^^^^^^^^^^^^^[0m
[31m[1m>[0m [90m672 |[0m [32m  i=5  ΓåÆ print("[0m[35m5[0m x [35m5[0m = [35m25[0m[32m")[0m
  [90m    |[0m [31m[1m^^^^^^^^^^^^^^^^^^^^^^^^^^^^[0m
[31m[1m>[0m [90m673 |[0m [32m  i=6  ΓåÆ print("[0m[35m5[0m x [35m6[0m = [35m30[0m[32m")[0m
  [90m    |[0m [31m[1m^^^^^^^^^^^^^^^^^^^^^^^^^^^^[0m
[31m[1m>[0m [90m674 |[0m [32m  i=7  ΓåÆ print("[0m[35m5[0m x [35m7[0m = [35m35[0m[32m")[0m
  [90m    |[0m [31m[1m^^^^^^^^^^^^^^^^^^^^^^^^^^^^[0m
[31m[1m>[0m [90m675 |[0m [32m  i=8  ΓåÆ print("[0m[35m5[0m x [35m8[0m = [35m40[0m[32m")[0m
  [90m    |[0m [31m[1m^^^^^^^^^^^^^^^^^^^^^^^^^^^^[0m
[31m[1m>[0m [90m676 |[0m [32m  i=9  ΓåÆ print("[0m[35m5[0m x [35m9[0m = [35m45[0m[32m")[0m
  [90m    |[0m [31m[1m^^^^^^^^^^^^^^^^^^^^^^^^^^^^[0m
[31m[1m>[0m [90m677 |[0m [32m  i=10 ΓåÆ print("[0m[35m5[0m x [35m10[0m = [35m50[0m[32m")[0m
  [90m    |[0m [31m[1m^^^^^^^^^^^^^^^^^^^^^^^^^^^^^[0m
[31m[1m>[0m [90m678 |[0m
  [90m    |[0m [31m[1m^[0m
[31m[1m>[0m [90m679 |[0m [32mTRY THIS:[0m
  [90m    |[0m [31m[1m^^^^^^^^^[0m
[31m[1m>[0m [90m680 |[0m [32m- Ask the user for a number and print its table[0m
  [90m    |[0m [31m[1m^^^^^^^^^^^^^^^^^^^^^^^^^^^^^^^^^^^^^^^^^^^^^^^[0m
[31m[1m>[0m [90m681 |[0m [32m- Print tables from 1 to 10 using a nested loop[0m
  [90m    |[0m [31m[1m^^^^^^^^^^^^^^^^^^^^^^^^^^^^^^^^^^^^^^^^^^^^^^^[0m
[31m[1m>[0m [90m682 |[0m [32m- Use f-strings: print(f"[0m{num} x {i} = {num*i}[32m")[0m
  [90m    |[0m [31m[1m^^^^^^^^^^^^^^^^^^^^^^^^^^^^^^^^^^^^^^^^^^^^^^^^[0m
[31m[1m>[0m [90m683 |[0m [32m"[0m[32m""[0m
  [90m    |[0m [31m[1m^^^[0m
[31m[1m>[0m [90m684 |[0m
  [90m    |[0m [31m[1m^[0m
[31m[1m>[0m [90m685 |[0m num = [35m5[0m
  [90m    |[0m [31m[1m^^^^^^^[0m
[31m[1m>[0m [90m686 |[0m print([32m"Multiplication table of"[0m, num)
  [90m    |[0m [31m[1m^^^^^^^^^^^^^^^^^^^^^^^^^^^^^^^^^^^^^[0m
[31m[1m>[0m [90m687 |[0m [36mfor[0m i [36min[0m range([35m1[0m, [35m11[0m):
  [90m    |[0m [31m[1m^^^^^^^^^^^^^^^^^^^^^^[0m
[31m[1m>[0m [90m688 |[0m     print(num, [32m"x"[0m, i, [32m"="[0m, num * i)
  [90m    |[0m [31m[1m^^^^^^^^^^^^^^^^^^^^^^^^^^^^^^^^^^^^[0m
[31m[1m>[0m [90m689 |[0m [32m`,[0m
  [90m    |[0m [31m[1m^[0m
  [90m690 |[0m [32m    funFact: "range(1, 11) generates numbers 1 to 10 ΓÇö the end value 11 is EXCLUDED!"[0m
  [90m691 |[0m [32m  },[0m
  [90m692 |[0m [32m  {[0m

Parsing ecmascript source code failed

Import traces:
  App Route:
    ./src/data/pythonPrograms.ts
    ./app/api/admin/users/import-teachers-csv/route.ts

  Client Component Browser:
    ./src/data/pythonPrograms.ts [Client Component Browser]
    ./src/sections/ProgramsSection.tsx [Client Component Browser]
    ./src/sections/ProgramsSection.tsx [Server Component]
    ./app/page.tsx [Server Component]

  Client Component SSR:
    ./src/data/pythonPrograms.ts [Client Component SSR]
    ./src/sections/ProgramsSection.tsx [Client Component SSR]
    ./src/sections/ProgramsSection.tsx [Server Component]
    ./app/page.tsx [Server Component]


./src/data/pythonPrograms.ts:690:14
Cannot assign to this
  [90m688 |[0m     print(num, [32m"x"[0m, i, [32m"="[0m, num * i)
  [90m689 |[0m [32m`,[0m
[31m[1m>[0m [90m690 |[0m [32m    funFact: "range(1, 11) generates numbers 1 to 10 ΓÇö the end value 11 is 
EXCLUDED!"[0m
  [90m    |[0m              [31m[1m^^^^^^^^^^^^^^^^^^^^^^^^^^^^^^^^^^^^^^^^^^^^^^^^^^^^^^^^^^^^^^^^^^^^^^^^[0m
  [90m691 |[0m [32m  },[0m
  [90m692 |[0m [32m  {[0m
  [90m693 |[0m [32m    id: "lp-2",[0m

Parsing ecmascript source code failed

Import traces:
  App Route:
    ./src/data/pythonPrograms.ts
    ./app/api/admin/users/import-teachers-csv/route.ts

  Client Component Browser:
    ./src/data/pythonPrograms.ts [Client Component Browser]
    ./src/sections/ProgramsSection.tsx [Client Component Browser]
    ./src/sections/ProgramsSection.tsx [Server Component]
    ./app/page.tsx [Server Component]

  Client Component SSR:
    ./src/data/pythonPrograms.ts [Client Component SSR]
    ./src/sections/ProgramsSection.tsx [Client Component SSR]
    ./src/sections/ProgramsSection.tsx [Server Component]
    ./app/page.tsx [Server Component]


./src/data/pythonPrograms.ts:693:9
Cannot assign to this
  [90m691 |[0m [32m  },[0m
  [90m692 |[0m [32m  {[0m
[31m[1m>[0m [90m693 |[0m [32m    id: "lp-2",[0m
  [90m    |[0m         [31m[1m^^^^^^[0m
  [90m694 |[0m [32m    title: "Even and Odd Numbers",[0m
  [90m695 |[0m [32m    language: "python",[0m
  [90m696 |[0m [32m    category: "Loops & Patterns",[0m

Parsing ecmascript source code failed

Import traces:
  App Route:
    ./src/data/pythonPrograms.ts
    ./app/api/admin/users/import-teachers-csv/route.ts

  Client Component Browser:
    ./src/data/pythonPrograms.ts [Client Component Browser]
    ./src/sections/ProgramsSection.tsx [Client Component Browser]
    ./src/sections/ProgramsSection.tsx [Server Component]
    ./app/page.tsx [Server Component]

  Client Component SSR:
    ./src/data/pythonPrograms.ts [Client Component SSR]
    ./src/sections/ProgramsSection.tsx [Client Component SSR]
    ./src/sections/ProgramsSection.tsx [Server Component]
    ./app/page.tsx [Server Component]


./src/data/pythonPrograms.ts:694:12
Cannot assign to this
  [90m692 |[0m [32m  {[0m
  [90m693 |[0m [32m    id: "lp-2",[0m
[31m[1m>[0m [90m694 |[0m [32m    title: "Even and Odd Numbers",[0m
  [90m    |[0m            [31m[1m^^^^^^^^^^^^^^^^^^^^^^[0m
  [90m695 |[0m [32m    language: "python",[0m
  [90m696 |[0m [32m    category: "Loops & Patterns",[0m
  [90m697 |[0m [32m    difficulty: "Easy",[0m

Parsing ecmascript source code failed

Import traces:
  App Route:
    ./src/data/pythonPrograms.ts
    ./app/api/admin/users/import-teachers-csv/route.ts

  Client Component Browser:
    ./src/data/pythonPrograms.ts [Client Component Browser]
    ./src/sections/ProgramsSection.tsx [Client Component Browser]
    ./src/sections/ProgramsSection.tsx [Server Component]
    ./app/page.tsx [Server Component]

  Client Component SSR:
    ./src/data/pythonPrograms.ts [Client Component SSR]
    ./src/sections/ProgramsSection.tsx [Client Component SSR]
    ./src/sections/ProgramsSection.tsx [Server Component]
    ./app/page.tsx [Server Component]


./src/data/pythonPrograms.ts:695:15
Cannot assign to this
  [90m693 |[0m [32m    id: "lp-2",[0m
  [90m694 |[0m [32m    title: "Even and Odd Numbers",[0m
[31m[1m>[0m [90m695 |[0m [32m    language: "python",[0m
  [90m    |[0m               [31m[1m^^^^^^^^[0m
  [90m696 |[0m [32m    category: "Loops & Patterns",[0m
  [90m697 |[0m [32m    difficulty: "Easy",[0m
  [90m698 |[0m [32m    classLevel: "Class 8",[0m

Parsing ecmascript source code failed

Import traces:
  App Route:
    ./src/data/pythonPrograms.ts
    ./app/api/admin/users/import-teachers-csv/route.ts

  Client Component Browser:
    ./src/data/pythonPrograms.ts [Client Component Browser]
    ./src/sections/ProgramsSection.tsx [Client Component Browser]
    ./src/sections/ProgramsSection.tsx [Server Component]
    ./app/page.tsx [Server Component]

  Client Component SSR:
    ./src/data/pythonPrograms.ts [Client Component SSR]
    ./src/sections/ProgramsSection.tsx [Client Component SSR]
    ./src/sections/ProgramsSection.tsx [Server Component]
    ./app/page.tsx [Server Component]


./src/data/pythonPrograms.ts:696:15
Cannot assign to this
  [90m694 |[0m [32m    title: "Even and Odd Numbers",[0m
  [90m695 |[0m [32m    language: "python",[0m
[31m[1m>[0m [90m696 |[0m [32m    category: "Loops & Patterns",[0m
  [90m    |[0m               [31m[1m^^^^^^^^^^^^^^^^^^[0m
  [90m697 |[0m [32m    difficulty: "Easy",[0m
  [90m698 |[0m [32m    classLevel: "Class 8",[0m
  [90m699 |[0m [32m    description: "Classify numbers as even or odd using the modulo operator",[0m

Parsing ecmascript source code failed

Import traces:
  App Route:
    ./src/data/pythonPrograms.ts
    ./app/api/admin/users/import-teachers-csv/route.ts

  Client Component Browser:
    ./src/data/pythonPrograms.ts [Client Component Browser]
    ./src/sections/ProgramsSection.tsx [Client Component Browser]
    ./src/sections/ProgramsSection.tsx [Server Component]
    ./app/page.tsx [Server Component]

  Client Component SSR:
    ./src/data/pythonPrograms.ts [Client Component SSR]
    ./src/sections/ProgramsSection.tsx [Client Component SSR]
    ./src/sections/ProgramsSection.tsx [Server Component]
    ./app/page.tsx [Server Component]


./src/data/pythonPrograms.ts:697:17
Cannot assign to this
  [90m695 |[0m [32m    language: "python",[0m
  [90m696 |[0m [32m    category: "Loops & Patterns",[0m
[31m[1m>[0m [90m697 |[0m [32m    difficulty: "Easy",[0m
  [90m    |[0m                 [31m[1m^^^^^^[0m
  [90m698 |[0m [32m    classLevel: "Class 8",[0m
  [90m699 |[0m [32m    description: "Classify numbers as even or odd using the modulo operator",[0m
  [90m700 |[0m [32m    code: `[0m[32m""[0m[32m"[0m

Parsing ecmascript source code failed

Import traces:
  App Route:
    ./src/data/pythonPrograms.ts
    ./app/api/admin/users/import-teachers-csv/route.ts

  Client Component Browser:
    ./src/data/pythonPrograms.ts [Client Component Browser]
    ./src/sections/ProgramsSection.tsx [Client Component Browser]
    ./src/sections/ProgramsSection.tsx [Server Component]
    ./app/page.tsx [Server Component]

  Client Component SSR:
    ./src/data/pythonPrograms.ts [Client Component SSR]
    ./src/sections/ProgramsSection.tsx [Client Component SSR]
    ./src/sections/ProgramsSection.tsx [Server Component]
    ./app/page.tsx [Server Component]


./src/data/pythonPrograms.ts:698:17
Cannot assign to this
  [90m696 |[0m [32m    category: "Loops & Patterns",[0m
  [90m697 |[0m [32m    difficulty: "Easy",[0m
[31m[1m>[0m [90m698 |[0m [32m    classLevel: "Class 8",[0m
  [90m    |[0m                 [31m[1m^^^^^^^^^[0m
  [90m699 |[0m [32m    description: "Classify numbers as even or odd using the modulo operator",[0m
  [90m700 |[0m [32m    code: `[0m[32m""[0m[32m"[0m
  [90m701 |[0m [32m==========================================[0m

Parsing ecmascript source code failed

Import traces:
  App Route:
    ./src/data/pythonPrograms.ts
    ./app/api/admin/users/import-teachers-csv/route.ts

  Client Component Browser:
    ./src/data/pythonPrograms.ts [Client Component Browser]
    ./src/sections/ProgramsSection.tsx [Client Component Browser]
    ./src/sections/ProgramsSection.tsx [Server Component]
    ./app/page.tsx [Server Component]

  Client Component SSR:
    ./src/data/pythonPrograms.ts [Client Component SSR]
    ./src/sections/ProgramsSection.tsx [Client Component SSR]
    ./src/sections/ProgramsSection.tsx [Server Component]
    ./app/page.tsx [Server Component]


./src/data/pythonPrograms.ts:699:18
Cannot assign to this
  [90m697 |[0m [32m    difficulty: "Easy",[0m
  [90m698 |[0m [32m    classLevel: "Class 8",[0m
[31m[1m>[0m [90m699 |[0m [32m    description: "Classify numbers as even or odd using the modulo operator",[0m
  [90m    |[0m                  [31m[1m^^^^^^^^^^^^^^^^^^^^^^^^^^^^^^^^^^^^^^^^^^^^^^^^^^^^^^^^^^^[0m
  [90m700 |[0m [32m    code: `[0m[32m""[0m[32m"[0m
  [90m701 |[0m [32m==========================================[0m
  [90m702 |[0m [32mProgram: Even and Odd Numbers[0m

Parsing ecmascript source code failed

Import traces:
  App Route:
    ./src/data/pythonPrograms.ts
    ./app/api/admin/users/import-teachers-csv/route.ts

  Client Component Browser:
    ./src/data/pythonPrograms.ts [Client Component Browser]
    ./src/sections/ProgramsSection.tsx [Client Component Browser]
    ./src/sections/ProgramsSection.tsx [Server Component]
    ./app/page.tsx [Server Component]

  Client Component SSR:
    ./src/data/pythonPrograms.ts [Client Component SSR]
    ./src/sections/ProgramsSection.tsx [Client Component SSR]
    ./src/sections/ProgramsSection.tsx [Server Component]
    ./app/page.tsx [Server Component]


./src/data/pythonPrograms.ts:700:11
Cannot assign to this
  [90m698 |[0m [32m    classLevel: "Class 8",[0m
  [90m699 |[0m [32m    description: "Classify numbers as even or odd using the modulo operator",[0m
[31m[1m>[0m [90m700 |[0m [32m    code: `[0m[32m""[0m[32m"[0m
  [90m    |[0m           [31m[1m^^^[0m
[31m[1m>[0m [90m701 |[0m [32m==========================================[0m
  [90m    |[0m [31m[1m^^^^^^^^^^^^^^^^^^^^^^^^^^^^^^^^^^^^^^^^^^[0m
[31m[1m>[0m [90m702 |[0m [32mProgram: Even and Odd Numbers[0m
  [90m    |[0m [31m[1m^^^^^^^^^^^^^^^^^^^^^^^^^^^^^[0m
[31m[1m>[0m [90m703 |[0m [32mTeaches: Modulo operator %, conditional logic in loops[0m
  [90m    |[0m [31m[1m^^^^^^^^^^^^^^^^^^^^^^^^^^^^^^^^^^^^^^^^^^^^^^^^^^^^^^[0m
[31m[1m>[0m [90m704 |[0m [32mWHY: Checking even/odd is fundamental in math and programming.[0m
  [90m    |[0m [31m[1m^^^^^^^^^^^^^^^^^^^^^^^^^^^^^^^^^^^^^^^^^^^^^^^^^^^^^^^^^^^^^^[0m
[31m[1m>[0m [90m705 |[0m [32m      The % operator finds remainders ΓÇö used in many algorithms.[0m
  [90m    |[0m [31m[1m^^^^^^^^^^^^^^^^^^^^^^^^^^^^^^^^^^^^^^^^^^^^^^^^^^^^^^^^^^^^^^^^[0m
[31m[1m>[0m [90m706 |[0m [32m==========================================[0m
  [90m    |[0m [31m[1m^^^^^^^^^^^^^^^^^^^^^^^^^^^^^^^^^^^^^^^^^^[0m
[31m[1m>[0m [90m707 |[0m
  [90m    |[0m [31m[1m^[0m
[31m[1m>[0m [90m708 |[0m [32mEXECUTION_TRACE:[0m
  [90m    |[0m [31m[1m^^^^^^^^^^^^^^^^[0m
[31m[1m>[0m [90m709 |[0m [32mfor i in range(1, 11):[0m
  [90m    |[0m [31m[1m^^^^^^^^^^^^^^^^^^^^^^[0m
[31m[1m>[0m [90m710 |[0m [32m  i=1  ΓåÆ 1 % 2 = 1 ΓåÆ not 0 ΓåÆ "[0m[35m1[0m is [33mOdd[0m[32m"[0m
  [90m    |[0m [31m[1m^^^^^^^^^^^^^^^^^^^^^^^^^^^^^^^^^^^^^^^[0m
[31m[1m>[0m [90m711 |[0m [32m  i=2  ΓåÆ 2 % 2 = 0 ΓåÆ equals 0 ΓåÆ "[0m[35m2[0m is [33mEven[0m[32m"[0m
  [90m    |[0m [31m[1m^^^^^^^^^^^^^^^^^^^^^^^^^^^^^^^^^^^^^^^^^^^[0m
[31m[1m>[0m [90m712 |[0m [32m  i=3  ΓåÆ 3 % 2 = 1 ΓåÆ not 0 ΓåÆ "[0m[35m3[0m is [33mOdd[0m[32m"[0m
  [90m    |[0m [31m[1m^^^^^^^^^^^^^^^^^^^^^^^^^^^^^^^^^^^^^^^[0m
[31m[1m>[0m [90m713 |[0m [32m  i=4  ΓåÆ 4 % 2 = 0 ΓåÆ equals 0 ΓåÆ "[0m[35m4[0m is [33mEven[0m[32m"[0m
  [90m    |[0m [31m[1m^^^^^^^^^^^^^^^^^^^^^^^^^^^^^^^^^^^^^^^^^^^[0m
[31m[1m>[0m [90m714 |[0m [32m  ...continues to 10[0m
  [90m    |[0m [31m[1m^^^^^^^^^^^^^^^^^^^^[0m
[31m[1m>[0m [90m715 |[0m
  [90m    |[0m [31m[1m^[0m
[31m[1m>[0m [90m716 |[0m [32mTRY THIS:[0m
  [90m    |[0m [31m[1m^^^^^^^^^[0m
[31m[1m>[0m [90m717 |[0m [32m- Print only even numbers from 1 to 20[0m
  [90m    |[0m [31m[1m^^^^^^^^^^^^^^^^^^^^^^^^^^^^^^^^^^^^^^[0m
[31m[1m>[0m [90m718 |[0m [32m- Print only odd numbers using a different approach[0m
  [90m    |[0m [31m[1m^^^^^^^^^^^^^^^^^^^^^^^^^^^^^^^^^^^^^^^^^^^^^^^^^^^[0m
[31m[1m>[0m [90m719 |[0m [32m- What is 0 % 2? Is 0 even or odd?[0m
  [90m    |[0m [31m[1m^^^^^^^^^^^^^^^^^^^^^^^^^^^^^^^^^^[0m
[31m[1m>[0m [90m720 |[0m [32m"[0m[32m""[0m
  [90m    |[0m [31m[1m^^^[0m
[31m[1m>[0m [90m721 |[0m
  [90m    |[0m [31m[1m^[0m
[31m[1m>[0m [90m722 |[0m print([32m"Even and Odd numbers from 1 to 10:"[0m)
  [90m    |[0m [31m[1m^^^^^^^^^^^^^^^^^^^^^^^^^^^^^^^^^^^^^^^^^^^[0m
[31m[1m>[0m [90m723 |[0m [36mfor[0m i [36min[0m range([35m1[0m, [35m11[0m):
  [90m    |[0m [31m[1m^^^^^^^^^^^^^^^^^^^^^^[0m
[31m[1m>[0m [90m724 |[0m     [36mif[0m i % [35m2[0m == [35m0[0m:
  [90m    |[0m [31m[1m^^^^^^^^^^^^^^^^^^[0m
[31m[1m>[0m [90m725 |[0m         print(i, [32m"is Even"[0m)
  [90m    |[0m [31m[1m^^^^^^^^^^^^^^^^^^^^^^^^^^^[0m
[31m[1m>[0m [90m726 |[0m     [36melse[0m:
  [90m    |[0m [31m[1m^^^^^^^^^[0m
[31m[1m>[0m [90m727 |[0m         print(i, [32m"is Odd"[0m)
  [90m    |[0m [31m[1m^^^^^^^^^^^^^^^^^^^^^^^^^^[0m
[31m[1m>[0m [90m728 |[0m [32m`,[0m
  [90m    |[0m [31m[1m^[0m
  [90m729 |[0m [32m    funFact: "A number is even if it has NO remainder when divided by 2 ΓÇö the modulo 
test...[0m
  [90m730 |[0m [32m  },[0m
  [90m731 |[0m [32m  {[0m

Parsing ecmascript source code failed

Import traces:
  App Route:
    ./src/data/pythonPrograms.ts
    ./app/api/admin/users/import-teachers-csv/route.ts

  Client Component Browser:
    ./src/data/pythonPrograms.ts [Client Component Browser]
    ./src/sections/ProgramsSection.tsx [Client Component Browser]
    ./src/sections/ProgramsSection.tsx [Server Component]
    ./app/page.tsx [Server Component]

  Client Component SSR:
    ./src/data/pythonPrograms.ts [Client Component SSR]
    ./src/sections/ProgramsSection.tsx [Client Component SSR]
    ./src/sections/ProgramsSection.tsx [Server Component]
    ./app/page.tsx [Server Component]


./src/data/pythonPrograms.ts:729:14
Cannot assign to this
  [90m727 |[0m ...[32m"[0m)
  [90m728 |[0m ...
[31m[1m>[0m [90m729 |[0m ...[32ms even if it has NO remainder when divided by 2 ΓÇö the modulo test is the 
fastest way t...[0m
  [90m    |[0m    
[31m[1m^^^^^^^^^^^^^^^^^^^^^^^^^^^^^^^^^^^^^^^^^^^^^^^^^^^^^^^^^^^^^^^^^^^^^^^^^^^^^^^^^^^^^^^^^[0m
  [90m730 |[0m ...
  [90m731 |[0m ...
  [90m732 |[0m ...

Parsing ecmascript source code failed

Import traces:
  App Route:
    ./src/data/pythonPrograms.ts
    ./app/api/admin/users/import-teachers-csv/route.ts

  Client Component Browser:
    ./src/data/pythonPrograms.ts [Client Component Browser]
    ./src/sections/ProgramsSection.tsx [Client Component Browser]
    ./src/sections/ProgramsSection.tsx [Server Component]
    ./app/page.tsx [Server Component]

  Client Component SSR:
    ./src/data/pythonPrograms.ts [Client Component SSR]
    ./src/sections/ProgramsSection.tsx [Client Component SSR]
    ./src/sections/ProgramsSection.tsx [Server Component]
    ./app/page.tsx [Server Component]


./src/data/pythonPrograms.ts:732:9
Cannot assign to this
  [90m730 |[0m [32m  },[0m
  [90m731 |[0m [32m  {[0m
[31m[1m>[0m [90m732 |[0m [32m    id: "lp-3",[0m
  [90m    |[0m         [31m[1m^^^^^^[0m
  [90m733 |[0m [32m    title: "Sum of N Numbers",[0m
  [90m734 |[0m [32m    language: "python",[0m
  [90m735 |[0m [32m    category: "Loops & Patterns",[0m

Parsing ecmascript source code failed

Import traces:
  App Route:
    ./src/data/pythonPrograms.ts
    ./app/api/admin/users/import-teachers-csv/route.ts

  Client Component Browser:
    ./src/data/pythonPrograms.ts [Client Component Browser]
    ./src/sections/ProgramsSection.tsx [Client Component Browser]
    ./src/sections/ProgramsSection.tsx [Server Component]
    ./app/page.tsx [Server Component]

  Client Component SSR:
    ./src/data/pythonPrograms.ts [Client Component SSR]
    ./src/sections/ProgramsSection.tsx [Client Component SSR]
    ./src/sections/ProgramsSection.tsx [Server Component]
    ./app/page.tsx [Server Component]


./src/data/pythonPrograms.ts:733:12
Cannot assign to this
  [90m731 |[0m [32m  {[0m
  [90m732 |[0m [32m    id: "lp-3",[0m
[31m[1m>[0m [90m733 |[0m [32m    title: "Sum of N Numbers",[0m
  [90m    |[0m            [31m[1m^^^^^^^^^^^^^^^^^^[0m
  [90m734 |[0m [32m    language: "python",[0m
  [90m735 |[0m [32m    category: "Loops & Patterns",[0m
  [90m736 |[0m [32m    difficulty: "Easy",[0m

Parsing ecmascript source code failed

Import traces:
  App Route:
    ./src/data/pythonPrograms.ts
    ./app/api/admin/users/import-teachers-csv/route.ts

  Client Component Browser:
    ./src/data/pythonPrograms.ts [Client Component Browser]
    ./src/sections/ProgramsSection.tsx [Client Component Browser]
    ./src/sections/ProgramsSection.tsx [Server Component]
    ./app/page.tsx [Server Component]

  Client Component SSR:
    ./src/data/pythonPrograms.ts [Client Component SSR]
    ./src/sections/ProgramsSection.tsx [Client Component SSR]
    ./src/sections/ProgramsSection.tsx [Server Component]
    ./app/page.tsx [Server Component]


./src/data/pythonPrograms.ts:734:15
Cannot assign to this
  [90m732 |[0m [32m    id: "lp-3",[0m
  [90m733 |[0m [32m    title: "Sum of N Numbers",[0m
[31m[1m>[0m [90m734 |[0m [32m    language: "python",[0m
  [90m    |[0m               [31m[1m^^^^^^^^[0m
  [90m735 |[0m [32m    category: "Loops & Patterns",[0m
  [90m736 |[0m [32m    difficulty: "Easy",[0m
  [90m737 |[0m [32m    classLevel: "Class 8",[0m

Parsing ecmascript source code failed

Import traces:
  App Route:
    ./src/data/pythonPrograms.ts
    ./app/api/admin/users/import-teachers-csv/route.ts

  Client Component Browser:
    ./src/data/pythonPrograms.ts [Client Component Browser]
    ./src/sections/ProgramsSection.tsx [Client Component Browser]
    ./src/sections/ProgramsSection.tsx [Server Component]
    ./app/page.tsx [Server Component]

  Client Component SSR:
    ./src/data/pythonPrograms.ts [Client Component SSR]
    ./src/sections/ProgramsSection.tsx [Client Component SSR]
    ./src/sections/ProgramsSection.tsx [Server Component]
    ./app/page.tsx [Server Component]


./src/data/pythonPrograms.ts:735:15
Cannot assign to this
  [90m733 |[0m [32m    title: "Sum of N Numbers",[0m
  [90m734 |[0m [32m    language: "python",[0m
[31m[1m>[0m [90m735 |[0m [32m    category: "Loops & Patterns",[0m
  [90m    |[0m               [31m[1m^^^^^^^^^^^^^^^^^^[0m
  [90m736 |[0m [32m    difficulty: "Easy",[0m
  [90m737 |[0m [32m    classLevel: "Class 8",[0m
  [90m738 |[0m [32m    description: "Calculate the sum of numbers using an accumulator pattern",[0m

Parsing ecmascript source code failed

Import traces:
  App Route:
    ./src/data/pythonPrograms.ts
    ./app/api/admin/users/import-teachers-csv/route.ts

  Client Component Browser:
    ./src/data/pythonPrograms.ts [Client Component Browser]
    ./src/sections/ProgramsSection.tsx [Client Component Browser]
    ./src/sections/ProgramsSection.tsx [Server Component]
    ./app/page.tsx [Server Component]

  Client Component SSR:
    ./src/data/pythonPrograms.ts [Client Component SSR]
    ./src/sections/ProgramsSection.tsx [Client Component SSR]
    ./src/sections/ProgramsSection.tsx [Server Component]
    ./app/page.tsx [Server Component]


./src/data/pythonPrograms.ts:736:17
Cannot assign to this
  [90m734 |[0m [32m    language: "python",[0m
  [90m735 |[0m [32m    category: "Loops & Patterns",[0m
[31m[1m>[0m [90m736 |[0m [32m    difficulty: "Easy",[0m
  [90m    |[0m                 [31m[1m^^^^^^[0m
  [90m737 |[0m [32m    classLevel: "Class 8",[0m
  [90m738 |[0m [32m    description: "Calculate the sum of numbers using an accumulator pattern",[0m
  [90m739 |[0m [32m    code: `[0m[32m""[0m[32m"[0m

Parsing ecmascript source code failed

Import traces:
  App Route:
    ./src/data/pythonPrograms.ts
    ./app/api/admin/users/import-teachers-csv/route.ts

  Client Component Browser:
    ./src/data/pythonPrograms.ts [Client Component Browser]
    ./src/sections/ProgramsSection.tsx [Client Component Browser]
    ./src/sections/ProgramsSection.tsx [Server Component]
    ./app/page.tsx [Server Component]

  Client Component SSR:
    ./src/data/pythonPrograms.ts [Client Component SSR]
    ./src/sections/ProgramsSection.tsx [Client Component SSR]
    ./src/sections/ProgramsSection.tsx [Server Component]
    ./app/page.tsx [Server Component]


./src/data/pythonPrograms.ts:737:17
Cannot assign to this
  [90m735 |[0m [32m    category: "Loops & Patterns",[0m
  [90m736 |[0m [32m    difficulty: "Easy",[0m
[31m[1m>[0m [90m737 |[0m [32m    classLevel: "Class 8",[0m
  [90m    |[0m                 [31m[1m^^^^^^^^^[0m
  [90m738 |[0m [32m    description: "Calculate the sum of numbers using an accumulator pattern",[0m
  [90m739 |[0m [32m    code: `[0m[32m""[0m[32m"[0m
  [90m740 |[0m [32m==========================================[0m

Parsing ecmascript source code failed

Import traces:
  App Route:
    ./src/data/pythonPrograms.ts
    ./app/api/admin/users/import-teachers-csv/route.ts

  Client Component Browser:
    ./src/data/pythonPrograms.ts [Client Component Browser]
    ./src/sections/ProgramsSection.tsx [Client Component Browser]
    ./src/sections/ProgramsSection.tsx [Server Component]
    ./app/page.tsx [Server Component]

  Client Component SSR:
    ./src/data/pythonPrograms.ts [Client Component SSR]
    ./src/sections/ProgramsSection.tsx [Client Component SSR]
    ./src/sections/ProgramsSection.tsx [Server Component]
    ./app/page.tsx [Server Component]


./src/data/pythonPrograms.ts:738:18
Cannot assign to this
  [90m736 |[0m [32m    difficulty: "Easy",[0m
  [90m737 |[0m [32m    classLevel: "Class 8",[0m
[31m[1m>[0m [90m738 |[0m [32m    description: "Calculate the sum of numbers using an accumulator pattern",[0m
  [90m    |[0m                  [31m[1m^^^^^^^^^^^^^^^^^^^^^^^^^^^^^^^^^^^^^^^^^^^^^^^^^^^^^^^^^^^[0m
  [90m739 |[0m [32m    code: `[0m[32m""[0m[32m"[0m
  [90m740 |[0m [32m==========================================[0m
  [90m741 |[0m [32mProgram: Sum of N Numbers[0m

Parsing ecmascript source code failed

Import traces:
  App Route:
    ./src/data/pythonPrograms.ts
    ./app/api/admin/users/import-teachers-csv/route.ts

  Client Component Browser:
    ./src/data/pythonPrograms.ts [Client Component Browser]
    ./src/sections/ProgramsSection.tsx [Client Component Browser]
    ./src/sections/ProgramsSection.tsx [Server Component]
    ./app/page.tsx [Server Component]

  Client Component SSR:
    ./src/data/pythonPrograms.ts [Client Component SSR]
    ./src/sections/ProgramsSection.tsx [Client Component SSR]
    ./src/sections/ProgramsSection.tsx [Server Component]
    ./app/page.tsx [Server Component]


./src/data/pythonPrograms.ts:739:11
Cannot assign to this
  [90m737 |[0m [32m    classLevel: "Class 8",[0m
  [90m738 |[0m [32m    description: "Calculate the sum of numbers using an accumulator pattern",[0m
[31m[1m>[0m [90m739 |[0m [32m    code: `[0m[32m""[0m[32m"[0m
  [90m    |[0m           [31m[1m^^^[0m
[31m[1m>[0m [90m740 |[0m [32m==========================================[0m
  [90m    |[0m [31m[1m^^^^^^^^^^^^^^^^^^^^^^^^^^^^^^^^^^^^^^^^^^[0m
[31m[1m>[0m [90m741 |[0m [32mProgram: Sum of N Numbers[0m
  [90m    |[0m [31m[1m^^^^^^^^^^^^^^^^^^^^^^^^^[0m
[31m[1m>[0m [90m742 |[0m [32mTeaches: Accumulator pattern ΓÇö running total in a loop[0m
  [90m    |[0m [31m[1m^^^^^^^^^^^^^^^^^^^^^^^^^^^^^^^^^^^^^^^^^^^^^^^^^^^^^^[0m
[31m[1m>[0m [90m743 |[0m [32mWHY: Accumulators are used everywhere: summing scores,[0m
  [90m    |[0m [31m[1m^^^^^^^^^^^^^^^^^^^^^^^^^^^^^^^^^^^^^^^^^^^^^^^^^^^^^^[0m
[31m[1m>[0m [90m744 |[0m [32m      counting items, accumulating data in real programs.[0m
  [90m    |[0m [31m[1m^^^^^^^^^^^^^^^^^^^^^^^^^^^^^^^^^^^^^^^^^^^^^^^^^^^^^^^^^[0m
[31m[1m>[0m [90m745 |[0m [32m==========================================[0m
  [90m    |[0m [31m[1m^^^^^^^^^^^^^^^^^^^^^^^^^^^^^^^^^^^^^^^^^^[0m
[31m[1m>[0m [90m746 |[0m
  [90m    |[0m [31m[1m^[0m
[31m[1m>[0m [90m747 |[0m [32mEXECUTION_TRACE:[0m
  [90m    |[0m [31m[1m^^^^^^^^^^^^^^^^[0m
[31m[1m>[0m [90m748 |[0m [32mn = 5, total = 0[0m
  [90m    |[0m [31m[1m^^^^^^^^^^^^^^^^[0m
[31m[1m>[0m [90m749 |[0m
  [90m    |[0m [31m[1m^[0m
[31m[1m>[0m [90m750 |[0m [32mi=1: total = 0 + 1 = 1[0m
  [90m    |[0m [31m[1m^^^^^^^^^^^^^^^^^^^^^^[0m
[31m[1m>[0m [90m751 |[0m [32mi=2: total = 1 + 2 = 3[0m
  [90m    |[0m [31m[1m^^^^^^^^^^^^^^^^^^^^^^[0m
[31m[1m>[0m [90m752 |[0m [32mi=3: total = 3 + 3 = 6[0m
  [90m    |[0m [31m[1m^^^^^^^^^^^^^^^^^^^^^^[0m
[31m[1m>[0m [90m753 |[0m [32mi=4: total = 6 + 4 = 10[0m
  [90m    |[0m [31m[1m^^^^^^^^^^^^^^^^^^^^^^^[0m
[31m[1m>[0m [90m754 |[0m [32mi=5: total = 10 + 5 = 15[0m
  [90m    |[0m [31m[1m^^^^^^^^^^^^^^^^^^^^^^^^[0m
[31m[1m>[0m [90m755 |[0m
  [90m    |[0m [31m[1m^[0m
[31m[1m>[0m [90m756 |[0m [32mFinal total: 15[0m
  [90m    |[0m [31m[1m^^^^^^^^^^^^^^^[0m
[31m[1m>[0m [90m757 |[0m
  [90m    |[0m [31m[1m^[0m
[31m[1m>[0m [90m758 |[0m [32mTRY THIS:[0m
  [90m    |[0m [31m[1m^^^^^^^^^[0m
[31m[1m>[0m [90m759 |[0m [32m- Calculate the sum of even numbers from 1 to 10[0m
  [90m    |[0m [31m[1m^^^^^^^^^^^^^^^^^^^^^^^^^^^^^^^^^^^^^^^^^^^^^^^^[0m
[31m[1m>[0m [90m760 |[0m [32m- Calculate the product of 1 to 5 (hint: start with 1, use *)[0m
  [90m    |[0m [31m[1m^^^^^^^^^^^^^^^^^^^^^^^^^^^^^^^^^^^^^^^^^^^^^^^^^^^^^^^^^^^^^[0m
[31m[1m>[0m [90m761 |[0m [32m- Use input() to let the user choose n[0m
  [90m    |[0m [31m[1m^^^^^^^^^^^^^^^^^^^^^^^^^^^^^^^^^^^^^^[0m
[31m[1m>[0m [90m762 |[0m [32m"[0m[32m""[0m
  [90m    |[0m [31m[1m^^^[0m
[31m[1m>[0m [90m763 |[0m
  [90m    |[0m [31m[1m^[0m
[31m[1m>[0m [90m764 |[0m n = [35m5[0m
  [90m    |[0m [31m[1m^^^^^[0m
[31m[1m>[0m [90m765 |[0m total = [35m0[0m
  [90m    |[0m [31m[1m^^^^^^^^^[0m
[31m[1m>[0m [90m766 |[0m
  [90m    |[0m [31m[1m^[0m
[31m[1m>[0m [90m767 |[0m [36mfor[0m i [36min[0m range([35m1[0m, n + [35m1[0m):
  [90m    |[0m [31m[1m^^^^^^^^^^^^^^^^^^^^^^^^^[0m
[31m[1m>[0m [90m768 |[0m     total = total + i
  [90m    |[0m [31m[1m^^^^^^^^^^^^^^^^^^^^^[0m
[31m[1m>[0m [90m769 |[0m
  [90m    |[0m [31m[1m^[0m
[31m[1m>[0m [90m770 |[0m print([32m"Sum of 1 to"[0m, n, [32m"is:"[0m, total)
  [90m    |[0m [31m[1m^^^^^^^^^^^^^^^^^^^^^^^^^^^^^^^^^^^^^[0m
[31m[1m>[0m [90m771 |[0m [32m`,[0m
  [90m    |[0m [31m[1m^[0m
  [90m772 |[0m [32m    funFact: "Python has a built-in sum() function: sum(range(1, 6)) gives 15 directly!"[0m
  [90m773 |[0m [32m  },[0m
  [90m774 |[0m [32m  {[0m

Parsing ecmascript source code failed

Import traces:
  App Route:
    ./src/data/pythonPrograms.ts
    ./app/api/admin/users/import-teachers-csv/route.ts

  Client Component Browser:
    ./src/data/pythonPrograms.ts [Client Component Browser]
    ./src/sections/ProgramsSection.tsx [Client Component Browser]
    ./src/sections/ProgramsSection.tsx [Server Component]
    ./app/page.tsx [Server Component]

  Client Component SSR:
    ./src/data/pythonPrograms.ts [Client Component SSR]
    ./src/sections/ProgramsSection.tsx [Client Component SSR]
    ./src/sections/ProgramsSection.tsx [Server Component]
    ./app/page.tsx [Server Component]


./src/data/pythonPrograms.ts:772:14
Cannot assign to this
  [90m770 |[0m print([32m"Sum of 1 to"[0m, n, [32m"is:"[0m, total)
  [90m771 |[0m [32m`,[0m
[31m[1m>[0m [90m772 |[0m [32m    funFact: "Python has a built-in sum() function: sum(range(1, 6)) gives 15 
directly!"[0m
  [90m    |[0m              [31m[1m^^^^^^^^^^^^^^^^^^^^^^^^^^^^^^^^^^^^^^^^^^^^^^^^^^^^^^^^^^^^^^^^^^^^^^^^^^^[0m
  [90m773 |[0m [32m  },[0m
  [90m774 |[0m [32m  {[0m
  [90m775 |[0m [32m    id: "lp-4",[0m

Parsing ecmascript source code failed

Import traces:
  App Route:
    ./src/data/pythonPrograms.ts
    ./app/api/admin/users/import-teachers-csv/route.ts

  Client Component Browser:
    ./src/data/pythonPrograms.ts [Client Component Browser]
    ./src/sections/ProgramsSection.tsx [Client Component Browser]
    ./src/sections/ProgramsSection.tsx [Server Component]
    ./app/page.tsx [Server Component]

  Client Component SSR:
    ./src/data/pythonPrograms.ts [Client Component SSR]
    ./src/sections/ProgramsSection.tsx [Client Component SSR]
    ./src/sections/ProgramsSection.tsx [Server Component]
    ./app/page.tsx [Server Component]


./src/data/pythonPrograms.ts:775:9
Cannot assign to this
  [90m773 |[0m [32m  },[0m
  [90m774 |[0m [32m  {[0m
[31m[1m>[0m [90m775 |[0m [32m    id: "lp-4",[0m
  [90m    |[0m         [31m[1m^^^^^^[0m
  [90m776 |[0m [32m    title: "Star Triangle",[0m
  [90m777 |[0m [32m    language: "python",[0m
  [90m778 |[0m [32m    category: "Loops & Patterns",[0m

Parsing ecmascript source code failed

Import traces:
  App Route:
    ./src/data/pythonPrograms.ts
    ./app/api/admin/users/import-teachers-csv/route.ts

  Client Component Browser:
    ./src/data/pythonPrograms.ts [Client Component Browser]
    ./src/sections/ProgramsSection.tsx [Client Component Browser]
    ./src/sections/ProgramsSection.tsx [Server Component]
    ./app/page.tsx [Server Component]

  Client Component SSR:
    ./src/data/pythonPrograms.ts [Client Component SSR]
    ./src/sections/ProgramsSection.tsx [Client Component SSR]
    ./src/sections/ProgramsSection.tsx [Server Component]
    ./app/page.tsx [Server Component]


./src/data/pythonPrograms.ts:776:12
Cannot assign to this
  [90m774 |[0m [32m  {[0m
  [90m775 |[0m [32m    id: "lp-4",[0m
[31m[1m>[0m [90m776 |[0m [32m    title: "Star Triangle",[0m
  [90m    |[0m            [31m[1m^^^^^^^^^^^^^^^[0m
  [90m777 |[0m [32m    language: "python",[0m
  [90m778 |[0m [32m    category: "Loops & Patterns",[0m
  [90m779 |[0m [32m    difficulty: "Easy",[0m

Parsing ecmascript source code failed

Import traces:
  App Route:
    ./src/data/pythonPrograms.ts
    ./app/api/admin/users/import-teachers-csv/route.ts

  Client Component Browser:
    ./src/data/pythonPrograms.ts [Client Component Browser]
    ./src/sections/ProgramsSection.tsx [Client Component Browser]
    ./src/sections/ProgramsSection.tsx [Server Component]
    ./app/page.tsx [Server Component]

  Client Component SSR:
    ./src/data/pythonPrograms.ts [Client Component SSR]
    ./src/sections/ProgramsSection.tsx [Client Component SSR]
    ./src/sections/ProgramsSection.tsx [Server Component]
    ./app/page.tsx [Server Component]


./src/data/pythonPrograms.ts:777:15
Cannot assign to this
  [90m775 |[0m [32m    id: "lp-4",[0m
  [90m776 |[0m [32m    title: "Star Triangle",[0m
[31m[1m>[0m [90m777 |[0m [32m    language: "python",[0m
  [90m    |[0m               [31m[1m^^^^^^^^[0m
  [90m778 |[0m [32m    category: "Loops & Patterns",[0m
  [90m779 |[0m [32m    difficulty: "Easy",[0m
  [90m780 |[0m [32m    classLevel: "Class 8",[0m

Parsing ecmascript source code failed

Import traces:
  App Route:
    ./src/data/pythonPrograms.ts
    ./app/api/admin/users/import-teachers-csv/route.ts

  Client Component Browser:
    ./src/data/pythonPrograms.ts [Client Component Browser]
    ./src/sections/ProgramsSection.tsx [Client Component Browser]
    ./src/sections/ProgramsSection.tsx [Server Component]
    ./app/page.tsx [Server Component]

  Client Component SSR:
    ./src/data/pythonPrograms.ts [Client Component SSR]
    ./src/sections/ProgramsSection.tsx [Client Component SSR]
    ./src/sections/ProgramsSection.tsx [Server Component]
    ./app/page.tsx [Server Component]


./src/data/pythonPrograms.ts:778:15
Cannot assign to this
  [90m776 |[0m [32m    title: "Star Triangle",[0m
  [90m777 |[0m [32m    language: "python",[0m
[31m[1m>[0m [90m778 |[0m [32m    category: "Loops & Patterns",[0m
  [90m    |[0m               [31m[1m^^^^^^^^^^^^^^^^^^[0m
  [90m779 |[0m [32m    difficulty: "Easy",[0m
  [90m780 |[0m [32m    classLevel: "Class 8",[0m
  [90m781 |[0m [32m    description: "Create a right-angled triangle pattern using nested for loops",[0m

Parsing ecmascript source code failed

Import traces:
  App Route:
    ./src/data/pythonPrograms.ts
    ./app/api/admin/users/import-teachers-csv/route.ts

  Client Component Browser:
    ./src/data/pythonPrograms.ts [Client Component Browser]
    ./src/sections/ProgramsSection.tsx [Client Component Browser]
    ./src/sections/ProgramsSection.tsx [Server Component]
    ./app/page.tsx [Server Component]

  Client Component SSR:
    ./src/data/pythonPrograms.ts [Client Component SSR]
    ./src/sections/ProgramsSection.tsx [Client Component SSR]
    ./src/sections/ProgramsSection.tsx [Server Component]
    ./app/page.tsx [Server Component]


./src/data/pythonPrograms.ts:779:17
Cannot assign to this
  [90m777 |[0m [32m    language: "python",[0m
  [90m778 |[0m [32m    category: "Loops & Patterns",[0m
[31m[1m>[0m [90m779 |[0m [32m    difficulty: "Easy",[0m
  [90m    |[0m                 [31m[1m^^^^^^[0m
  [90m780 |[0m [32m    classLevel: "Class 8",[0m
  [90m781 |[0m [32m    description: "Create a right-angled triangle pattern using nested for loops",[0m
  [90m782 |[0m [32m    code: `[0m[32m""[0m[32m"[0m

Parsing ecmascript source code failed

Import traces:
  App Route:
    ./src/data/pythonPrograms.ts
    ./app/api/admin/users/import-teachers-csv/route.ts

  Client Component Browser:
    ./src/data/pythonPrograms.ts [Client Component Browser]
    ./src/sections/ProgramsSection.tsx [Client Component Browser]
    ./src/sections/ProgramsSection.tsx [Server Component]
    ./app/page.tsx [Server Component]

  Client Component SSR:
    ./src/data/pythonPrograms.ts [Client Component SSR]
    ./src/sections/ProgramsSection.tsx [Client Component SSR]
    ./src/sections/ProgramsSection.tsx [Server Component]
    ./app/page.tsx [Server Component]


./src/data/pythonPrograms.ts:780:17
Cannot assign to this
  [90m778 |[0m [32m    category: "Loops & Patterns",[0m
  [90m779 |[0m [32m    difficulty: "Easy",[0m
[31m[1m>[0m [90m780 |[0m [32m    classLevel: "Class 8",[0m
  [90m    |[0m                 [31m[1m^^^^^^^^^[0m
  [90m781 |[0m [32m    description: "Create a right-angled triangle pattern using nested for loops",[0m
  [90m782 |[0m [32m    code: `[0m[32m""[0m[32m"[0m
  [90m783 |[0m [32m==========================================[0m

Parsing ecmascript source code failed

Import traces:
  App Route:
    ./src/data/pythonPrograms.ts
    ./app/api/admin/users/import-teachers-csv/route.ts

  Client Component Browser:
    ./src/data/pythonPrograms.ts [Client Component Browser]
    ./src/sections/ProgramsSection.tsx [Client Component Browser]
    ./src/sections/ProgramsSection.tsx [Server Component]
    ./app/page.tsx [Server Component]

  Client Component SSR:
    ./src/data/pythonPrograms.ts [Client Component SSR]
    ./src/sections/ProgramsSection.tsx [Client Component SSR]
    ./src/sections/ProgramsSection.tsx [Server Component]
    ./app/page.tsx [Server Component]


./src/data/pythonPrograms.ts:781:18
Cannot assign to this
  [90m779 |[0m [32m    difficulty: "Easy",[0m
  [90m780 |[0m [32m    classLevel: "Class 8",[0m
[31m[1m>[0m [90m781 |[0m [32m    description: "Create a right-angled triangle pattern using nested for 
loops",[0m
  [90m    |[0m                  [31m[1m^^^^^^^^^^^^^^^^^^^^^^^^^^^^^^^^^^^^^^^^^^^^^^^^^^^^^^^^^^^^^^^[0m
  [90m782 |[0m [32m    code: `[0m[32m""[0m[32m"[0m
  [90m783 |[0m [32m==========================================[0m
  [90m784 |[0m [32mProgram: Star Triangle[0m

Parsing ecmascript source code failed

Import traces:
  App Route:
    ./src/data/pythonPrograms.ts
    ./app/api/admin/users/import-teachers-csv/route.ts

  Client Component Browser:
    ./src/data/pythonPrograms.ts [Client Component Browser]
    ./src/sections/ProgramsSection.tsx [Client Component Browser]
    ./src/sections/ProgramsSection.tsx [Server Component]
    ./app/page.tsx [Server Component]

  Client Component SSR:
    ./src/data/pythonPrograms.ts [Client Component SSR]
    ./src/sections/ProgramsSection.tsx [Client Component SSR]
    ./src/sections/ProgramsSection.tsx [Server Component]
    ./app/page.tsx [Server Component]


./src/data/pythonPrograms.ts:782:11
Cannot assign to this
  [90m780 |[0m [32m    classLevel: "Class 8",[0m
  [90m781 |[0m [32m    description: "Create a right-angled triangle pattern using nested for loops",[0m
[31m[1m>[0m [90m782 |[0m [32m    code: `[0m[32m""[0m[32m"[0m
  [90m    |[0m           [31m[1m^^^[0m
[31m[1m>[0m [90m783 |[0m [32m==========================================[0m
  [90m    |[0m [31m[1m^^^^^^^^^^^^^^^^^^^^^^^^^^^^^^^^^^^^^^^^^^[0m
[31m[1m>[0m [90m784 |[0m [32mProgram: Star Triangle[0m
  [90m    |[0m [31m[1m^^^^^^^^^^^^^^^^^^^^^^[0m
[31m[1m>[0m [90m785 |[0m [32mTeaches: Nested for loops, pattern printing[0m
  [90m    |[0m [31m[1m^^^^^^^^^^^^^^^^^^^^^^^^^^^^^^^^^^^^^^^^^^^[0m
[31m[1m>[0m [90m786 |[0m [32mWHY: Pattern printing builds logic skills and teaches[0m
  [90m    |[0m [31m[1m^^^^^^^^^^^^^^^^^^^^^^^^^^^^^^^^^^^^^^^^^^^^^^^^^^^^^[0m
[31m[1m>[0m [90m787 |[0m [32m      how loops can control both rows and columns.[0m
  [90m    |[0m [31m[1m^^^^^^^^^^^^^^^^^^^^^^^^^^^^^^^^^^^^^^^^^^^^^^^^^^[0m
[31m[1m>[0m [90m788 |[0m [32m==========================================[0m
  [90m    |[0m [31m[1m^^^^^^^^^^^^^^^^^^^^^^^^^^^^^^^^^^^^^^^^^^[0m
[31m[1m>[0m [90m789 |[0m
  [90m    |[0m [31m[1m^[0m
[31m[1m>[0m [90m790 |[0m [32mEXECUTION_TRACE:[0m
  [90m    |[0m [31m[1m^^^^^^^^^^^^^^^^[0m
[31m[1m>[0m [90m791 |[0m [32mn = 5[0m
  [90m    |[0m [31m[1m^^^^^[0m
[31m[1m>[0m [90m792 |[0m [32mRow 1: i=1, j loops 1 time  ΓåÆ "[0m*[32m"[0m
  [90m    |[0m [31m[1m^^^^^^^^^^^^^^^^^^^^^^^^^^^^^^^^^[0m
[31m[1m>[0m [90m793 |[0m [32mRow 2: i=2, j loops 2 times ΓåÆ "[0m**[32m"[0m
  [90m    |[0m [31m[1m^^^^^^^^^^^^^^^^^^^^^^^^^^^^^^^^^^[0m
[31m[1m>[0m [90m794 |[0m [32mRow 3: i=3, j loops 3 times ΓåÆ "[0m***[32m"[0m
  [90m    |[0m [31m[1m^^^^^^^^^^^^^^^^^^^^^^^^^^^^^^^^^^^[0m
[31m[1m>[0m [90m795 |[0m [32mRow 4: i=4, j loops 4 times ΓåÆ "[0m****[32m"[0m
  [90m    |[0m [31m[1m^^^^^^^^^^^^^^^^^^^^^^^^^^^^^^^^^^^^[0m
[31m[1m>[0m [90m796 |[0m [32mRow 5: i=5, j loops 5 times ΓåÆ "[0m*****[32m"[0m
  [90m    |[0m [31m[1m^^^^^^^^^^^^^^^^^^^^^^^^^^^^^^^^^^^^^[0m
[31m[1m>[0m [90m797 |[0m
  [90m    |[0m [31m[1m^[0m
[31m[1m>[0m [90m798 |[0m [32mTRY THIS:[0m
  [90m    |[0m [31m[1m^^^^^^^^^[0m
[31m[1m>[0m [90m799 |[0m [32m- Print the triangle upside down[0m
  [90m    |[0m [31m[1m^^^^^^^^^^^^^^^^^^^^^^^^^^^^^^^^[0m
[31m[1m>[0m [90m800 |[0m [32m- Print a right-aligned triangle with spaces before stars[0m
  [90m    |[0m [31m[1m^^^^^^^^^^^^^^^^^^^^^^^^^^^^^^^^^^^^^^^^^^^^^^^^^^^^^^^^^[0m
[31m[1m>[0m [90m801 |[0m [32m- Print a full square of stars (n x n)[0m
  [90m    |[0m [31m[1m^^^^^^^^^^^^^^^^^^^^^^^^^^^^^^^^^^^^^^[0m
[31m[1m>[0m [90m802 |[0m [32m"[0m[32m""[0m
  [90m    |[0m [31m[1m^^^[0m
[31m[1m>[0m [90m803 |[0m
  [90m    |[0m [31m[1m^[0m
[31m[1m>[0m [90m804 |[0m n = [35m5[0m
  [90m    |[0m [31m[1m^^^^^[0m
[31m[1m>[0m [90m805 |[0m [36mfor[0m i [36min[0m range([35m1[0m, n + [35m1[0m):
  [90m    |[0m [31m[1m^^^^^^^^^^^^^^^^^^^^^^^^^[0m
[31m[1m>[0m [90m806 |[0m     [36mfor[0m j [36min[0m range([35m1[0m, i + [35m1[0m):
  [90m    |[0m [31m[1m^^^^^^^^^^^^^^^^^^^^^^^^^^^^^[0m
[31m[1m>[0m [90m807 |[0m         print([32m"*"[0m, end=[32m" "[0m)
  [90m    |[0m [31m[1m^^^^^^^^^^^^^^^^^^^^^^^^^^^[0m
[31m[1m>[0m [90m808 |[0m     print()
  [90m    |[0m [31m[1m^^^^^^^^^^^[0m
[31m[1m>[0m [90m809 |[0m [32m`,[0m
  [90m    |[0m [31m[1m^[0m
  [90m810 |[0m [32m    funFact: "The 'end=\" \"' in print() replaces the default newline with a space!"[0m
  [90m811 |[0m [32m  },[0m
  [90m812 |[0m [32m  {[0m

Parsing ecmascript source code failed

Import traces:
  App Route:
    ./src/data/pythonPrograms.ts
    ./app/api/admin/users/import-teachers-csv/route.ts

  Client Component Browser:
    ./src/data/pythonPrograms.ts [Client Component Browser]
    ./src/sections/ProgramsSection.tsx [Client Component Browser]
    ./src/sections/ProgramsSection.tsx [Server Component]
    ./app/page.tsx [Server Component]

  Client Component SSR:
    ./src/data/pythonPrograms.ts [Client Component SSR]
    ./src/sections/ProgramsSection.tsx [Client Component SSR]
    ./src/sections/ProgramsSection.tsx [Server Component]
    ./app/page.tsx [Server Component]


./src/data/pythonPrograms.ts:810:14
Cannot assign to this
  [90m808 |[0m     print()
  [90m809 |[0m [32m`,[0m
[31m[1m>[0m [90m810 |[0m [32m    funFact: "The 'end=\" \"' in print() replaces the default newline with a 
space!"[0m
  [90m    |[0m              [31m[1m^^^^^^^^^^^^^^^^^^^^^^^^^^^^^^^^^^^^^^^^^^^^^^^^^^^^^^^^^^^^^^^^^^^^^^^[0m
  [90m811 |[0m [32m  },[0m
  [90m812 |[0m [32m  {[0m
  [90m813 |[0m [32m    id: "lp-5",[0m

Parsing ecmascript source code failed

Import traces:
  App Route:
    ./src/data/pythonPrograms.ts
    ./app/api/admin/users/import-teachers-csv/route.ts

  Client Component Browser:
    ./src/data/pythonPrograms.ts [Client Component Browser]
    ./src/sections/ProgramsSection.tsx [Client Component Browser]
    ./src/sections/ProgramsSection.tsx [Server Component]
    ./app/page.tsx [Server Component]

  Client Component SSR:
    ./src/data/pythonPrograms.ts [Client Component SSR]
    ./src/sections/ProgramsSection.tsx [Client Component SSR]
    ./src/sections/ProgramsSection.tsx [Server Component]
    ./app/page.tsx [Server Component]


./src/data/pythonPrograms.ts:813:9
Cannot assign to this
  [90m811 |[0m [32m  },[0m
  [90m812 |[0m [32m  {[0m
[31m[1m>[0m [90m813 |[0m [32m    id: "lp-5",[0m
  [90m    |[0m         [31m[1m^^^^^^[0m
  [90m814 |[0m [32m    title: "Number Pyramid",[0m
  [90m815 |[0m [32m    language: "python",[0m
  [90m816 |[0m [32m    category: "Loops & Patterns",[0m

Parsing ecmascript source code failed

Import traces:
  App Route:
    ./src/data/pythonPrograms.ts
    ./app/api/admin/users/import-teachers-csv/route.ts

  Client Component Browser:
    ./src/data/pythonPrograms.ts [Client Component Browser]
    ./src/sections/ProgramsSection.tsx [Client Component Browser]
    ./src/sections/ProgramsSection.tsx [Server Component]
    ./app/page.tsx [Server Component]

  Client Component SSR:
    ./src/data/pythonPrograms.ts [Client Component SSR]
    ./src/sections/ProgramsSection.tsx [Client Component SSR]
    ./src/sections/ProgramsSection.tsx [Server Component]
    ./app/page.tsx [Server Component]


./src/data/pythonPrograms.ts:814:12
Cannot assign to this
  [90m812 |[0m [32m  {[0m
  [90m813 |[0m [32m    id: "lp-5",[0m
[31m[1m>[0m [90m814 |[0m [32m    title: "Number Pyramid",[0m
  [90m    |[0m            [31m[1m^^^^^^^^^^^^^^^^[0m
  [90m815 |[0m [32m    language: "python",[0m
  [90m816 |[0m [32m    category: "Loops & Patterns",[0m
  [90m817 |[0m [32m    difficulty: "Medium",[0m

Parsing ecmascript source code failed

Import traces:
  App Route:
    ./src/data/pythonPrograms.ts
    ./app/api/admin/users/import-teachers-csv/route.ts

  Client Component Browser:
    ./src/data/pythonPrograms.ts [Client Component Browser]
    ./src/sections/ProgramsSection.tsx [Client Component Browser]
    ./src/sections/ProgramsSection.tsx [Server Component]
    ./app/page.tsx [Server Component]

  Client Component SSR:
    ./src/data/pythonPrograms.ts [Client Component SSR]
    ./src/sections/ProgramsSection.tsx [Client Component SSR]
    ./src/sections/ProgramsSection.tsx [Server Component]
    ./app/page.tsx [Server Component]


./src/data/pythonPrograms.ts:815:15
Cannot assign to this
  [90m813 |[0m [32m    id: "lp-5",[0m
  [90m814 |[0m [32m    title: "Number Pyramid",[0m
[31m[1m>[0m [90m815 |[0m [32m    language: "python",[0m
  [90m    |[0m               [31m[1m^^^^^^^^[0m
  [90m816 |[0m [32m    category: "Loops & Patterns",[0m
  [90m817 |[0m [32m    difficulty: "Medium",[0m
  [90m818 |[0m [32m    classLevel: "Class 8",[0m

Parsing ecmascript source code failed

Import traces:
  App Route:
    ./src/data/pythonPrograms.ts
    ./app/api/admin/users/import-teachers-csv/route.ts

  Client Component Browser:
    ./src/data/pythonPrograms.ts [Client Component Browser]
    ./src/sections/ProgramsSection.tsx [Client Component Browser]
    ./src/sections/ProgramsSection.tsx [Server Component]
    ./app/page.tsx [Server Component]

  Client Component SSR:
    ./src/data/pythonPrograms.ts [Client Component SSR]
    ./src/sections/ProgramsSection.tsx [Client Component SSR]
    ./src/sections/ProgramsSection.tsx [Server Component]
    ./app/page.tsx [Server Component]


./src/data/pythonPrograms.ts:816:15
Cannot assign to this
  [90m814 |[0m [32m    title: "Number Pyramid",[0m
  [90m815 |[0m [32m    language: "python",[0m
[31m[1m>[0m [90m816 |[0m [32m    category: "Loops & Patterns",[0m
  [90m    |[0m               [31m[1m^^^^^^^^^^^^^^^^^^[0m
  [90m817 |[0m [32m    difficulty: "Medium",[0m
  [90m818 |[0m [32m    classLevel: "Class 8",[0m
  [90m819 |[0m [32m    description: "Build a centered number pyramid using spaces and nested loops",[0m

Parsing ecmascript source code failed

Import traces:
  App Route:
    ./src/data/pythonPrograms.ts
    ./app/api/admin/users/import-teachers-csv/route.ts

  Client Component Browser:
    ./src/data/pythonPrograms.ts [Client Component Browser]
    ./src/sections/ProgramsSection.tsx [Client Component Browser]
    ./src/sections/ProgramsSection.tsx [Server Component]
    ./app/page.tsx [Server Component]

  Client Component SSR:
    ./src/data/pythonPrograms.ts [Client Component SSR]
    ./src/sections/ProgramsSection.tsx [Client Component SSR]
    ./src/sections/ProgramsSection.tsx [Server Component]
    ./app/page.tsx [Server Component]


./src/data/pythonPrograms.ts:817:17
Cannot assign to this
  [90m815 |[0m [32m    language: "python",[0m
  [90m816 |[0m [32m    category: "Loops & Patterns",[0m
[31m[1m>[0m [90m817 |[0m [32m    difficulty: "Medium",[0m
  [90m    |[0m                 [31m[1m^^^^^^^^[0m
  [90m818 |[0m [32m    classLevel: "Class 8",[0m
  [90m819 |[0m [32m    description: "Build a centered number pyramid using spaces and nested loops",[0m
  [90m820 |[0m [32m    code: `[0m[32m""[0m[32m"[0m

Parsing ecmascript source code failed

Import traces:
  App Route:
    ./src/data/pythonPrograms.ts
    ./app/api/admin/users/import-teachers-csv/route.ts

  Client Component Browser:
    ./src/data/pythonPrograms.ts [Client Component Browser]
    ./src/sections/ProgramsSection.tsx [Client Component Browser]
    ./src/sections/ProgramsSection.tsx [Server Component]
    ./app/page.tsx [Server Component]

  Client Component SSR:
    ./src/data/pythonPrograms.ts [Client Component SSR]
    ./src/sections/ProgramsSection.tsx [Client Component SSR]
    ./src/sections/ProgramsSection.tsx [Server Component]
    ./app/page.tsx [Server Component]


./src/data/pythonPrograms.ts:818:17
Cannot assign to this
  [90m816 |[0m [32m    category: "Loops & Patterns",[0m
  [90m817 |[0m [32m    difficulty: "Medium",[0m
[31m[1m>[0m [90m818 |[0m [32m    classLevel: "Class 8",[0m
  [90m    |[0m                 [31m[1m^^^^^^^^^[0m
  [90m819 |[0m [32m    description: "Build a centered number pyramid using spaces and nested loops",[0m
  [90m820 |[0m [32m    code: `[0m[32m""[0m[32m"[0m
  [90m821 |[0m [32m==========================================[0m

Parsing ecmascript source code failed

Import traces:
  App Route:
    ./src/data/pythonPrograms.ts
    ./app/api/admin/users/import-teachers-csv/route.ts

  Client Component Browser:
    ./src/data/pythonPrograms.ts [Client Component Browser]
    ./src/sections/ProgramsSection.tsx [Client Component Browser]
    ./src/sections/ProgramsSection.tsx [Server Component]
    ./app/page.tsx [Server Component]

  Client Component SSR:
    ./src/data/pythonPrograms.ts [Client Component SSR]
    ./src/sections/ProgramsSection.tsx [Client Component SSR]
    ./src/sections/ProgramsSection.tsx [Server Component]
    ./app/page.tsx [Server Component]


./src/data/pythonPrograms.ts:819:18
Cannot assign to this
  [90m817 |[0m [32m    difficulty: "Medium",[0m
  [90m818 |[0m [32m    classLevel: "Class 8",[0m
[31m[1m>[0m [90m819 |[0m [32m    description: "Build a centered number pyramid using spaces and nested 
loops",[0m
  [90m    |[0m                  [31m[1m^^^^^^^^^^^^^^^^^^^^^^^^^^^^^^^^^^^^^^^^^^^^^^^^^^^^^^^^^^^^^^^[0m
  [90m820 |[0m [32m    code: `[0m[32m""[0m[32m"[0m
  [90m821 |[0m [32m==========================================[0m
  [90m822 |[0m [32mProgram: Number Pyramid[0m

Parsing ecmascript source code failed

Import traces:
  App Route:
    ./src/data/pythonPrograms.ts
    ./app/api/admin/users/import-teachers-csv/route.ts

  Client Component Browser:
    ./src/data/pythonPrograms.ts [Client Component Browser]
    ./src/sections/ProgramsSection.tsx [Client Component Browser]
    ./src/sections/ProgramsSection.tsx [Server Component]
    ./app/page.tsx [Server Component]

  Client Component SSR:
    ./src/data/pythonPrograms.ts [Client Component SSR]
    ./src/sections/ProgramsSection.tsx [Client Component SSR]
    ./src/sections/ProgramsSection.tsx [Server Component]
    ./app/page.tsx [Server Component]


./src/data/pythonPrograms.ts:820:11
Cannot assign to this
  [90m818 |[0m [32m    classLevel: "Class 8",[0m
  [90m819 |[0m [32m    description: "Build a centered number pyramid using spaces and nested loops",[0m
[31m[1m>[0m [90m820 |[0m [32m    code: `[0m[32m""[0m[32m"[0m
  [90m    |[0m           [31m[1m^^^[0m
[31m[1m>[0m [90m821 |[0m [32m==========================================[0m
  [90m    |[0m [31m[1m^^^^^^^^^^^^^^^^^^^^^^^^^^^^^^^^^^^^^^^^^^[0m
[31m[1m>[0m [90m822 |[0m [32mProgram: Number Pyramid[0m
  [90m    |[0m [31m[1m^^^^^^^^^^^^^^^^^^^^^^^[0m
[31m[1m>[0m [90m823 |[0m [32mTeaches: Nested loops with spaces for centered alignment[0m
  [90m    |[0m [31m[1m^^^^^^^^^^^^^^^^^^^^^^^^^^^^^^^^^^^^^^^^^^^^^^^^^^^^^^^^[0m
[31m[1m>[0m [90m824 |[0m [32mWHY: Complex patterns require managing spaces and numbers[0m
  [90m    |[0m [31m[1m^^^^^^^^^^^^^^^^^^^^^^^^^^^^^^^^^^^^^^^^^^^^^^^^^^^^^^^^^[0m
[31m[1m>[0m [90m825 |[0m [32m      simultaneously ΓÇö this builds strong loop logic skills.[0m
  [90m    |[0m [31m[1m^^^^^^^^^^^^^^^^^^^^^^^^^^^^^^^^^^^^^^^^^^^^^^^^^^^^^^^^^^^^[0m
[31m[1m>[0m [90m826 |[0m [32m==========================================[0m
  [90m    |[0m [31m[1m^^^^^^^^^^^^^^^^^^^^^^^^^^^^^^^^^^^^^^^^^^[0m
[31m[1m>[0m [90m827 |[0m
  [90m    |[0m [31m[1m^[0m
[31m[1m>[0m [90m828 |[0m [32mEXECUTION_TRACE:[0m
  [90m    |[0m [31m[1m^^^^^^^^^^^^^^^^[0m
[31m[1m>[0m [90m829 |[0m [32mn = 5[0m
  [90m    |[0m [31m[1m^^^^^[0m
[31m[1m>[0m [90m830 |[0m
  [90m    |[0m [31m[1m^[0m
[31m[1m>[0m [90m831 |[0m [32mRow 1: 4 spaces + "[0m[35m1[0m[32m"[0m
  [90m    |[0m [31m[1m^^^^^^^^^^^^^^^^^^^^^[0m
[31m[1m>[0m [90m832 |[0m [32m        "[0m    [35m1[0m[32m"[0m
  [90m    |[0m [31m[1m^^^^^^^^^^^^^^^[0m
[31m[1m>[0m [90m833 |[0m [32mRow 2: 3 spaces + "[0m[35m1[0m [35m2[0m[32m"[0m
  [90m    |[0m [31m[1m^^^^^^^^^^^^^^^^^^^^^^^[0m
[31m[1m>[0m [90m834 |[0m [32m        "[0m   [35m1[0m [35m2[0m[32m"[0m
  [90m    |[0m [31m[1m^^^^^^^^^^^^^^^^[0m
[31m[1m>[0m [90m835 |[0m [32mRow 3: 2 spaces + "[0m[35m1[0m [35m2[0m [35m3[0m[32m"[0m
  [90m    |[0m [31m[1m^^^^^^^^^^^^^^^^^^^^^^^^^[0m
[31m[1m>[0m [90m836 |[0m [32m        "[0m  [35m1[0m [35m2[0m [35m3[0m[32m"[0m
  [90m    |[0m [31m[1m^^^^^^^^^^^^^^^^^[0m
[31m[1m>[0m [90m837 |[0m [32mRow 4: 1 space  + "[0m[35m1[0m [35m2[0m [35m3[0m [35m4[0m[32m"[0m
  [90m    |[0m [31m[1m^^^^^^^^^^^^^^^^^^^^^^^^^^^[0m
[31m[1m>[0m [90m838 |[0m [32m        "[0m [35m1[0m [35m2[0m [35m3[0m [35m4[0m[32m"[0m
  [90m    |[0m [31m[1m^^^^^^^^^^^^^^^^^^[0m
[31m[1m>[0m [90m839 |[0m [32mRow 5: 0 spaces + "[0m[35m1[0m [35m2[0m [35m3[0m [35m4[0m 
[35m5[0m[32m"[0m
  [90m    |[0m [31m[1m^^^^^^^^^^^^^^^^^^^^^^^^^^^^^[0m
[31m[1m>[0m [90m840 |[0m [32m        "[0m[35m1[0m [35m2[0m [35m3[0m [35m4[0m [35m5[0m[32m"[0m
  [90m    |[0m [31m[1m^^^^^^^^^^^^^^^^^^^[0m
[31m[1m>[0m [90m841 |[0m
  [90m    |[0m [31m[1m^[0m
[31m[1m>[0m [90m842 |[0m [32mTRY THIS:[0m
  [90m    |[0m [31m[1m^^^^^^^^^[0m
[31m[1m>[0m [90m843 |[0m [32m- Print a pyramid of stars instead of numbers[0m
  [90m    |[0m [31m[1m^^^^^^^^^^^^^^^^^^^^^^^^^^^^^^^^^^^^^^^^^^^^^[0m
[31m[1m>[0m [90m844 |[0m [32m- Print an inverted number pyramid[0m
  [90m    |[0m [31m[1m^^^^^^^^^^^^^^^^^^^^^^^^^^^^^^^^^^[0m
[31m[1m>[0m [90m845 |[0m [32m- Add a base line of dashes under the pyramid[0m
  [90m    |[0m [31m[1m^^^^^^^^^^^^^^^^^^^^^^^^^^^^^^^^^^^^^^^^^^^^^[0m
[31m[1m>[0m [90m846 |[0m [32m"[0m[32m""[0m
  [90m    |[0m [31m[1m^^^[0m
[31m[1m>[0m [90m847 |[0m
  [90m    |[0m [31m[1m^[0m
[31m[1m>[0m [90m848 |[0m n = [35m5[0m
  [90m    |[0m [31m[1m^^^^^[0m
[31m[1m>[0m [90m849 |[0m [36mfor[0m i [36min[0m range([35m1[0m, n + [35m1[0m):
  [90m    |[0m [31m[1m^^^^^^^^^^^^^^^^^^^^^^^^^[0m
[31m[1m>[0m [90m850 |[0m     # [33mPrint[0m leading spaces
  [90m    |[0m [31m[1m^^^^^^^^^^^^^^^^^^^^^^^^^^[0m
[31m[1m>[0m [90m851 |[0m     [36mfor[0m s [36min[0m range(n - i):
  [90m    |[0m [31m[1m^^^^^^^^^^^^^^^^^^^^^^^^^^[0m
[31m[1m>[0m [90m852 |[0m         print([32m" "[0m, end=[32m""[0m)
  [90m    |[0m [31m[1m^^^^^^^^^^^^^^^^^^^^^^^^^^[0m
[31m[1m>[0m [90m853 |[0m     # [33mPrint[0m numbers
  [90m    |[0m [31m[1m^^^^^^^^^^^^^^^^^^^[0m
[31m[1m>[0m [90m854 |[0m     [36mfor[0m j [36min[0m range([35m1[0m, i + [35m1[0m):
  [90m    |[0m [31m[1m^^^^^^^^^^^^^^^^^^^^^^^^^^^^^[0m
[31m[1m>[0m [90m855 |[0m         print(j, end=[32m" "[0m)
  [90m    |[0m [31m[1m^^^^^^^^^^^^^^^^^^^^^^^^^[0m
[31m[1m>[0m [90m856 |[0m     print()
  [90m    |[0m [31m[1m^^^^^^^^^^^[0m
[31m[1m>[0m [90m857 |[0m [32m`,[0m
  [90m    |[0m [31m[1m^[0m
  [90m858 |[0m [32m    funFact: "Pattern problems are common in coding interviews ΓÇö mastering them builds 
st...[0m
  [90m859 |[0m [32m  },[0m
  [90m860 |[0m [32m  {[0m

Parsing ecmascript source code failed

Import traces:
  App Route:
    ./src/data/pythonPrograms.ts
    ./app/api/admin/users/import-teachers-csv/route.ts

  Client Component Browser:
    ./src/data/pythonPrograms.ts [Client Component Browser]
    ./src/sections/ProgramsSection.tsx [Client Component Browser]
    ./src/sections/ProgramsSection.tsx [Server Component]
    ./app/page.tsx [Server Component]

  Client Component SSR:
    ./src/data/pythonPrograms.ts [Client Component SSR]
    ./src/sections/ProgramsSection.tsx [Client Component SSR]
    ./src/sections/ProgramsSection.tsx [Server Component]
    ./app/page.tsx [Server Component]


./src/data/pythonPrograms.ts:858:14
Cannot assign to this
  [90m856 |[0m ...
  [90m857 |[0m ...
[31m[1m>[0m [90m858 |[0m ...[32mroblems are common in coding interviews ΓÇö mastering them builds strong 
problem-solving...[0m
  [90m    |[0m    
[31m[1m^^^^^^^^^^^^^^^^^^^^^^^^^^^^^^^^^^^^^^^^^^^^^^^^^^^^^^^^^^^^^^^^^^^^^^^^^^^^^^^^^^^^^^^^^[0m
  [90m859 |[0m ...
  [90m860 |[0m ...
  [90m861 |[0m ...

Parsing ecmascript source code failed

Import traces:
  App Route:
    ./src/data/pythonPrograms.ts
    ./app/api/admin/users/import-teachers-csv/route.ts

  Client Component Browser:
    ./src/data/pythonPrograms.ts [Client Component Browser]
    ./src/sections/ProgramsSection.tsx [Client Component Browser]
    ./src/sections/ProgramsSection.tsx [Server Component]
    ./app/page.tsx [Server Component]

  Client Component SSR:
    ./src/data/pythonPrograms.ts [Client Component SSR]
    ./src/sections/ProgramsSection.tsx [Client Component SSR]
    ./src/sections/ProgramsSection.tsx [Server Component]
    ./app/page.tsx [Server Component]


./src/data/pythonPrograms.ts:861:9
Cannot assign to this
  [90m859 |[0m [32m  },[0m
  [90m860 |[0m [32m  {[0m
[31m[1m>[0m [90m861 |[0m [32m    id: "ml-1",[0m
  [90m    |[0m         [31m[1m^^^^^^[0m
  [90m862 |[0m [32m    title: "Prime Number Check",[0m
  [90m863 |[0m [32m    language: "python",[0m
  [90m864 |[0m [32m    category: "Math & Logic",[0m

Parsing ecmascript source code failed

Import traces:
  App Route:
    ./src/data/pythonPrograms.ts
    ./app/api/admin/users/import-teachers-csv/route.ts

  Client Component Browser:
    ./src/data/pythonPrograms.ts [Client Component Browser]
    ./src/sections/ProgramsSection.tsx [Client Component Browser]
    ./src/sections/ProgramsSection.tsx [Server Component]
    ./app/page.tsx [Server Component]

  Client Component SSR:
    ./src/data/pythonPrograms.ts [Client Component SSR]
    ./src/sections/ProgramsSection.tsx [Client Component SSR]
    ./src/sections/ProgramsSection.tsx [Server Component]
    ./app/page.tsx [Server Component]


./src/data/pythonPrograms.ts:862:12
Cannot assign to this
  [90m860 |[0m [32m  {[0m
  [90m861 |[0m [32m    id: "ml-1",[0m
[31m[1m>[0m [90m862 |[0m [32m    title: "Prime Number Check",[0m
  [90m    |[0m            [31m[1m^^^^^^^^^^^^^^^^^^^^[0m
  [90m863 |[0m [32m    language: "python",[0m
  [90m864 |[0m [32m    category: "Math & Logic",[0m
  [90m865 |[0m [32m    difficulty: "Easy",[0m

Parsing ecmascript source code failed

Import traces:
  App Route:
    ./src/data/pythonPrograms.ts
    ./app/api/admin/users/import-teachers-csv/route.ts

  Client Component Browser:
    ./src/data/pythonPrograms.ts [Client Component Browser]
    ./src/sections/ProgramsSection.tsx [Client Component Browser]
    ./src/sections/ProgramsSection.tsx [Server Component]
    ./app/page.tsx [Server Component]

  Client Component SSR:
    ./src/data/pythonPrograms.ts [Client Component SSR]
    ./src/sections/ProgramsSection.tsx [Client Component SSR]
    ./src/sections/ProgramsSection.tsx [Server Component]
    ./app/page.tsx [Server Component]


./src/data/pythonPrograms.ts:863:15
Cannot assign to this
  [90m861 |[0m [32m    id: "ml-1",[0m
  [90m862 |[0m [32m    title: "Prime Number Check",[0m
[31m[1m>[0m [90m863 |[0m [32m    language: "python",[0m
  [90m    |[0m               [31m[1m^^^^^^^^[0m
  [90m864 |[0m [32m    category: "Math & Logic",[0m
  [90m865 |[0m [32m    difficulty: "Easy",[0m
  [90m866 |[0m [32m    classLevel: "Class 8",[0m

Parsing ecmascript source code failed

Import traces:
  App Route:
    ./src/data/pythonPrograms.ts
    ./app/api/admin/users/import-teachers-csv/route.ts

  Client Component Browser:
    ./src/data/pythonPrograms.ts [Client Component Browser]
    ./src/sections/ProgramsSection.tsx [Client Component Browser]
    ./src/sections/ProgramsSection.tsx [Server Component]
    ./app/page.tsx [Server Component]

  Client Component SSR:
    ./src/data/pythonPrograms.ts [Client Component SSR]
    ./src/sections/ProgramsSection.tsx [Client Component SSR]
    ./src/sections/ProgramsSection.tsx [Server Component]
    ./app/page.tsx [Server Component]


./src/data/pythonPrograms.ts:864:15
Cannot assign to this
  [90m862 |[0m [32m    title: "Prime Number Check",[0m
  [90m863 |[0m [32m    language: "python",[0m
[31m[1m>[0m [90m864 |[0m [32m    category: "Math & Logic",[0m
  [90m    |[0m               [31m[1m^^^^^^^^^^^^^^[0m
  [90m865 |[0m [32m    difficulty: "Easy",[0m
  [90m866 |[0m [32m    classLevel: "Class 8",[0m
  [90m867 |[0m [32m    description: "Check if a number is prime by testing divisibility up to its square root",[0m

Parsing ecmascript source code failed

Import traces:
  App Route:
    ./src/data/pythonPrograms.ts
    ./app/api/admin/users/import-teachers-csv/route.ts

  Client Component Browser:
    ./src/data/pythonPrograms.ts [Client Component Browser]
    ./src/sections/ProgramsSection.tsx [Client Component Browser]
    ./src/sections/ProgramsSection.tsx [Server Component]
    ./app/page.tsx [Server Component]

  Client Component SSR:
    ./src/data/pythonPrograms.ts [Client Component SSR]
    ./src/sections/ProgramsSection.tsx [Client Component SSR]
    ./src/sections/ProgramsSection.tsx [Server Component]
    ./app/page.tsx [Server Component]


./src/data/pythonPrograms.ts:865:17
Cannot assign to this
  [90m863 |[0m [32m    language: "python",[0m
  [90m864 |[0m [32m    category: "Math & Logic",[0m
[31m[1m>[0m [90m865 |[0m [32m    difficulty: "Easy",[0m
  [90m    |[0m                 [31m[1m^^^^^^[0m
  [90m866 |[0m [32m    classLevel: "Class 8",[0m
  [90m867 |[0m [32m    description: "Check if a number is prime by testing divisibility up to its square root",[0m
  [90m868 |[0m [32m    code: `[0m[32m""[0m[32m"[0m

Parsing ecmascript source code failed

Import traces:
  App Route:
    ./src/data/pythonPrograms.ts
    ./app/api/admin/users/import-teachers-csv/route.ts

  Client Component Browser:
    ./src/data/pythonPrograms.ts [Client Component Browser]
    ./src/sections/ProgramsSection.tsx [Client Component Browser]
    ./src/sections/ProgramsSection.tsx [Server Component]
    ./app/page.tsx [Server Component]

  Client Component SSR:
    ./src/data/pythonPrograms.ts [Client Component SSR]
    ./src/sections/ProgramsSection.tsx [Client Component SSR]
    ./src/sections/ProgramsSection.tsx [Server Component]
    ./app/page.tsx [Server Component]


./src/data/pythonPrograms.ts:866:17
Cannot assign to this
  [90m864 |[0m [32m    category: "Math & Logic",[0m
  [90m865 |[0m [32m    difficulty: "Easy",[0m
[31m[1m>[0m [90m866 |[0m [32m    classLevel: "Class 8",[0m
  [90m    |[0m                 [31m[1m^^^^^^^^^[0m
  [90m867 |[0m [32m    description: "Check if a number is prime by testing divisibility up to its square root",[0m
  [90m868 |[0m [32m    code: `[0m[32m""[0m[32m"[0m
  [90m869 |[0m [32m==========================================[0m

Parsing ecmascript source code failed

Import traces:
  App Route:
    ./src/data/pythonPrograms.ts
    ./app/api/admin/users/import-teachers-csv/route.ts

  Client Component Browser:
    ./src/data/pythonPrograms.ts [Client Component Browser]
    ./src/sections/ProgramsSection.tsx [Client Component Browser]
    ./src/sections/ProgramsSection.tsx [Server Component]
    ./app/page.tsx [Server Component]

  Client Component SSR:
    ./src/data/pythonPrograms.ts [Client Component SSR]
    ./src/sections/ProgramsSection.tsx [Client Component SSR]
    ./src/sections/ProgramsSection.tsx [Server Component]
    ./app/page.tsx [Server Component]


./src/data/pythonPrograms.ts:867:18
Cannot assign to this
  [90m865 |[0m [32m    difficulty: "Easy",[0m
  [90m866 |[0m [32m    classLevel: "Class 8",[0m
[31m[1m>[0m [90m867 |[0m [32m    description: "Check if a number is prime by testing divisibility up to its 
square root",[0m
  [90m    |[0m                  
[31m[1m^^^^^^^^^^^^^^^^^^^^^^^^^^^^^^^^^^^^^^^^^^^^^^^^^^^^^^^^^^^^^^^^^^^^^^^^^^[0m
  [90m868 |[0m [32m    code: `[0m[32m""[0m[32m"[0m
  [90m869 |[0m [32m==========================================[0m
  [90m870 |[0m [32mProgram: Prime Number Check[0m

Parsing ecmascript source code failed

Import traces:
  App Route:
    ./src/data/pythonPrograms.ts
    ./app/api/admin/users/import-teachers-csv/route.ts

  Client Component Browser:
    ./src/data/pythonPrograms.ts [Client Component Browser]
    ./src/sections/ProgramsSection.tsx [Client Component Browser]
    ./src/sections/ProgramsSection.tsx [Server Component]
    ./app/page.tsx [Server Component]

  Client Component SSR:
    ./src/data/pythonPrograms.ts [Client Component SSR]
    ./src/sections/ProgramsSection.tsx [Client Component SSR]
    ./src/sections/ProgramsSection.tsx [Server Component]
    ./app/page.tsx [Server Component]


./src/data/pythonPrograms.ts:868:11
Cannot assign to this
  [90m866 |[0m [32m    classLevel: "Class 8",[0m
  [90m867 |[0m [32m    description: "Check if a number is prime by testing divisibility up to its square root",[0m
[31m[1m>[0m [90m868 |[0m [32m    code: `[0m[32m""[0m[32m"[0m
  [90m    |[0m           [31m[1m^^^[0m
[31m[1m>[0m [90m869 |[0m [32m==========================================[0m
  [90m    |[0m [31m[1m^^^^^^^^^^^^^^^^^^^^^^^^^^^^^^^^^^^^^^^^^^[0m
[31m[1m>[0m [90m870 |[0m [32mProgram: Prime Number Check[0m
  [90m    |[0m [31m[1m^^^^^^^^^^^^^^^^^^^^^^^^^^^[0m
[31m[1m>[0m [90m871 |[0m [32mTeaches: range(), sqrt optimization, prime checking logic[0m
  [90m    |[0m [31m[1m^^^^^^^^^^^^^^^^^^^^^^^^^^^^^^^^^^^^^^^^^^^^^^^^^^^^^^^^^[0m
[31m[1m>[0m [90m872 |[0m [32mWHY: Prime numbers are the foundation of cryptography.[0m
  [90m    |[0m [31m[1m^^^^^^^^^^^^^^^^^^^^^^^^^^^^^^^^^^^^^^^^^^^^^^^^^^^^^^[0m
[31m[1m>[0m [90m873 |[0m [32m      Checking divisibility up to sqrt(n) is a key optimization.[0m
  [90m    |[0m [31m[1m^^^^^^^^^^^^^^^^^^^^^^^^^^^^^^^^^^^^^^^^^^^^^^^^^^^^^^^^^^^^^^^^[0m
[31m[1m>[0m [90m874 |[0m [32m==========================================[0m
  [90m    |[0m [31m[1m^^^^^^^^^^^^^^^^^^^^^^^^^^^^^^^^^^^^^^^^^^[0m
[31m[1m>[0m [90m875 |[0m
  [90m    |[0m [31m[1m^[0m
[31m[1m>[0m [90m876 |[0m [32mEXECUTION_TRACE:[0m
  [90m    |[0m [31m[1m^^^^^^^^^^^^^^^^[0m
[31m[1m>[0m [90m877 |[0m [32mn = 29[0m
  [90m    |[0m [31m[1m^^^^^^[0m
[31m[1m>[0m [90m878 |[0m [32msqrt(29) Γëê 5.38, so range(2, 6) ΓåÆ tests 2, 3, 4, 5[0m
  [90m    |[0m [31m[1m^^^^^^^^^^^^^^^^^^^^^^^^^^^^^^^^^^^^^^^^^^^^^^^^^^[0m
[31m[1m>[0m [90m879 |[0m
  [90m    |[0m [31m[1m^[0m
[31m[1m>[0m [90m880 |[0m [32mi=2: 29 % 2 = 1 ΓåÆ not 0, continue[0m
  [90m    |[0m [31m[1m^^^^^^^^^^^^^^^^^^^^^^^^^^^^^^^^^[0m
[31m[1m>[0m [90m881 |[0m [32mi=3: 29 % 3 = 2 ΓåÆ not 0, continue[0m
  [90m    |[0m [31m[1m^^^^^^^^^^^^^^^^^^^^^^^^^^^^^^^^^[0m
[31m[1m>[0m [90m882 |[0m [32mi=4: 29 % 4 = 1 ΓåÆ not 0, continue[0m
  [90m    |[0m [31m[1m^^^^^^^^^^^^^^^^^^^^^^^^^^^^^^^^^[0m
[31m[1m>[0m [90m883 |[0m [32mi=5: 29 % 5 = 4 ΓåÆ not 0, continue[0m
  [90m    |[0m [31m[1m^^^^^^^^^^^^^^^^^^^^^^^^^^^^^^^^^[0m
[31m[1m>[0m [90m884 |[0m
  [90m    |[0m [31m[1m^[0m
[31m[1m>[0m [90m885 |[0m [32mLoop ends ΓåÆ no divisor found ΓåÆ "[0m[35m29[0m is [33mPrime[0m[32m"[0m
  [90m    |[0m [31m[1m^^^^^^^^^^^^^^^^^^^^^^^^^^^^^^^^^^^^^^^^^^^^[0m
[31m[1m>[0m [90m886 |[0m
  [90m    |[0m [31m[1m^[0m
[31m[1m>[0m [90m887 |[0m [32mTRY THIS:[0m
  [90m    |[0m [31m[1m^^^^^^^^^[0m
[31m[1m>[0m [90m888 |[0m [32m- Print all prime numbers from 1 to 100[0m
  [90m    |[0m [31m[1m^^^^^^^^^^^^^^^^^^^^^^^^^^^^^^^^^^^^^^^[0m
[31m[1m>[0m [90m889 |[0m [32m- Why do we only check up to sqrt(n)? (Hint: if n=a*b, one factor must be <= 
sqrt(n))[0m
  [90m    |[0m [31m[1m^^^^^^^^^^^^^^^^^^^^^^^^^^^^^^^^^^^^^^^^^^^^^^^^^^^^^^^^^^^^^^^^^^^^^^^^^^^^^^^^^^^^^[0m
[31m[1m>[0m [90m890 |[0m [32m- Modify to find the largest prime factor of a number[0m
  [90m    |[0m [31m[1m^^^^^^^^^^^^^^^^^^^^^^^^^^^^^^^^^^^^^^^^^^^^^^^^^^^^^[0m
[31m[1m>[0m [90m891 |[0m [32m"[0m[32m""[0m
  [90m    |[0m [31m[1m^^^[0m
[31m[1m>[0m [90m892 |[0m
  [90m    |[0m [31m[1m^[0m
[31m[1m>[0m [90m893 |[0m [36mimport[0m math
  [90m    |[0m [31m[1m^^^^^^^^^^^[0m
[31m[1m>[0m [90m894 |[0m
  [90m    |[0m [31m[1m^[0m
[31m[1m>[0m [90m895 |[0m n = [35m29[0m
  [90m    |[0m [31m[1m^^^^^^[0m
[31m[1m>[0m [90m896 |[0m is_prime = [33mTrue[0m
  [90m    |[0m [31m[1m^^^^^^^^^^^^^^^[0m
[31m[1m>[0m [90m897 |[0m
  [90m    |[0m [31m[1m^[0m
[31m[1m>[0m [90m898 |[0m [36mif[0m n < [35m2[0m:
  [90m    |[0m [31m[1m^^^^^^^^^[0m
[31m[1m>[0m [90m899 |[0m     is_prime = [33mFalse[0m
  [90m    |[0m [31m[1m^^^^^^^^^^^^^^^^^^^^[0m
[31m[1m>[0m [90m900 |[0m [36melse[0m:
  [90m    |[0m [31m[1m^^^^^[0m
[31m[1m>[0m [90m901 |[0m     [36mfor[0m i [36min[0m range([35m2[0m, int(math.sqrt(n)) + [35m1[0m):
  [90m    |[0m [31m[1m^^^^^^^^^^^^^^^^^^^^^^^^^^^^^^^^^^^^^^^^^^^^^[0m
[31m[1m>[0m [90m902 |[0m         [36mif[0m n % i == [35m0[0m:
  [90m    |[0m [31m[1m^^^^^^^^^^^^^^^^^^^^^^[0m
[31m[1m>[0m [90m903 |[0m             is_prime = [33mFalse[0m
  [90m    |[0m [31m[1m^^^^^^^^^^^^^^^^^^^^^^^^^^^^[0m
[31m[1m>[0m [90m904 |[0m             [36mbreak[0m
  [90m    |[0m [31m[1m^^^^^^^^^^^^^^^^^[0m
[31m[1m>[0m [90m905 |[0m
  [90m    |[0m [31m[1m^[0m
[31m[1m>[0m [90m906 |[0m [36mif[0m is_prime:
  [90m    |[0m [31m[1m^^^^^^^^^^^^[0m
[31m[1m>[0m [90m907 |[0m     print(n, [32m"is Prime"[0m)
  [90m    |[0m [31m[1m^^^^^^^^^^^^^^^^^^^^^^^^[0m
[31m[1m>[0m [90m908 |[0m [36melse[0m:
  [90m    |[0m [31m[1m^^^^^[0m
[31m[1m>[0m [90m909 |[0m     print(n, [32m"is Not Prime"[0m)
  [90m    |[0m [31m[1m^^^^^^^^^^^^^^^^^^^^^^^^^^^^[0m
[31m[1m>[0m [90m910 |[0m [32m`,[0m
  [90m    |[0m [31m[1m^[0m
  [90m911 |[0m [32m    funFact: "2 is the only even prime number ΓÇö all other primes are odd!"[0m
  [90m912 |[0m [32m  },[0m
  [90m913 |[0m [32m  {[0m

Parsing ecmascript source code failed

Import traces:
  App Route:
    ./src/data/pythonPrograms.ts
    ./app/api/admin/users/import-teachers-csv/route.ts

  Client Component Browser:
    ./src/data/pythonPrograms.ts [Client Component Browser]
    ./src/sections/ProgramsSection.tsx [Client Component Browser]
    ./src/sections/ProgramsSection.tsx [Server Component]
    ./app/page.tsx [Server Component]

  Client Component SSR:
    ./src/data/pythonPrograms.ts [Client Component SSR]
    ./src/sections/ProgramsSection.tsx [Client Component SSR]
    ./src/sections/ProgramsSection.tsx [Server Component]
    ./app/page.tsx [Server Component]


./src/data/pythonPrograms.ts:911:14
Cannot assign to this
  [90m909 |[0m     print(n, [32m"is Not Prime"[0m)
  [90m910 |[0m [32m`,[0m
[31m[1m>[0m [90m911 |[0m [32m    funFact: "2 is the only even prime number ΓÇö all other primes are odd!"[0m
  [90m    |[0m              [31m[1m^^^^^^^^^^^^^^^^^^^^^^^^^^^^^^^^^^^^^^^^^^^^^^^^^^^^^^^^^^^^^[0m
  [90m912 |[0m [32m  },[0m
  [90m913 |[0m [32m  {[0m
  [90m914 |[0m [32m    id: "ml-2",[0m

Parsing ecmascript source code failed

Import traces:
  App Route:
    ./src/data/pythonPrograms.ts
    ./app/api/admin/users/import-teachers-csv/route.ts

  Client Component Browser:
    ./src/data/pythonPrograms.ts [Client Component Browser]
    ./src/sections/ProgramsSection.tsx [Client Component Browser]
    ./src/sections/ProgramsSection.tsx [Server Component]
    ./app/page.tsx [Server Component]

  Client Component SSR:
    ./src/data/pythonPrograms.ts [Client Component SSR]
    ./src/sections/ProgramsSection.tsx [Client Component SSR]
    ./src/sections/ProgramsSection.tsx [Server Component]
    ./app/page.tsx [Server Component]


./src/data/pythonPrograms.ts:914:9
Cannot assign to this
  [90m912 |[0m [32m  },[0m
  [90m913 |[0m [32m  {[0m
[31m[1m>[0m [90m914 |[0m [32m    id: "ml-2",[0m
  [90m    |[0m         [31m[1m^^^^^^[0m
  [90m915 |[0m [32m    title: "Fibonacci Series",[0m
  [90m916 |[0m [32m    language: "python",[0m
  [90m917 |[0m [32m    category: "Math & Logic",[0m

Parsing ecmascript source code failed

Import traces:
  App Route:
    ./src/data/pythonPrograms.ts
    ./app/api/admin/users/import-teachers-csv/route.ts

  Client Component Browser:
    ./src/data/pythonPrograms.ts [Client Component Browser]
    ./src/sections/ProgramsSection.tsx [Client Component Browser]
    ./src/sections/ProgramsSection.tsx [Server Component]
    ./app/page.tsx [Server Component]

  Client Component SSR:
    ./src/data/pythonPrograms.ts [Client Component SSR]
    ./src/sections/ProgramsSection.tsx [Client Component SSR]
    ./src/sections/ProgramsSection.tsx [Server Component]
    ./app/page.tsx [Server Component]


./src/data/pythonPrograms.ts:915:12
Cannot assign to this
  [90m913 |[0m [32m  {[0m
  [90m914 |[0m [32m    id: "ml-2",[0m
[31m[1m>[0m [90m915 |[0m [32m    title: "Fibonacci Series",[0m
  [90m    |[0m            [31m[1m^^^^^^^^^^^^^^^^^^[0m
  [90m916 |[0m [32m    language: "python",[0m
  [90m917 |[0m [32m    category: "Math & Logic",[0m
  [90m918 |[0m [32m    difficulty: "Easy",[0m

Parsing ecmascript source code failed

Import traces:
  App Route:
    ./src/data/pythonPrograms.ts
    ./app/api/admin/users/import-teachers-csv/route.ts

  Client Component Browser:
    ./src/data/pythonPrograms.ts [Client Component Browser]
    ./src/sections/ProgramsSection.tsx [Client Component Browser]
    ./src/sections/ProgramsSection.tsx [Server Component]
    ./app/page.tsx [Server Component]

  Client Component SSR:
    ./src/data/pythonPrograms.ts [Client Component SSR]
    ./src/sections/ProgramsSection.tsx [Client Component SSR]
    ./src/sections/ProgramsSection.tsx [Server Component]
    ./app/page.tsx [Server Component]


./src/data/pythonPrograms.ts:916:15
Cannot assign to this
  [90m914 |[0m [32m    id: "ml-2",[0m
  [90m915 |[0m [32m    title: "Fibonacci Series",[0m
[31m[1m>[0m [90m916 |[0m [32m    language: "python",[0m
  [90m    |[0m               [31m[1m^^^^^^^^[0m
  [90m917 |[0m [32m    category: "Math & Logic",[0m
  [90m918 |[0m [32m    difficulty: "Easy",[0m
  [90m919 |[0m [32m    classLevel: "Class 8",[0m

Parsing ecmascript source code failed

Import traces:
  App Route:
    ./src/data/pythonPrograms.ts
    ./app/api/admin/users/import-teachers-csv/route.ts

  Client Component Browser:
    ./src/data/pythonPrograms.ts [Client Component Browser]
    ./src/sections/ProgramsSection.tsx [Client Component Browser]
    ./src/sections/ProgramsSection.tsx [Server Component]
    ./app/page.tsx [Server Component]

  Client Component SSR:
    ./src/data/pythonPrograms.ts [Client Component SSR]
    ./src/sections/ProgramsSection.tsx [Client Component SSR]
    ./src/sections/ProgramsSection.tsx [Server Component]
    ./app/page.tsx [Server Component]


./src/data/pythonPrograms.ts:917:15
Cannot assign to this
  [90m915 |[0m [32m    title: "Fibonacci Series",[0m
  [90m916 |[0m [32m    language: "python",[0m
[31m[1m>[0m [90m917 |[0m [32m    category: "Math & Logic",[0m
  [90m    |[0m               [31m[1m^^^^^^^^^^^^^^[0m
  [90m918 |[0m [32m    difficulty: "Easy",[0m
  [90m919 |[0m [32m    classLevel: "Class 8",[0m
  [90m920 |[0m [32m    description: "Generate the Fibonacci sequence using tuple assignment",[0m

Parsing ecmascript source code failed

Import traces:
  App Route:
    ./src/data/pythonPrograms.ts
    ./app/api/admin/users/import-teachers-csv/route.ts

  Client Component Browser:
    ./src/data/pythonPrograms.ts [Client Component Browser]
    ./src/sections/ProgramsSection.tsx [Client Component Browser]
    ./src/sections/ProgramsSection.tsx [Server Component]
    ./app/page.tsx [Server Component]

  Client Component SSR:
    ./src/data/pythonPrograms.ts [Client Component SSR]
    ./src/sections/ProgramsSection.tsx [Client Component SSR]
    ./src/sections/ProgramsSection.tsx [Server Component]
    ./app/page.tsx [Server Component]


./src/data/pythonPrograms.ts:918:17
Cannot assign to this
  [90m916 |[0m [32m    language: "python",[0m
  [90m917 |[0m [32m    category: "Math & Logic",[0m
[31m[1m>[0m [90m918 |[0m [32m    difficulty: "Easy",[0m
  [90m    |[0m                 [31m[1m^^^^^^[0m
  [90m919 |[0m [32m    classLevel: "Class 8",[0m
  [90m920 |[0m [32m    description: "Generate the Fibonacci sequence using tuple assignment",[0m
  [90m921 |[0m [32m    code: `[0m[32m""[0m[32m"[0m

Parsing ecmascript source code failed

Import traces:
  App Route:
    ./src/data/pythonPrograms.ts
    ./app/api/admin/users/import-teachers-csv/route.ts

  Client Component Browser:
    ./src/data/pythonPrograms.ts [Client Component Browser]
    ./src/sections/ProgramsSection.tsx [Client Component Browser]
    ./src/sections/ProgramsSection.tsx [Server Component]
    ./app/page.tsx [Server Component]

  Client Component SSR:
    ./src/data/pythonPrograms.ts [Client Component SSR]
    ./src/sections/ProgramsSection.tsx [Client Component SSR]
    ./src/sections/ProgramsSection.tsx [Server Component]
    ./app/page.tsx [Server Component]


./src/data/pythonPrograms.ts:919:17
Cannot assign to this
  [90m917 |[0m [32m    category: "Math & Logic",[0m
  [90m918 |[0m [32m    difficulty: "Easy",[0m
[31m[1m>[0m [90m919 |[0m [32m    classLevel: "Class 8",[0m
  [90m    |[0m                 [31m[1m^^^^^^^^^[0m
  [90m920 |[0m [32m    description: "Generate the Fibonacci sequence using tuple assignment",[0m
  [90m921 |[0m [32m    code: `[0m[32m""[0m[32m"[0m
  [90m922 |[0m [32m==========================================[0m

Parsing ecmascript source code failed

Import traces:
  App Route:
    ./src/data/pythonPrograms.ts
    ./app/api/admin/users/import-teachers-csv/route.ts

  Client Component Browser:
    ./src/data/pythonPrograms.ts [Client Component Browser]
    ./src/sections/ProgramsSection.tsx [Client Component Browser]
    ./src/sections/ProgramsSection.tsx [Server Component]
    ./app/page.tsx [Server Component]

  Client Component SSR:
    ./src/data/pythonPrograms.ts [Client Component SSR]
    ./src/sections/ProgramsSection.tsx [Client Component SSR]
    ./src/sections/ProgramsSection.tsx [Server Component]
    ./app/page.tsx [Server Component]


./src/data/pythonPrograms.ts:920:18
Cannot assign to this
  [90m918 |[0m [32m    difficulty: "Easy",[0m
  [90m919 |[0m [32m    classLevel: "Class 8",[0m
[31m[1m>[0m [90m920 |[0m [32m    description: "Generate the Fibonacci sequence using tuple assignment",[0m
  [90m    |[0m                  [31m[1m^^^^^^^^^^^^^^^^^^^^^^^^^^^^^^^^^^^^^^^^^^^^^^^^^^^^^^^^[0m
  [90m921 |[0m [32m    code: `[0m[32m""[0m[32m"[0m
  [90m922 |[0m [32m==========================================[0m
  [90m923 |[0m [32mProgram: Fibonacci Series[0m

Parsing ecmascript source code failed

Import traces:
  App Route:
    ./src/data/pythonPrograms.ts
    ./app/api/admin/users/import-teachers-csv/route.ts

  Client Component Browser:
    ./src/data/pythonPrograms.ts [Client Component Browser]
    ./src/sections/ProgramsSection.tsx [Client Component Browser]
    ./src/sections/ProgramsSection.tsx [Server Component]
    ./app/page.tsx [Server Component]

  Client Component SSR:
    ./src/data/pythonPrograms.ts [Client Component SSR]
    ./src/sections/ProgramsSection.tsx [Client Component SSR]
    ./src/sections/ProgramsSection.tsx [Server Component]
    ./app/page.tsx [Server Component]


./src/data/pythonPrograms.ts:921:11
Cannot assign to this
  [90m919 |[0m [32m    classLevel: "Class 8",[0m
  [90m920 |[0m [32m    description: "Generate the Fibonacci sequence using tuple assignment",[0m
[31m[1m>[0m [90m921 |[0m [32m    code: `[0m[32m""[0m[32m"[0m
  [90m    |[0m           [31m[1m^^^[0m
[31m[1m>[0m [90m922 |[0m [32m==========================================[0m
  [90m    |[0m [31m[1m^^^^^^^^^^^^^^^^^^^^^^^^^^^^^^^^^^^^^^^^^^[0m
[31m[1m>[0m [90m923 |[0m [32mProgram: Fibonacci Series[0m
  [90m    |[0m [31m[1m^^^^^^^^^^^^^^^^^^^^^^^^^[0m
[31m[1m>[0m [90m924 |[0m [32mTeaches: Tuple assignment a, b = b, a+b, sequence generation[0m
  [90m    |[0m [31m[1m^^^^^^^^^^^^^^^^^^^^^^^^^^^^^^^^^^^^^^^^^^^^^^^^^^^^^^^^^^^^[0m
[31m[1m>[0m [90m925 |[0m [32mWHY: Fibonacci appears in nature (flower petals, pinecones).[0m
  [90m    |[0m [31m[1m^^^^^^^^^^^^^^^^^^^^^^^^^^^^^^^^^^^^^^^^^^^^^^^^^^^^^^^^^^^^[0m
[31m[1m>[0m [90m926 |[0m [32m      The tuple swap trick makes generating it elegant.[0m
  [90m    |[0m [31m[1m^^^^^^^^^^^^^^^^^^^^^^^^^^^^^^^^^^^^^^^^^^^^^^^^^^^^^^^[0m
[31m[1m>[0m [90m927 |[0m [32m==========================================[0m
  [90m    |[0m [31m[1m^^^^^^^^^^^^^^^^^^^^^^^^^^^^^^^^^^^^^^^^^^[0m
[31m[1m>[0m [90m928 |[0m
  [90m    |[0m [31m[1m^[0m
[31m[1m>[0m [90m929 |[0m [32mEXECUTION_TRACE:[0m
  [90m    |[0m [31m[1m^^^^^^^^^^^^^^^^[0m
[31m[1m>[0m [90m930 |[0m [32ma = 0, b = 1[0m
  [90m    |[0m [31m[1m^^^^^^^^^^^^[0m
[31m[1m>[0m [90m931 |[0m
  [90m    |[0m [31m[1m^[0m
[31m[1m>[0m [90m932 |[0m [32mStep 1: print 0 ΓåÆ a, b = 1, 1  (b becomes 1, a+b becomes 1)[0m
  [90m    |[0m [31m[1m^^^^^^^^^^^^^^^^^^^^^^^^^^^^^^^^^^^^^^^^^^^^^^^^^^^^^^^^^^^[0m
[31m[1m>[0m [90m933 |[0m [32mStep 2: print 1 ΓåÆ a, b = 1, 2  (a=1, b=2)[0m
  [90m    |[0m [31m[1m^^^^^^^^^^^^^^^^^^^^^^^^^^^^^^^^^^^^^^^^^[0m
[31m[1m>[0m [90m934 |[0m [32mStep 3: print 1 ΓåÆ a, b = 2, 3  (a=2, b=3)[0m
  [90m    |[0m [31m[1m^^^^^^^^^^^^^^^^^^^^^^^^^^^^^^^^^^^^^^^^^[0m
[31m[1m>[0m [90m935 |[0m [32mStep 4: print 2 ΓåÆ a, b = 3, 5  (a=3, b=5)[0m
  [90m    |[0m [31m[1m^^^^^^^^^^^^^^^^^^^^^^^^^^^^^^^^^^^^^^^^^[0m
[31m[1m>[0m [90m936 |[0m [32mStep 5: print 3 ΓåÆ a, b = 5, 8  (a=5, b=8)[0m
  [90m    |[0m [31m[1m^^^^^^^^^^^^^^^^^^^^^^^^^^^^^^^^^^^^^^^^^[0m
[31m[1m>[0m [90m937 |[0m [32mStep 6: print 5 ΓåÆ a, b = 8, 13 (a=8, b=13)[0m
  [90m    |[0m [31m[1m^^^^^^^^^^^^^^^^^^^^^^^^^^^^^^^^^^^^^^^^^^[0m
[31m[1m>[0m [90m938 |[0m [32mStep 7: print 8 ΓåÆ a, b = 13, 21[0m
  [90m    |[0m [31m[1m^^^^^^^^^^^^^^^^^^^^^^^^^^^^^^^[0m
[31m[1m>[0m [90m939 |[0m [32mStep 8: print 13 ΓåÆ a, b = 21, 34[0m
  [90m    |[0m [31m[1m^^^^^^^^^^^^^^^^^^^^^^^^^^^^^^^^[0m
[31m[1m>[0m [90m940 |[0m
  [90m    |[0m [31m[1m^[0m
[31m[1m>[0m [90m941 |[0m [32mOutput: 0 1 1 2 3 5 8 13[0m
  [90m    |[0m [31m[1m^^^^^^^^^^^^^^^^^^^^^^^^[0m
[31m[1m>[0m [90m942 |[0m
  [90m    |[0m [31m[1m^[0m
[31m[1m>[0m [90m943 |[0m [32mTRY THIS:[0m
  [90m    |[0m [31m[1m^^^^^^^^^[0m
[31m[1m>[0m [90m944 |[0m [32m- Print Fibonacci numbers up to 100[0m
  [90m    |[0m [31m[1m^^^^^^^^^^^^^^^^^^^^^^^^^^^^^^^^^^^[0m
[31m[1m>[0m [90m945 |[0m [32m- Store the series in a list and print it[0m
  [90m    |[0m [31m[1m^^^^^^^^^^^^^^^^^^^^^^^^^^^^^^^^^^^^^^^^^[0m
[31m[1m>[0m [90m946 |[0m [32m- What is the ratio of consecutive Fibonacci numbers approaching?[0m
  [90m    |[0m [31m[1m^^^^^^^^^^^^^^^^^^^^^^^^^^^^^^^^^^^^^^^^^^^^^^^^^^^^^^^^^^^^^^^^^[0m
[31m[1m>[0m [90m947 |[0m [32m"[0m[32m""[0m
  [90m    |[0m [31m[1m^^^[0m
[31m[1m>[0m [90m948 |[0m
  [90m    |[0m [31m[1m^[0m
[31m[1m>[0m [90m949 |[0m a = [35m0[0m
  [90m    |[0m [31m[1m^^^^^[0m
[31m[1m>[0m [90m950 |[0m b = [35m1[0m
  [90m    |[0m [31m[1m^^^^^[0m
[31m[1m>[0m [90m951 |[0m n = [35m8[0m
  [90m    |[0m [31m[1m^^^^^[0m
[31m[1m>[0m [90m952 |[0m
  [90m    |[0m [31m[1m^[0m
[31m[1m>[0m [90m953 |[0m print([32m"Fibonacci Series:"[0m)
  [90m    |[0m [31m[1m^^^^^^^^^^^^^^^^^^^^^^^^^^[0m
[31m[1m>[0m [90m954 |[0m [36mfor[0m i [36min[0m range(n):
  [90m    |[0m [31m[1m^^^^^^^^^^^^^^^^^^[0m
[31m[1m>[0m [90m955 |[0m     print(a, end=[32m" "[0m)
  [90m    |[0m [31m[1m^^^^^^^^^^^^^^^^^^^^^[0m
[31m[1m>[0m [90m956 |[0m     a, b = b, a + b
  [90m    |[0m [31m[1m^^^^^^^^^^^^^^^^^^^[0m
[31m[1m>[0m [90m957 |[0m print()
  [90m    |[0m [31m[1m^^^^^^^[0m
[31m[1m>[0m [90m958 |[0m [32m`,[0m
  [90m    |[0m [31m[1m^[0m
  [90m959 |[0m [32m    funFact: "Fibonacci numbers appear in sunflower seed patterns, rabbit populations, an...[0m
  [90m960 |[0m [32m  },[0m
  [90m961 |[0m [32m  {[0m

Parsing ecmascript source code failed

Import traces:
  App Route:
    ./src/data/pythonPrograms.ts
    ./app/api/admin/users/import-teachers-csv/route.ts

  Client Component Browser:
    ./src/data/pythonPrograms.ts [Client Component Browser]
    ./src/sections/ProgramsSection.tsx [Client Component Browser]
    ./src/sections/ProgramsSection.tsx [Server Component]
    ./app/page.tsx [Server Component]

  Client Component SSR:
    ./src/data/pythonPrograms.ts [Client Component SSR]
    ./src/sections/ProgramsSection.tsx [Client Component SSR]
    ./src/sections/ProgramsSection.tsx [Server Component]
    ./app/page.tsx [Server Component]


./src/data/pythonPrograms.ts:959:14
Cannot assign to this
  [90m957 |[0m ...
  [90m958 |[0m ...
[31m[1m>[0m [90m959 |[0m ...[32macci numbers appear in sunflower seed patterns, rabbit populations, and even 
galaxy sp...[0m
  [90m    |[0m    
[31m[1m^^^^^^^^^^^^^^^^^^^^^^^^^^^^^^^^^^^^^^^^^^^^^^^^^^^^^^^^^^^^^^^^^^^^^^^^^^^^^^^^^^^^^^^^^[0m
  [90m960 |[0m ...
  [90m961 |[0m ...
  [90m962 |[0m ...

Parsing ecmascript source code failed

Import traces:
  App Route:
    ./src/data/pythonPrograms.ts
    ./app/api/admin/users/import-teachers-csv/route.ts

  Client Component Browser:
    ./src/data/pythonPrograms.ts [Client Component Browser]
    ./src/sections/ProgramsSection.tsx [Client Component Browser]
    ./src/sections/ProgramsSection.tsx [Server Component]
    ./app/page.tsx [Server Component]

  Client Component SSR:
    ./src/data/pythonPrograms.ts [Client Component SSR]
    ./src/sections/ProgramsSection.tsx [Client Component SSR]
    ./src/sections/ProgramsSection.tsx [Server Component]
    ./app/page.tsx [Server Component]


./src/data/pythonPrograms.ts:962:9
Cannot assign to this
  [90m960 |[0m [32m  },[0m
  [90m961 |[0m [32m  {[0m
[31m[1m>[0m [90m962 |[0m [32m    id: "ml-3",[0m
  [90m    |[0m         [31m[1m^^^^^^[0m
  [90m963 |[0m [32m    title: "Factorial Program",[0m
  [90m964 |[0m [32m    language: "python",[0m
  [90m965 |[0m [32m    category: "Math & Logic",[0m

Parsing ecmascript source code failed

Import traces:
  App Route:
    ./src/data/pythonPrograms.ts
    ./app/api/admin/users/import-teachers-csv/route.ts

  Client Component Browser:
    ./src/data/pythonPrograms.ts [Client Component Browser]
    ./src/sections/ProgramsSection.tsx [Client Component Browser]
    ./src/sections/ProgramsSection.tsx [Server Component]
    ./app/page.tsx [Server Component]

  Client Component SSR:
    ./src/data/pythonPrograms.ts [Client Component SSR]
    ./src/sections/ProgramsSection.tsx [Client Component SSR]
    ./src/sections/ProgramsSection.tsx [Server Component]
    ./app/page.tsx [Server Component]


./src/data/pythonPrograms.ts:963:12
Cannot assign to this
  [90m961 |[0m [32m  {[0m
  [90m962 |[0m [32m    id: "ml-3",[0m
[31m[1m>[0m [90m963 |[0m [32m    title: "Factorial Program",[0m
  [90m    |[0m            [31m[1m^^^^^^^^^^^^^^^^^^^[0m
  [90m964 |[0m [32m    language: "python",[0m
  [90m965 |[0m [32m    category: "Math & Logic",[0m
  [90m966 |[0m [32m    difficulty: "Easy",[0m

Parsing ecmascript source code failed

Import traces:
  App Route:
    ./src/data/pythonPrograms.ts
    ./app/api/admin/users/import-teachers-csv/route.ts

  Client Component Browser:
    ./src/data/pythonPrograms.ts [Client Component Browser]
    ./src/sections/ProgramsSection.tsx [Client Component Browser]
    ./src/sections/ProgramsSection.tsx [Server Component]
    ./app/page.tsx [Server Component]

  Client Component SSR:
    ./src/data/pythonPrograms.ts [Client Component SSR]
    ./src/sections/ProgramsSection.tsx [Client Component SSR]
    ./src/sections/ProgramsSection.tsx [Server Component]
    ./app/page.tsx [Server Component]


./src/data/pythonPrograms.ts:964:15
Cannot assign to this
  [90m962 |[0m [32m    id: "ml-3",[0m
  [90m963 |[0m [32m    title: "Factorial Program",[0m
[31m[1m>[0m [90m964 |[0m [32m    language: "python",[0m
  [90m    |[0m               [31m[1m^^^^^^^^[0m
  [90m965 |[0m [32m    category: "Math & Logic",[0m
  [90m966 |[0m [32m    difficulty: "Easy",[0m
  [90m967 |[0m [32m    classLevel: "Class 8",[0m

Parsing ecmascript source code failed

Import traces:
  App Route:
    ./src/data/pythonPrograms.ts
    ./app/api/admin/users/import-teachers-csv/route.ts

  Client Component Browser:
    ./src/data/pythonPrograms.ts [Client Component Browser]
    ./src/sections/ProgramsSection.tsx [Client Component Browser]
    ./src/sections/ProgramsSection.tsx [Server Component]
    ./app/page.tsx [Server Component]

  Client Component SSR:
    ./src/data/pythonPrograms.ts [Client Component SSR]
    ./src/sections/ProgramsSection.tsx [Client Component SSR]
    ./src/sections/ProgramsSection.tsx [Server Component]
    ./app/page.tsx [Server Component]


./src/data/pythonPrograms.ts:965:15
Cannot assign to this
  [90m963 |[0m [32m    title: "Factorial Program",[0m
  [90m964 |[0m [32m    language: "python",[0m
[31m[1m>[0m [90m965 |[0m [32m    category: "Math & Logic",[0m
  [90m    |[0m               [31m[1m^^^^^^^^^^^^^^[0m
  [90m966 |[0m [32m    difficulty: "Easy",[0m
  [90m967 |[0m [32m    classLevel: "Class 8",[0m
  [90m968 |[0m [32m    description: "Calculate the factorial of a number using a for loop",[0m

Parsing ecmascript source code failed

Import traces:
  App Route:
    ./src/data/pythonPrograms.ts
    ./app/api/admin/users/import-teachers-csv/route.ts

  Client Component Browser:
    ./src/data/pythonPrograms.ts [Client Component Browser]
    ./src/sections/ProgramsSection.tsx [Client Component Browser]
    ./src/sections/ProgramsSection.tsx [Server Component]
    ./app/page.tsx [Server Component]

  Client Component SSR:
    ./src/data/pythonPrograms.ts [Client Component SSR]
    ./src/sections/ProgramsSection.tsx [Client Component SSR]
    ./src/sections/ProgramsSection.tsx [Server Component]
    ./app/page.tsx [Server Component]


./src/data/pythonPrograms.ts:966:17
Cannot assign to this
  [90m964 |[0m [32m    language: "python",[0m
  [90m965 |[0m [32m    category: "Math & Logic",[0m
[31m[1m>[0m [90m966 |[0m [32m    difficulty: "Easy",[0m
  [90m    |[0m                 [31m[1m^^^^^^[0m
  [90m967 |[0m [32m    classLevel: "Class 8",[0m
  [90m968 |[0m [32m    description: "Calculate the factorial of a number using a for loop",[0m
  [90m969 |[0m [32m    code: `[0m[32m""[0m[32m"[0m

Parsing ecmascript source code failed

Import traces:
  App Route:
    ./src/data/pythonPrograms.ts
    ./app/api/admin/users/import-teachers-csv/route.ts

  Client Component Browser:
    ./src/data/pythonPrograms.ts [Client Component Browser]
    ./src/sections/ProgramsSection.tsx [Client Component Browser]
    ./src/sections/ProgramsSection.tsx [Server Component]
    ./app/page.tsx [Server Component]

  Client Component SSR:
    ./src/data/pythonPrograms.ts [Client Component SSR]
    ./src/sections/ProgramsSection.tsx [Client Component SSR]
    ./src/sections/ProgramsSection.tsx [Server Component]
    ./app/page.tsx [Server Component]


./src/data/pythonPrograms.ts:967:17
Cannot assign to this
  [90m965 |[0m [32m    category: "Math & Logic",[0m
  [90m966 |[0m [32m    difficulty: "Easy",[0m
[31m[1m>[0m [90m967 |[0m [32m    classLevel: "Class 8",[0m
  [90m    |[0m                 [31m[1m^^^^^^^^^[0m
  [90m968 |[0m [32m    description: "Calculate the factorial of a number using a for loop",[0m
  [90m969 |[0m [32m    code: `[0m[32m""[0m[32m"[0m
  [90m970 |[0m [32m==========================================[0m

Parsing ecmascript source code failed

Import traces:
  App Route:
    ./src/data/pythonPrograms.ts
    ./app/api/admin/users/import-teachers-csv/route.ts

  Client Component Browser:
    ./src/data/pythonPrograms.ts [Client Component Browser]
    ./src/sections/ProgramsSection.tsx [Client Component Browser]
    ./src/sections/ProgramsSection.tsx [Server Component]
    ./app/page.tsx [Server Component]

  Client Component SSR:
    ./src/data/pythonPrograms.ts [Client Component SSR]
    ./src/sections/ProgramsSection.tsx [Client Component SSR]
    ./src/sections/ProgramsSection.tsx [Server Component]
    ./app/page.tsx [Server Component]


./src/data/pythonPrograms.ts:968:18
Cannot assign to this
  [90m966 |[0m [32m    difficulty: "Easy",[0m
  [90m967 |[0m [32m    classLevel: "Class 8",[0m
[31m[1m>[0m [90m968 |[0m [32m    description: "Calculate the factorial of a number using a for loop",[0m
  [90m    |[0m                  [31m[1m^^^^^^^^^^^^^^^^^^^^^^^^^^^^^^^^^^^^^^^^^^^^^^^^^^^^^^[0m
  [90m969 |[0m [32m    code: `[0m[32m""[0m[32m"[0m
  [90m970 |[0m [32m==========================================[0m
  [90m971 |[0m [32mProgram: Factorial Program[0m

Parsing ecmascript source code failed

Import traces:
  App Route:
    ./src/data/pythonPrograms.ts
    ./app/api/admin/users/import-teachers-csv/route.ts

  Client Component Browser:
    ./src/data/pythonPrograms.ts [Client Component Browser]
    ./src/sections/ProgramsSection.tsx [Client Component Browser]
    ./src/sections/ProgramsSection.tsx [Server Component]
    ./app/page.tsx [Server Component]

  Client Component SSR:
    ./src/data/pythonPrograms.ts [Client Component SSR]
    ./src/sections/ProgramsSection.tsx [Client Component SSR]
    ./src/sections/ProgramsSection.tsx [Server Component]
    ./app/page.tsx [Server Component]


./src/data/pythonPrograms.ts:969:11
Cannot assign to this
  [90m 967 |[0m [32m    classLevel: "Class 8",[0m
  [90m 968 |[0m [32m    description: "Calculate the factorial of a number using a for loop",[0m
[31m[1m>[0m [90m 969 |[0m [32m    code: `[0m[32m""[0m[32m"[0m
  [90m     |[0m           [31m[1m^^^[0m
[31m[1m>[0m [90m 970 |[0m [32m==========================================[0m
  [90m     |[0m [31m[1m^^^^^^^^^^^^^^^^^^^^^^^^^^^^^^^^^^^^^^^^^^[0m
[31m[1m>[0m [90m 971 |[0m [32mProgram: Factorial Program[0m
  [90m     |[0m [31m[1m^^^^^^^^^^^^^^^^^^^^^^^^^^[0m
[31m[1m>[0m [90m 972 |[0m [32mTeaches: Loop-based multiplication, accumulator pattern[0m
  [90m     |[0m [31m[1m^^^^^^^^^^^^^^^^^^^^^^^^^^^^^^^^^^^^^^^^^^^^^^^^^^^^^^^[0m
[31m[1m>[0m [90m 973 |[0m [32mWHY: Factorial (n!) = n ├ù (n-1) ├ù ... ├ù 1 is used in[0m
  [90m     |[0m [31m[1m^^^^^^^^^^^^^^^^^^^^^^^^^^^^^^^^^^^^^^^^^^^^^^^^^^^^[0m
[31m[1m>[0m [90m 974 |[0m [32m      permutations, combinations, and probability.[0m
  [90m     |[0m [31m[1m^^^^^^^^^^^^^^^^^^^^^^^^^^^^^^^^^^^^^^^^^^^^^^^^^^[0m
[31m[1m>[0m [90m 975 |[0m [32m==========================================[0m
  [90m     |[0m [31m[1m^^^^^^^^^^^^^^^^^^^^^^^^^^^^^^^^^^^^^^^^^^[0m
[31m[1m>[0m [90m 976 |[0m
  [90m     |[0m [31m[1m^[0m
[31m[1m>[0m [90m 977 |[0m [32mEXECUTION_TRACE:[0m
  [90m     |[0m [31m[1m^^^^^^^^^^^^^^^^[0m
[31m[1m>[0m [90m 978 |[0m [32mn = 5[0m
  [90m     |[0m [31m[1m^^^^^[0m
[31m[1m>[0m [90m 979 |[0m [32mfact = 1[0m
  [90m     |[0m [31m[1m^^^^^^^^[0m
[31m[1m>[0m [90m 980 |[0m
  [90m     |[0m [31m[1m^[0m
[31m[1m>[0m [90m 981 |[0m [32mi=1: fact = 1 * 1 = 1[0m
  [90m     |[0m [31m[1m^^^^^^^^^^^^^^^^^^^^^[0m
[31m[1m>[0m [90m 982 |[0m [32mi=2: fact = 1 * 2 = 2[0m
  [90m     |[0m [31m[1m^^^^^^^^^^^^^^^^^^^^^[0m
[31m[1m>[0m [90m 983 |[0m [32mi=3: fact = 2 * 3 = 6[0m
  [90m     |[0m [31m[1m^^^^^^^^^^^^^^^^^^^^^[0m
[31m[1m>[0m [90m 984 |[0m [32mi=4: fact = 6 * 4 = 24[0m
  [90m     |[0m [31m[1m^^^^^^^^^^^^^^^^^^^^^^[0m
[31m[1m>[0m [90m 985 |[0m [32mi=5: fact = 24 * 5 = 120[0m
  [90m     |[0m [31m[1m^^^^^^^^^^^^^^^^^^^^^^^^[0m
[31m[1m>[0m [90m 986 |[0m
  [90m     |[0m [31m[1m^[0m
[31m[1m>[0m [90m 987 |[0m [32mFactorial of 5 = 120[0m
  [90m     |[0m [31m[1m^^^^^^^^^^^^^^^^^^^^[0m
[31m[1m>[0m [90m 988 |[0m
  [90m     |[0m [31m[1m^[0m
[31m[1m>[0m [90m 989 |[0m [32mTRY THIS:[0m
  [90m     |[0m [31m[1m^^^^^^^^^[0m
[31m[1m>[0m [90m 990 |[0m [32m- Use input() to get n from the user[0m
  [90m     |[0m [31m[1m^^^^^^^^^^^^^^^^^^^^^^^^^^^^^^^^^^^^[0m
[31m[1m>[0m [90m 991 |[0m [32m- What is 0! (factorial of 0)? (Hint: it's 1!)[0m
  [90m     |[0m [31m[1m^^^^^^^^^^^^^^^^^^^^^^^^^^^^^^^^^^^^^^^^^^^^^^[0m
[31m[1m>[0m [90m 992 |[0m [32m- Python has math.factorial() ΓÇö try importing and using it[0m
  [90m     |[0m [31m[1m^^^^^^^^^^^^^^^^^^^^^^^^^^^^^^^^^^^^^^^^^^^^^^^^^^^^^^^^^^[0m
[31m[1m>[0m [90m 993 |[0m [32m"[0m[32m""[0m
  [90m     |[0m [31m[1m^^^[0m
[31m[1m>[0m [90m 994 |[0m
  [90m     |[0m [31m[1m^[0m
[31m[1m>[0m [90m 995 |[0m n = [35m5[0m
  [90m     |[0m [31m[1m^^^^^[0m
[31m[1m>[0m [90m 996 |[0m fact = [35m1[0m
  [90m     |[0m [31m[1m^^^^^^^^[0m
[31m[1m>[0m [90m 997 |[0m
  [90m     |[0m [31m[1m^[0m
[31m[1m>[0m [90m 998 |[0m [36mfor[0m i [36min[0m range([35m1[0m, n + [35m1[0m):
  [90m     |[0m [31m[1m^^^^^^^^^^^^^^^^^^^^^^^^^[0m
[31m[1m>[0m [90m 999 |[0m     fact = fact * i
  [90m     |[0m [31m[1m^^^^^^^^^^^^^^^^^^^[0m
[31m[1m>[0m [90m1000 |[0m
  [90m     |[0m [31m[1m^[0m
[31m[1m>[0m [90m1001 |[0m print([32m"Factorial of"[0m, n, [32m"is:"[0m, fact)
  [90m     |[0m [31m[1m^^^^^^^^^^^^^^^^^^^^^^^^^^^^^^^^^^^^^[0m
[31m[1m>[0m [90m1002 |[0m [32m`,[0m
  [90m     |[0m [31m[1m^[0m
  [90m1003 |[0m [32m    funFact: "By definition, 0! = 1 ΓÇö this makes many mathematical formulas work 
correct...[0m
  [90m1004 |[0m [32m  },[0m
  [90m1005 |[0m [32m  {[0m

Parsing ecmascript source code failed

Import traces:
  App Route:
    ./src/data/pythonPrograms.ts
    ./app/api/admin/users/import-teachers-csv/route.ts

  Client Component Browser:
    ./src/data/pythonPrograms.ts [Client Component Browser]
    ./src/sections/ProgramsSection.tsx [Client Component Browser]
    ./src/sections/ProgramsSection.tsx [Server Component]
    ./app/page.tsx [Server Component]

  Client Component SSR:
    ./src/data/pythonPrograms.ts [Client Component SSR]
    ./src/sections/ProgramsSection.tsx [Client Component SSR]
    ./src/sections/ProgramsSection.tsx [Server Component]
    ./app/page.tsx [Server Component]


./src/data/pythonPrograms.ts:1003:14
Cannot assign to this
  [90m1001 |[0m ...[32morial of"[0m, n, [32m"is:"[0m, fact)
  [90m1002 |[0m ...
[31m[1m>[0m [90m1003 |[0m ...[32m: "By definition, 0! = 1 ΓÇö this makes many mathematical formulas work 
correctly!"[0m
  [90m     |[0m      [31m[1m^^^^^^^^^^^^^^^^^^^^^^^^^^^^^^^^^^^^^^^^^^^^^^^^^^^^^^^^^^^^^^^^^^^^^^^^^^^^^^^[0m
  [90m1004 |[0m ...
  [90m1005 |[0m ...
  [90m1006 |[0m ...[32m-4",[0m

Parsing ecmascript source code failed

Import traces:
  App Route:
    ./src/data/pythonPrograms.ts
    ./app/api/admin/users/import-teachers-csv/route.ts

  Client Component Browser:
    ./src/data/pythonPrograms.ts [Client Component Browser]
    ./src/sections/ProgramsSection.tsx [Client Component Browser]
    ./src/sections/ProgramsSection.tsx [Server Component]
    ./app/page.tsx [Server Component]

  Client Component SSR:
    ./src/data/pythonPrograms.ts [Client Component SSR]
    ./src/sections/ProgramsSection.tsx [Client Component SSR]
    ./src/sections/ProgramsSection.tsx [Server Component]
    ./app/page.tsx [Server Component]


./src/data/pythonPrograms.ts:1006:9
Cannot assign to this
  [90m1004 |[0m [32m  },[0m
  [90m1005 |[0m [32m  {[0m
[31m[1m>[0m [90m1006 |[0m [32m    id: "ml-4",[0m
  [90m     |[0m         [31m[1m^^^^^^[0m
  [90m1007 |[0m [32m    title: "Leap Year Checker",[0m
  [90m1008 |[0m [32m    language: "python",[0m
  [90m1009 |[0m [32m    category: "Math & Logic",[0m

Parsing ecmascript source code failed

Import traces:
  App Route:
    ./src/data/pythonPrograms.ts
    ./app/api/admin/users/import-teachers-csv/route.ts

  Client Component Browser:
    ./src/data/pythonPrograms.ts [Client Component Browser]
    ./src/sections/ProgramsSection.tsx [Client Component Browser]
    ./src/sections/ProgramsSection.tsx [Server Component]
    ./app/page.tsx [Server Component]

  Client Component SSR:
    ./src/data/pythonPrograms.ts [Client Component SSR]
    ./src/sections/ProgramsSection.tsx [Client Component SSR]
    ./src/sections/ProgramsSection.tsx [Server Component]
    ./app/page.tsx [Server Component]


./src/data/pythonPrograms.ts:1007:12
Cannot assign to this
  [90m1005 |[0m [32m  {[0m
  [90m1006 |[0m [32m    id: "ml-4",[0m
[31m[1m>[0m [90m1007 |[0m [32m    title: "Leap Year Checker",[0m
  [90m     |[0m            [31m[1m^^^^^^^^^^^^^^^^^^^[0m
  [90m1008 |[0m [32m    language: "python",[0m
  [90m1009 |[0m [32m    category: "Math & Logic",[0m
  [90m1010 |[0m [32m    difficulty: "Easy",[0m

Parsing ecmascript source code failed

Import traces:
  App Route:
    ./src/data/pythonPrograms.ts
    ./app/api/admin/users/import-teachers-csv/route.ts

  Client Component Browser:
    ./src/data/pythonPrograms.ts [Client Component Browser]
    ./src/sections/ProgramsSection.tsx [Client Component Browser]
    ./src/sections/ProgramsSection.tsx [Server Component]
    ./app/page.tsx [Server Component]

  Client Component SSR:
    ./src/data/pythonPrograms.ts [Client Component SSR]
    ./src/sections/ProgramsSection.tsx [Client Component SSR]
    ./src/sections/ProgramsSection.tsx [Server Component]
    ./app/page.tsx [Server Component]


./src/data/pythonPrograms.ts:1008:15
Cannot assign to this
  [90m1006 |[0m [32m    id: "ml-4",[0m
  [90m1007 |[0m [32m    title: "Leap Year Checker",[0m
[31m[1m>[0m [90m1008 |[0m [32m    language: "python",[0m
  [90m     |[0m               [31m[1m^^^^^^^^[0m
  [90m1009 |[0m [32m    category: "Math & Logic",[0m
  [90m1010 |[0m [32m    difficulty: "Easy",[0m
  [90m1011 |[0m [32m    classLevel: "Class 8",[0m

Parsing ecmascript source code failed

Import traces:
  App Route:
    ./src/data/pythonPrograms.ts
    ./app/api/admin/users/import-teachers-csv/route.ts

  Client Component Browser:
    ./src/data/pythonPrograms.ts [Client Component Browser]
    ./src/sections/ProgramsSection.tsx [Client Component Browser]
    ./src/sections/ProgramsSection.tsx [Server Component]
    ./app/page.tsx [Server Component]

  Client Component SSR:
    ./src/data/pythonPrograms.ts [Client Component SSR]
    ./src/sections/ProgramsSection.tsx [Client Component SSR]
    ./src/sections/ProgramsSection.tsx [Server Component]
    ./app/page.tsx [Server Component]


./src/data/pythonPrograms.ts:1009:15
Cannot assign to this
  [90m1007 |[0m [32m    title: "Leap Year Checker",[0m
  [90m1008 |[0m [32m    language: "python",[0m
[31m[1m>[0m [90m1009 |[0m [32m    category: "Math & Logic",[0m
  [90m     |[0m               [31m[1m^^^^^^^^^^^^^^[0m
  [90m1010 |[0m [32m    difficulty: "Easy",[0m
  [90m1011 |[0m [32m    classLevel: "Class 8",[0m
  [90m1012 |[0m [32m    description: "Check if a year is a leap year using multiple conditions",[0m

Parsing ecmascript source code failed

Import traces:
  App Route:
    ./src/data/pythonPrograms.ts
    ./app/api/admin/users/import-teachers-csv/route.ts

  Client Component Browser:
    ./src/data/pythonPrograms.ts [Client Component Browser]
    ./src/sections/ProgramsSection.tsx [Client Component Browser]
    ./src/sections/ProgramsSection.tsx [Server Component]
    ./app/page.tsx [Server Component]

  Client Component SSR:
    ./src/data/pythonPrograms.ts [Client Component SSR]
    ./src/sections/ProgramsSection.tsx [Client Component SSR]
    ./src/sections/ProgramsSection.tsx [Server Component]
    ./app/page.tsx [Server Component]


./src/data/pythonPrograms.ts:1010:17
Cannot assign to this
  [90m1008 |[0m [32m    language: "python",[0m
  [90m1009 |[0m [32m    category: "Math & Logic",[0m
[31m[1m>[0m [90m1010 |[0m [32m    difficulty: "Easy",[0m
  [90m     |[0m                 [31m[1m^^^^^^[0m
  [90m1011 |[0m [32m    classLevel: "Class 8",[0m
  [90m1012 |[0m [32m    description: "Check if a year is a leap year using multiple conditions",[0m
  [90m1013 |[0m [32m    code: `[0m[32m""[0m[32m"[0m

Parsing ecmascript source code failed

Import traces:
  App Route:
    ./src/data/pythonPrograms.ts
    ./app/api/admin/users/import-teachers-csv/route.ts

  Client Component Browser:
    ./src/data/pythonPrograms.ts [Client Component Browser]
    ./src/sections/ProgramsSection.tsx [Client Component Browser]
    ./src/sections/ProgramsSection.tsx [Server Component]
    ./app/page.tsx [Server Component]

  Client Component SSR:
    ./src/data/pythonPrograms.ts [Client Component SSR]
    ./src/sections/ProgramsSection.tsx [Client Component SSR]
    ./src/sections/ProgramsSection.tsx [Server Component]
    ./app/page.tsx [Server Component]


./src/data/pythonPrograms.ts:1011:17
Cannot assign to this
  [90m1009 |[0m [32m    category: "Math & Logic",[0m
  [90m1010 |[0m [32m    difficulty: "Easy",[0m
[31m[1m>[0m [90m1011 |[0m [32m    classLevel: "Class 8",[0m
  [90m     |[0m                 [31m[1m^^^^^^^^^[0m
  [90m1012 |[0m [32m    description: "Check if a year is a leap year using multiple conditions",[0m
  [90m1013 |[0m [32m    code: `[0m[32m""[0m[32m"[0m
  [90m1014 |[0m [32m==========================================[0m

Parsing ecmascript source code failed

Import traces:
  App Route:
    ./src/data/pythonPrograms.ts
    ./app/api/admin/users/import-teachers-csv/route.ts

  Client Component Browser:
    ./src/data/pythonPrograms.ts [Client Component Browser]
    ./src/sections/ProgramsSection.tsx [Client Component Browser]
    ./src/sections/ProgramsSection.tsx [Server Component]
    ./app/page.tsx [Server Component]

  Client Component SSR:
    ./src/data/pythonPrograms.ts [Client Component SSR]
    ./src/sections/ProgramsSection.tsx [Client Component SSR]
    ./src/sections/ProgramsSection.tsx [Server Component]
    ./app/page.tsx [Server Component]


./src/data/pythonPrograms.ts:1012:18
Cannot assign to this
  [90m1010 |[0m [32m    difficulty: "Easy",[0m
  [90m1011 |[0m [32m    classLevel: "Class 8",[0m
[31m[1m>[0m [90m1012 |[0m [32m    description: "Check if a year is a leap year using multiple conditions",[0m
  [90m     |[0m                  [31m[1m^^^^^^^^^^^^^^^^^^^^^^^^^^^^^^^^^^^^^^^^^^^^^^^^^^^^^^^^^^[0m
  [90m1013 |[0m [32m    code: `[0m[32m""[0m[32m"[0m
  [90m1014 |[0m [32m==========================================[0m
  [90m1015 |[0m [32mProgram: Leap Year Checker[0m

Parsing ecmascript source code failed

Import traces:
  App Route:
    ./src/data/pythonPrograms.ts
    ./app/api/admin/users/import-teachers-csv/route.ts

  Client Component Browser:
    ./src/data/pythonPrograms.ts [Client Component Browser]
    ./src/sections/ProgramsSection.tsx [Client Component Browser]
    ./src/sections/ProgramsSection.tsx [Server Component]
    ./app/page.tsx [Server Component]

  Client Component SSR:
    ./src/data/pythonPrograms.ts [Client Component SSR]
    ./src/sections/ProgramsSection.tsx [Client Component SSR]
    ./src/sections/ProgramsSection.tsx [Server Component]
    ./app/page.tsx [Server Component]


./src/data/pythonPrograms.ts:1013:11
Cannot assign to this
  [90m1011 |[0m [32m    classLevel: "Class 8",[0m
  [90m1012 |[0m [32m    description: "Check if a year is a leap year using multiple conditions",[0m
[31m[1m>[0m [90m1013 |[0m [32m    code: `[0m[32m""[0m[32m"[0m
  [90m     |[0m           [31m[1m^^^[0m
[31m[1m>[0m [90m1014 |[0m [32m==========================================[0m
  [90m     |[0m [31m[1m^^^^^^^^^^^^^^^^^^^^^^^^^^^^^^^^^^^^^^^^^^[0m
[31m[1m>[0m [90m1015 |[0m [32mProgram: Leap Year Checker[0m
  [90m     |[0m [31m[1m^^^^^^^^^^^^^^^^^^^^^^^^^^[0m
[31m[1m>[0m [90m1016 |[0m [32mTeaches: Nested conditions, logical operators (and, or)[0m
  [90m     |[0m [31m[1m^^^^^^^^^^^^^^^^^^^^^^^^^^^^^^^^^^^^^^^^^^^^^^^^^^^^^^^[0m
[31m[1m>[0m [90m1017 |[0m [32mWHY: Leap year logic demonstrates how multiple rules combine.[0m
  [90m     |[0m [31m[1m^^^^^^^^^^^^^^^^^^^^^^^^^^^^^^^^^^^^^^^^^^^^^^^^^^^^^^^^^^^^^[0m
[31m[1m>[0m [90m1018 |[0m [32m      A year is leap if divisible by 4, but NOT by 100[0m
  [90m     |[0m [31m[1m^^^^^^^^^^^^^^^^^^^^^^^^^^^^^^^^^^^^^^^^^^^^^^^^^^^^^^[0m
[31m[1m>[0m [90m1019 |[0m [32m      unless also divisible by 400.[0m
  [90m     |[0m [31m[1m^^^^^^^^^^^^^^^^^^^^^^^^^^^^^^^^^^^[0m
[31m[1m>[0m [90m1020 |[0m [32m==========================================[0m
  [90m     |[0m [31m[1m^^^^^^^^^^^^^^^^^^^^^^^^^^^^^^^^^^^^^^^^^^[0m
[31m[1m>[0m [90m1021 |[0m
  [90m     |[0m [31m[1m^[0m
[31m[1m>[0m [90m1022 |[0m [32mEXECUTION_TRACE:[0m
  [90m     |[0m [31m[1m^^^^^^^^^^^^^^^^[0m
[31m[1m>[0m [90m1023 |[0m [32myear = 2024[0m
  [90m     |[0m [31m[1m^^^^^^^^^^^[0m
[31m[1m>[0m [90m1024 |[0m
  [90m     |[0m [31m[1m^[0m
[31m[1m>[0m [90m1025 |[0m [32mCondition 1: 2024 % 4 == 0? ΓåÆ True (2024/4 = 506, no remainder)[0m
  [90m     |[0m [31m[1m^^^^^^^^^^^^^^^^^^^^^^^^^^^^^^^^^^^^^^^^^^^^^^^^^^^^^^^^^^^^^^^[0m
[31m[1m>[0m [90m1026 |[0m [32mCondition 2: 2024 % 100 == 0? ΓåÆ False (2024/100 = 20.24)[0m
  [90m     |[0m [31m[1m^^^^^^^^^^^^^^^^^^^^^^^^^^^^^^^^^^^^^^^^^^^^^^^^^^^^^^^^[0m
[31m[1m>[0m [90m1027 |[0m [32mSince Condition 2 is False, we skip the "[0m[36melse[0m[32m" part[0m
  [90m     |[0m [31m[1m^^^^^^^^^^^^^^^^^^^^^^^^^^^^^^^^^^^^^^^^^^^^^^^^^^^[0m
[31m[1m>[0m [90m1028 |[0m [32mΓåÆ 2024 IS a leap year![0m
  [90m     |[0m [31m[1m^^^^^^^^^^^^^^^^^^^^^^[0m
[31m[1m>[0m [90m1029 |[0m
  [90m     |[0m [31m[1m^[0m
[31m[1m>[0m [90m1030 |[0m [32mTRY year = 2000:[0m
  [90m     |[0m [31m[1m^^^^^^^^^^^^^^^^[0m
[31m[1m>[0m [90m1031 |[0m [32m  2000 % 4 == 0? True[0m
  [90m     |[0m [31m[1m^^^^^^^^^^^^^^^^^^^^^[0m
[31m[1m>[0m [90m1032 |[0m [32m  2000 % 100 == 0? True ΓåÆ enter else[0m
  [90m     |[0m [31m[1m^^^^^^^^^^^^^^^^^^^^^^^^^^^^^^^^^^^^[0m
[31m[1m>[0m [90m1033 |[0m [32m  2000 % 400 == 0? True ΓåÆ IS leap year![0m
  [90m     |[0m [31m[1m^^^^^^^^^^^^^^^^^^^^^^^^^^^^^^^^^^^^^^^[0m
[31m[1m>[0m [90m1034 |[0m
  [90m     |[0m [31m[1m^[0m
[31m[1m>[0m [90m1035 |[0m [32mTRY year = 1900:[0m
  [90m     |[0m [31m[1m^^^^^^^^^^^^^^^^[0m
[31m[1m>[0m [90m1036 |[0m [32m  1900 % 4 == 0? True[0m
  [90m     |[0m [31m[1m^^^^^^^^^^^^^^^^^^^^^[0m
[31m[1m>[0m [90m1037 |[0m [32m  1900 % 100 == 0? True ΓåÆ enter else[0m
  [90m     |[0m [31m[1m^^^^^^^^^^^^^^^^^^^^^^^^^^^^^^^^^^^^[0m
[31m[1m>[0m [90m1038 |[0m [32m  1900 % 400 == 0? False ΓåÆ NOT leap year![0m
  [90m     |[0m [31m[1m^^^^^^^^^^^^^^^^^^^^^^^^^^^^^^^^^^^^^^^^^[0m
[31m[1m>[0m [90m1039 |[0m
  [90m     |[0m [31m[1m^[0m
[31m[1m>[0m [90m1040 |[0m [32mTRY THIS:[0m
  [90m     |[0m [31m[1m^^^^^^^^^[0m
[31m[1m>[0m [90m1041 |[0m [32m- Check years 2100, 2400, 2023[0m
  [90m     |[0m [31m[1m^^^^^^^^^^^^^^^^^^^^^^^^^^^^^^[0m
[31m[1m>[0m [90m1042 |[0m [32m- Print all leap years from 2000 to 2024[0m
  [90m     |[0m [31m[1m^^^^^^^^^^^^^^^^^^^^^^^^^^^^^^^^^^^^^^^^[0m
[31m[1m>[0m [90m1043 |[0m [32m- How many leap years are there in a century?[0m
  [90m     |[0m [31m[1m^^^^^^^^^^^^^^^^^^^^^^^^^^^^^^^^^^^^^^^^^^^^^[0m
[31m[1m>[0m [90m1044 |[0m [32m"[0m[32m""[0m
  [90m     |[0m [31m[1m^^^[0m
[31m[1m>[0m [90m1045 |[0m
  [90m     |[0m [31m[1m^[0m
[31m[1m>[0m [90m1046 |[0m year = int(input([32m"Enter a year: "[0m))
  [90m     |[0m [31m[1m^^^^^^^^^^^^^^^^^^^^^^^^^^^^^^^^^^^[0m
[31m[1m>[0m [90m1047 |[0m
  [90m     |[0m [31m[1m^[0m
[31m[1m>[0m [90m1048 |[0m [36mif[0m year % [35m4[0m == [35m0[0m:
  [90m     |[0m [31m[1m^^^^^^^^^^^^^^^^^[0m
[31m[1m>[0m [90m1049 |[0m     [36mif[0m year % [35m100[0m == [35m0[0m:
  [90m     |[0m [31m[1m^^^^^^^^^^^^^^^^^^^^^^^[0m
[31m[1m>[0m [90m1050 |[0m         [36mif[0m year % [35m400[0m == [35m0[0m:
  [90m     |[0m [31m[1m^^^^^^^^^^^^^^^^^^^^^^^^^^^[0m
[31m[1m>[0m [90m1051 |[0m             print(year, [32m"is a Leap Year"[0m)
  [90m     |[0m [31m[1m^^^^^^^^^^^^^^^^^^^^^^^^^^^^^^^^^^^^^^^^^[0m
[31m[1m>[0m [90m1052 |[0m         [36melse[0m:
  [90m     |[0m [31m[1m^^^^^^^^^^^^^[0m
[31m[1m>[0m [90m1053 |[0m             print(year, [32m"is NOT a Leap Year"[0m)
  [90m     |[0m [31m[1m^^^^^^^^^^^^^^^^^^^^^^^^^^^^^^^^^^^^^^^^^^^^^[0m
[31m[1m>[0m [90m1054 |[0m     [36melse[0m:
  [90m     |[0m [31m[1m^^^^^^^^^[0m
[31m[1m>[0m [90m1055 |[0m         print(year, [32m"is a Leap Year"[0m)
  [90m     |[0m [31m[1m^^^^^^^^^^^^^^^^^^^^^^^^^^^^^^^^^^^^^[0m
[31m[1m>[0m [90m1056 |[0m [36melse[0m:
  [90m     |[0m [31m[1m^^^^^[0m
[31m[1m>[0m [90m1057 |[0m     print(year, [32m"is NOT a Leap Year"[0m)
  [90m     |[0m [31m[1m^^^^^^^^^^^^^^^^^^^^^^^^^^^^^^^^^^^^^[0m
[31m[1m>[0m [90m1058 |[0m [32m`,[0m
  [90m     |[0m [31m[1m^[0m
  [90m1059 |[0m [32m    funFact: "February 29 (leap day) babies are called 'leaplings' ΓÇö they technically 
ha...[0m
  [90m1060 |[0m [32m  },[0m
  [90m1061 |[0m [32m  {[0m

Parsing ecmascript source code failed

Import traces:
  App Route:
    ./src/data/pythonPrograms.ts
    ./app/api/admin/users/import-teachers-csv/route.ts

  Client Component Browser:
    ./src/data/pythonPrograms.ts [Client Component Browser]
    ./src/sections/ProgramsSection.tsx [Client Component Browser]
    ./src/sections/ProgramsSection.tsx [Server Component]
    ./app/page.tsx [Server Component]

  Client Component SSR:
    ./src/data/pythonPrograms.ts [Client Component SSR]
    ./src/sections/ProgramsSection.tsx [Client Component SSR]
    ./src/sections/ProgramsSection.tsx [Server Component]
    ./app/page.tsx [Server Component]


./src/data/pythonPrograms.ts:1059:14
Cannot assign to this
  [90m1057 |[0m ...[32mLeap Year"[0m)
  [90m1058 |[0m ...
[31m[1m>[0m [90m1059 |[0m ...[32m(leap day) babies are called 'leaplings' ΓÇö they technically have a birthday 
only ever...[0m
  [90m     |[0m    
[31m[1m^^^^^^^^^^^^^^^^^^^^^^^^^^^^^^^^^^^^^^^^^^^^^^^^^^^^^^^^^^^^^^^^^^^^^^^^^^^^^^^^^^^^^^^^[0m
  [90m1060 |[0m ...
  [90m1061 |[0m ...
  [90m1062 |[0m ...

Parsing ecmascript source code failed

Import traces:
  App Route:
    ./src/data/pythonPrograms.ts
    ./app/api/admin/users/import-teachers-csv/route.ts

  Client Component Browser:
    ./src/data/pythonPrograms.ts [Client Component Browser]
    ./src/sections/ProgramsSection.tsx [Client Component Browser]
    ./src/sections/ProgramsSection.tsx [Server Component]
    ./app/page.tsx [Server Component]

  Client Component SSR:
    ./src/data/pythonPrograms.ts [Client Component SSR]
    ./src/sections/ProgramsSection.tsx [Client Component SSR]
    ./src/sections/ProgramsSection.tsx [Server Component]
    ./app/page.tsx [Server Component]


./src/data/pythonPrograms.ts:1062:9
Cannot assign to this
  [90m1060 |[0m [32m  },[0m
  [90m1061 |[0m [32m  {[0m
[31m[1m>[0m [90m1062 |[0m [32m    id: "st-1",[0m
  [90m     |[0m         [31m[1m^^^^^^[0m
  [90m1063 |[0m [32m    title: "Sets Basics",[0m
  [90m1064 |[0m [32m    language: "python",[0m
  [90m1065 |[0m [32m    category: "Sets",[0m

Parsing ecmascript source code failed

Import traces:
  App Route:
    ./src/data/pythonPrograms.ts
    ./app/api/admin/users/import-teachers-csv/route.ts

  Client Component Browser:
    ./src/data/pythonPrograms.ts [Client Component Browser]
    ./src/sections/ProgramsSection.tsx [Client Component Browser]
    ./src/sections/ProgramsSection.tsx [Server Component]
    ./app/page.tsx [Server Component]

  Client Component SSR:
    ./src/data/pythonPrograms.ts [Client Component SSR]
    ./src/sections/ProgramsSection.tsx [Client Component SSR]
    ./src/sections/ProgramsSection.tsx [Server Component]
    ./app/page.tsx [Server Component]


./src/data/pythonPrograms.ts:1063:12
Cannot assign to this
  [90m1061 |[0m [32m  {[0m
  [90m1062 |[0m [32m    id: "st-1",[0m
[31m[1m>[0m [90m1063 |[0m [32m    title: "Sets Basics",[0m
  [90m     |[0m            [31m[1m^^^^^^^^^^^^^[0m
  [90m1064 |[0m [32m    language: "python",[0m
  [90m1065 |[0m [32m    category: "Sets",[0m
  [90m1066 |[0m [32m    difficulty: "Easy",[0m

Parsing ecmascript source code failed

Import traces:
  App Route:
    ./src/data/pythonPrograms.ts
    ./app/api/admin/users/import-teachers-csv/route.ts

  Client Component Browser:
    ./src/data/pythonPrograms.ts [Client Component Browser]
    ./src/sections/ProgramsSection.tsx [Client Component Browser]
    ./src/sections/ProgramsSection.tsx [Server Component]
    ./app/page.tsx [Server Component]

  Client Component SSR:
    ./src/data/pythonPrograms.ts [Client Component SSR]
    ./src/sections/ProgramsSection.tsx [Client Component SSR]
    ./src/sections/ProgramsSection.tsx [Server Component]
    ./app/page.tsx [Server Component]


./src/data/pythonPrograms.ts:1064:15
Cannot assign to this
  [90m1062 |[0m [32m    id: "st-1",[0m
  [90m1063 |[0m [32m    title: "Sets Basics",[0m
[31m[1m>[0m [90m1064 |[0m [32m    language: "python",[0m
  [90m     |[0m               [31m[1m^^^^^^^^[0m
  [90m1065 |[0m [32m    category: "Sets",[0m
  [90m1066 |[0m [32m    difficulty: "Easy",[0m
  [90m1067 |[0m [32m    classLevel: "Class 8",[0m

Parsing ecmascript source code failed

Import traces:
  App Route:
    ./src/data/pythonPrograms.ts
    ./app/api/admin/users/import-teachers-csv/route.ts

  Client Component Browser:
    ./src/data/pythonPrograms.ts [Client Component Browser]
    ./src/sections/ProgramsSection.tsx [Client Component Browser]
    ./src/sections/ProgramsSection.tsx [Server Component]
    ./app/page.tsx [Server Component]

  Client Component SSR:
    ./src/data/pythonPrograms.ts [Client Component SSR]
    ./src/sections/ProgramsSection.tsx [Client Component SSR]
    ./src/sections/ProgramsSection.tsx [Server Component]
    ./app/page.tsx [Server Component]


./src/data/pythonPrograms.ts:1065:15
Cannot assign to this
  [90m1063 |[0m [32m    title: "Sets Basics",[0m
  [90m1064 |[0m [32m    language: "python",[0m
[31m[1m>[0m [90m1065 |[0m [32m    category: "Sets",[0m
  [90m     |[0m               [31m[1m^^^^^^[0m
  [90m1066 |[0m [32m    difficulty: "Easy",[0m
  [90m1067 |[0m [32m    classLevel: "Class 8",[0m
  [90m1068 |[0m [32m    description: "Learn set creation, add(), remove(), and unique elements",[0m

Parsing ecmascript source code failed

Import traces:
  App Route:
    ./src/data/pythonPrograms.ts
    ./app/api/admin/users/import-teachers-csv/route.ts

  Client Component Browser:
    ./src/data/pythonPrograms.ts [Client Component Browser]
    ./src/sections/ProgramsSection.tsx [Client Component Browser]
    ./src/sections/ProgramsSection.tsx [Server Component]
    ./app/page.tsx [Server Component]

  Client Component SSR:
    ./src/data/pythonPrograms.ts [Client Component SSR]
    ./src/sections/ProgramsSection.tsx [Client Component SSR]
    ./src/sections/ProgramsSection.tsx [Server Component]
    ./app/page.tsx [Server Component]


./src/data/pythonPrograms.ts:1066:17
Cannot assign to this
  [90m1064 |[0m [32m    language: "python",[0m
  [90m1065 |[0m [32m    category: "Sets",[0m
[31m[1m>[0m [90m1066 |[0m [32m    difficulty: "Easy",[0m
  [90m     |[0m                 [31m[1m^^^^^^[0m
  [90m1067 |[0m [32m    classLevel: "Class 8",[0m
  [90m1068 |[0m [32m    description: "Learn set creation, add(), remove(), and unique elements",[0m
  [90m1069 |[0m [32m    code: `[0m[32m""[0m[32m"[0m

Parsing ecmascript source code failed

Import traces:
  App Route:
    ./src/data/pythonPrograms.ts
    ./app/api/admin/users/import-teachers-csv/route.ts

  Client Component Browser:
    ./src/data/pythonPrograms.ts [Client Component Browser]
    ./src/sections/ProgramsSection.tsx [Client Component Browser]
    ./src/sections/ProgramsSection.tsx [Server Component]
    ./app/page.tsx [Server Component]

  Client Component SSR:
    ./src/data/pythonPrograms.ts [Client Component SSR]
    ./src/sections/ProgramsSection.tsx [Client Component SSR]
    ./src/sections/ProgramsSection.tsx [Server Component]
    ./app/page.tsx [Server Component]


./src/data/pythonPrograms.ts:1067:17
Cannot assign to this
  [90m1065 |[0m [32m    category: "Sets",[0m
  [90m1066 |[0m [32m    difficulty: "Easy",[0m
[31m[1m>[0m [90m1067 |[0m [32m    classLevel: "Class 8",[0m
  [90m     |[0m                 [31m[1m^^^^^^^^^[0m
  [90m1068 |[0m [32m    description: "Learn set creation, add(), remove(), and unique elements",[0m
  [90m1069 |[0m [32m    code: `[0m[32m""[0m[32m"[0m
  [90m1070 |[0m [32m==========================================[0m

Parsing ecmascript source code failed

Import traces:
  App Route:
    ./src/data/pythonPrograms.ts
    ./app/api/admin/users/import-teachers-csv/route.ts

  Client Component Browser:
    ./src/data/pythonPrograms.ts [Client Component Browser]
    ./src/sections/ProgramsSection.tsx [Client Component Browser]
    ./src/sections/ProgramsSection.tsx [Server Component]
    ./app/page.tsx [Server Component]

  Client Component SSR:
    ./src/data/pythonPrograms.ts [Client Component SSR]
    ./src/sections/ProgramsSection.tsx [Client Component SSR]
    ./src/sections/ProgramsSection.tsx [Server Component]
    ./app/page.tsx [Server Component]


./src/data/pythonPrograms.ts:1068:18
Cannot assign to this
  [90m1066 |[0m [32m    difficulty: "Easy",[0m
  [90m1067 |[0m [32m    classLevel: "Class 8",[0m
[31m[1m>[0m [90m1068 |[0m [32m    description: "Learn set creation, add(), remove(), and unique elements",[0m
  [90m     |[0m                  [31m[1m^^^^^^^^^^^^^^^^^^^^^^^^^^^^^^^^^^^^^^^^^^^^^^^^^^^^^^^^^^[0m
  [90m1069 |[0m [32m    code: `[0m[32m""[0m[32m"[0m
  [90m1070 |[0m [32m==========================================[0m
  [90m1071 |[0m [32mProgram: Sets Basics[0m

Parsing ecmascript source code failed

Import traces:
  App Route:
    ./src/data/pythonPrograms.ts
    ./app/api/admin/users/import-teachers-csv/route.ts

  Client Component Browser:
    ./src/data/pythonPrograms.ts [Client Component Browser]
    ./src/sections/ProgramsSection.tsx [Client Component Browser]
    ./src/sections/ProgramsSection.tsx [Server Component]
    ./app/page.tsx [Server Component]

  Client Component SSR:
    ./src/data/pythonPrograms.ts [Client Component SSR]
    ./src/sections/ProgramsSection.tsx [Client Component SSR]
    ./src/sections/ProgramsSection.tsx [Server Component]
    ./app/page.tsx [Server Component]


./src/data/pythonPrograms.ts:1069:11
Cannot assign to this
  [90m1067 |[0m [32m    classLevel: "Class 8",[0m
  [90m1068 |[0m [32m    description: "Learn set creation, add(), remove(), and unique elements",[0m
[31m[1m>[0m [90m1069 |[0m [32m    code: `[0m[32m""[0m[32m"[0m
  [90m     |[0m           [31m[1m^^^[0m
[31m[1m>[0m [90m1070 |[0m [32m==========================================[0m
  [90m     |[0m [31m[1m^^^^^^^^^^^^^^^^^^^^^^^^^^^^^^^^^^^^^^^^^^[0m
[31m[1m>[0m [90m1071 |[0m [32mProgram: Sets Basics[0m
  [90m     |[0m [31m[1m^^^^^^^^^^^^^^^^^^^^[0m
[31m[1m>[0m [90m1072 |[0m [32mTeaches: set(), add(), remove(), len(), 'in' operator[0m
  [90m     |[0m [31m[1m^^^^^^^^^^^^^^^^^^^^^^^^^^^^^^^^^^^^^^^^^^^^^^^^^^^^^[0m
[31m[1m>[0m [90m1073 |[0m [32mWHY: Sets store UNIQUE items only. They're perfect for[0m
  [90m     |[0m [31m[1m^^^^^^^^^^^^^^^^^^^^^^^^^^^^^^^^^^^^^^^^^^^^^^^^^^^^^^[0m
[31m[1m>[0m [90m1074 |[0m [32m      removing duplicates and checking membership quickly.[0m
  [90m     |[0m [31m[1m^^^^^^^^^^^^^^^^^^^^^^^^^^^^^^^^^^^^^^^^^^^^^^^^^^^^^^^^^^[0m
[31m[1m>[0m [90m1075 |[0m [32m==========================================[0m
  [90m     |[0m [31m[1m^^^^^^^^^^^^^^^^^^^^^^^^^^^^^^^^^^^^^^^^^^[0m
[31m[1m>[0m [90m1076 |[0m
  [90m     |[0m [31m[1m^[0m
[31m[1m>[0m [90m1077 |[0m [32mEXECUTION_TRACE:[0m
  [90m     |[0m [31m[1m^^^^^^^^^^^^^^^^[0m
[31m[1m>[0m [90m1078 |[0m [32mLine 1: fruits = {"[0mapple[32m", "[0mbanana[32m", "[0mcherry[32m"}[0m
  [90m     |[0m [31m[1m^^^^^^^^^^^^^^^^^^^^^^^^^^^^^^^^^^^^^^^^^^^^^^[0m
[31m[1m>[0m [90m1079 |[0m [32m        ΓåÆ Creates a set with 3 unique items[0m
  [90m     |[0m [31m[1m^^^^^^^^^^^^^^^^^^^^^^^^^^^^^^^^^^^^^^^^^^^[0m
[31m[1m>[0m [90m1080 |[0m [32mLine 2: add("[0morange[32m") ΓåÆ set becomes 
{"[0mapple[32m","[0mbanana[32m","[0mcherry[32m","[0morange[32m"}[0m
  [90m     |[0m [31m[1m^^^^^^^^^^^^^^^^^^^^^^^^^^^^^^^^^^^^^^^^^^^^^^^^^^^^^^^^^^^^^^^^^^^^^^^^[0m
[31m[1m>[0m [90m1081 |[0m [32mLine 3: add("[0mapple[32m") ΓåÆ "[0mapple[32m" already exists ΓåÆ set 
UNCHANGED[0m
  [90m     |[0m [31m[1m^^^^^^^^^^^^^^^^^^^^^^^^^^^^^^^^^^^^^^^^^^^^^^^^^^^^^^^^^^^^^[0m
[31m[1m>[0m [90m1082 |[0m [32mLine 4: remove("[0mbanana[32m") ΓåÆ set becomes 
{"[0mapple[32m","[0mcherry[32m","[0morange[32m"}[0m
  [90m     |[0m [31m[1m^^^^^^^^^^^^^^^^^^^^^^^^^^^^^^^^^^^^^^^^^^^^^^^^^^^^^^^^^^^^^^^^^^[0m
[31m[1m>[0m [90m1083 |[0m [32mLine 5: len(fruits) ΓåÆ 3[0m
  [90m     |[0m [31m[1m^^^^^^^^^^^^^^^^^^^^^^^[0m
[31m[1m>[0m [90m1084 |[0m [32mLine 6: "[0mapple[32m" in fruits ΓåÆ True[0m
  [90m     |[0m [31m[1m^^^^^^^^^^^^^^^^^^^^^^^^^^^^^^^^[0m
[31m[1m>[0m [90m1085 |[0m
  [90m     |[0m [31m[1m^[0m
[31m[1m>[0m [90m1086 |[0m [32mTRY THIS:[0m
  [90m     |[0m [31m[1m^^^^^^^^^[0m
[31m[1m>[0m [90m1087 |[0m [32m- Create a set from a list with duplicates: set([1,1,2,2,3])[0m
  [90m     |[0m [31m[1m^^^^^^^^^^^^^^^^^^^^^^^^^^^^^^^^^^^^^^^^^^^^^^^^^^^^^^^^^^^^[0m
[31m[1m>[0m [90m1088 |[0m [32m- Try adding a number that already exists[0m
  [90m     |[0m [31m[1m^^^^^^^^^^^^^^^^^^^^^^^^^^^^^^^^^^^^^^^^^[0m
[31m[1m>[0m [90m1089 |[0m [32m- What happens if you try to remove an item that doesn't exist?[0m
  [90m     |[0m [31m[1m^^^^^^^^^^^^^^^^^^^^^^^^^^^^^^^^^^^^^^^^^^^^^^^^^^^^^^^^^^^^^^^[0m
[31m[1m>[0m [90m1090 |[0m [32m"[0m[32m""[0m
  [90m     |[0m [31m[1m^^^[0m
[31m[1m>[0m [90m1091 |[0m
  [90m     |[0m [31m[1m^[0m
[31m[1m>[0m [90m1092 |[0m fruits = {[32m"apple"[0m, [32m"banana"[0m, [32m"cherry"[0m}
  [90m     |[0m [31m[1m^^^^^^^^^^^^^^^^^^^^^^^^^^^^^^^^^^^^^^[0m
[31m[1m>[0m [90m1093 |[0m print([32m"Original set:"[0m, fruits)
  [90m     |[0m [31m[1m^^^^^^^^^^^^^^^^^^^^^^^^^^^^^^[0m
[31m[1m>[0m [90m1094 |[0m
  [90m     |[0m [31m[1m^[0m
[31m[1m>[0m [90m1095 |[0m fruits.add([32m"orange"[0m)
  [90m     |[0m [31m[1m^^^^^^^^^^^^^^^^^^^^[0m
[31m[1m>[0m [90m1096 |[0m print([32m"After add:"[0m, fruits)
  [90m     |[0m [31m[1m^^^^^^^^^^^^^^^^^^^^^^^^^^^[0m
[31m[1m>[0m [90m1097 |[0m
  [90m     |[0m [31m[1m^[0m
[31m[1m>[0m [90m1098 |[0m fruits.add([32m"apple"[0m)
  [90m     |[0m [31m[1m^^^^^^^^^^^^^^^^^^^[0m
[31m[1m>[0m [90m1099 |[0m print([32m"After adding duplicate:"[0m, fruits)
  [90m     |[0m [31m[1m^^^^^^^^^^^^^^^^^^^^^^^^^^^^^^^^^^^^^^^^[0m
[31m[1m>[0m [90m1100 |[0m
  [90m     |[0m [31m[1m^[0m
[31m[1m>[0m [90m1101 |[0m fruits.remove([32m"banana"[0m)
  [90m     |[0m [31m[1m^^^^^^^^^^^^^^^^^^^^^^^[0m
[31m[1m>[0m [90m1102 |[0m print([32m"After remove:"[0m, fruits)
  [90m     |[0m [31m[1m^^^^^^^^^^^^^^^^^^^^^^^^^^^^^^[0m
[31m[1m>[0m [90m1103 |[0m print([32m"Length:"[0m, len(fruits))
  [90m     |[0m [31m[1m^^^^^^^^^^^^^^^^^^^^^^^^^^^^^[0m
[31m[1m>[0m [90m1104 |[0m print([32m"apple in fruits?"[0m, [32m"apple"[0m [36min[0m fruits)
  [90m     |[0m [31m[1m^^^^^^^^^^^^^^^^^^^^^^^^^^^^^^^^^^^^^^^^^^^^[0m
[31m[1m>[0m [90m1105 |[0m [32m`,[0m
  [90m     |[0m [31m[1m^[0m
  [90m1106 |[0m [32m    funFact: "Sets are unordered ΓÇö the print order may differ each time you run the 
prog...[0m
  [90m1107 |[0m [32m  },[0m
  [90m1108 |[0m [32m  {[0m

Parsing ecmascript source code failed

Import traces:
  App Route:
    ./src/data/pythonPrograms.ts
    ./app/api/admin/users/import-teachers-csv/route.ts

  Client Component Browser:
    ./src/data/pythonPrograms.ts [Client Component Browser]
    ./src/sections/ProgramsSection.tsx [Client Component Browser]
    ./src/sections/ProgramsSection.tsx [Server Component]
    ./app/page.tsx [Server Component]

  Client Component SSR:
    ./src/data/pythonPrograms.ts [Client Component SSR]
    ./src/sections/ProgramsSection.tsx [Client Component SSR]
    ./src/sections/ProgramsSection.tsx [Server Component]
    ./app/page.tsx [Server Component]


./src/data/pythonPrograms.ts:1106:14
Cannot assign to this
  [90m1104 |[0m ...[32m in fruits?"[0m, [32m"apple"[0m [36min[0m fruits)
  [90m1105 |[0m ...
[31m[1m>[0m [90m1106 |[0m ...[32m "Sets are unordered ΓÇö the print order may differ each time you run the 
program!"[0m
  [90m     |[0m     [31m[1m^^^^^^^^^^^^^^^^^^^^^^^^^^^^^^^^^^^^^^^^^^^^^^^^^^^^^^^^^^^^^^^^^^^^^^^^^^^^^^^^[0m
  [90m1107 |[0m ...
  [90m1108 |[0m ...
  [90m1109 |[0m ...[32m2",[0m

Parsing ecmascript source code failed

Import traces:
  App Route:
    ./src/data/pythonPrograms.ts
    ./app/api/admin/users/import-teachers-csv/route.ts

  Client Component Browser:
    ./src/data/pythonPrograms.ts [Client Component Browser]
    ./src/sections/ProgramsSection.tsx [Client Component Browser]
    ./src/sections/ProgramsSection.tsx [Server Component]
    ./app/page.tsx [Server Component]

  Client Component SSR:
    ./src/data/pythonPrograms.ts [Client Component SSR]
    ./src/sections/ProgramsSection.tsx [Client Component SSR]
    ./src/sections/ProgramsSection.tsx [Server Component]
    ./app/page.tsx [Server Component]


./src/data/pythonPrograms.ts:1109:9
Cannot assign to this
  [90m1107 |[0m [32m  },[0m
  [90m1108 |[0m [32m  {[0m
[31m[1m>[0m [90m1109 |[0m [32m    id: "st-2",[0m
  [90m     |[0m         [31m[1m^^^^^^[0m
  [90m1110 |[0m [32m    title: "Set Operations",[0m
  [90m1111 |[0m [32m    language: "python",[0m
  [90m1112 |[0m [32m    category: "Sets",[0m

Parsing ecmascript source code failed

Import traces:
  App Route:
    ./src/data/pythonPrograms.ts
    ./app/api/admin/users/import-teachers-csv/route.ts

  Client Component Browser:
    ./src/data/pythonPrograms.ts [Client Component Browser]
    ./src/sections/ProgramsSection.tsx [Client Component Browser]
    ./src/sections/ProgramsSection.tsx [Server Component]
    ./app/page.tsx [Server Component]

  Client Component SSR:
    ./src/data/pythonPrograms.ts [Client Component SSR]
    ./src/sections/ProgramsSection.tsx [Client Component SSR]
    ./src/sections/ProgramsSection.tsx [Server Component]
    ./app/page.tsx [Server Component]


./src/data/pythonPrograms.ts:1110:12
Cannot assign to this
  [90m1108 |[0m [32m  {[0m
  [90m1109 |[0m [32m    id: "st-2",[0m
[31m[1m>[0m [90m1110 |[0m [32m    title: "Set Operations",[0m
  [90m     |[0m            [31m[1m^^^^^^^^^^^^^^^^[0m
  [90m1111 |[0m [32m    language: "python",[0m
  [90m1112 |[0m [32m    category: "Sets",[0m
  [90m1113 |[0m [32m    difficulty: "Medium",[0m

Parsing ecmascript source code failed

Import traces:
  App Route:
    ./src/data/pythonPrograms.ts
    ./app/api/admin/users/import-teachers-csv/route.ts

  Client Component Browser:
    ./src/data/pythonPrograms.ts [Client Component Browser]
    ./src/sections/ProgramsSection.tsx [Client Component Browser]
    ./src/sections/ProgramsSection.tsx [Server Component]
    ./app/page.tsx [Server Component]

  Client Component SSR:
    ./src/data/pythonPrograms.ts [Client Component SSR]
    ./src/sections/ProgramsSection.tsx [Client Component SSR]
    ./src/sections/ProgramsSection.tsx [Server Component]
    ./app/page.tsx [Server Component]


./src/data/pythonPrograms.ts:1111:15
Cannot assign to this
  [90m1109 |[0m [32m    id: "st-2",[0m
  [90m1110 |[0m [32m    title: "Set Operations",[0m
[31m[1m>[0m [90m1111 |[0m [32m    language: "python",[0m
  [90m     |[0m               [31m[1m^^^^^^^^[0m
  [90m1112 |[0m [32m    category: "Sets",[0m
  [90m1113 |[0m [32m    difficulty: "Medium",[0m
  [90m1114 |[0m [32m    classLevel: "Class 8",[0m

Parsing ecmascript source code failed

Import traces:
  App Route:
    ./src/data/pythonPrograms.ts
    ./app/api/admin/users/import-teachers-csv/route.ts

  Client Component Browser:
    ./src/data/pythonPrograms.ts [Client Component Browser]
    ./src/sections/ProgramsSection.tsx [Client Component Browser]
    ./src/sections/ProgramsSection.tsx [Server Component]
    ./app/page.tsx [Server Component]

  Client Component SSR:
    ./src/data/pythonPrograms.ts [Client Component SSR]
    ./src/sections/ProgramsSection.tsx [Client Component SSR]
    ./src/sections/ProgramsSection.tsx [Server Component]
    ./app/page.tsx [Server Component]


./src/data/pythonPrograms.ts:1112:15
Cannot assign to this
  [90m1110 |[0m [32m    title: "Set Operations",[0m
  [90m1111 |[0m [32m    language: "python",[0m
[31m[1m>[0m [90m1112 |[0m [32m    category: "Sets",[0m
  [90m     |[0m               [31m[1m^^^^^^[0m
  [90m1113 |[0m [32m    difficulty: "Medium",[0m
  [90m1114 |[0m [32m    classLevel: "Class 8",[0m
  [90m1115 |[0m [32m    description: "Perform union, intersection, and difference on sets",[0m

Parsing ecmascript source code failed

Import traces:
  App Route:
    ./src/data/pythonPrograms.ts
    ./app/api/admin/users/import-teachers-csv/route.ts

  Client Component Browser:
    ./src/data/pythonPrograms.ts [Client Component Browser]
    ./src/sections/ProgramsSection.tsx [Client Component Browser]
    ./src/sections/ProgramsSection.tsx [Server Component]
    ./app/page.tsx [Server Component]

  Client Component SSR:
    ./src/data/pythonPrograms.ts [Client Component SSR]
    ./src/sections/ProgramsSection.tsx [Client Component SSR]
    ./src/sections/ProgramsSection.tsx [Server Component]
    ./app/page.tsx [Server Component]


./src/data/pythonPrograms.ts:1113:17
Cannot assign to this
  [90m1111 |[0m [32m    language: "python",[0m
  [90m1112 |[0m [32m    category: "Sets",[0m
[31m[1m>[0m [90m1113 |[0m [32m    difficulty: "Medium",[0m
  [90m     |[0m                 [31m[1m^^^^^^^^[0m
  [90m1114 |[0m [32m    classLevel: "Class 8",[0m
  [90m1115 |[0m [32m    description: "Perform union, intersection, and difference on sets",[0m
  [90m1116 |[0m [32m    code: `[0m[32m""[0m[32m"[0m

Parsing ecmascript source code failed

Import traces:
  App Route:
    ./src/data/pythonPrograms.ts
    ./app/api/admin/users/import-teachers-csv/route.ts

  Client Component Browser:
    ./src/data/pythonPrograms.ts [Client Component Browser]
    ./src/sections/ProgramsSection.tsx [Client Component Browser]
    ./src/sections/ProgramsSection.tsx [Server Component]
    ./app/page.tsx [Server Component]

  Client Component SSR:
    ./src/data/pythonPrograms.ts [Client Component SSR]
    ./src/sections/ProgramsSection.tsx [Client Component SSR]
    ./src/sections/ProgramsSection.tsx [Server Component]
    ./app/page.tsx [Server Component]


./src/data/pythonPrograms.ts:1114:17
Cannot assign to this
  [90m1112 |[0m [32m    category: "Sets",[0m
  [90m1113 |[0m [32m    difficulty: "Medium",[0m
[31m[1m>[0m [90m1114 |[0m [32m    classLevel: "Class 8",[0m
  [90m     |[0m                 [31m[1m^^^^^^^^^[0m
  [90m1115 |[0m [32m    description: "Perform union, intersection, and difference on sets",[0m
  [90m1116 |[0m [32m    code: `[0m[32m""[0m[32m"[0m
  [90m1117 |[0m [32m==========================================[0m

Parsing ecmascript source code failed

Import traces:
  App Route:
    ./src/data/pythonPrograms.ts
    ./app/api/admin/users/import-teachers-csv/route.ts

  Client Component Browser:
    ./src/data/pythonPrograms.ts [Client Component Browser]
    ./src/sections/ProgramsSection.tsx [Client Component Browser]
    ./src/sections/ProgramsSection.tsx [Server Component]
    ./app/page.tsx [Server Component]

  Client Component SSR:
    ./src/data/pythonPrograms.ts [Client Component SSR]
    ./src/sections/ProgramsSection.tsx [Client Component SSR]
    ./src/sections/ProgramsSection.tsx [Server Component]
    ./app/page.tsx [Server Component]


./src/data/pythonPrograms.ts:1115:18
Cannot assign to this
  [90m1113 |[0m [32m    difficulty: "Medium",[0m
  [90m1114 |[0m [32m    classLevel: "Class 8",[0m
[31m[1m>[0m [90m1115 |[0m [32m    description: "Perform union, intersection, and difference on sets",[0m
  [90m     |[0m                  [31m[1m^^^^^^^^^^^^^^^^^^^^^^^^^^^^^^^^^^^^^^^^^^^^^^^^^^^^^[0m
  [90m1116 |[0m [32m    code: `[0m[32m""[0m[32m"[0m
  [90m1117 |[0m [32m==========================================[0m
  [90m1118 |[0m [32mProgram: Set Operations[0m

Parsing ecmascript source code failed

Import traces:
  App Route:
    ./src/data/pythonPrograms.ts
    ./app/api/admin/users/import-teachers-csv/route.ts

  Client Component Browser:
    ./src/data/pythonPrograms.ts [Client Component Browser]
    ./src/sections/ProgramsSection.tsx [Client Component Browser]
    ./src/sections/ProgramsSection.tsx [Server Component]
    ./app/page.tsx [Server Component]

  Client Component SSR:
    ./src/data/pythonPrograms.ts [Client Component SSR]
    ./src/sections/ProgramsSection.tsx [Client Component SSR]
    ./src/sections/ProgramsSection.tsx [Server Component]
    ./app/page.tsx [Server Component]


./src/data/pythonPrograms.ts:1116:11
Cannot assign to this
  [90m1114 |[0m [32m    classLevel: "Class 8",[0m
  [90m1115 |[0m [32m    description: "Perform union, intersection, and difference on sets",[0m
[31m[1m>[0m [90m1116 |[0m [32m    code: `[0m[32m""[0m[32m"[0m
  [90m     |[0m           [31m[1m^^^[0m
[31m[1m>[0m [90m1117 |[0m [32m==========================================[0m
  [90m     |[0m [31m[1m^^^^^^^^^^^^^^^^^^^^^^^^^^^^^^^^^^^^^^^^^^[0m
[31m[1m>[0m [90m1118 |[0m [32mProgram: Set Operations[0m
  [90m     |[0m [31m[1m^^^^^^^^^^^^^^^^^^^^^^^[0m
[31m[1m>[0m [90m1119 |[0m [32mTeaches: union(), intersection(), difference(), symmetric_difference()[0m
  [90m     |[0m [31m[1m^^^^^^^^^^^^^^^^^^^^^^^^^^^^^^^^^^^^^^^^^^^^^^^^^^^^^^^^^^^^^^^^^^^^^^[0m
[31m[1m>[0m [90m1120 |[0m [32mWHY: Set operations are used in databases, data analysis,[0m
  [90m     |[0m [31m[1m^^^^^^^^^^^^^^^^^^^^^^^^^^^^^^^^^^^^^^^^^^^^^^^^^^^^^^^^^[0m
[31m[1m>[0m [90m1121 |[0m [32m      and finding common/different items between groups.[0m
  [90m     |[0m [31m[1m^^^^^^^^^^^^^^^^^^^^^^^^^^^^^^^^^^^^^^^^^^^^^^^^^^^^^^^^[0m
[31m[1m>[0m [90m1122 |[0m [32m==========================================[0m
  [90m     |[0m [31m[1m^^^^^^^^^^^^^^^^^^^^^^^^^^^^^^^^^^^^^^^^^^[0m
[31m[1m>[0m [90m1123 |[0m
  [90m     |[0m [31m[1m^[0m
[31m[1m>[0m [90m1124 |[0m [32mEXECUTION_TRACE:[0m
  [90m     |[0m [31m[1m^^^^^^^^^^^^^^^^[0m
[31m[1m>[0m [90m1125 |[0m [32mA = {1, 2, 3, 4, 5}[0m
  [90m     |[0m [31m[1m^^^^^^^^^^^^^^^^^^^[0m
[31m[1m>[0m [90m1126 |[0m [32mB = {4, 5, 6, 7, 8}[0m
  [90m     |[0m [31m[1m^^^^^^^^^^^^^^^^^^^[0m
[31m[1m>[0m [90m1127 |[0m
  [90m     |[0m [31m[1m^[0m
[31m[1m>[0m [90m1128 |[0m [32mUnion (A | B):[0m
  [90m     |[0m [31m[1m^^^^^^^^^^^^^^[0m
[31m[1m>[0m [90m1129 |[0m [32m  All items from both sets ΓåÆ {1, 2, 3, 4, 5, 6, 7, 8}[0m
  [90m     |[0m [31m[1m^^^^^^^^^^^^^^^^^^^^^^^^^^^^^^^^^^^^^^^^^^^^^^^^^^^^^[0m
[31m[1m>[0m [90m1130 |[0m
  [90m     |[0m [31m[1m^[0m
[31m[1m>[0m [90m1131 |[0m [32mIntersection (A & B):[0m
  [90m     |[0m [31m[1m^^^^^^^^^^^^^^^^^^^^^[0m
[31m[1m>[0m [90m1132 |[0m [32m  Items in BOTH sets ΓåÆ {4, 5}[0m
  [90m     |[0m [31m[1m^^^^^^^^^^^^^^^^^^^^^^^^^^^^^[0m
[31m[1m>[0m [90m1133 |[0m
  [90m     |[0m [31m[1m^[0m
[31m[1m>[0m [90m1134 |[0m [32mDifference (A - B):[0m
  [90m     |[0m [31m[1m^^^^^^^^^^^^^^^^^^^[0m
[31m[1m>[0m [90m1135 |[0m [32m  Items in A but NOT in B ΓåÆ {1, 2, 3}[0m
  [90m     |[0m [31m[1m^^^^^^^^^^^^^^^^^^^^^^^^^^^^^^^^^^^^^[0m
[31m[1m>[0m [90m1136 |[0m
  [90m     |[0m [31m[1m^[0m
[31m[1m>[0m [90m1137 |[0m [32mDifference (B - A):[0m
  [90m     |[0m [31m[1m^^^^^^^^^^^^^^^^^^^[0m
[31m[1m>[0m [90m1138 |[0m [32m  Items in B but NOT in A ΓåÆ {6, 7, 8}[0m
  [90m     |[0m [31m[1m^^^^^^^^^^^^^^^^^^^^^^^^^^^^^^^^^^^^^[0m
[31m[1m>[0m [90m1139 |[0m
  [90m     |[0m [31m[1m^[0m
[31m[1m>[0m [90m1140 |[0m [32mSymmetric Difference (A ^ B):[0m
  [90m     |[0m [31m[1m^^^^^^^^^^^^^^^^^^^^^^^^^^^^^[0m
[31m[1m>[0m [90m1141 |[0m [32m  Items in A or B but NOT both ΓåÆ {1, 2, 3, 6, 7, 8}[0m
  [90m     |[0m [31m[1m^^^^^^^^^^^^^^^^^^^^^^^^^^^^^^^^^^^^^^^^^^^^^^^^^^^[0m
[31m[1m>[0m [90m1142 |[0m
  [90m     |[0m [31m[1m^[0m
[31m[1m>[0m [90m1143 |[0m [32mTRY THIS:[0m
  [90m     |[0m [31m[1m^^^^^^^^^[0m
[31m[1m>[0m [90m1144 |[0m [32m- Create two sets of student names (Math club and Science club)[0m
  [90m     |[0m [31m[1m^^^^^^^^^^^^^^^^^^^^^^^^^^^^^^^^^^^^^^^^^^^^^^^^^^^^^^^^^^^^^^^[0m
[31m[1m>[0m [90m1145 |[0m [32m- Find students in both clubs (intersection)[0m
  [90m     |[0m [31m[1m^^^^^^^^^^^^^^^^^^^^^^^^^^^^^^^^^^^^^^^^^^^^[0m
[31m[1m>[0m [90m1146 |[0m [32m- Find students only in Math club (difference)[0m
  [90m     |[0m [31m[1m^^^^^^^^^^^^^^^^^^^^^^^^^^^^^^^^^^^^^^^^^^^^^^[0m
[31m[1m>[0m [90m1147 |[0m [32m"[0m[32m""[0m
  [90m     |[0m [31m[1m^^^[0m
[31m[1m>[0m [90m1148 |[0m
  [90m     |[0m [31m[1m^[0m
[31m[1m>[0m [90m1149 |[0m [33mA[0m = {[35m1[0m, [35m2[0m, [35m3[0m, [35m4[0m, [35m5[0m}
  [90m     |[0m [31m[1m^^^^^^^^^^^^^^^^^^^[0m
[31m[1m>[0m [90m1150 |[0m [33mB[0m = {[35m4[0m, [35m5[0m, [35m6[0m, [35m7[0m, [35m8[0m}
  [90m     |[0m [31m[1m^^^^^^^^^^^^^^^^^^^[0m
[31m[1m>[0m [90m1151 |[0m
  [90m     |[0m [31m[1m^[0m
[31m[1m>[0m [90m1152 |[0m print([32m"Set A:"[0m, [33mA[0m)
  [90m     |[0m [31m[1m^^^^^^^^^^^^^^^^^^[0m
[31m[1m>[0m [90m1153 |[0m print([32m"Set B:"[0m, [33mB[0m)
  [90m     |[0m [31m[1m^^^^^^^^^^^^^^^^^^[0m
[31m[1m>[0m [90m1154 |[0m print([32m"Union:"[0m, [33mA[0m | [33mB[0m)
  [90m     |[0m [31m[1m^^^^^^^^^^^^^^^^^^^^^^[0m
[31m[1m>[0m [90m1155 |[0m print([32m"Intersection:"[0m, [33mA[0m & [33mB[0m)
  [90m     |[0m [31m[1m^^^^^^^^^^^^^^^^^^^^^^^^^^^^^[0m
[31m[1m>[0m [90m1156 |[0m print([32m"A - B:"[0m, [33mA[0m - [33mB[0m)
  [90m     |[0m [31m[1m^^^^^^^^^^^^^^^^^^^^^^[0m
[31m[1m>[0m [90m1157 |[0m print([32m"B - A:"[0m, [33mB[0m - [33mA[0m)
  [90m     |[0m [31m[1m^^^^^^^^^^^^^^^^^^^^^^[0m
[31m[1m>[0m [90m1158 |[0m print([32m"Symmetric Diff:"[0m, [33mA[0m ^ [33mB[0m)
  [90m     |[0m [31m[1m^^^^^^^^^^^^^^^^^^^^^^^^^^^^^^^[0m
[31m[1m>[0m [90m1159 |[0m [32m`,[0m
  [90m     |[0m [31m[1m^[0m
  [90m1160 |[0m [32m    funFact: "The pipe | and ampersand & operators work on sets just like they do on num...[0m
  [90m1161 |[0m [32m  },[0m
  [90m1162 |[0m [32m  {[0m

Parsing ecmascript source code failed

Import traces:
  App Route:
    ./src/data/pythonPrograms.ts
    ./app/api/admin/users/import-teachers-csv/route.ts

  Client Component Browser:
    ./src/data/pythonPrograms.ts [Client Component Browser]
    ./src/sections/ProgramsSection.tsx [Client Component Browser]
    ./src/sections/ProgramsSection.tsx [Server Component]
    ./app/page.tsx [Server Component]

  Client Component SSR:
    ./src/data/pythonPrograms.ts [Client Component SSR]
    ./src/sections/ProgramsSection.tsx [Client Component SSR]
    ./src/sections/ProgramsSection.tsx [Server Component]
    ./app/page.tsx [Server Component]


./src/data/pythonPrograms.ts:1160:14
Cannot assign to this
  [90m1158 |[0m ...[32metric Diff:"[0m, [33mA[0m ^ [33mB[0m)
  [90m1159 |[0m ...
[31m[1m>[0m [90m1160 |[0m ...[32m: "The pipe | and ampersand & operators work on sets just like they do on 
numbers!"[0m
  [90m     |[0m      [31m[1m^^^^^^^^^^^^^^^^^^^^^^^^^^^^^^^^^^^^^^^^^^^^^^^^^^^^^^^^^^^^^^^^^^^^^^^^^^^^^^^^^[0m
  [90m1161 |[0m ...
  [90m1162 |[0m ...
  [90m1163 |[0m ...[32m-3",[0m

Parsing ecmascript source code failed

Import traces:
  App Route:
    ./src/data/pythonPrograms.ts
    ./app/api/admin/users/import-teachers-csv/route.ts

  Client Component Browser:
    ./src/data/pythonPrograms.ts [Client Component Browser]
    ./src/sections/ProgramsSection.tsx [Client Component Browser]
    ./src/sections/ProgramsSection.tsx [Server Component]
    ./app/page.tsx [Server Component]

  Client Component SSR:
    ./src/data/pythonPrograms.ts [Client Component SSR]
    ./src/sections/ProgramsSection.tsx [Client Component SSR]
    ./src/sections/ProgramsSection.tsx [Server Component]
    ./app/page.tsx [Server Component]


./src/data/pythonPrograms.ts:1163:9
Cannot assign to this
  [90m1161 |[0m [32m  },[0m
  [90m1162 |[0m [32m  {[0m
[31m[1m>[0m [90m1163 |[0m [32m    id: "st-3",[0m
  [90m     |[0m         [31m[1m^^^^^^[0m
  [90m1164 |[0m [32m    title: "Remove Duplicates",[0m
  [90m1165 |[0m [32m    language: "python",[0m
  [90m1166 |[0m [32m    category: "Sets",[0m

Parsing ecmascript source code failed

Import traces:
  App Route:
    ./src/data/pythonPrograms.ts
    ./app/api/admin/users/import-teachers-csv/route.ts

  Client Component Browser:
    ./src/data/pythonPrograms.ts [Client Component Browser]
    ./src/sections/ProgramsSection.tsx [Client Component Browser]
    ./src/sections/ProgramsSection.tsx [Server Component]
    ./app/page.tsx [Server Component]

  Client Component SSR:
    ./src/data/pythonPrograms.ts [Client Component SSR]
    ./src/sections/ProgramsSection.tsx [Client Component SSR]
    ./src/sections/ProgramsSection.tsx [Server Component]
    ./app/page.tsx [Server Component]


./src/data/pythonPrograms.ts:1164:12
Cannot assign to this
  [90m1162 |[0m [32m  {[0m
  [90m1163 |[0m [32m    id: "st-3",[0m
[31m[1m>[0m [90m1164 |[0m [32m    title: "Remove Duplicates",[0m
  [90m     |[0m            [31m[1m^^^^^^^^^^^^^^^^^^^[0m
  [90m1165 |[0m [32m    language: "python",[0m
  [90m1166 |[0m [32m    category: "Sets",[0m
  [90m1167 |[0m [32m    difficulty: "Easy",[0m

Parsing ecmascript source code failed

Import traces:
  App Route:
    ./src/data/pythonPrograms.ts
    ./app/api/admin/users/import-teachers-csv/route.ts

  Client Component Browser:
    ./src/data/pythonPrograms.ts [Client Component Browser]
    ./src/sections/ProgramsSection.tsx [Client Component Browser]
    ./src/sections/ProgramsSection.tsx [Server Component]
    ./app/page.tsx [Server Component]

  Client Component SSR:
    ./src/data/pythonPrograms.ts [Client Component SSR]
    ./src/sections/ProgramsSection.tsx [Client Component SSR]
    ./src/sections/ProgramsSection.tsx [Server Component]
    ./app/page.tsx [Server Component]


./src/data/pythonPrograms.ts:1165:15
Cannot assign to this
  [90m1163 |[0m [32m    id: "st-3",[0m
  [90m1164 |[0m [32m    title: "Remove Duplicates",[0m
[31m[1m>[0m [90m1165 |[0m [32m    language: "python",[0m
  [90m     |[0m               [31m[1m^^^^^^^^[0m
  [90m1166 |[0m [32m    category: "Sets",[0m
  [90m1167 |[0m [32m    difficulty: "Easy",[0m
  [90m1168 |[0m [32m    classLevel: "Class 8",[0m

Parsing ecmascript source code failed

Import traces:
  App Route:
    ./src/data/pythonPrograms.ts
    ./app/api/admin/users/import-teachers-csv/route.ts

  Client Component Browser:
    ./src/data/pythonPrograms.ts [Client Component Browser]
    ./src/sections/ProgramsSection.tsx [Client Component Browser]
    ./src/sections/ProgramsSection.tsx [Server Component]
    ./app/page.tsx [Server Component]

  Client Component SSR:
    ./src/data/pythonPrograms.ts [Client Component SSR]
    ./src/sections/ProgramsSection.tsx [Client Component SSR]
    ./src/sections/ProgramsSection.tsx [Server Component]
    ./app/page.tsx [Server Component]


./src/data/pythonPrograms.ts:1166:15
Cannot assign to this
  [90m1164 |[0m [32m    title: "Remove Duplicates",[0m
  [90m1165 |[0m [32m    language: "python",[0m
[31m[1m>[0m [90m1166 |[0m [32m    category: "Sets",[0m
  [90m     |[0m               [31m[1m^^^^^^[0m
  [90m1167 |[0m [32m    difficulty: "Easy",[0m
  [90m1168 |[0m [32m    classLevel: "Class 8",[0m
  [90m1169 |[0m [32m    description: "Remove duplicate elements from a list by converting to a set",[0m

Parsing ecmascript source code failed

Import traces:
  App Route:
    ./src/data/pythonPrograms.ts
    ./app/api/admin/users/import-teachers-csv/route.ts

  Client Component Browser:
    ./src/data/pythonPrograms.ts [Client Component Browser]
    ./src/sections/ProgramsSection.tsx [Client Component Browser]
    ./src/sections/ProgramsSection.tsx [Server Component]
    ./app/page.tsx [Server Component]

  Client Component SSR:
    ./src/data/pythonPrograms.ts [Client Component SSR]
    ./src/sections/ProgramsSection.tsx [Client Component SSR]
    ./src/sections/ProgramsSection.tsx [Server Component]
    ./app/page.tsx [Server Component]


./src/data/pythonPrograms.ts:1167:17
Cannot assign to this
  [90m1165 |[0m [32m    language: "python",[0m
  [90m1166 |[0m [32m    category: "Sets",[0m
[31m[1m>[0m [90m1167 |[0m [32m    difficulty: "Easy",[0m
  [90m     |[0m                 [31m[1m^^^^^^[0m
  [90m1168 |[0m [32m    classLevel: "Class 8",[0m
  [90m1169 |[0m [32m    description: "Remove duplicate elements from a list by converting to a set",[0m
  [90m1170 |[0m [32m    code: `[0m[32m""[0m[32m"[0m

Parsing ecmascript source code failed

Import traces:
  App Route:
    ./src/data/pythonPrograms.ts
    ./app/api/admin/users/import-teachers-csv/route.ts

  Client Component Browser:
    ./src/data/pythonPrograms.ts [Client Component Browser]
    ./src/sections/ProgramsSection.tsx [Client Component Browser]
    ./src/sections/ProgramsSection.tsx [Server Component]
    ./app/page.tsx [Server Component]

  Client Component SSR:
    ./src/data/pythonPrograms.ts [Client Component SSR]
    ./src/sections/ProgramsSection.tsx [Client Component SSR]
    ./src/sections/ProgramsSection.tsx [Server Component]
    ./app/page.tsx [Server Component]


./src/data/pythonPrograms.ts:1168:17
Cannot assign to this
  [90m1166 |[0m [32m    category: "Sets",[0m
  [90m1167 |[0m [32m    difficulty: "Easy",[0m
[31m[1m>[0m [90m1168 |[0m [32m    classLevel: "Class 8",[0m
  [90m     |[0m                 [31m[1m^^^^^^^^^[0m
  [90m1169 |[0m [32m    description: "Remove duplicate elements from a list by converting to a set",[0m
  [90m1170 |[0m [32m    code: `[0m[32m""[0m[32m"[0m
  [90m1171 |[0m [32m==========================================[0m

Parsing ecmascript source code failed

Import traces:
  App Route:
    ./src/data/pythonPrograms.ts
    ./app/api/admin/users/import-teachers-csv/route.ts

  Client Component Browser:
    ./src/data/pythonPrograms.ts [Client Component Browser]
    ./src/sections/ProgramsSection.tsx [Client Component Browser]
    ./src/sections/ProgramsSection.tsx [Server Component]
    ./app/page.tsx [Server Component]

  Client Component SSR:
    ./src/data/pythonPrograms.ts [Client Component SSR]
    ./src/sections/ProgramsSection.tsx [Client Component SSR]
    ./src/sections/ProgramsSection.tsx [Server Component]
    ./app/page.tsx [Server Component]


./src/data/pythonPrograms.ts:1169:18
Cannot assign to this
  [90m1167 |[0m [32m    difficulty: "Easy",[0m
  [90m1168 |[0m [32m    classLevel: "Class 8",[0m
[31m[1m>[0m [90m1169 |[0m [32m    description: "Remove duplicate elements from a list by converting to a 
set",[0m
  [90m     |[0m                  [31m[1m^^^^^^^^^^^^^^^^^^^^^^^^^^^^^^^^^^^^^^^^^^^^^^^^^^^^^^^^^^^^^^[0m
  [90m1170 |[0m [32m    code: `[0m[32m""[0m[32m"[0m
  [90m1171 |[0m [32m==========================================[0m
  [90m1172 |[0m [32mProgram: Remove Duplicates[0m

Parsing ecmascript source code failed

Import traces:
  App Route:
    ./src/data/pythonPrograms.ts
    ./app/api/admin/users/import-teachers-csv/route.ts

  Client Component Browser:
    ./src/data/pythonPrograms.ts [Client Component Browser]
    ./src/sections/ProgramsSection.tsx [Client Component Browser]
    ./src/sections/ProgramsSection.tsx [Server Component]
    ./app/page.tsx [Server Component]

  Client Component SSR:
    ./src/data/pythonPrograms.ts [Client Component SSR]
    ./src/sections/ProgramsSection.tsx [Client Component SSR]
    ./src/sections/ProgramsSection.tsx [Server Component]
    ./app/page.tsx [Server Component]


./src/data/pythonPrograms.ts:1170:11
Cannot assign to this
  [90m1168 |[0m [32m    classLevel: "Class 8",[0m
  [90m1169 |[0m [32m    description: "Remove duplicate elements from a list by converting to a set",[0m
[31m[1m>[0m [90m1170 |[0m [32m    code: `[0m[32m""[0m[32m"[0m
  [90m     |[0m           [31m[1m^^^[0m
[31m[1m>[0m [90m1171 |[0m [32m==========================================[0m
  [90m     |[0m [31m[1m^^^^^^^^^^^^^^^^^^^^^^^^^^^^^^^^^^^^^^^^^^[0m
[31m[1m>[0m [90m1172 |[0m [32mProgram: Remove Duplicates[0m
  [90m     |[0m [31m[1m^^^^^^^^^^^^^^^^^^^^^^^^^^[0m
[31m[1m>[0m [90m1173 |[0m [32mTeaches: Converting list to set and back, deduplication[0m
  [90m     |[0m [31m[1m^^^^^^^^^^^^^^^^^^^^^^^^^^^^^^^^^^^^^^^^^^^^^^^^^^^^^^^[0m
[31m[1m>[0m [90m1174 |[0m [32mWHY: Real data often has duplicates. Sets automatically[0m
  [90m     |[0m [31m[1m^^^^^^^^^^^^^^^^^^^^^^^^^^^^^^^^^^^^^^^^^^^^^^^^^^^^^^^[0m
[31m[1m>[0m [90m1175 |[0m [32m      remove them ΓÇö a quick and elegant solution.[0m
  [90m     |[0m [31m[1m^^^^^^^^^^^^^^^^^^^^^^^^^^^^^^^^^^^^^^^^^^^^^^^^^[0m
[31m[1m>[0m [90m1176 |[0m [32m==========================================[0m
  [90m     |[0m [31m[1m^^^^^^^^^^^^^^^^^^^^^^^^^^^^^^^^^^^^^^^^^^[0m
[31m[1m>[0m [90m1177 |[0m
  [90m     |[0m [31m[1m^[0m
[31m[1m>[0m [90m1178 |[0m [32mEXECUTION_TRACE:[0m
  [90m     |[0m [31m[1m^^^^^^^^^^^^^^^^[0m
[31m[1m>[0m [90m1179 |[0m [32moriginal = [1, 2, 2, 3, 4, 4, 4, 5][0m
  [90m     |[0m [31m[1m^^^^^^^^^^^^^^^^^^^^^^^^^^^^^^^^^^^[0m
[31m[1m>[0m [90m1180 |[0m
  [90m     |[0m [31m[1m^[0m
[31m[1m>[0m [90m1181 |[0m [32mStep 1: set(original) ΓåÆ {1, 2, 3, 4, 5}[0m
  [90m     |[0m [31m[1m^^^^^^^^^^^^^^^^^^^^^^^^^^^^^^^^^^^^^^^[0m
[31m[1m>[0m [90m1182 |[0m [32m        Duplicates removed automatically![0m
  [90m     |[0m [31m[1m^^^^^^^^^^^^^^^^^^^^^^^^^^^^^^^^^^^^^^^^^[0m
[31m[1m>[0m [90m1183 |[0m [32mStep 2: list({1, 2, 3, 4, 5}) ΓåÆ [1, 2, 3, 4, 5][0m
  [90m     |[0m [31m[1m^^^^^^^^^^^^^^^^^^^^^^^^^^^^^^^^^^^^^^^^^^^^^^^[0m
[31m[1m>[0m [90m1184 |[0m [32m        Converted back to a list[0m
  [90m     |[0m [31m[1m^^^^^^^^^^^^^^^^^^^^^^^^^^^^^^^^[0m
[31m[1m>[0m [90m1185 |[0m
  [90m     |[0m [31m[1m^[0m
[31m[1m>[0m [90m1186 |[0m [32mResult: 5 unique items instead of 8 with duplicates[0m
  [90m     |[0m [31m[1m^^^^^^^^^^^^^^^^^^^^^^^^^^^^^^^^^^^^^^^^^^^^^^^^^^^[0m
[31m[1m>[0m [90m1187 |[0m
  [90m     |[0m [31m[1m^[0m
[31m[1m>[0m [90m1188 |[0m [32mTRY THIS:[0m
  [90m     |[0m [31m[1m^^^^^^^^^[0m
[31m[1m>[0m [90m1189 |[0m [32m- Remove duplicates from ["[0mapple[32m", "[0mbanana[32m", "[0mapple[32m", 
"[0mcherry[32m"][0m
  [90m     |[0m [31m[1m^^^^^^^^^^^^^^^^^^^^^^^^^^^^^^^^^^^^^^^^^^^^^^^^^^^^^^^^^^^^^^^[0m
[31m[1m>[0m [90m1190 |[0m [32m- Count how many duplicates were removed (original length - new length)[0m
  [90m     |[0m [31m[1m^^^^^^^^^^^^^^^^^^^^^^^^^^^^^^^^^^^^^^^^^^^^^^^^^^^^^^^^^^^^^^^^^^^^^^^[0m
[31m[1m>[0m [90m1191 |[0m [32m- Use sorted() to sort the unique list: sorted(list(set(original)))[0m
  [90m     |[0m [31m[1m^^^^^^^^^^^^^^^^^^^^^^^^^^^^^^^^^^^^^^^^^^^^^^^^^^^^^^^^^^^^^^^^^^^[0m
[31m[1m>[0m [90m1192 |[0m [32m"[0m[32m""[0m
  [90m     |[0m [31m[1m^^^[0m
[31m[1m>[0m [90m1193 |[0m
  [90m     |[0m [31m[1m^[0m
[31m[1m>[0m [90m1194 |[0m original = [[35m1[0m, [35m2[0m, [35m2[0m, [35m3[0m, [35m4[0m, [35m4[0m, 
[35m4[0m, [35m5[0m]
  [90m     |[0m [31m[1m^^^^^^^^^^^^^^^^^^^^^^^^^^^^^^^^^^^[0m
[31m[1m>[0m [90m1195 |[0m print([32m"Original list:"[0m, original)
  [90m     |[0m [31m[1m^^^^^^^^^^^^^^^^^^^^^^^^^^^^^^^^^[0m
[31m[1m>[0m [90m1196 |[0m print([32m"Length:"[0m, len(original))
  [90m     |[0m [31m[1m^^^^^^^^^^^^^^^^^^^^^^^^^^^^^^^[0m
[31m[1m>[0m [90m1197 |[0m
  [90m     |[0m [31m[1m^[0m
[31m[1m>[0m [90m1198 |[0m unique = list(set(original))
  [90m     |[0m [31m[1m^^^^^^^^^^^^^^^^^^^^^^^^^^^^[0m
[31m[1m>[0m [90m1199 |[0m print([32m"Unique list:"[0m, unique)
  [90m     |[0m [31m[1m^^^^^^^^^^^^^^^^^^^^^^^^^^^^^[0m
[31m[1m>[0m [90m1200 |[0m print([32m"Length:"[0m, len(unique))
  [90m     |[0m [31m[1m^^^^^^^^^^^^^^^^^^^^^^^^^^^^^[0m
[31m[1m>[0m [90m1201 |[0m print([32m"Duplicates removed:"[0m, len(original) - len(unique))
  [90m     |[0m [31m[1m^^^^^^^^^^^^^^^^^^^^^^^^^^^^^^^^^^^^^^^^^^^^^^^^^^^^^^^^^[0m
[31m[1m>[0m [90m1202 |[0m [32m`,[0m
  [90m     |[0m [31m[1m^[0m
  [90m1203 |[0m [32m    funFact: "Converting to a set loses the original order in Python versions before 3.7!"[0m
  [90m1204 |[0m [32m  },[0m
  [90m1205 |[0m [32m  {[0m

Parsing ecmascript source code failed

Import traces:
  App Route:
    ./src/data/pythonPrograms.ts
    ./app/api/admin/users/import-teachers-csv/route.ts

  Client Component Browser:
    ./src/data/pythonPrograms.ts [Client Component Browser]
    ./src/sections/ProgramsSection.tsx [Client Component Browser]
    ./src/sections/ProgramsSection.tsx [Server Component]
    ./app/page.tsx [Server Component]

  Client Component SSR:
    ./src/data/pythonPrograms.ts [Client Component SSR]
    ./src/sections/ProgramsSection.tsx [Client Component SSR]
    ./src/sections/ProgramsSection.tsx [Server Component]
    ./app/page.tsx [Server Component]


./src/data/pythonPrograms.ts:1203:14
Cannot assign to this
  [90m1201 |[0m print([32m"Duplicates removed:"[0m, len(original) - len(unique))
  [90m1202 |[0m [32m`,[0m
[31m[1m>[0m [90m1203 |[0m [32m    funFact: "Converting to a set loses the original order in Python versions 
before 3.7!"[0m
  [90m     |[0m              
[31m[1m^^^^^^^^^^^^^^^^^^^^^^^^^^^^^^^^^^^^^^^^^^^^^^^^^^^^^^^^^^^^^^^^^^^^^^^^^^^^^[0m
  [90m1204 |[0m [32m  },[0m
  [90m1205 |[0m [32m  {[0m
  [90m1206 |[0m [32m    id: "mp-1",[0m

Parsing ecmascript source code failed

Import traces:
  App Route:
    ./src/data/pythonPrograms.ts
    ./app/api/admin/users/import-teachers-csv/route.ts

  Client Component Browser:
    ./src/data/pythonPrograms.ts [Client Component Browser]
    ./src/sections/ProgramsSection.tsx [Client Component Browser]
    ./src/sections/ProgramsSection.tsx [Server Component]
    ./app/page.tsx [Server Component]

  Client Component SSR:
    ./src/data/pythonPrograms.ts [Client Component SSR]
    ./src/sections/ProgramsSection.tsx [Client Component SSR]
    ./src/sections/ProgramsSection.tsx [Server Component]
    ./app/page.tsx [Server Component]


./src/data/pythonPrograms.ts:1206:9
Cannot assign to this
  [90m1204 |[0m [32m  },[0m
  [90m1205 |[0m [32m  {[0m
[31m[1m>[0m [90m1206 |[0m [32m    id: "mp-1",[0m
  [90m     |[0m         [31m[1m^^^^^^[0m
  [90m1207 |[0m [32m    title: "Turtle Star Drawing",[0m
  [90m1208 |[0m [32m    language: "python",[0m
  [90m1209 |[0m [32m    category: "Modules & Projects",[0m

Parsing ecmascript source code failed

Import traces:
  App Route:
    ./src/data/pythonPrograms.ts
    ./app/api/admin/users/import-teachers-csv/route.ts

  Client Component Browser:
    ./src/data/pythonPrograms.ts [Client Component Browser]
    ./src/sections/ProgramsSection.tsx [Client Component Browser]
    ./src/sections/ProgramsSection.tsx [Server Component]
    ./app/page.tsx [Server Component]

  Client Component SSR:
    ./src/data/pythonPrograms.ts [Client Component SSR]
    ./src/sections/ProgramsSection.tsx [Client Component SSR]
    ./src/sections/ProgramsSection.tsx [Server Component]
    ./app/page.tsx [Server Component]


./src/data/pythonPrograms.ts:1207:12
Cannot assign to this
  [90m1205 |[0m [32m  {[0m
  [90m1206 |[0m [32m    id: "mp-1",[0m
[31m[1m>[0m [90m1207 |[0m [32m    title: "Turtle Star Drawing",[0m
  [90m     |[0m            [31m[1m^^^^^^^^^^^^^^^^^^^^^[0m
  [90m1208 |[0m [32m    language: "python",[0m
  [90m1209 |[0m [32m    category: "Modules & Projects",[0m
  [90m1210 |[0m [32m    difficulty: "Easy",[0m

Parsing ecmascript source code failed

Import traces:
  App Route:
    ./src/data/pythonPrograms.ts
    ./app/api/admin/users/import-teachers-csv/route.ts

  Client Component Browser:
    ./src/data/pythonPrograms.ts [Client Component Browser]
    ./src/sections/ProgramsSection.tsx [Client Component Browser]
    ./src/sections/ProgramsSection.tsx [Server Component]
    ./app/page.tsx [Server Component]

  Client Component SSR:
    ./src/data/pythonPrograms.ts [Client Component SSR]
    ./src/sections/ProgramsSection.tsx [Client Component SSR]
    ./src/sections/ProgramsSection.tsx [Server Component]
    ./app/page.tsx [Server Component]


./src/data/pythonPrograms.ts:1208:15
Cannot assign to this
  [90m1206 |[0m [32m    id: "mp-1",[0m
  [90m1207 |[0m [32m    title: "Turtle Star Drawing",[0m
[31m[1m>[0m [90m1208 |[0m [32m    language: "python",[0m
  [90m     |[0m               [31m[1m^^^^^^^^[0m
  [90m1209 |[0m [32m    category: "Modules & Projects",[0m
  [90m1210 |[0m [32m    difficulty: "Easy",[0m
  [90m1211 |[0m [32m    classLevel: "Class 8",[0m

Parsing ecmascript source code failed

Import traces:
  App Route:
    ./src/data/pythonPrograms.ts
    ./app/api/admin/users/import-teachers-csv/route.ts

  Client Component Browser:
    ./src/data/pythonPrograms.ts [Client Component Browser]
    ./src/sections/ProgramsSection.tsx [Client Component Browser]
    ./src/sections/ProgramsSection.tsx [Server Component]
    ./app/page.tsx [Server Component]

  Client Component SSR:
    ./src/data/pythonPrograms.ts [Client Component SSR]
    ./src/sections/ProgramsSection.tsx [Client Component SSR]
    ./src/sections/ProgramsSection.tsx [Server Component]
    ./app/page.tsx [Server Component]


./src/data/pythonPrograms.ts:1209:15
Cannot assign to this
  [90m1207 |[0m [32m    title: "Turtle Star Drawing",[0m
  [90m1208 |[0m [32m    language: "python",[0m
[31m[1m>[0m [90m1209 |[0m [32m    category: "Modules & Projects",[0m
  [90m     |[0m               [31m[1m^^^^^^^^^^^^^^^^^^^^[0m
  [90m1210 |[0m [32m    difficulty: "Easy",[0m
  [90m1211 |[0m [32m    classLevel: "Class 8",[0m
  [90m1212 |[0m [32m    description: "Use the turtle module to draw a star with graphics",[0m

Parsing ecmascript source code failed

Import traces:
  App Route:
    ./src/data/pythonPrograms.ts
    ./app/api/admin/users/import-teachers-csv/route.ts

  Client Component Browser:
    ./src/data/pythonPrograms.ts [Client Component Browser]
    ./src/sections/ProgramsSection.tsx [Client Component Browser]
    ./src/sections/ProgramsSection.tsx [Server Component]
    ./app/page.tsx [Server Component]

  Client Component SSR:
    ./src/data/pythonPrograms.ts [Client Component SSR]
    ./src/sections/ProgramsSection.tsx [Client Component SSR]
    ./src/sections/ProgramsSection.tsx [Server Component]
    ./app/page.tsx [Server Component]


./src/data/pythonPrograms.ts:1210:17
Cannot assign to this
  [90m1208 |[0m [32m    language: "python",[0m
  [90m1209 |[0m [32m    category: "Modules & Projects",[0m
[31m[1m>[0m [90m1210 |[0m [32m    difficulty: "Easy",[0m
  [90m     |[0m                 [31m[1m^^^^^^[0m
  [90m1211 |[0m [32m    classLevel: "Class 8",[0m
  [90m1212 |[0m [32m    description: "Use the turtle module to draw a star with graphics",[0m
  [90m1213 |[0m [32m    code: `[0m[32m""[0m[32m"[0m

Parsing ecmascript source code failed

Import traces:
  App Route:
    ./src/data/pythonPrograms.ts
    ./app/api/admin/users/import-teachers-csv/route.ts

  Client Component Browser:
    ./src/data/pythonPrograms.ts [Client Component Browser]
    ./src/sections/ProgramsSection.tsx [Client Component Browser]
    ./src/sections/ProgramsSection.tsx [Server Component]
    ./app/page.tsx [Server Component]

  Client Component SSR:
    ./src/data/pythonPrograms.ts [Client Component SSR]
    ./src/sections/ProgramsSection.tsx [Client Component SSR]
    ./src/sections/ProgramsSection.tsx [Server Component]
    ./app/page.tsx [Server Component]


./src/data/pythonPrograms.ts:1211:17
Cannot assign to this
  [90m1209 |[0m [32m    category: "Modules & Projects",[0m
  [90m1210 |[0m [32m    difficulty: "Easy",[0m
[31m[1m>[0m [90m1211 |[0m [32m    classLevel: "Class 8",[0m
  [90m     |[0m                 [31m[1m^^^^^^^^^[0m
  [90m1212 |[0m [32m    description: "Use the turtle module to draw a star with graphics",[0m
  [90m1213 |[0m [32m    code: `[0m[32m""[0m[32m"[0m
  [90m1214 |[0m [32m==========================================[0m

Parsing ecmascript source code failed

Import traces:
  App Route:
    ./src/data/pythonPrograms.ts
    ./app/api/admin/users/import-teachers-csv/route.ts

  Client Component Browser:
    ./src/data/pythonPrograms.ts [Client Component Browser]
    ./src/sections/ProgramsSection.tsx [Client Component Browser]
    ./src/sections/ProgramsSection.tsx [Server Component]
    ./app/page.tsx [Server Component]

  Client Component SSR:
    ./src/data/pythonPrograms.ts [Client Component SSR]
    ./src/sections/ProgramsSection.tsx [Client Component SSR]
    ./src/sections/ProgramsSection.tsx [Server Component]
    ./app/page.tsx [Server Component]


./src/data/pythonPrograms.ts:1212:18
Cannot assign to this
  [90m1210 |[0m [32m    difficulty: "Easy",[0m
  [90m1211 |[0m [32m    classLevel: "Class 8",[0m
[31m[1m>[0m [90m1212 |[0m [32m    description: "Use the turtle module to draw a star with graphics",[0m
  [90m     |[0m                  [31m[1m^^^^^^^^^^^^^^^^^^^^^^^^^^^^^^^^^^^^^^^^^^^^^^^^^^^^[0m
  [90m1213 |[0m [32m    code: `[0m[32m""[0m[32m"[0m
  [90m1214 |[0m [32m==========================================[0m
  [90m1215 |[0m [32mProgram: Turtle Star Drawing[0m

Parsing ecmascript source code failed

Import traces:
  App Route:
    ./src/data/pythonPrograms.ts
    ./app/api/admin/users/import-teachers-csv/route.ts

  Client Component Browser:
    ./src/data/pythonPrograms.ts [Client Component Browser]
    ./src/sections/ProgramsSection.tsx [Client Component Browser]
    ./src/sections/ProgramsSection.tsx [Server Component]
    ./app/page.tsx [Server Component]

  Client Component SSR:
    ./src/data/pythonPrograms.ts [Client Component SSR]
    ./src/sections/ProgramsSection.tsx [Client Component SSR]
    ./src/sections/ProgramsSection.tsx [Server Component]
    ./app/page.tsx [Server Component]


./src/data/pythonPrograms.ts:1213:11
Cannot assign to this
  [90m1211 |[0m [32m    classLevel: "Class 8",[0m
  [90m1212 |[0m [32m    description: "Use the turtle module to draw a star with graphics",[0m
[31m[1m>[0m [90m1213 |[0m [32m    code: `[0m[32m""[0m[32m"[0m
  [90m     |[0m           [31m[1m^^^[0m
[31m[1m>[0m [90m1214 |[0m [32m==========================================[0m
  [90m     |[0m [31m[1m^^^^^^^^^^^^^^^^^^^^^^^^^^^^^^^^^^^^^^^^^^[0m
[31m[1m>[0m [90m1215 |[0m [32mProgram: Turtle Star Drawing[0m
  [90m     |[0m [31m[1m^^^^^^^^^^^^^^^^^^^^^^^^^^^^[0m
[31m[1m>[0m [90m1216 |[0m [32mTeaches: import turtle, coordinate system, pen control[0m
  [90m     |[0m [31m[1m^^^^^^^^^^^^^^^^^^^^^^^^^^^^^^^^^^^^^^^^^^^^^^^^^^^^^^[0m
[31m[1m>[0m [90m1217 |[0m [32mWHY: Turtle graphics make programming visual and fun.[0m
  [90m     |[0m [31m[1m^^^^^^^^^^^^^^^^^^^^^^^^^^^^^^^^^^^^^^^^^^^^^^^^^^^^^[0m
[31m[1m>[0m [90m1218 |[0m [32m      It teaches geometry, angles, and sequential thinking.[0m
  [90m     |[0m [31m[1m^^^^^^^^^^^^^^^^^^^^^^^^^^^^^^^^^^^^^^^^^^^^^^^^^^^^^^^^^^^[0m
[31m[1m>[0m [90m1219 |[0m [32m==========================================[0m
  [90m     |[0m [31m[1m^^^^^^^^^^^^^^^^^^^^^^^^^^^^^^^^^^^^^^^^^^[0m
[31m[1m>[0m [90m1220 |[0m
  [90m     |[0m [31m[1m^[0m
[31m[1m>[0m [90m1221 |[0m [32mEXECUTION_TRACE:[0m
  [90m     |[0m [31m[1m^^^^^^^^^^^^^^^^[0m
[31m[1m>[0m [90m1222 |[0m [32mStep 1: import turtle ΓåÆ loads graphics module[0m
  [90m     |[0m [31m[1m^^^^^^^^^^^^^^^^^^^^^^^^^^^^^^^^^^^^^^^^^^^^^[0m
[31m[1m>[0m [90m1223 |[0m [32mStep 2: t = turtle.Turtle() ΓåÆ creates a turtle object[0m
  [90m     |[0m [31m[1m^^^^^^^^^^^^^^^^^^^^^^^^^^^^^^^^^^^^^^^^^^^^^^^^^^^^^[0m
[31m[1m>[0m [90m1224 |[0m [32mStep 3: for i in range(5):[0m
  [90m     |[0m [31m[1m^^^^^^^^^^^^^^^^^^^^^^^^^^[0m
[31m[1m>[0m [90m1225 |[0m [32m  i=0: forward(100) ΓåÆ moves right 100 pixels[0m
  [90m     |[0m [31m[1m^^^^^^^^^^^^^^^^^^^^^^^^^^^^^^^^^^^^^^^^^^^^[0m
[31m[1m>[0m [90m1226 |[0m [32m        right(144) ΓåÆ turns clockwise 144 degrees[0m
  [90m     |[0m [31m[1m^^^^^^^^^^^^^^^^^^^^^^^^^^^^^^^^^^^^^^^^^^^^^^^^[0m
[31m[1m>[0m [90m1227 |[0m [32m  i=1: forward(100) ΓåÆ moves 100 pixels in new direction[0m
  [90m     |[0m [31m[1m^^^^^^^^^^^^^^^^^^^^^^^^^^^^^^^^^^^^^^^^^^^^^^^^^^^^^^^[0m
[31m[1m>[0m [90m1228 |[0m [32m        right(144) ΓåÆ turns again[0m
  [90m     |[0m [31m[1m^^^^^^^^^^^^^^^^^^^^^^^^^^^^^^^^[0m
[31m[1m>[0m [90m1229 |[0m [32m  ...repeats 5 times ΓåÆ forms a 5-pointed star[0m
  [90m     |[0m [31m[1m^^^^^^^^^^^^^^^^^^^^^^^^^^^^^^^^^^^^^^^^^^^^^[0m
[31m[1m>[0m [90m1230 |[0m
  [90m     |[0m [31m[1m^[0m
[31m[1m>[0m [90m1231 |[0m [32mThe angle 144┬░ works because: 5 ├ù 144┬░ = 720┬░ = 2 full turns[0m
  [90m     |[0m [31m[1m^^^^^^^^^^^^^^^^^^^^^^^^^^^^^^^^^^^^^^^^^^^^^^^^^^^^^^^^^^^^[0m
[31m[1m>[0m [90m1232 |[0m
  [90m     |[0m [31m[1m^[0m
[31m[1m>[0m [90m1233 |[0m [32mTRY THIS:[0m
  [90m     |[0m [31m[1m^^^^^^^^^[0m
[31m[1m>[0m [90m1234 |[0m [32m- Change the number of points (try 6, 7, 8)[0m
  [90m     |[0m [31m[1m^^^^^^^^^^^^^^^^^^^^^^^^^^^^^^^^^^^^^^^^^^^[0m
[31m[1m>[0m [90m1235 |[0m [32m- Change the forward distance (try 50, 200)[0m
  [90m     |[0m [31m[1m^^^^^^^^^^^^^^^^^^^^^^^^^^^^^^^^^^^^^^^^^^^[0m
[31m[1m>[0m [90m1236 |[0m [32m- Change the color: t.color("[0mred[32m")[0m
  [90m     |[0m [31m[1m^^^^^^^^^^^^^^^^^^^^^^^^^^^^^^^^^^[0m
[31m[1m>[0m [90m1237 |[0m [32m- Add t.speed(0) for fastest drawing[0m
  [90m     |[0m [31m[1m^^^^^^^^^^^^^^^^^^^^^^^^^^^^^^^^^^^^[0m
[31m[1m>[0m [90m1238 |[0m [32m"[0m[32m""[0m
  [90m     |[0m [31m[1m^^^[0m
[31m[1m>[0m [90m1239 |[0m
  [90m     |[0m [31m[1m^[0m
[31m[1m>[0m [90m1240 |[0m [36mimport[0m turtle
  [90m     |[0m [31m[1m^^^^^^^^^^^^^[0m
[31m[1m>[0m [90m1241 |[0m
  [90m     |[0m [31m[1m^[0m
[31m[1m>[0m [90m1242 |[0m t = turtle.[33mTurtle[0m()
  [90m     |[0m [31m[1m^^^^^^^^^^^^^^^^^^^[0m
[31m[1m>[0m [90m1243 |[0m t.speed([35m3[0m)
  [90m     |[0m [31m[1m^^^^^^^^^^[0m
[31m[1m>[0m [90m1244 |[0m
  [90m     |[0m [31m[1m^[0m
[31m[1m>[0m [90m1245 |[0m [36mfor[0m i [36min[0m range([35m5[0m):
  [90m     |[0m [31m[1m^^^^^^^^^^^^^^^^^^[0m
[31m[1m>[0m [90m1246 |[0m     t.forward([35m100[0m)
  [90m     |[0m [31m[1m^^^^^^^^^^^^^^^^^^[0m
[31m[1m>[0m [90m1247 |[0m     t.right([35m144[0m)
  [90m     |[0m [31m[1m^^^^^^^^^^^^^^^^[0m
[31m[1m>[0m [90m1248 |[0m
  [90m     |[0m [31m[1m^[0m
[31m[1m>[0m [90m1249 |[0m turtle.done()
  [90m     |[0m [31m[1m^^^^^^^^^^^^^[0m
[31m[1m>[0m [90m1250 |[0m [32m`,[0m
  [90m     |[0m [31m[1m^[0m
  [90m1251 |[0m [32m    funFact: "Turtle graphics was invented in 1967 at MIT ΓÇö it's one of the oldest ways 
...[0m
  [90m1252 |[0m [32m  },[0m
  [90m1253 |[0m [32m  {[0m

Parsing ecmascript source code failed

Import traces:
  App Route:
    ./src/data/pythonPrograms.ts
    ./app/api/admin/users/import-teachers-csv/route.ts

  Client Component Browser:
    ./src/data/pythonPrograms.ts [Client Component Browser]
    ./src/sections/ProgramsSection.tsx [Client Component Browser]
    ./src/sections/ProgramsSection.tsx [Server Component]
    ./app/page.tsx [Server Component]

  Client Component SSR:
    ./src/data/pythonPrograms.ts [Client Component SSR]
    ./src/sections/ProgramsSection.tsx [Client Component SSR]
    ./src/sections/ProgramsSection.tsx [Server Component]
    ./app/page.tsx [Server Component]


./src/data/pythonPrograms.ts:1251:14
Cannot assign to this
  [90m1249 |[0m ...
  [90m1250 |[0m ...
[31m[1m>[0m [90m1251 |[0m ...[32m graphics was invented in 1967 at MIT ΓÇö it's one of the oldest ways to teach 
programm...[0m
  [90m     |[0m    
[31m[1m^^^^^^^^^^^^^^^^^^^^^^^^^^^^^^^^^^^^^^^^^^^^^^^^^^^^^^^^^^^^^^^^^^^^^^^^^^^^^^^^^^^^^^^^[0m
  [90m1252 |[0m ...
  [90m1253 |[0m ...
  [90m1254 |[0m ...

Parsing ecmascript source code failed

Import traces:
  App Route:
    ./src/data/pythonPrograms.ts
    ./app/api/admin/users/import-teachers-csv/route.ts

  Client Component Browser:
    ./src/data/pythonPrograms.ts [Client Component Browser]
    ./src/sections/ProgramsSection.tsx [Client Component Browser]
    ./src/sections/ProgramsSection.tsx [Server Component]
    ./app/page.tsx [Server Component]

  Client Component SSR:
    ./src/data/pythonPrograms.ts [Client Component SSR]
    ./src/sections/ProgramsSection.tsx [Client Component SSR]
    ./src/sections/ProgramsSection.tsx [Server Component]
    ./app/page.tsx [Server Component]


./src/data/pythonPrograms.ts:1254:9
Cannot assign to this
  [90m1252 |[0m [32m  },[0m
  [90m1253 |[0m [32m  {[0m
[31m[1m>[0m [90m1254 |[0m [32m    id: "mp-2",[0m
  [90m     |[0m         [31m[1m^^^^^^[0m
  [90m1255 |[0m [32m    title: "Random Number Game",[0m
  [90m1256 |[0m [32m    language: "python",[0m
  [90m1257 |[0m [32m    category: "Modules & Projects",[0m

Parsing ecmascript source code failed

Import traces:
  App Route:
    ./src/data/pythonPrograms.ts
    ./app/api/admin/users/import-teachers-csv/route.ts

  Client Component Browser:
    ./src/data/pythonPrograms.ts [Client Component Browser]
    ./src/sections/ProgramsSection.tsx [Client Component Browser]
    ./src/sections/ProgramsSection.tsx [Server Component]
    ./app/page.tsx [Server Component]

  Client Component SSR:
    ./src/data/pythonPrograms.ts [Client Component SSR]
    ./src/sections/ProgramsSection.tsx [Client Component SSR]
    ./src/sections/ProgramsSection.tsx [Server Component]
    ./app/page.tsx [Server Component]


./src/data/pythonPrograms.ts:1255:12
Cannot assign to this
  [90m1253 |[0m [32m  {[0m
  [90m1254 |[0m [32m    id: "mp-2",[0m
[31m[1m>[0m [90m1255 |[0m [32m    title: "Random Number Game",[0m
  [90m     |[0m            [31m[1m^^^^^^^^^^^^^^^^^^^^[0m
  [90m1256 |[0m [32m    language: "python",[0m
  [90m1257 |[0m [32m    category: "Modules & Projects",[0m
  [90m1258 |[0m [32m    difficulty: "Easy",[0m

Parsing ecmascript source code failed

Import traces:
  App Route:
    ./src/data/pythonPrograms.ts
    ./app/api/admin/users/import-teachers-csv/route.ts

  Client Component Browser:
    ./src/data/pythonPrograms.ts [Client Component Browser]
    ./src/sections/ProgramsSection.tsx [Client Component Browser]
    ./src/sections/ProgramsSection.tsx [Server Component]
    ./app/page.tsx [Server Component]

  Client Component SSR:
    ./src/data/pythonPrograms.ts [Client Component SSR]
    ./src/sections/ProgramsSection.tsx [Client Component SSR]
    ./src/sections/ProgramsSection.tsx [Server Component]
    ./app/page.tsx [Server Component]


./src/data/pythonPrograms.ts:1256:15
Cannot assign to this
  [90m1254 |[0m [32m    id: "mp-2",[0m
  [90m1255 |[0m [32m    title: "Random Number Game",[0m
[31m[1m>[0m [90m1256 |[0m [32m    language: "python",[0m
  [90m     |[0m               [31m[1m^^^^^^^^[0m
  [90m1257 |[0m [32m    category: "Modules & Projects",[0m
  [90m1258 |[0m [32m    difficulty: "Easy",[0m
  [90m1259 |[0m [32m    classLevel: "Class 8",[0m

Parsing ecmascript source code failed

Import traces:
  App Route:
    ./src/data/pythonPrograms.ts
    ./app/api/admin/users/import-teachers-csv/route.ts

  Client Component Browser:
    ./src/data/pythonPrograms.ts [Client Component Browser]
    ./src/sections/ProgramsSection.tsx [Client Component Browser]
    ./src/sections/ProgramsSection.tsx [Server Component]
    ./app/page.tsx [Server Component]

  Client Component SSR:
    ./src/data/pythonPrograms.ts [Client Component SSR]
    ./src/sections/ProgramsSection.tsx [Client Component SSR]
    ./src/sections/ProgramsSection.tsx [Server Component]
    ./app/page.tsx [Server Component]


./src/data/pythonPrograms.ts:1257:15
Cannot assign to this
  [90m1255 |[0m [32m    title: "Random Number Game",[0m
  [90m1256 |[0m [32m    language: "python",[0m
[31m[1m>[0m [90m1257 |[0m [32m    category: "Modules & Projects",[0m
  [90m     |[0m               [31m[1m^^^^^^^^^^^^^^^^^^^^[0m
  [90m1258 |[0m [32m    difficulty: "Easy",[0m
  [90m1259 |[0m [32m    classLevel: "Class 8",[0m
  [90m1260 |[0m [32m    description: "Use the random module to generate random numbers for a guessing game",[0m

Parsing ecmascript source code failed

Import traces:
  App Route:
    ./src/data/pythonPrograms.ts
    ./app/api/admin/users/import-teachers-csv/route.ts

  Client Component Browser:
    ./src/data/pythonPrograms.ts [Client Component Browser]
    ./src/sections/ProgramsSection.tsx [Client Component Browser]
    ./src/sections/ProgramsSection.tsx [Server Component]
    ./app/page.tsx [Server Component]

  Client Component SSR:
    ./src/data/pythonPrograms.ts [Client Component SSR]
    ./src/sections/ProgramsSection.tsx [Client Component SSR]
    ./src/sections/ProgramsSection.tsx [Server Component]
    ./app/page.tsx [Server Component]


./src/data/pythonPrograms.ts:1258:17
Cannot assign to this
  [90m1256 |[0m [32m    language: "python",[0m
  [90m1257 |[0m [32m    category: "Modules & Projects",[0m
[31m[1m>[0m [90m1258 |[0m [32m    difficulty: "Easy",[0m
  [90m     |[0m                 [31m[1m^^^^^^[0m
  [90m1259 |[0m [32m    classLevel: "Class 8",[0m
  [90m1260 |[0m [32m    description: "Use the random module to generate random numbers for a guessing game",[0m
  [90m1261 |[0m [32m    code: `[0m[32m""[0m[32m"[0m

Parsing ecmascript source code failed

Import traces:
  App Route:
    ./src/data/pythonPrograms.ts
    ./app/api/admin/users/import-teachers-csv/route.ts

  Client Component Browser:
    ./src/data/pythonPrograms.ts [Client Component Browser]
    ./src/sections/ProgramsSection.tsx [Client Component Browser]
    ./src/sections/ProgramsSection.tsx [Server Component]
    ./app/page.tsx [Server Component]

  Client Component SSR:
    ./src/data/pythonPrograms.ts [Client Component SSR]
    ./src/sections/ProgramsSection.tsx [Client Component SSR]
    ./src/sections/ProgramsSection.tsx [Server Component]
    ./app/page.tsx [Server Component]


./src/data/pythonPrograms.ts:1259:17
Cannot assign to this
  [90m1257 |[0m [32m    category: "Modules & Projects",[0m
  [90m1258 |[0m [32m    difficulty: "Easy",[0m
[31m[1m>[0m [90m1259 |[0m [32m    classLevel: "Class 8",[0m
  [90m     |[0m                 [31m[1m^^^^^^^^^[0m
  [90m1260 |[0m [32m    description: "Use the random module to generate random numbers for a guessing game",[0m
  [90m1261 |[0m [32m    code: `[0m[32m""[0m[32m"[0m
  [90m1262 |[0m [32m==========================================[0m

Parsing ecmascript source code failed

Import traces:
  App Route:
    ./src/data/pythonPrograms.ts
    ./app/api/admin/users/import-teachers-csv/route.ts

  Client Component Browser:
    ./src/data/pythonPrograms.ts [Client Component Browser]
    ./src/sections/ProgramsSection.tsx [Client Component Browser]
    ./src/sections/ProgramsSection.tsx [Server Component]
    ./app/page.tsx [Server Component]

  Client Component SSR:
    ./src/data/pythonPrograms.ts [Client Component SSR]
    ./src/sections/ProgramsSection.tsx [Client Component SSR]
    ./src/sections/ProgramsSection.tsx [Server Component]
    ./app/page.tsx [Server Component]


./src/data/pythonPrograms.ts:1260:18
Cannot assign to this
  [90m1258 |[0m [32m    difficulty: "Easy",[0m
  [90m1259 |[0m [32m    classLevel: "Class 8",[0m
[31m[1m>[0m [90m1260 |[0m [32m    description: "Use the random module to generate random numbers for a guessing 
game",[0m
  [90m     |[0m                  [31m[1m^^^^^^^^^^^^^^^^^^^^^^^^^^^^^^^^^^^^^^^^^^^^^^^^^^^^^^^^^^^^^^^^^^^^^^[0m
  [90m1261 |[0m [32m    code: `[0m[32m""[0m[32m"[0m
  [90m1262 |[0m [32m==========================================[0m
  [90m1263 |[0m [32mProgram: Random Number Game[0m

Parsing ecmascript source code failed

Import traces:
  App Route:
    ./src/data/pythonPrograms.ts
    ./app/api/admin/users/import-teachers-csv/route.ts

  Client Component Browser:
    ./src/data/pythonPrograms.ts [Client Component Browser]
    ./src/sections/ProgramsSection.tsx [Client Component Browser]
    ./src/sections/ProgramsSection.tsx [Server Component]
    ./app/page.tsx [Server Component]

  Client Component SSR:
    ./src/data/pythonPrograms.ts [Client Component SSR]
    ./src/sections/ProgramsSection.tsx [Client Component SSR]
    ./src/sections/ProgramsSection.tsx [Server Component]
    ./app/page.tsx [Server Component]


./src/data/pythonPrograms.ts:1261:11
Cannot assign to this
  [90m1259 |[0m [32m    classLevel: "Class 8",[0m
  [90m1260 |[0m [32m    description: "Use the random module to generate random numbers for a guessing game",[0m
[31m[1m>[0m [90m1261 |[0m [32m    code: `[0m[32m""[0m[32m"[0m
  [90m     |[0m           [31m[1m^^^[0m
[31m[1m>[0m [90m1262 |[0m [32m==========================================[0m
  [90m     |[0m [31m[1m^^^^^^^^^^^^^^^^^^^^^^^^^^^^^^^^^^^^^^^^^^[0m
[31m[1m>[0m [90m1263 |[0m [32mProgram: Random Number Game[0m
  [90m     |[0m [31m[1m^^^^^^^^^^^^^^^^^^^^^^^^^^^[0m
[31m[1m>[0m [90m1264 |[0m [32mTeaches: import random, random.randint(), game loop with while[0m
  [90m     |[0m [31m[1m^^^^^^^^^^^^^^^^^^^^^^^^^^^^^^^^^^^^^^^^^^^^^^^^^^^^^^^^^^^^^^[0m
[31m[1m>[0m [90m1265 |[0m [32mWHY: Random numbers power games, simulations, and security.[0m
  [90m     |[0m [31m[1m^^^^^^^^^^^^^^^^^^^^^^^^^^^^^^^^^^^^^^^^^^^^^^^^^^^^^^^^^^^[0m
[31m[1m>[0m [90m1266 |[0m [32m      This project combines input, loops, and conditions.[0m
  [90m     |[0m [31m[1m^^^^^^^^^^^^^^^^^^^^^^^^^^^^^^^^^^^^^^^^^^^^^^^^^^^^^^^^^[0m
[31m[1m>[0m [90m1267 |[0m [32m==========================================[0m
  [90m     |[0m [31m[1m^^^^^^^^^^^^^^^^^^^^^^^^^^^^^^^^^^^^^^^^^^[0m
[31m[1m>[0m [90m1268 |[0m
  [90m     |[0m [31m[1m^[0m
[31m[1m>[0m [90m1269 |[0m [32mEXECUTION_TRACE:[0m
  [90m     |[0m [31m[1m^^^^^^^^^^^^^^^^[0m
[31m[1m>[0m [90m1270 |[0m [32mStep 1: import random ΓåÆ loads random module[0m
  [90m     |[0m [31m[1m^^^^^^^^^^^^^^^^^^^^^^^^^^^^^^^^^^^^^^^^^^^[0m
[31m[1m>[0m [90m1271 |[0m [32mStep 2: secret = random.randint(1, 10) ΓåÆ generates random number 1-10[0m
  [90m     |[0m [31m[1m^^^^^^^^^^^^^^^^^^^^^^^^^^^^^^^^^^^^^^^^^^^^^^^^^^^^^^^^^^^^^^^^^^^^^[0m
[31m[1m>[0m [90m1272 |[0m [32m        (Let's say secret = 7)[0m
  [90m     |[0m [31m[1m^^^^^^^^^^^^^^^^^^^^^^^^^^^^^^[0m
[31m[1m>[0m [90m1273 |[0m [32mStep 3: while attempts > 0: ΓåÆ enters game loop[0m
  [90m     |[0m [31m[1m^^^^^^^^^^^^^^^^^^^^^^^^^^^^^^^^^^^^^^^^^^^^^^[0m
[31m[1m>[0m [90m1274 |[0m [32m  Attempt 1: guess = 5, 5 < 7 ΓåÆ "[0m[33mToo[0m low![32m"[0m
  [90m     |[0m [31m[1m^^^^^^^^^^^^^^^^^^^^^^^^^^^^^^^^^^^^^^^^^^[0m
[31m[1m>[0m [90m1275 |[0m [32m  Attempt 2: guess = 8, 8 > 7 ΓåÆ "[0m[33mToo[0m high![32m"[0m
  [90m     |[0m [31m[1m^^^^^^^^^^^^^^^^^^^^^^^^^^^^^^^^^^^^^^^^^^^[0m
[31m[1m>[0m [90m1276 |[0m [32m  Attempt 3: guess = 7, 7 == 7 ΓåÆ "[0m[33mCorrect[0m![32m" ΓåÆ break[0m
  [90m     |[0m [31m[1m^^^^^^^^^^^^^^^^^^^^^^^^^^^^^^^^^^^^^^^^^^^^^^^^^^^[0m
[31m[1m>[0m [90m1277 |[0m
  [90m     |[0m [31m[1m^[0m
[31m[1m>[0m [90m1278 |[0m [32mTRY THIS:[0m
  [90m     |[0m [31m[1m^^^^^^^^^[0m
[31m[1m>[0m [90m1279 |[0m [32m- Change the range to 1-100 for harder difficulty[0m
  [90m     |[0m [31m[1m^^^^^^^^^^^^^^^^^^^^^^^^^^^^^^^^^^^^^^^^^^^^^^^^^[0m
[31m[1m>[0m [90m1280 |[0m [32m- Add a message showing how many attempts they used[0m
  [90m     |[0m [31m[1m^^^^^^^^^^^^^^^^^^^^^^^^^^^^^^^^^^^^^^^^^^^^^^^^^^^[0m
[31m[1m>[0m [90m1281 |[0m [32m- Track high scores across multiple games[0m
  [90m     |[0m [31m[1m^^^^^^^^^^^^^^^^^^^^^^^^^^^^^^^^^^^^^^^^^[0m
[31m[1m>[0m [90m1282 |[0m [32m"[0m[32m""[0m
  [90m     |[0m [31m[1m^^^[0m
[31m[1m>[0m [90m1283 |[0m
  [90m     |[0m [31m[1m^[0m
[31m[1m>[0m [90m1284 |[0m [36mimport[0m random
  [90m     |[0m [31m[1m^^^^^^^^^^^^^[0m
[31m[1m>[0m [90m1285 |[0m
  [90m     |[0m [31m[1m^[0m
[31m[1m>[0m [90m1286 |[0m secret = random.randint([35m1[0m, [35m10[0m)
  [90m     |[0m [31m[1m^^^^^^^^^^^^^^^^^^^^^^^^^^^^^^[0m
[31m[1m>[0m [90m1287 |[0m attempts = [35m3[0m
  [90m     |[0m [31m[1m^^^^^^^^^^^^[0m
[31m[1m>[0m [90m1288 |[0m
  [90m     |[0m [31m[1m^[0m
[31m[1m>[0m [90m1289 |[0m print([32m"Welcome to the Number Guessing Game!"[0m)
  [90m     |[0m [31m[1m^^^^^^^^^^^^^^^^^^^^^^^^^^^^^^^^^^^^^^^^^^^^^[0m
[31m[1m>[0m [90m1290 |[0m print([32m"I'm thinking of a number between 1 and 10"[0m)
  [90m     |[0m [31m[1m^^^^^^^^^^^^^^^^^^^^^^^^^^^^^^^^^^^^^^^^^^^^^^^^^^[0m
[31m[1m>[0m [90m1291 |[0m print([32m"You have 3 attempts. Good luck!"[0m)
  [90m     |[0m [31m[1m^^^^^^^^^^^^^^^^^^^^^^^^^^^^^^^^^^^^^^^^[0m
[31m[1m>[0m [90m1292 |[0m
  [90m     |[0m [31m[1m^[0m
[31m[1m>[0m [90m1293 |[0m [36mwhile[0m attempts > [35m0[0m:
  [90m     |[0m [31m[1m^^^^^^^^^^^^^^^^^^^[0m
[31m[1m>[0m [90m1294 |[0m     guess = int(input([32m"Your guess: "[0m))
  [90m     |[0m [31m[1m^^^^^^^^^^^^^^^^^^^^^^^^^^^^^^^^^^^^^^[0m
[31m[1m>[0m [90m1295 |[0m     [36mif[0m guess == secret:
  [90m     |[0m [31m[1m^^^^^^^^^^^^^^^^^^^^^^^[0m
[31m[1m>[0m [90m1296 |[0m         print([32m"Congratulations! You got it!"[0m)
  [90m     |[0m [31m[1m^^^^^^^^^^^^^^^^^^^^^^^^^^^^^^^^^^^^^^^^^^^^^[0m
[31m[1m>[0m [90m1297 |[0m         [36mbreak[0m
  [90m     |[0m [31m[1m^^^^^^^^^^^^^[0m
[31m[1m>[0m [90m1298 |[0m     elif guess < secret:
  [90m     |[0m [31m[1m^^^^^^^^^^^^^^^^^^^^^^^^[0m
[31m[1m>[0m [90m1299 |[0m         print([32m"Too low!"[0m)
  [90m     |[0m [31m[1m^^^^^^^^^^^^^^^^^^^^^^^^^[0m
[31m[1m>[0m [90m1300 |[0m     [36melse[0m:
  [90m     |[0m [31m[1m^^^^^^^^^[0m
[31m[1m>[0m [90m1301 |[0m         print([32m"Too high!"[0m)
  [90m     |[0m [31m[1m^^^^^^^^^^^^^^^^^^^^^^^^^^[0m
[31m[1m>[0m [90m1302 |[0m     attempts = attempts - [35m1[0m
  [90m     |[0m [31m[1m^^^^^^^^^^^^^^^^^^^^^^^^^^^[0m
[31m[1m>[0m [90m1303 |[0m
  [90m     |[0m [31m[1m^[0m
[31m[1m>[0m [90m1304 |[0m [36mif[0m attempts == [35m0[0m:
  [90m     |[0m [31m[1m^^^^^^^^^^^^^^^^^[0m
[31m[1m>[0m [90m1305 |[0m     print([32m"Game Over! The number was:"[0m, secret)
  [90m     |[0m [31m[1m^^^^^^^^^^^^^^^^^^^^^^^^^^^^^^^^^^^^^^^^^^^^^^^[0m
[31m[1m>[0m [90m1306 |[0m [32m`,[0m
  [90m     |[0m [31m[1m^[0m
  [90m1307 |[0m [32m    funFact: "random.randint(a, b) can return EITHER a or b ΓÇö both endpoints are 
included!"[0m
  [90m1308 |[0m [32m  },] = [[0m
  [90m1309 |[0m [32m  // ==================== STRINGS ====================[0m

Parsing ecmascript source code failed

Import traces:
  App Route:
    ./src/data/pythonPrograms.ts
    ./app/api/admin/users/import-teachers-csv/route.ts

  Client Component Browser:
    ./src/data/pythonPrograms.ts [Client Component Browser]
    ./src/sections/ProgramsSection.tsx [Client Component Browser]
    ./src/sections/ProgramsSection.tsx [Server Component]
    ./app/page.tsx [Server Component]

  Client Component SSR:
    ./src/data/pythonPrograms.ts [Client Component SSR]
    ./src/sections/ProgramsSection.tsx [Client Component SSR]
    ./src/sections/ProgramsSection.tsx [Server Component]
    ./app/page.tsx [Server Component]


./src/data/pythonPrograms.ts:1307:14
Cannot assign to this
  [90m1305 |[0m     print([32m"Game Over! The number was:"[0m, secret)
  [90m1306 |[0m [32m`,[0m
[31m[1m>[0m [90m1307 |[0m [32m    funFact: "random.randint(a, b) can return EITHER a or b ΓÇö both endpoints are 
included!"[0m
  [90m     |[0m              
[31m[1m^^^^^^^^^^^^^^^^^^^^^^^^^^^^^^^^^^^^^^^^^^^^^^^^^^^^^^^^^^^^^^^^^^^^^^^^^^^^^^[0m
  [90m1308 |[0m [32m  },] = [[0m
  [90m1309 |[0m [32m  // ==================== STRINGS ====================[0m
  [90m1310 |[0m [32m  {[0m

Parsing ecmascript source code failed

Import traces:
  App Route:
    ./src/data/pythonPrograms.ts
    ./app/api/admin/users/import-teachers-csv/route.ts

  Client Component Browser:
    ./src/data/pythonPrograms.ts [Client Component Browser]
    ./src/sections/ProgramsSection.tsx [Client Component Browser]
    ./src/sections/ProgramsSection.tsx [Server Component]
    ./app/page.tsx [Server Component]

  Client Component SSR:
    ./src/data/pythonPrograms.ts [Client Component SSR]
    ./src/sections/ProgramsSection.tsx [Client Component SSR]
    ./src/sections/ProgramsSection.tsx [Server Component]
    ./app/page.tsx [Server Component]


./src/data/pythonPrograms.ts:1311:9
Cannot assign to this
  [90m1309 |[0m [32m  // ==================== STRINGS ====================[0m
  [90m1310 |[0m [32m  {[0m
[31m[1m>[0m [90m1311 |[0m [32m    id: "s-4",[0m
  [90m     |[0m         [31m[1m^^^^^[0m
  [90m1312 |[0m [32m    title: "Reverse String",[0m
  [90m1313 |[0m [32m    language: "python" as const,[0m
  [90m1314 |[0m [32m    category: "Strings",[0m

Parsing ecmascript source code failed

Import traces:
  App Route:
    ./src/data/pythonPrograms.ts
    ./app/api/admin/users/import-teachers-csv/route.ts

  Client Component Browser:
    ./src/data/pythonPrograms.ts [Client Component Browser]
    ./src/sections/ProgramsSection.tsx [Client Component Browser]
    ./src/sections/ProgramsSection.tsx [Server Component]
    ./app/page.tsx [Server Component]

  Client Component SSR:
    ./src/data/pythonPrograms.ts [Client Component SSR]
    ./src/sections/ProgramsSection.tsx [Client Component SSR]
    ./src/sections/ProgramsSection.tsx [Server Component]
    ./app/page.tsx [Server Component]


./src/data/pythonPrograms.ts:1312:12
Cannot assign to this
  [90m1310 |[0m [32m  {[0m
  [90m1311 |[0m [32m    id: "s-4",[0m
[31m[1m>[0m [90m1312 |[0m [32m    title: "Reverse String",[0m
  [90m     |[0m            [31m[1m^^^^^^^^^^^^^^^^[0m
  [90m1313 |[0m [32m    language: "python" as const,[0m
  [90m1314 |[0m [32m    category: "Strings",[0m
  [90m1315 |[0m [32m    difficulty: "Easy",[0m

Parsing ecmascript source code failed

Import traces:
  App Route:
    ./src/data/pythonPrograms.ts
    ./app/api/admin/users/import-teachers-csv/route.ts

  Client Component Browser:
    ./src/data/pythonPrograms.ts [Client Component Browser]
    ./src/sections/ProgramsSection.tsx [Client Component Browser]
    ./src/sections/ProgramsSection.tsx [Server Component]
    ./app/page.tsx [Server Component]

  Client Component SSR:
    ./src/data/pythonPrograms.ts [Client Component SSR]
    ./src/sections/ProgramsSection.tsx [Client Component SSR]
    ./src/sections/ProgramsSection.tsx [Server Component]
    ./app/page.tsx [Server Component]


./src/data/pythonPrograms.ts:1314:15
Cannot assign to this
  [90m1312 |[0m [32m    title: "Reverse String",[0m
  [90m1313 |[0m [32m    language: "python" as const,[0m
[31m[1m>[0m [90m1314 |[0m [32m    category: "Strings",[0m
  [90m     |[0m               [31m[1m^^^^^^^^^[0m
  [90m1315 |[0m [32m    difficulty: "Easy",[0m
  [90m1316 |[0m [32m    classLevel: "Class 9" as const,[0m
  [90m1317 |[0m [32m    description: "Reverse a string using Python's slice notation [::-1].",[0m

Parsing ecmascript source code failed

Import traces:
  App Route:
    ./src/data/pythonPrograms.ts
    ./app/api/admin/users/import-teachers-csv/route.ts

  Client Component Browser:
    ./src/data/pythonPrograms.ts [Client Component Browser]
    ./src/sections/ProgramsSection.tsx [Client Component Browser]
    ./src/sections/ProgramsSection.tsx [Server Component]
    ./app/page.tsx [Server Component]

  Client Component SSR:
    ./src/data/pythonPrograms.ts [Client Component SSR]
    ./src/sections/ProgramsSection.tsx [Client Component SSR]
    ./src/sections/ProgramsSection.tsx [Server Component]
    ./app/page.tsx [Server Component]


./src/data/pythonPrograms.ts:1315:17
Cannot assign to this
  [90m1313 |[0m [32m    language: "python" as const,[0m
  [90m1314 |[0m [32m    category: "Strings",[0m
[31m[1m>[0m [90m1315 |[0m [32m    difficulty: "Easy",[0m
  [90m     |[0m                 [31m[1m^^^^^^[0m
  [90m1316 |[0m [32m    classLevel: "Class 9" as const,[0m
  [90m1317 |[0m [32m    description: "Reverse a string using Python's slice notation [::-1].",[0m
  [90m1318 |[0m [32m    code: `[0m# ============================================

Parsing ecmascript source code failed

Import traces:
  App Route:
    ./src/data/pythonPrograms.ts
    ./app/api/admin/users/import-teachers-csv/route.ts

  Client Component Browser:
    ./src/data/pythonPrograms.ts [Client Component Browser]
    ./src/sections/ProgramsSection.tsx [Client Component Browser]
    ./src/sections/ProgramsSection.tsx [Server Component]
    ./app/page.tsx [Server Component]

  Client Component SSR:
    ./src/data/pythonPrograms.ts [Client Component SSR]
    ./src/sections/ProgramsSection.tsx [Client Component SSR]
    ./src/sections/ProgramsSection.tsx [Server Component]
    ./app/page.tsx [Server Component]


./src/data/pythonPrograms.ts:1317:18
Cannot assign to this
  [90m1315 |[0m [32m    difficulty: "Easy",[0m
  [90m1316 |[0m [32m    classLevel: "Class 9" as const,[0m
[31m[1m>[0m [90m1317 |[0m [32m    description: "Reverse a string using Python's slice notation [::-1].",[0m
  [90m     |[0m                  [31m[1m^^^^^^^^^^^^^^^^^^^^^^^^^^^^^^^^^^^^^^^^^^^^^^^^^^^^^^^^[0m
  [90m1318 |[0m [32m    code: `[0m# ============================================
  [90m1319 |[0m # [33mReverse[0m a [33mString[0m using [33mSlicing[0m
  [90m1320 |[0m # ============================================

Parsing ecmascript source code failed

Import traces:
  App Route:
    ./src/data/pythonPrograms.ts
    ./app/api/admin/users/import-teachers-csv/route.ts

  Client Component Browser:
    ./src/data/pythonPrograms.ts [Client Component Browser]
    ./src/sections/ProgramsSection.tsx [Client Component Browser]
    ./src/sections/ProgramsSection.tsx [Server Component]
    ./app/page.tsx [Server Component]

  Client Component SSR:
    ./src/data/pythonPrograms.ts [Client Component SSR]
    ./src/sections/ProgramsSection.tsx [Client Component SSR]
    ./src/sections/ProgramsSection.tsx [Server Component]
    ./app/page.tsx [Server Component]


./src/data/pythonPrograms.ts:1318:11
Cannot assign to this
  [90m1316 |[0m [32m    classLevel: "Class 9" as const,[0m
  [90m1317 |[0m [32m    description: "Reverse a string using Python's slice notation [::-1].",[0m
[31m[1m>[0m [90m1318 |[0m [32m    code: `[0m# ============================================
  [90m     |[0m           [31m[1m^^^^^^^^^^^^^^^^^^^^^^^^^^^^^^^^^^^^^^^^^^^^^^[0m
[31m[1m>[0m [90m1319 |[0m # [33mReverse[0m a [33mString[0m using [33mSlicing[0m
  [90m     |[0m [31m[1m^^^^^^^^^^^^^^^^^^^^^^^^^^^^^^^^[0m
[31m[1m>[0m [90m1320 |[0m # ============================================
  [90m     |[0m [31m[1m^^^^^^^^^^^^^^^^^^^^^^^^^^^^^^^^^^^^^^^^^^^^^^[0m
[31m[1m>[0m [90m1321 |[0m # [33mSlicing[0m syntax: string[start:stop:step]
  [90m     |[0m [31m[1m^^^^^^^^^^^^^^^^^^^^^^^^^^^^^^^^^^^^^^^^^[0m
[31m[1m>[0m [90m1322 |[0m # [33mA[0m step [36mof[0m -[35m1[0m reverses the string!
  [90m     |[0m [31m[1m^^^^^^^^^^^^^^^^^^^^^^^^^^^^^^^^^^^[0m
[31m[1m>[0m [90m1323 |[0m # ============================================
  [90m     |[0m [31m[1m^^^^^^^^^^^^^^^^^^^^^^^^^^^^^^^^^^^^^^^^^^^^^^[0m
[31m[1m>[0m [90m1324 |[0m
  [90m     |[0m [31m[1m^[0m
[31m[1m>[0m [90m1325 |[0m # --- [33mInput[0m ---
  [90m     |[0m [31m[1m^^^^^^^^^^^^^^^[0m
[31m[1m>[0m [90m1326 |[0m word = input([32m"Enter a word: "[0m)
  [90m     |[0m [31m[1m^^^^^^^^^^^^^^^^^^^^^^^^^^^^^^[0m
[31m[1m>[0m [90m1327 |[0m
  [90m     |[0m [31m[1m^[0m
[31m[1m>[0m [90m1328 |[0m # --- [33mProcess[0m ---
  [90m     |[0m [31m[1m^^^^^^^^^^^^^^^^^[0m
[31m[1m>[0m [90m1329 |[0m reversed_word = word[::-[35m1[0m]  # [::-[35m1[0m] means reverse!
  [90m     |[0m [31m[1m^^^^^^^^^^^^^^^^^^^^^^^^^^^^^^^^^^^^^^^^^^^^^^^^^^^[0m
[31m[1m>[0m [90m1330 |[0m
  [90m     |[0m [31m[1m^[0m
[31m[1m>[0m [90m1331 |[0m # --- [33mOutput[0m ---
  [90m     |[0m [31m[1m^^^^^^^^^^^^^^^^[0m
[31m[1m>[0m [90m1332 |[0m print([32m"Original:"[0m, word)
  [90m     |[0m [31m[1m^^^^^^^^^^^^^^^^^^^^^^^^[0m
[31m[1m>[0m [90m1333 |[0m print([32m"Reversed:"[0m, reversed_word)
  [90m     |[0m [31m[1m^^^^^^^^^^^^^^^^^^^^^^^^^^^^^^^^^[0m
[31m[1m>[0m [90m1334 |[0m
  [90m     |[0m [31m[1m^[0m
[31m[1m>[0m [90m1335 |[0m # ============================================
  [90m     |[0m [31m[1m^^^^^^^^^^^^^^^^^^^^^^^^^^^^^^^^^^^^^^^^^^^^^^[0m
[31m[1m>[0m [90m1336 |[0m # [33mExecution[0m [33mTrace[0m:
  [90m     |[0m [31m[1m^^^^^^^^^^^^^^^^^^[0m
[31m[1m>[0m [90m1337 |[0m # [33mInput[0m: [32m"Python"[0m
  [90m     |[0m [31m[1m^^^^^^^^^^^^^^^^^[0m
[31m[1m>[0m [90m1338 |[0m # word[::-[35m1[0m] -> [32m"nohtyP"[0m
  [90m     |[0m [31m[1m^^^^^^^^^^^^^^^^^^^^^^^^[0m
[31m[1m>[0m [90m1339 |[0m # [33mOutput[0m: [33mReversed[0m: nohtyP
  [90m     |[0m [31m[1m^^^^^^^^^^^^^^^^^^^^^^^^^^[0m
[31m[1m>[0m [90m1340 |[0m # ============================================
  [90m     |[0m [31m[1m^^^^^^^^^^^^^^^^^^^^^^^^^^^^^^^^^^^^^^^^^^^^^^[0m
[31m[1m>[0m [90m1341 |[0m
  [90m     |[0m [31m[1m^[0m
[31m[1m>[0m [90m1342 |[0m # [33mTRY[0m [33mTHIS[0m: [33mCheck[0m [36mif[0m the reversed word is the same 
[36mas[0m original (palindrome)
  [90m     |[0m [31m[1m^^^^^^^^^^^^^^^^^^^^^^^^^^^^^^^^^^^^^^^^^^^^^^^^^^^^^^^^^^^^^^^^^^^^^^^^^^^[0m
[31m[1m>[0m [90m1343 |[0m [32m`,[0m
  [90m     |[0m [31m[1m^[0m
  [90m1344 |[0m [32m    funFact: "The word 'level' reversed is still 'level' ΓÇö it's a palindrome!"[0m
  [90m1345 |[0m [32m  },[0m
  [90m1346 |[0m [32m  {[0m

Parsing ecmascript source code failed

Import traces:
  App Route:
    ./src/data/pythonPrograms.ts
    ./app/api/admin/users/import-teachers-csv/route.ts

  Client Component Browser:
    ./src/data/pythonPrograms.ts [Client Component Browser]
    ./src/sections/ProgramsSection.tsx [Client Component Browser]
    ./src/sections/ProgramsSection.tsx [Server Component]
    ./app/page.tsx [Server Component]

  Client Component SSR:
    ./src/data/pythonPrograms.ts [Client Component SSR]
    ./src/sections/ProgramsSection.tsx [Client Component SSR]
    ./src/sections/ProgramsSection.tsx [Server Component]
    ./app/page.tsx [Server Component]


./src/data/pythonPrograms.ts:1344:14
Cannot assign to this
  [90m1342 |[0m # [33mTRY[0m [33mTHIS[0m: [33mCheck[0m [36mif[0m the reversed word is the same [36mas[0m 
original (palindrome)
  [90m1343 |[0m [32m`,[0m
[31m[1m>[0m [90m1344 |[0m [32m    funFact: "The word 'level' reversed is still 'level' ΓÇö it's a 
palindrome!"[0m
  [90m     |[0m              [31m[1m^^^^^^^^^^^^^^^^^^^^^^^^^^^^^^^^^^^^^^^^^^^^^^^^^^^^^^^^^^^^^^^^^[0m
  [90m1345 |[0m [32m  },[0m
  [90m1346 |[0m [32m  {[0m
  [90m1347 |[0m [32m    id: "s-5",[0m

Parsing ecmascript source code failed

Import traces:
  App Route:
    ./src/data/pythonPrograms.ts
    ./app/api/admin/users/import-teachers-csv/route.ts

  Client Component Browser:
    ./src/data/pythonPrograms.ts [Client Component Browser]
    ./src/sections/ProgramsSection.tsx [Client Component Browser]
    ./src/sections/ProgramsSection.tsx [Server Component]
    ./app/page.tsx [Server Component]

  Client Component SSR:
    ./src/data/pythonPrograms.ts [Client Component SSR]
    ./src/sections/ProgramsSection.tsx [Client Component SSR]
    ./src/sections/ProgramsSection.tsx [Server Component]
    ./app/page.tsx [Server Component]


./src/data/pythonPrograms.ts:1347:9
Cannot assign to this
  [90m1345 |[0m [32m  },[0m
  [90m1346 |[0m [32m  {[0m
[31m[1m>[0m [90m1347 |[0m [32m    id: "s-5",[0m
  [90m     |[0m         [31m[1m^^^^^[0m
  [90m1348 |[0m [32m    title: "Palindrome String",[0m
  [90m1349 |[0m [32m    language: "python" as const,[0m
  [90m1350 |[0m [32m    category: "Strings",[0m

Parsing ecmascript source code failed

Import traces:
  App Route:
    ./src/data/pythonPrograms.ts
    ./app/api/admin/users/import-teachers-csv/route.ts

  Client Component Browser:
    ./src/data/pythonPrograms.ts [Client Component Browser]
    ./src/sections/ProgramsSection.tsx [Client Component Browser]
    ./src/sections/ProgramsSection.tsx [Server Component]
    ./app/page.tsx [Server Component]

  Client Component SSR:
    ./src/data/pythonPrograms.ts [Client Component SSR]
    ./src/sections/ProgramsSection.tsx [Client Component SSR]
    ./src/sections/ProgramsSection.tsx [Server Component]
    ./app/page.tsx [Server Component]


./src/data/pythonPrograms.ts:1348:12
Cannot assign to this
  [90m1346 |[0m [32m  {[0m
  [90m1347 |[0m [32m    id: "s-5",[0m
[31m[1m>[0m [90m1348 |[0m [32m    title: "Palindrome String",[0m
  [90m     |[0m            [31m[1m^^^^^^^^^^^^^^^^^^^[0m
  [90m1349 |[0m [32m    language: "python" as const,[0m
  [90m1350 |[0m [32m    category: "Strings",[0m
  [90m1351 |[0m [32m    difficulty: "Easy",[0m

Parsing ecmascript source code failed

Import traces:
  App Route:
    ./src/data/pythonPrograms.ts
    ./app/api/admin/users/import-teachers-csv/route.ts

  Client Component Browser:
    ./src/data/pythonPrograms.ts [Client Component Browser]
    ./src/sections/ProgramsSection.tsx [Client Component Browser]
    ./src/sections/ProgramsSection.tsx [Server Component]
    ./app/page.tsx [Server Component]

  Client Component SSR:
    ./src/data/pythonPrograms.ts [Client Component SSR]
    ./src/sections/ProgramsSection.tsx [Client Component SSR]
    ./src/sections/ProgramsSection.tsx [Server Component]
    ./app/page.tsx [Server Component]


./src/data/pythonPrograms.ts:1350:15
Cannot assign to this
  [90m1348 |[0m [32m    title: "Palindrome String",[0m
  [90m1349 |[0m [32m    language: "python" as const,[0m
[31m[1m>[0m [90m1350 |[0m [32m    category: "Strings",[0m
  [90m     |[0m               [31m[1m^^^^^^^^^[0m
  [90m1351 |[0m [32m    difficulty: "Easy",[0m
  [90m1352 |[0m [32m    classLevel: "Class 9" as const,[0m
  [90m1353 |[0m [32m    description: "Check if a string reads the same forwards and backwards.",[0m

Parsing ecmascript source code failed

Import traces:
  App Route:
    ./src/data/pythonPrograms.ts
    ./app/api/admin/users/import-teachers-csv/route.ts

  Client Component Browser:
    ./src/data/pythonPrograms.ts [Client Component Browser]
    ./src/sections/ProgramsSection.tsx [Client Component Browser]
    ./src/sections/ProgramsSection.tsx [Server Component]
    ./app/page.tsx [Server Component]

  Client Component SSR:
    ./src/data/pythonPrograms.ts [Client Component SSR]
    ./src/sections/ProgramsSection.tsx [Client Component SSR]
    ./src/sections/ProgramsSection.tsx [Server Component]
    ./app/page.tsx [Server Component]


./src/data/pythonPrograms.ts:1351:17
Cannot assign to this
  [90m1349 |[0m [32m    language: "python" as const,[0m
  [90m1350 |[0m [32m    category: "Strings",[0m
[31m[1m>[0m [90m1351 |[0m [32m    difficulty: "Easy",[0m
  [90m     |[0m                 [31m[1m^^^^^^[0m
  [90m1352 |[0m [32m    classLevel: "Class 9" as const,[0m
  [90m1353 |[0m [32m    description: "Check if a string reads the same forwards and backwards.",[0m
  [90m1354 |[0m [32m    code: `[0m# ============================================

Parsing ecmascript source code failed

Import traces:
  App Route:
    ./src/data/pythonPrograms.ts
    ./app/api/admin/users/import-teachers-csv/route.ts

  Client Component Browser:
    ./src/data/pythonPrograms.ts [Client Component Browser]
    ./src/sections/ProgramsSection.tsx [Client Component Browser]
    ./src/sections/ProgramsSection.tsx [Server Component]
    ./app/page.tsx [Server Component]

  Client Component SSR:
    ./src/data/pythonPrograms.ts [Client Component SSR]
    ./src/sections/ProgramsSection.tsx [Client Component SSR]
    ./src/sections/ProgramsSection.tsx [Server Component]
    ./app/page.tsx [Server Component]


./src/data/pythonPrograms.ts:1353:18
Cannot assign to this
  [90m1351 |[0m [32m    difficulty: "Easy",[0m
  [90m1352 |[0m [32m    classLevel: "Class 9" as const,[0m
[31m[1m>[0m [90m1353 |[0m [32m    description: "Check if a string reads the same forwards and backwards.",[0m
  [90m     |[0m                  [31m[1m^^^^^^^^^^^^^^^^^^^^^^^^^^^^^^^^^^^^^^^^^^^^^^^^^^^^^^^^^^[0m
  [90m1354 |[0m [32m    code: `[0m# ============================================
  [90m1355 |[0m # [33mPalindrome[0m [33mString[0m [33mChecker[0m
  [90m1356 |[0m # ============================================

Parsing ecmascript source code failed

Import traces:
  App Route:
    ./src/data/pythonPrograms.ts
    ./app/api/admin/users/import-teachers-csv/route.ts

  Client Component Browser:
    ./src/data/pythonPrograms.ts [Client Component Browser]
    ./src/sections/ProgramsSection.tsx [Client Component Browser]
    ./src/sections/ProgramsSection.tsx [Server Component]
    ./app/page.tsx [Server Component]

  Client Component SSR:
    ./src/data/pythonPrograms.ts [Client Component SSR]
    ./src/sections/ProgramsSection.tsx [Client Component SSR]
    ./src/sections/ProgramsSection.tsx [Server Component]
    ./app/page.tsx [Server Component]


./src/data/pythonPrograms.ts:1354:11
Cannot assign to this
  [90m1352 |[0m [32m    classLevel: "Class 9" as const,[0m
  [90m1353 |[0m [32m    description: "Check if a string reads the same forwards and backwards.",[0m
[31m[1m>[0m [90m1354 |[0m [32m    code: `[0m# ============================================
  [90m     |[0m           [31m[1m^^^^^^^^^^^^^^^^^^^^^^^^^^^^^^^^^^^^^^^^^^^^^^[0m
[31m[1m>[0m [90m1355 |[0m # [33mPalindrome[0m [33mString[0m [33mChecker[0m
  [90m     |[0m [31m[1m^^^^^^^^^^^^^^^^^^^^^^^^^^^[0m
[31m[1m>[0m [90m1356 |[0m # ============================================
  [90m     |[0m [31m[1m^^^^^^^^^^^^^^^^^^^^^^^^^^^^^^^^^^^^^^^^^^^^^^[0m
[31m[1m>[0m [90m1357 |[0m # [33mA[0m palindrome reads the same forwards & backwards
  [90m     |[0m [31m[1m^^^^^^^^^^^^^^^^^^^^^^^^^^^^^^^^^^^^^^^^^^^^^^^^^^[0m
[31m[1m>[0m [90m1358 |[0m # [33mExample[0m: [32m"madam"[0m, [32m"racecar"[0m, [32m"level"[0m
  [90m     |[0m [31m[1m^^^^^^^^^^^^^^^^^^^^^^^^^^^^^^^^^^^^^^[0m
[31m[1m>[0m [90m1359 |[0m # ============================================
  [90m     |[0m [31m[1m^^^^^^^^^^^^^^^^^^^^^^^^^^^^^^^^^^^^^^^^^^^^^^[0m
[31m[1m>[0m [90m1360 |[0m
  [90m     |[0m [31m[1m^[0m
[31m[1m>[0m [90m1361 |[0m # --- [33mInput[0m ---
  [90m     |[0m [31m[1m^^^^^^^^^^^^^^^[0m
[31m[1m>[0m [90m1362 |[0m text = input([32m"Enter a word: "[0m)
  [90m     |[0m [31m[1m^^^^^^^^^^^^^^^^^^^^^^^^^^^^^^[0m
[31m[1m>[0m [90m1363 |[0m
  [90m     |[0m [31m[1m^[0m
[31m[1m>[0m [90m1364 |[0m # --- [33mProcess[0m ---
  [90m     |[0m [31m[1m^^^^^^^^^^^^^^^^^[0m
[31m[1m>[0m [90m1365 |[0m [36mif[0m text == text[::-[35m1[0m]:
  [90m     |[0m [31m[1m^^^^^^^^^^^^^^^^^^^^^^[0m
[31m[1m>[0m [90m1366 |[0m     result = [32m"Yes"[0m
  [90m     |[0m [31m[1m^^^^^^^^^^^^^^^^^^[0m
[31m[1m>[0m [90m1367 |[0m [36melse[0m:
  [90m     |[0m [31m[1m^^^^^[0m
[31m[1m>[0m [90m1368 |[0m     result = [32m"No"[0m
  [90m     |[0m [31m[1m^^^^^^^^^^^^^^^^^[0m
[31m[1m>[0m [90m1369 |[0m
  [90m     |[0m [31m[1m^[0m
[31m[1m>[0m [90m1370 |[0m # --- [33mOutput[0m ---
  [90m     |[0m [31m[1m^^^^^^^^^^^^^^^^[0m
[31m[1m>[0m [90m1371 |[0m print(f[32m"Is '{text}' a palindrome? {result}"[0m)
  [90m     |[0m [31m[1m^^^^^^^^^^^^^^^^^^^^^^^^^^^^^^^^^^^^^^^^^^^^[0m
[31m[1m>[0m [90m1372 |[0m
  [90m     |[0m [31m[1m^[0m
[31m[1m>[0m [90m1373 |[0m # ============================================
  [90m     |[0m [31m[1m^^^^^^^^^^^^^^^^^^^^^^^^^^^^^^^^^^^^^^^^^^^^^^[0m
[31m[1m>[0m [90m1374 |[0m # [33mExecution[0m [33mTrace[0m:
  [90m     |[0m [31m[1m^^^^^^^^^^^^^^^^^^[0m
[31m[1m>[0m [90m1375 |[0m # [33mInput[0m: [32m"madam"[0m
  [90m     |[0m [31m[1m^^^^^^^^^^^^^^^^[0m
[31m[1m>[0m [90m1376 |[0m # text[::-[35m1[0m] -> [32m"madam"[0m
  [90m     |[0m [31m[1m^^^^^^^^^^^^^^^^^^^^^^^[0m
[31m[1m>[0m [90m1377 |[0m # [32m"madam"[0m == [32m"madam"[0m -> [33mTrue[0m
  [90m     |[0m [31m[1m^^^^^^^^^^^^^^^^^^^^^^^^^^^^[0m
[31m[1m>[0m [90m1378 |[0m # [33mOutput[0m: [33mIs[0m [32m'madam'[0m a palindrome? [33mYes[0m
  [90m     |[0m [31m[1m^^^^^^^^^^^^^^^^^^^^^^^^^^^^^^^^^^^^^^[0m
[31m[1m>[0m [90m1379 |[0m # ============================================
  [90m     |[0m [31m[1m^^^^^^^^^^^^^^^^^^^^^^^^^^^^^^^^^^^^^^^^^^^^^^[0m
[31m[1m>[0m [90m1380 |[0m
  [90m     |[0m [31m[1m^[0m
[31m[1m>[0m [90m1381 |[0m # [33mTRY[0m [33mTHIS[0m: [33mCheck[0m [36mif[0m a sentence is a palindrome 
(ignore spaces and [36mcase[0m)
  [90m     |[0m [31m[1m^^^^^^^^^^^^^^^^^^^^^^^^^^^^^^^^^^^^^^^^^^^^^^^^^^^^^^^^^^^^^^^^^^^^^^^^[0m
[31m[1m>[0m [90m1382 |[0m [32m`,[0m
  [90m     |[0m [31m[1m^[0m
  [90m1383 |[0m [32m    funFact: "'Racecar' is the longest single-word palindrome in common English usage."[0m
  [90m1384 |[0m [32m  },[0m
  [90m1385 |[0m [32m  {[0m

Parsing ecmascript source code failed

Import traces:
  App Route:
    ./src/data/pythonPrograms.ts
    ./app/api/admin/users/import-teachers-csv/route.ts

  Client Component Browser:
    ./src/data/pythonPrograms.ts [Client Component Browser]
    ./src/sections/ProgramsSection.tsx [Client Component Browser]
    ./src/sections/ProgramsSection.tsx [Server Component]
    ./app/page.tsx [Server Component]

  Client Component SSR:
    ./src/data/pythonPrograms.ts [Client Component SSR]
    ./src/sections/ProgramsSection.tsx [Client Component SSR]
    ./src/sections/ProgramsSection.tsx [Server Component]
    ./app/page.tsx [Server Component]


./src/data/pythonPrograms.ts:1383:14
Cannot assign to this
  [90m1381 |[0m # [33mTRY[0m [33mTHIS[0m: [33mCheck[0m [36mif[0m a sentence is a palindrome (ignore spaces 
and [36mcase[0m)
  [90m1382 |[0m [32m`,[0m
[31m[1m>[0m [90m1383 |[0m [32m    funFact: "'Racecar' is the longest single-word palindrome in common English 
usage."[0m
  [90m     |[0m              [31m[1m^^^^^^^^^^^^^^^^^^^^^^^^^^^^^^^^^^^^^^^^^^^^^^^^^^^^^^^^^^^^^^^^^^^^^^^^^^[0m
  [90m1384 |[0m [32m  },[0m
  [90m1385 |[0m [32m  {[0m
  [90m1386 |[0m [32m    id: "s-6",[0m

Parsing ecmascript source code failed

Import traces:
  App Route:
    ./src/data/pythonPrograms.ts
    ./app/api/admin/users/import-teachers-csv/route.ts

  Client Component Browser:
    ./src/data/pythonPrograms.ts [Client Component Browser]
    ./src/sections/ProgramsSection.tsx [Client Component Browser]
    ./src/sections/ProgramsSection.tsx [Server Component]
    ./app/page.tsx [Server Component]

  Client Component SSR:
    ./src/data/pythonPrograms.ts [Client Component SSR]
    ./src/sections/ProgramsSection.tsx [Client Component SSR]
    ./src/sections/ProgramsSection.tsx [Server Component]
    ./app/page.tsx [Server Component]


./src/data/pythonPrograms.ts:1386:9
Cannot assign to this
  [90m1384 |[0m [32m  },[0m
  [90m1385 |[0m [32m  {[0m
[31m[1m>[0m [90m1386 |[0m [32m    id: "s-6",[0m
  [90m     |[0m         [31m[1m^^^^^[0m
  [90m1387 |[0m [32m    title: "String Methods Chain",[0m
  [90m1388 |[0m [32m    language: "python" as const,[0m
  [90m1389 |[0m [32m    category: "Strings",[0m

Parsing ecmascript source code failed

Import traces:
  App Route:
    ./src/data/pythonPrograms.ts
    ./app/api/admin/users/import-teachers-csv/route.ts

  Client Component Browser:
    ./src/data/pythonPrograms.ts [Client Component Browser]
    ./src/sections/ProgramsSection.tsx [Client Component Browser]
    ./src/sections/ProgramsSection.tsx [Server Component]
    ./app/page.tsx [Server Component]

  Client Component SSR:
    ./src/data/pythonPrograms.ts [Client Component SSR]
    ./src/sections/ProgramsSection.tsx [Client Component SSR]
    ./src/sections/ProgramsSection.tsx [Server Component]
    ./app/page.tsx [Server Component]


./src/data/pythonPrograms.ts:1387:12
Cannot assign to this
  [90m1385 |[0m [32m  {[0m
  [90m1386 |[0m [32m    id: "s-6",[0m
[31m[1m>[0m [90m1387 |[0m [32m    title: "String Methods Chain",[0m
  [90m     |[0m            [31m[1m^^^^^^^^^^^^^^^^^^^^^^[0m
  [90m1388 |[0m [32m    language: "python" as const,[0m
  [90m1389 |[0m [32m    category: "Strings",[0m
  [90m1390 |[0m [32m    difficulty: "Medium",[0m

Parsing ecmascript source code failed

Import traces:
  App Route:
    ./src/data/pythonPrograms.ts
    ./app/api/admin/users/import-teachers-csv/route.ts

  Client Component Browser:
    ./src/data/pythonPrograms.ts [Client Component Browser]
    ./src/sections/ProgramsSection.tsx [Client Component Browser]
    ./src/sections/ProgramsSection.tsx [Server Component]
    ./app/page.tsx [Server Component]

  Client Component SSR:
    ./src/data/pythonPrograms.ts [Client Component SSR]
    ./src/sections/ProgramsSection.tsx [Client Component SSR]
    ./src/sections/ProgramsSection.tsx [Server Component]
    ./app/page.tsx [Server Component]


./src/data/pythonPrograms.ts:1389:15
Cannot assign to this
  [90m1387 |[0m [32m    title: "String Methods Chain",[0m
  [90m1388 |[0m [32m    language: "python" as const,[0m
[31m[1m>[0m [90m1389 |[0m [32m    category: "Strings",[0m
  [90m     |[0m               [31m[1m^^^^^^^^^[0m
  [90m1390 |[0m [32m    difficulty: "Medium",[0m
  [90m1391 |[0m [32m    classLevel: "Class 9" as const,[0m
  [90m1392 |[0m [32m    description: "Chain multiple string methods together: .strip().lower().split().",[0m

Parsing ecmascript source code failed

Import traces:
  App Route:
    ./src/data/pythonPrograms.ts
    ./app/api/admin/users/import-teachers-csv/route.ts

  Client Component Browser:
    ./src/data/pythonPrograms.ts [Client Component Browser]
    ./src/sections/ProgramsSection.tsx [Client Component Browser]
    ./src/sections/ProgramsSection.tsx [Server Component]
    ./app/page.tsx [Server Component]

  Client Component SSR:
    ./src/data/pythonPrograms.ts [Client Component SSR]
    ./src/sections/ProgramsSection.tsx [Client Component SSR]
    ./src/sections/ProgramsSection.tsx [Server Component]
    ./app/page.tsx [Server Component]


./src/data/pythonPrograms.ts:1390:17
Cannot assign to this
  [90m1388 |[0m [32m    language: "python" as const,[0m
  [90m1389 |[0m [32m    category: "Strings",[0m
[31m[1m>[0m [90m1390 |[0m [32m    difficulty: "Medium",[0m
  [90m     |[0m                 [31m[1m^^^^^^^^[0m
  [90m1391 |[0m [32m    classLevel: "Class 9" as const,[0m
  [90m1392 |[0m [32m    description: "Chain multiple string methods together: .strip().lower().split().",[0m
  [90m1393 |[0m [32m    code: `[0m# ============================================

Parsing ecmascript source code failed

Import traces:
  App Route:
    ./src/data/pythonPrograms.ts
    ./app/api/admin/users/import-teachers-csv/route.ts

  Client Component Browser:
    ./src/data/pythonPrograms.ts [Client Component Browser]
    ./src/sections/ProgramsSection.tsx [Client Component Browser]
    ./src/sections/ProgramsSection.tsx [Server Component]
    ./app/page.tsx [Server Component]

  Client Component SSR:
    ./src/data/pythonPrograms.ts [Client Component SSR]
    ./src/sections/ProgramsSection.tsx [Client Component SSR]
    ./src/sections/ProgramsSection.tsx [Server Component]
    ./app/page.tsx [Server Component]


./src/data/pythonPrograms.ts:1392:18
Cannot assign to this
  [90m1390 |[0m [32m    difficulty: "Medium",[0m
  [90m1391 |[0m [32m    classLevel: "Class 9" as const,[0m
[31m[1m>[0m [90m1392 |[0m [32m    description: "Chain multiple string methods together: 
.strip().lower().split().",[0m
  [90m     |[0m                  [31m[1m^^^^^^^^^^^^^^^^^^^^^^^^^^^^^^^^^^^^^^^^^^^^^^^^^^^^^^^^^^^^^^^^^^^[0m
  [90m1393 |[0m [32m    code: `[0m# ============================================
  [90m1394 |[0m # [33mString[0m [33mMethods[0m [33mChain[0m
  [90m1395 |[0m # ============================================

Parsing ecmascript source code failed

Import traces:
  App Route:
    ./src/data/pythonPrograms.ts
    ./app/api/admin/users/import-teachers-csv/route.ts

  Client Component Browser:
    ./src/data/pythonPrograms.ts [Client Component Browser]
    ./src/sections/ProgramsSection.tsx [Client Component Browser]
    ./src/sections/ProgramsSection.tsx [Server Component]
    ./app/page.tsx [Server Component]

  Client Component SSR:
    ./src/data/pythonPrograms.ts [Client Component SSR]
    ./src/sections/ProgramsSection.tsx [Client Component SSR]
    ./src/sections/ProgramsSection.tsx [Server Component]
    ./app/page.tsx [Server Component]


./src/data/pythonPrograms.ts:1393:11
Cannot assign to this
  [90m1391 |[0m [32m    classLevel: "Class 9" as const,[0m
  [90m1392 |[0m [32m    description: "Chain multiple string methods together: .strip().lower().split().",[0m
[31m[1m>[0m [90m1393 |[0m [32m    code: `[0m# ============================================
  [90m     |[0m           [31m[1m^^^^^^^^^^^^^^^^^^^^^^^^^^^^^^^^^^^^^^^^^^^^^^[0m
[31m[1m>[0m [90m1394 |[0m # [33mString[0m [33mMethods[0m [33mChain[0m
  [90m     |[0m [31m[1m^^^^^^^^^^^^^^^^^^^^^^[0m
[31m[1m>[0m [90m1395 |[0m # ============================================
  [90m     |[0m [31m[1m^^^^^^^^^^^^^^^^^^^^^^^^^^^^^^^^^^^^^^^^^^^^^^[0m
[31m[1m>[0m [90m1396 |[0m # [33mPython[0m lets you chain methods one after another
  [90m     |[0m [31m[1m^^^^^^^^^^^^^^^^^^^^^^^^^^^^^^^^^^^^^^^^^^^^^^^^^[0m
[31m[1m>[0m [90m1397 |[0m # [33mEach[0m method returns a [36mnew[0m string
  [90m     |[0m [31m[1m^^^^^^^^^^^^^^^^^^^^^^^^^^^^^^^^^^[0m
[31m[1m>[0m [90m1398 |[0m # ============================================
  [90m     |[0m [31m[1m^^^^^^^^^^^^^^^^^^^^^^^^^^^^^^^^^^^^^^^^^^^^^^[0m
[31m[1m>[0m [90m1399 |[0m
  [90m     |[0m [31m[1m^[0m
[31m[1m>[0m [90m1400 |[0m # --- [33mInput[0m ---
  [90m     |[0m [31m[1m^^^^^^^^^^^^^^^[0m
[31m[1m>[0m [90m1401 |[0m sentence = [32m"  Python Programming is FUN  "[0m
  [90m     |[0m [31m[1m^^^^^^^^^^^^^^^^^^^^^^^^^^^^^^^^^^^^^^^^^^[0m
[31m[1m>[0m [90m1402 |[0m
  [90m     |[0m [31m[1m^[0m
[31m[1m>[0m [90m1403 |[0m # --- [33mMethod[0m by [33mMethod[0m ---
  [90m     |[0m [31m[1m^^^^^^^^^^^^^^^^^^^^^^^^^^[0m
[31m[1m>[0m [90m1404 |[0m print([32m"Original:"[0m, repr(sentence))        # [32m'  Python Programming is FUN  
'[0m
  [90m     |[0m [31m[1m^^^^^^^^^^^^^^^^^^^^^^^^^^^^^^^^^^^^^^^^^^^^^^^^^^^^^^^^^^^^^^^^^^^^^^^^^^^[0m
[31m[1m>[0m [90m1405 |[0m print([32m"After strip():"[0m, repr(sentence.strip()))  # [32m'Python Programming is 
FUN'[0m
  [90m     |[0m [31m[1m^^^^^^^^^^^^^^^^^^^^^^^^^^^^^^^^^^^^^^^^^^^^^^^^^^^^^^^^^^^^^^^^^^^^^^^^^^^^^^[0m
[31m[1m>[0m [90m1406 |[0m print([32m"After lower():"[0m, repr(sentence.strip().lower()))  # [32m'python 
programming is fun'[0m
  [90m     |[0m [31m[1m^^^^^^^^^^^^^^^^^^^^^^^^^^^^^^^^^^^^^^^^^^^^^^^^^^^^^^^^^^^^^^^^^^^^^^^^^^^^^^^^^^^^^^[0m
[31m[1m>[0m [90m1407 |[0m print([32m"After split():"[0m, sentence.strip().lower().split())  # 
[[32m'python'[0m, [32m'programming'[0m, [32m'...[0m
  [90m     |[0m 
[31m[1m^^^^^^^^^^^^^^^^^^^^^^^^^^^^^^^^^^^^^^^^^^^^^^^^^^^^^^^^^^^^^^^^^^^^^^^^^^^^^^^^^^^^^^^^^^^[0m
[31m[1m>[0m [90m1408 |[0m
  [90m     |[0m [31m[1m^[0m
[31m[1m>[0m [90m1409 |[0m # --- [33mAll[0m [33mChained[0m [33mTogether[0m ---
  [90m     |[0m [31m[1m^^^^^^^^^^^^^^^^^^^^^^^^^^^^^^[0m
[31m[1m>[0m [90m1410 |[0m words = sentence.strip().lower().split()
  [90m     |[0m [31m[1m^^^^^^^^^^^^^^^^^^^^^^^^^^^^^^^^^^^^^^^^[0m
[31m[1m>[0m [90m1411 |[0m print([32m"\\nWords list:"[0m, words)
  [90m     |[0m [31m[1m^^^^^^^^^^^^^^^^^^^^^^^^^^^^^^[0m
[31m[1m>[0m [90m1412 |[0m print([32m"Number of words:"[0m, len(words))
  [90m     |[0m [31m[1m^^^^^^^^^^^^^^^^^^^^^^^^^^^^^^^^^^^^^[0m
[31m[1m>[0m [90m1413 |[0m
  [90m     |[0m [31m[1m^[0m
[31m[1m>[0m [90m1414 |[0m # ============================================
  [90m     |[0m [31m[1m^^^^^^^^^^^^^^^^^^^^^^^^^^^^^^^^^^^^^^^^^^^^^^[0m
[31m[1m>[0m [90m1415 |[0m # [33mExecution[0m [33mTrace[0m:
  [90m     |[0m [31m[1m^^^^^^^^^^^^^^^^^^[0m
[31m[1m>[0m [90m1416 |[0m # [33mInput[0m: [32m"  Python Programming is FUN  "[0m
  [90m     |[0m [31m[1m^^^^^^^^^^^^^^^^^^^^^^^^^^^^^^^^^^^^^^^^[0m
[31m[1m>[0m [90m1417 |[0m # .strip() -> [32m"Python Programming is FUN"[0m
  [90m     |[0m [31m[1m^^^^^^^^^^^^^^^^^^^^^^^^^^^^^^^^^^^^^^^^^[0m
[31m[1m>[0m [90m1418 |[0m # .lower() -> [32m"python programming is fun"[0m
  [90m     |[0m [31m[1m^^^^^^^^^^^^^^^^^^^^^^^^^^^^^^^^^^^^^^^^^[0m
[31m[1m>[0m [90m1419 |[0m # .split() -> [[32m'python'[0m, [32m'programming'[0m, [32m'is'[0m, [32m'fun'[0m]
  [90m     |[0m [31m[1m^^^^^^^^^^^^^^^^^^^^^^^^^^^^^^^^^^^^^^^^^^^^^^^^^^^^[0m
[31m[1m>[0m [90m1420 |[0m # [33mOutput[0m: [35m4[0m words
  [90m     |[0m [31m[1m^^^^^^^^^^^^^^^^^[0m
[31m[1m>[0m [90m1421 |[0m # ============================================
  [90m     |[0m [31m[1m^^^^^^^^^^^^^^^^^^^^^^^^^^^^^^^^^^^^^^^^^^^^^^[0m
[31m[1m>[0m [90m1422 |[0m
  [90m     |[0m [31m[1m^[0m
[31m[1m>[0m [90m1423 |[0m # [33mTRY[0m [33mTHIS[0m: [33mReverse[0m the order [36mof[0m words [36min[0m 
the sentence
  [90m     |[0m [31m[1m^^^^^^^^^^^^^^^^^^^^^^^^^^^^^^^^^^^^^^^^^^^^^^^^^^^^^^[0m
[31m[1m>[0m [90m1424 |[0m [32m`,[0m
  [90m     |[0m [31m[1m^[0m
  [90m1425 |[0m [32m    funFact: "Python has over 40 built-in string methods!"[0m
  [90m1426 |[0m [32m  },[0m
  [90m1427 |[0m [32m  {[0m

Parsing ecmascript source code failed

Import traces:
  App Route:
    ./src/data/pythonPrograms.ts
    ./app/api/admin/users/import-teachers-csv/route.ts

  Client Component Browser:
    ./src/data/pythonPrograms.ts [Client Component Browser]
    ./src/sections/ProgramsSection.tsx [Client Component Browser]
    ./src/sections/ProgramsSection.tsx [Server Component]
    ./app/page.tsx [Server Component]

  Client Component SSR:
    ./src/data/pythonPrograms.ts [Client Component SSR]
    ./src/sections/ProgramsSection.tsx [Client Component SSR]
    ./src/sections/ProgramsSection.tsx [Server Component]
    ./app/page.tsx [Server Component]


./src/data/pythonPrograms.ts:1425:14
Cannot assign to this
  [90m1423 |[0m # [33mTRY[0m [33mTHIS[0m: [33mReverse[0m the order [36mof[0m words [36min[0m the sentence
  [90m1424 |[0m [32m`,[0m
[31m[1m>[0m [90m1425 |[0m [32m    funFact: "Python has over 40 built-in string methods!"[0m
  [90m     |[0m              [31m[1m^^^^^^^^^^^^^^^^^^^^^^^^^^^^^^^^^^^^^^^^^^^^^[0m
  [90m1426 |[0m [32m  },[0m
  [90m1427 |[0m [32m  {[0m
  [90m1428 |[0m [32m    id: "s-7",[0m

Parsing ecmascript source code failed

Import traces:
  App Route:
    ./src/data/pythonPrograms.ts
    ./app/api/admin/users/import-teachers-csv/route.ts

  Client Component Browser:
    ./src/data/pythonPrograms.ts [Client Component Browser]
    ./src/sections/ProgramsSection.tsx [Client Component Browser]
    ./src/sections/ProgramsSection.tsx [Server Component]
    ./app/page.tsx [Server Component]

  Client Component SSR:
    ./src/data/pythonPrograms.ts [Client Component SSR]
    ./src/sections/ProgramsSection.tsx [Client Component SSR]
    ./src/sections/ProgramsSection.tsx [Server Component]
    ./app/page.tsx [Server Component]


./src/data/pythonPrograms.ts:1428:9
Cannot assign to this
  [90m1426 |[0m [32m  },[0m
  [90m1427 |[0m [32m  {[0m
[31m[1m>[0m [90m1428 |[0m [32m    id: "s-7",[0m
  [90m     |[0m         [31m[1m^^^^^[0m
  [90m1429 |[0m [32m    title: "F-String Formatting",[0m
  [90m1430 |[0m [32m    language: "python" as const,[0m
  [90m1431 |[0m [32m    category: "Strings",[0m

Parsing ecmascript source code failed

Import traces:
  App Route:
    ./src/data/pythonPrograms.ts
    ./app/api/admin/users/import-teachers-csv/route.ts

  Client Component Browser:
    ./src/data/pythonPrograms.ts [Client Component Browser]
    ./src/sections/ProgramsSection.tsx [Client Component Browser]
    ./src/sections/ProgramsSection.tsx [Server Component]
    ./app/page.tsx [Server Component]

  Client Component SSR:
    ./src/data/pythonPrograms.ts [Client Component SSR]
    ./src/sections/ProgramsSection.tsx [Client Component SSR]
    ./src/sections/ProgramsSection.tsx [Server Component]
    ./app/page.tsx [Server Component]


./src/data/pythonPrograms.ts:1429:12
Cannot assign to this
  [90m1427 |[0m [32m  {[0m
  [90m1428 |[0m [32m    id: "s-7",[0m
[31m[1m>[0m [90m1429 |[0m [32m    title: "F-String Formatting",[0m
  [90m     |[0m            [31m[1m^^^^^^^^^^^^^^^^^^^^^[0m
  [90m1430 |[0m [32m    language: "python" as const,[0m
  [90m1431 |[0m [32m    category: "Strings",[0m
  [90m1432 |[0m [32m    difficulty: "Easy",[0m

Parsing ecmascript source code failed

Import traces:
  App Route:
    ./src/data/pythonPrograms.ts
    ./app/api/admin/users/import-teachers-csv/route.ts

  Client Component Browser:
    ./src/data/pythonPrograms.ts [Client Component Browser]
    ./src/sections/ProgramsSection.tsx [Client Component Browser]
    ./src/sections/ProgramsSection.tsx [Server Component]
    ./app/page.tsx [Server Component]

  Client Component SSR:
    ./src/data/pythonPrograms.ts [Client Component SSR]
    ./src/sections/ProgramsSection.tsx [Client Component SSR]
    ./src/sections/ProgramsSection.tsx [Server Component]
    ./app/page.tsx [Server Component]


./src/data/pythonPrograms.ts:1431:15
Cannot assign to this
  [90m1429 |[0m [32m    title: "F-String Formatting",[0m
  [90m1430 |[0m [32m    language: "python" as const,[0m
[31m[1m>[0m [90m1431 |[0m [32m    category: "Strings",[0m
  [90m     |[0m               [31m[1m^^^^^^^^^[0m
  [90m1432 |[0m [32m    difficulty: "Easy",[0m
  [90m1433 |[0m [32m    classLevel: "Class 9" as const,[0m
  [90m1434 |[0m [32m    description: "Format strings beautifully using f-strings with alignment and precisio...[0m

Parsing ecmascript source code failed

Import traces:
  App Route:
    ./src/data/pythonPrograms.ts
    ./app/api/admin/users/import-teachers-csv/route.ts

  Client Component Browser:
    ./src/data/pythonPrograms.ts [Client Component Browser]
    ./src/sections/ProgramsSection.tsx [Client Component Browser]
    ./src/sections/ProgramsSection.tsx [Server Component]
    ./app/page.tsx [Server Component]

  Client Component SSR:
    ./src/data/pythonPrograms.ts [Client Component SSR]
    ./src/sections/ProgramsSection.tsx [Client Component SSR]
    ./src/sections/ProgramsSection.tsx [Server Component]
    ./app/page.tsx [Server Component]


./src/data/pythonPrograms.ts:1432:17
Cannot assign to this
  [90m1430 |[0m [32m    language: "python" as const,[0m
  [90m1431 |[0m [32m    category: "Strings",[0m
[31m[1m>[0m [90m1432 |[0m [32m    difficulty: "Easy",[0m
  [90m     |[0m                 [31m[1m^^^^^^[0m
  [90m1433 |[0m [32m    classLevel: "Class 9" as const,[0m
  [90m1434 |[0m [32m    description: "Format strings beautifully using f-strings with alignment and precisio...[0m
  [90m1435 |[0m [32m    code: `[0m# ============================================

Parsing ecmascript source code failed

Import traces:
  App Route:
    ./src/data/pythonPrograms.ts
    ./app/api/admin/users/import-teachers-csv/route.ts

  Client Component Browser:
    ./src/data/pythonPrograms.ts [Client Component Browser]
    ./src/sections/ProgramsSection.tsx [Client Component Browser]
    ./src/sections/ProgramsSection.tsx [Server Component]
    ./app/page.tsx [Server Component]

  Client Component SSR:
    ./src/data/pythonPrograms.ts [Client Component SSR]
    ./src/sections/ProgramsSection.tsx [Client Component SSR]
    ./src/sections/ProgramsSection.tsx [Server Component]
    ./app/page.tsx [Server Component]


./src/data/pythonPrograms.ts:1434:18
Cannot assign to this
  [90m1432 |[0m ...[32mty: "Easy",[0m
  [90m1433 |[0m ...[32mel: "Class 9" as const,[0m
[31m[1m>[0m [90m1434 |[0m ...[32mion: "Format strings beautifully using f-strings with alignment and 
precision.",[0m
  [90m     |[0m         [31m[1m^^^^^^^^^^^^^^^^^^^^^^^^^^^^^^^^^^^^^^^^^^^^^^^^^^^^^^^^^^^^^^^^^^^^^^^^^^[0m
  [90m1435 |[0m ... ============================================
  [90m1436 |[0m ...[33mormatting[0m
  [90m1437 |[0m ...==================================

Parsing ecmascript source code failed

Import traces:
  App Route:
    ./src/data/pythonPrograms.ts
    ./app/api/admin/users/import-teachers-csv/route.ts

  Client Component Browser:
    ./src/data/pythonPrograms.ts [Client Component Browser]
    ./src/sections/ProgramsSection.tsx [Client Component Browser]
    ./src/sections/ProgramsSection.tsx [Server Component]
    ./app/page.tsx [Server Component]

  Client Component SSR:
    ./src/data/pythonPrograms.ts [Client Component SSR]
    ./src/sections/ProgramsSection.tsx [Client Component SSR]
    ./src/sections/ProgramsSection.tsx [Server Component]
    ./app/page.tsx [Server Component]


./src/data/pythonPrograms.ts:1435:11
Cannot assign to this
  [90m1433 |[0m [32m    classLevel: "Class 9" as const,[0m
  [90m1434 |[0m [32m    description: "Format strings beautifully using f-strings with alignment and precisio...[0m
[31m[1m>[0m [90m1435 |[0m [32m    code: `[0m# ============================================
  [90m     |[0m           [31m[1m^^^^^^^^^^^^^^^^^^^^^^^^^^^^^^^^^^^^^^^^^^^^^^[0m
[31m[1m>[0m [90m1436 |[0m # [33mF[0m-[33mString[0m [33mFormatting[0m
  [90m     |[0m [31m[1m^^^^^^^^^^^^^^^^^^^^^[0m
[31m[1m>[0m [90m1437 |[0m # ============================================
  [90m     |[0m [31m[1m^^^^^^^^^^^^^^^^^^^^^^^^^^^^^^^^^^^^^^^^^^^^^^[0m
[31m[1m>[0m [90m1438 |[0m # f-strings (format strings) [36mlet[0m you embed
  [90m     |[0m [31m[1m^^^^^^^^^^^^^^^^^^^^^^^^^^^^^^^^^^^^^^^^^^[0m
[31m[1m>[0m [90m1439 |[0m # expressions inside strings using {braces}
  [90m     |[0m [31m[1m^^^^^^^^^^^^^^^^^^^^^^^^^^^^^^^^^^^^^^^^^^^[0m
[31m[1m>[0m [90m1440 |[0m # ============================================
  [90m     |[0m [31m[1m^^^^^^^^^^^^^^^^^^^^^^^^^^^^^^^^^^^^^^^^^^^^^^[0m
[31m[1m>[0m [90m1441 |[0m
  [90m     |[0m [31m[1m^[0m
[31m[1m>[0m [90m1442 |[0m # --- [33mBasic[0m [33mF[0m-[33mString[0m ---
  [90m     |[0m [31m[1m^^^^^^^^^^^^^^^^^^^^^^^^[0m
[31m[1m>[0m [90m1443 |[0m name = [32m"Alice"[0m
  [90m     |[0m [31m[1m^^^^^^^^^^^^^^[0m
[31m[1m>[0m [90m1444 |[0m age = [35m15[0m
  [90m     |[0m [31m[1m^^^^^^^^[0m
[31m[1m>[0m [90m1445 |[0m print(f[32m"Hello, {name}! You are {age} years old."[0m)
  [90m     |[0m [31m[1m^^^^^^^^^^^^^^^^^^^^^^^^^^^^^^^^^^^^^^^^^^^^^^^^^[0m
[31m[1m>[0m [90m1446 |[0m
  [90m     |[0m [31m[1m^[0m
[31m[1m>[0m [90m1447 |[0m # --- [33mAlignment[0m ---
  [90m     |[0m [31m[1m^^^^^^^^^^^^^^^^^^^[0m
[31m[1m>[0m [90m1448 |[0m print(f[32m"{'Name':>10} {'Age':>5}"[0m)
  [90m     |[0m [31m[1m^^^^^^^^^^^^^^^^^^^^^^^^^^^^^^^^^[0m
[31m[1m>[0m [90m1449 |[0m print(f[32m"{'Alice':>10} {age:>5}"[0m)
  [90m     |[0m [31m[1m^^^^^^^^^^^^^^^^^^^^^^^^^^^^^^^^[0m
[31m[1m>[0m [90m1450 |[0m print(f[32m"{'Bob':>10} {16:>5}"[0m)
  [90m     |[0m [31m[1m^^^^^^^^^^^^^^^^^^^^^^^^^^^^^[0m
[31m[1m>[0m [90m1451 |[0m print(f[32m"{'Charlie':>10} {14:>5}"[0m)
  [90m     |[0m [31m[1m^^^^^^^^^^^^^^^^^^^^^^^^^^^^^^^^^[0m
[31m[1m>[0m [90m1452 |[0m
  [90m     |[0m [31m[1m^[0m
[31m[1m>[0m [90m1453 |[0m # --- [33mNumber[0m [33mFormatting[0m ---
  [90m     |[0m [31m[1m^^^^^^^^^^^^^^^^^^^^^^^^^^^[0m
[31m[1m>[0m [90m1454 |[0m pi = [35m3.14159[0m
  [90m     |[0m [31m[1m^^^^^^^^^^^^[0m
[31m[1m>[0m [90m1455 |[0m print(f[32m"Pi to 2 decimal places: {pi:.2f}"[0m)
  [90m     |[0m [31m[1m^^^^^^^^^^^^^^^^^^^^^^^^^^^^^^^^^^^^^^^^^^[0m
[31m[1m>[0m [90m1456 |[0m print(f[32m"Pi to 4 decimal places: {pi:.4f}"[0m)
  [90m     |[0m [31m[1m^^^^^^^^^^^^^^^^^^^^^^^^^^^^^^^^^^^^^^^^^^[0m
[31m[1m>[0m [90m1457 |[0m
  [90m     |[0m [31m[1m^[0m
[31m[1m>[0m [90m1458 |[0m # --- [33mWidth[0m and [33mFill[0m ---
  [90m     |[0m [31m[1m^^^^^^^^^^^^^^^^^^^^^^^^[0m
[31m[1m>[0m [90m1459 |[0m [36mfor[0m i [36min[0m range([35m1[0m, [35m6[0m):
  [90m     |[0m [31m[1m^^^^^^^^^^^^^^^^^^^^^[0m
[31m[1m>[0m [90m1460 |[0m     print(f[32m"Step {i:>2}: {'#' * (i * 5)}"[0m)
  [90m     |[0m [31m[1m^^^^^^^^^^^^^^^^^^^^^^^^^^^^^^^^^^^^^^^^^^[0m
[31m[1m>[0m [90m1461 |[0m
  [90m     |[0m [31m[1m^[0m
[31m[1m>[0m [90m1462 |[0m # ============================================
  [90m     |[0m [31m[1m^^^^^^^^^^^^^^^^^^^^^^^^^^^^^^^^^^^^^^^^^^^^^^[0m
[31m[1m>[0m [90m1463 |[0m # [33mExecution[0m [33mTrace[0m:
  [90m     |[0m [31m[1m^^^^^^^^^^^^^^^^^^[0m
[31m[1m>[0m [90m1464 |[0m # name = [32m"Alice"[0m, age = [35m15[0m
  [90m     |[0m [31m[1m^^^^^^^^^^^^^^^^^^^^^^^^^^[0m
[31m[1m>[0m [90m1465 |[0m # f[32m"Hello, {name}!"[0m -> [32m"Hello, Alice!"[0m
  [90m     |[0m [31m[1m^^^^^^^^^^^^^^^^^^^^^^^^^^^^^^^^^^^^^^[0m
[31m[1m>[0m [90m1466 |[0m # f[32m"{'Alice':>10}"[0m -> [32m"     Alice"[0m (right-aligned, width [35m10[0m)
  [90m     |[0m [31m[1m^^^^^^^^^^^^^^^^^^^^^^^^^^^^^^^^^^^^^^^^^^^^^^^^^^^^^^^^^^^^[0m
[31m[1m>[0m [90m1467 |[0m # f[32m"{3.14159:.2f}"[0m -> [32m"3.14"[0m
  [90m     |[0m [31m[1m^^^^^^^^^^^^^^^^^^^^^^^^^^^^[0m
[31m[1m>[0m [90m1468 |[0m # [33mOutput[0m: [33mFormatted[0m strings [36mwith[0m proper alignment
  [90m     |[0m [31m[1m^^^^^^^^^^^^^^^^^^^^^^^^^^^^^^^^^^^^^^^^^^^^^^^^^[0m
[31m[1m>[0m [90m1469 |[0m # ============================================
  [90m     |[0m [31m[1m^^^^^^^^^^^^^^^^^^^^^^^^^^^^^^^^^^^^^^^^^^^^^^[0m
[31m[1m>[0m [90m1470 |[0m
  [90m     |[0m [31m[1m^[0m
[31m[1m>[0m [90m1471 |[0m # [33mTRY[0m [33mTHIS[0m: [33mCreate[0m a price tag: [32m"Item: Widget | Price: 
$  9.99"[0m
  [90m     |[0m [31m[1m^^^^^^^^^^^^^^^^^^^^^^^^^^^^^^^^^^^^^^^^^^^^^^^^^^^^^^^^^^^^^^^[0m
[31m[1m>[0m [90m1472 |[0m [32m`,[0m
  [90m     |[0m [31m[1m^[0m
  [90m1473 |[0m [32m    funFact: "F-strings were introduced in Python 3.6 and are 6x faster than format()!"[0m
  [90m1474 |[0m [32m  },[0m
  [90m1475 |[0m

Parsing ecmascript source code failed

Import traces:
  App Route:
    ./src/data/pythonPrograms.ts
    ./app/api/admin/users/import-teachers-csv/route.ts

  Client Component Browser:
    ./src/data/pythonPrograms.ts [Client Component Browser]
    ./src/sections/ProgramsSection.tsx [Client Component Browser]
    ./src/sections/ProgramsSection.tsx [Server Component]
    ./app/page.tsx [Server Component]

  Client Component SSR:
    ./src/data/pythonPrograms.ts [Client Component SSR]
    ./src/sections/ProgramsSection.tsx [Client Component SSR]
    ./src/sections/ProgramsSection.tsx [Server Component]
    ./app/page.tsx [Server Component]


./src/data/pythonPrograms.ts:1473:14
Cannot assign to this
  [90m1471 |[0m # [33mTRY[0m [33mTHIS[0m: [33mCreate[0m a price tag: [32m"Item: Widget | Price: $  9.99"[0m
  [90m1472 |[0m [32m`,[0m
[31m[1m>[0m [90m1473 |[0m [32m    funFact: "F-strings were introduced in Python 3.6 and are 6x faster than 
format()!"[0m
  [90m     |[0m              [31m[1m^^^^^^^^^^^^^^^^^^^^^^^^^^^^^^^^^^^^^^^^^^^^^^^^^^^^^^^^^^^^^^^^^^^^^^^^^^[0m
  [90m1474 |[0m [32m  },[0m
  [90m1475 |[0m
  [90m1476 |[0m [32m  // ==================== MATH & LOGIC ====================[0m

Parsing ecmascript source code failed

Import traces:
  App Route:
    ./src/data/pythonPrograms.ts
    ./app/api/admin/users/import-teachers-csv/route.ts

  Client Component Browser:
    ./src/data/pythonPrograms.ts [Client Component Browser]
    ./src/sections/ProgramsSection.tsx [Client Component Browser]
    ./src/sections/ProgramsSection.tsx [Server Component]
    ./app/page.tsx [Server Component]

  Client Component SSR:
    ./src/data/pythonPrograms.ts [Client Component SSR]
    ./src/sections/ProgramsSection.tsx [Client Component SSR]
    ./src/sections/ProgramsSection.tsx [Server Component]
    ./app/page.tsx [Server Component]


./src/data/pythonPrograms.ts:1478:9
Cannot assign to this
  [90m1476 |[0m   [90m// ==================== MATH & LOGIC ====================[0m
  [90m1477 |[0m   {
[31m[1m>[0m [90m1478 |[0m     id: [32m"ml-5"[0m,
  [90m     |[0m         [31m[1m^^^^^^[0m
  [90m1479 |[0m     title: [32m"Largest of Three"[0m,
  [90m1480 |[0m     language: [32m"python"[0m [36mas[0m [36mconst[0m,
  [90m1481 |[0m     category: [32m"Math & Logic"[0m,

Parsing ecmascript source code failed

Import traces:
  App Route:
    ./src/data/pythonPrograms.ts
    ./app/api/admin/users/import-teachers-csv/route.ts

  Client Component Browser:
    ./src/data/pythonPrograms.ts [Client Component Browser]
    ./src/sections/ProgramsSection.tsx [Client Component Browser]
    ./src/sections/ProgramsSection.tsx [Server Component]
    ./app/page.tsx [Server Component]

  Client Component SSR:
    ./src/data/pythonPrograms.ts [Client Component SSR]
    ./src/sections/ProgramsSection.tsx [Client Component SSR]
    ./src/sections/ProgramsSection.tsx [Server Component]
    ./app/page.tsx [Server Component]


./src/data/pythonPrograms.ts:1479:12
Cannot assign to this
  [90m1477 |[0m   {
  [90m1478 |[0m     id: [32m"ml-5"[0m,
[31m[1m>[0m [90m1479 |[0m     title: [32m"Largest of Three"[0m,
  [90m     |[0m            [31m[1m^^^^^^^^^^^^^^^^^^[0m
  [90m1480 |[0m     language: [32m"python"[0m [36mas[0m [36mconst[0m,
  [90m1481 |[0m     category: [32m"Math & Logic"[0m,
  [90m1482 |[0m     difficulty: [32m"Easy"[0m,

Parsing ecmascript source code failed

Import traces:
  App Route:
    ./src/data/pythonPrograms.ts
    ./app/api/admin/users/import-teachers-csv/route.ts

  Client Component Browser:
    ./src/data/pythonPrograms.ts [Client Component Browser]
    ./src/sections/ProgramsSection.tsx [Client Component Browser]
    ./src/sections/ProgramsSection.tsx [Server Component]
    ./app/page.tsx [Server Component]

  Client Component SSR:
    ./src/data/pythonPrograms.ts [Client Component SSR]
    ./src/sections/ProgramsSection.tsx [Client Component SSR]
    ./src/sections/ProgramsSection.tsx [Server Component]
    ./app/page.tsx [Server Component]


./src/data/pythonPrograms.ts:1481:15
Cannot assign to this
  [90m1479 |[0m     title: [32m"Largest of Three"[0m,
  [90m1480 |[0m     language: [32m"python"[0m [36mas[0m [36mconst[0m,
[31m[1m>[0m [90m1481 |[0m     category: [32m"Math & Logic"[0m,
  [90m     |[0m               [31m[1m^^^^^^^^^^^^^^[0m
  [90m1482 |[0m     difficulty: [32m"Easy"[0m,
  [90m1483 |[0m     classLevel: [32m"Class 9"[0m [36mas[0m [36mconst[0m,
  [90m1484 |[0m     description: [32m"Find the largest among three numbers using if-elif-else."[0m,

Parsing ecmascript source code failed

Import traces:
  App Route:
    ./src/data/pythonPrograms.ts
    ./app/api/admin/users/import-teachers-csv/route.ts

  Client Component Browser:
    ./src/data/pythonPrograms.ts [Client Component Browser]
    ./src/sections/ProgramsSection.tsx [Client Component Browser]
    ./src/sections/ProgramsSection.tsx [Server Component]
    ./app/page.tsx [Server Component]

  Client Component SSR:
    ./src/data/pythonPrograms.ts [Client Component SSR]
    ./src/sections/ProgramsSection.tsx [Client Component SSR]
    ./src/sections/ProgramsSection.tsx [Server Component]
    ./app/page.tsx [Server Component]


./src/data/pythonPrograms.ts:1482:17
Cannot assign to this
  [90m1480 |[0m     language: [32m"python"[0m [36mas[0m [36mconst[0m,
  [90m1481 |[0m     category: [32m"Math & Logic"[0m,
[31m[1m>[0m [90m1482 |[0m     difficulty: [32m"Easy"[0m,
  [90m     |[0m                 [31m[1m^^^^^^[0m
  [90m1483 |[0m     classLevel: [32m"Class 9"[0m [36mas[0m [36mconst[0m,
  [90m1484 |[0m     description: [32m"Find the largest among three numbers using if-elif-else."[0m,
  [90m1485 |[0m     code: [32m`# ============================================[0m

Parsing ecmascript source code failed

Import traces:
  App Route:
    ./src/data/pythonPrograms.ts
    ./app/api/admin/users/import-teachers-csv/route.ts

  Client Component Browser:
    ./src/data/pythonPrograms.ts [Client Component Browser]
    ./src/sections/ProgramsSection.tsx [Client Component Browser]
    ./src/sections/ProgramsSection.tsx [Server Component]
    ./app/page.tsx [Server Component]

  Client Component SSR:
    ./src/data/pythonPrograms.ts [Client Component SSR]
    ./src/sections/ProgramsSection.tsx [Client Component SSR]
    ./src/sections/ProgramsSection.tsx [Server Component]
    ./app/page.tsx [Server Component]


./src/data/pythonPrograms.ts:1484:18
Cannot assign to this
  [90m1482 |[0m     difficulty: [32m"Easy"[0m,
  [90m1483 |[0m     classLevel: [32m"Class 9"[0m [36mas[0m [36mconst[0m,
[31m[1m>[0m [90m1484 |[0m     description: [32m"Find the largest among three numbers using if-elif-else."[0m,
  [90m     |[0m                  [31m[1m^^^^^^^^^^^^^^^^^^^^^^^^^^^^^^^^^^^^^^^^^^^^^^^^^^^^^^^^^^[0m
  [90m1485 |[0m     code: [32m`# ============================================[0m
  [90m1486 |[0m [32m# Find the Largest of Three Numbers[0m
  [90m1487 |[0m [32m# ============================================[0m

Parsing ecmascript source code failed

Import traces:
  App Route:
    ./src/data/pythonPrograms.ts
    ./app/api/admin/users/import-teachers-csv/route.ts

  Client Component Browser:
    ./src/data/pythonPrograms.ts [Client Component Browser]
    ./src/sections/ProgramsSection.tsx [Client Component Browser]
    ./src/sections/ProgramsSection.tsx [Server Component]
    ./app/page.tsx [Server Component]

  Client Component SSR:
    ./src/data/pythonPrograms.ts [Client Component SSR]
    ./src/sections/ProgramsSection.tsx [Client Component SSR]
    ./src/sections/ProgramsSection.tsx [Server Component]
    ./app/page.tsx [Server Component]


./src/data/pythonPrograms.ts:1485:11
Cannot assign to this
  [90m1483 |[0m     classLevel: [32m"Class 9"[0m [36mas[0m [36mconst[0m,
  [90m1484 |[0m     description: [32m"Find the largest among three numbers using if-elif-else."[0m,
[31m[1m>[0m [90m1485 |[0m     code: [32m`# ============================================[0m
  [90m     |[0m           [31m[1m^^^^^^^^^^^^^^^^^^^^^^^^^^^^^^^^^^^^^^^^^^^^^^[0m
[31m[1m>[0m [90m1486 |[0m [32m# Find the Largest of Three Numbers[0m
  [90m     |[0m [31m[1m^^^^^^^^^^^^^^^^^^^^^^^^^^^^^^^^^^^[0m
[31m[1m>[0m [90m1487 |[0m [32m# ============================================[0m
  [90m     |[0m [31m[1m^^^^^^^^^^^^^^^^^^^^^^^^^^^^^^^^^^^^^^^^^^^^^^[0m
[31m[1m>[0m [90m1488 |[0m [32m# Using chained comparison: if a > b > c[0m
  [90m     |[0m [31m[1m^^^^^^^^^^^^^^^^^^^^^^^^^^^^^^^^^^^^^^^^[0m
[31m[1m>[0m [90m1489 |[0m [32m# ============================================[0m
  [90m     |[0m [31m[1m^^^^^^^^^^^^^^^^^^^^^^^^^^^^^^^^^^^^^^^^^^^^^^[0m
[31m[1m>[0m [90m1490 |[0m
  [90m     |[0m [31m[1m^[0m
[31m[1m>[0m [90m1491 |[0m [32m# --- Input ---[0m
  [90m     |[0m [31m[1m^^^^^^^^^^^^^^^[0m
[31m[1m>[0m [90m1492 |[0m [32ma = int(input("Enter first number: "))[0m
  [90m     |[0m [31m[1m^^^^^^^^^^^^^^^^^^^^^^^^^^^^^^^^^^^^^^[0m
[31m[1m>[0m [90m1493 |[0m [32mb = int(input("Enter second number: "))[0m
  [90m     |[0m [31m[1m^^^^^^^^^^^^^^^^^^^^^^^^^^^^^^^^^^^^^^^[0m
[31m[1m>[0m [90m1494 |[0m [32mc = int(input("Enter third number: "))[0m
  [90m     |[0m [31m[1m^^^^^^^^^^^^^^^^^^^^^^^^^^^^^^^^^^^^^^[0m
[31m[1m>[0m [90m1495 |[0m
  [90m     |[0m [31m[1m^[0m
[31m[1m>[0m [90m1496 |[0m [32m# --- Process ---[0m
  [90m     |[0m [31m[1m^^^^^^^^^^^^^^^^^[0m
[31m[1m>[0m [90m1497 |[0m [32mif a > b and a > c:[0m
  [90m     |[0m [31m[1m^^^^^^^^^^^^^^^^^^^[0m
[31m[1m>[0m [90m1498 |[0m [32m    largest = a[0m
  [90m     |[0m [31m[1m^^^^^^^^^^^^^^^[0m
[31m[1m>[0m [90m1499 |[0m [32melif b > a and b > c:[0m
  [90m     |[0m [31m[1m^^^^^^^^^^^^^^^^^^^^^[0m
[31m[1m>[0m [90m1500 |[0m [32m    largest = b[0m
  [90m     |[0m [31m[1m^^^^^^^^^^^^^^^[0m
[31m[1m>[0m [90m1501 |[0m [32melse:[0m
  [90m     |[0m [31m[1m^^^^^[0m
[31m[1m>[0m [90m1502 |[0m [32m    largest = c[0m
  [90m     |[0m [31m[1m^^^^^^^^^^^^^^^[0m
[31m[1m>[0m [90m1503 |[0m
  [90m     |[0m [31m[1m^[0m
[31m[1m>[0m [90m1504 |[0m [32m# --- Output ---[0m
  [90m     |[0m [31m[1m^^^^^^^^^^^^^^^^[0m
[31m[1m>[0m [90m1505 |[0m [32mprint(f"The largest of {a}, {b}, {c} is {largest}")[0m
  [90m     |[0m [31m[1m^^^^^^^^^^^^^^^^^^^^^^^^^^^^^^^^^^^^^^^^^^^^^^^^^^^[0m
[31m[1m>[0m [90m1506 |[0m
  [90m     |[0m [31m[1m^[0m
[31m[1m>[0m [90m1507 |[0m [32m# ============================================[0m
  [90m     |[0m [31m[1m^^^^^^^^^^^^^^^^^^^^^^^^^^^^^^^^^^^^^^^^^^^^^^[0m
[31m[1m>[0m [90m1508 |[0m [32m# Execution Trace:[0m
  [90m     |[0m [31m[1m^^^^^^^^^^^^^^^^^^[0m
[31m[1m>[0m [90m1509 |[0m [32m# Input: a=10, b=25, c=15[0m
  [90m     |[0m [31m[1m^^^^^^^^^^^^^^^^^^^^^^^^^[0m
[31m[1m>[0m [90m1510 |[0m [32m# a > b? 10 > 25? No[0m
  [90m     |[0m [31m[1m^^^^^^^^^^^^^^^^^^^^[0m
[31m[1m>[0m [90m1511 |[0m [32m# b > a and b > c? 25 > 10 and 25 > 15? Yes![0m
  [90m     |[0m [31m[1m^^^^^^^^^^^^^^^^^^^^^^^^^^^^^^^^^^^^^^^^^^^^[0m
[31m[1m>[0m [90m1512 |[0m [32m# Output: The largest of 10, 25, 15 is 25[0m
  [90m     |[0m [31m[1m^^^^^^^^^^^^^^^^^^^^^^^^^^^^^^^^^^^^^^^^^[0m
[31m[1m>[0m [90m1513 |[0m [32m# ============================================[0m
  [90m     |[0m [31m[1m^^^^^^^^^^^^^^^^^^^^^^^^^^^^^^^^^^^^^^^^^^^^^^[0m
[31m[1m>[0m [90m1514 |[0m
  [90m     |[0m [31m[1m^[0m
[31m[1m>[0m [90m1515 |[0m [32m# TRY THIS: Modify to find the smallest of three numbers[0m
  [90m     |[0m [31m[1m^^^^^^^^^^^^^^^^^^^^^^^^^^^^^^^^^^^^^^^^^^^^^^^^^^^^^^^^[0m
[31m[1m>[0m [90m1516 |[0m [32m`[0m,
  [90m     |[0m [31m[1m^[0m
  [90m1517 |[0m     funFact: [32m"You can also use max(a, b, c) ΓÇö but learning if-else builds logic skills!"[0m
  [90m1518 |[0m   },
  [90m1519 |[0m   {

Parsing ecmascript source code failed

Import traces:
  App Route:
    ./src/data/pythonPrograms.ts
    ./app/api/admin/users/import-teachers-csv/route.ts

  Client Component Browser:
    ./src/data/pythonPrograms.ts [Client Component Browser]
    ./src/sections/ProgramsSection.tsx [Client Component Browser]
    ./src/sections/ProgramsSection.tsx [Server Component]
    ./app/page.tsx [Server Component]

  Client Component SSR:
    ./src/data/pythonPrograms.ts [Client Component SSR]
    ./src/sections/ProgramsSection.tsx [Client Component SSR]
    ./src/sections/ProgramsSection.tsx [Server Component]
    ./app/page.tsx [Server Component]


./src/data/pythonPrograms.ts:1517:14
Cannot assign to this
  [90m1515 |[0m # [33mTRY[0m [33mTHIS[0m: [33mModify[0m to find the smallest [36mof[0m three numbers
  [90m1516 |[0m [32m`,[0m
[31m[1m>[0m [90m1517 |[0m [32m    funFact: "You can also use max(a, b, c) ΓÇö but learning if-else builds logic 
skills!"[0m
  [90m     |[0m              [31m[1m^^^^^^^^^^^^^^^^^^^^^^^^^^^^^^^^^^^^^^^^^^^^^^^^^^^^^^^^^^^^^^^^^^^^^^^^^^^[0m
  [90m1518 |[0m [32m  },[0m
  [90m1519 |[0m [32m  {[0m
  [90m1520 |[0m [32m    id: "ml-6",[0m

Parsing ecmascript source code failed

Import traces:
  App Route:
    ./src/data/pythonPrograms.ts
    ./app/api/admin/users/import-teachers-csv/route.ts

  Client Component Browser:
    ./src/data/pythonPrograms.ts [Client Component Browser]
    ./src/sections/ProgramsSection.tsx [Client Component Browser]
    ./src/sections/ProgramsSection.tsx [Server Component]
    ./app/page.tsx [Server Component]

  Client Component SSR:
    ./src/data/pythonPrograms.ts [Client Component SSR]
    ./src/sections/ProgramsSection.tsx [Client Component SSR]
    ./src/sections/ProgramsSection.tsx [Server Component]
    ./app/page.tsx [Server Component]


./src/data/pythonPrograms.ts:1520:9
Cannot assign to this
  [90m1518 |[0m [32m  },[0m
  [90m1519 |[0m [32m  {[0m
[31m[1m>[0m [90m1520 |[0m [32m    id: "ml-6",[0m
  [90m     |[0m         [31m[1m^^^^^^[0m
  [90m1521 |[0m [32m    title: "Sum of Digits",[0m
  [90m1522 |[0m [32m    language: "python" as const,[0m
  [90m1523 |[0m [32m    category: "Math & Logic",[0m

Parsing ecmascript source code failed

Import traces:
  App Route:
    ./src/data/pythonPrograms.ts
    ./app/api/admin/users/import-teachers-csv/route.ts

  Client Component Browser:
    ./src/data/pythonPrograms.ts [Client Component Browser]
    ./src/sections/ProgramsSection.tsx [Client Component Browser]
    ./src/sections/ProgramsSection.tsx [Server Component]
    ./app/page.tsx [Server Component]

  Client Component SSR:
    ./src/data/pythonPrograms.ts [Client Component SSR]
    ./src/sections/ProgramsSection.tsx [Client Component SSR]
    ./src/sections/ProgramsSection.tsx [Server Component]
    ./app/page.tsx [Server Component]


./src/data/pythonPrograms.ts:1521:12
Cannot assign to this
  [90m1519 |[0m [32m  {[0m
  [90m1520 |[0m [32m    id: "ml-6",[0m
[31m[1m>[0m [90m1521 |[0m [32m    title: "Sum of Digits",[0m
  [90m     |[0m            [31m[1m^^^^^^^^^^^^^^^[0m
  [90m1522 |[0m [32m    language: "python" as const,[0m
  [90m1523 |[0m [32m    category: "Math & Logic",[0m
  [90m1524 |[0m [32m    difficulty: "Easy",[0m

Parsing ecmascript source code failed

Import traces:
  App Route:
    ./src/data/pythonPrograms.ts
    ./app/api/admin/users/import-teachers-csv/route.ts

  Client Component Browser:
    ./src/data/pythonPrograms.ts [Client Component Browser]
    ./src/sections/ProgramsSection.tsx [Client Component Browser]
    ./src/sections/ProgramsSection.tsx [Server Component]
    ./app/page.tsx [Server Component]

  Client Component SSR:
    ./src/data/pythonPrograms.ts [Client Component SSR]
    ./src/sections/ProgramsSection.tsx [Client Component SSR]
    ./src/sections/ProgramsSection.tsx [Server Component]
    ./app/page.tsx [Server Component]


./src/data/pythonPrograms.ts:1523:15
Cannot assign to this
  [90m1521 |[0m [32m    title: "Sum of Digits",[0m
  [90m1522 |[0m [32m    language: "python" as const,[0m
[31m[1m>[0m [90m1523 |[0m [32m    category: "Math & Logic",[0m
  [90m     |[0m               [31m[1m^^^^^^^^^^^^^^[0m
  [90m1524 |[0m [32m    difficulty: "Easy",[0m
  [90m1525 |[0m [32m    classLevel: "Class 9" as const,[0m
  [90m1526 |[0m [32m    description: "Calculate the sum of all digits in a number using a while loop.",[0m

Parsing ecmascript source code failed

Import traces:
  App Route:
    ./src/data/pythonPrograms.ts
    ./app/api/admin/users/import-teachers-csv/route.ts

  Client Component Browser:
    ./src/data/pythonPrograms.ts [Client Component Browser]
    ./src/sections/ProgramsSection.tsx [Client Component Browser]
    ./src/sections/ProgramsSection.tsx [Server Component]
    ./app/page.tsx [Server Component]

  Client Component SSR:
    ./src/data/pythonPrograms.ts [Client Component SSR]
    ./src/sections/ProgramsSection.tsx [Client Component SSR]
    ./src/sections/ProgramsSection.tsx [Server Component]
    ./app/page.tsx [Server Component]


./src/data/pythonPrograms.ts:1524:17
Cannot assign to this
  [90m1522 |[0m [32m    language: "python" as const,[0m
  [90m1523 |[0m [32m    category: "Math & Logic",[0m
[31m[1m>[0m [90m1524 |[0m [32m    difficulty: "Easy",[0m
  [90m     |[0m                 [31m[1m^^^^^^[0m
  [90m1525 |[0m [32m    classLevel: "Class 9" as const,[0m
  [90m1526 |[0m [32m    description: "Calculate the sum of all digits in a number using a while loop.",[0m
  [90m1527 |[0m [32m    code: `[0m# ============================================

Parsing ecmascript source code failed

Import traces:
  App Route:
    ./src/data/pythonPrograms.ts
    ./app/api/admin/users/import-teachers-csv/route.ts

  Client Component Browser:
    ./src/data/pythonPrograms.ts [Client Component Browser]
    ./src/sections/ProgramsSection.tsx [Client Component Browser]
    ./src/sections/ProgramsSection.tsx [Server Component]
    ./app/page.tsx [Server Component]

  Client Component SSR:
    ./src/data/pythonPrograms.ts [Client Component SSR]
    ./src/sections/ProgramsSection.tsx [Client Component SSR]
    ./src/sections/ProgramsSection.tsx [Server Component]
    ./app/page.tsx [Server Component]


./src/data/pythonPrograms.ts:1526:18
Cannot assign to this
  [90m1524 |[0m [32m    difficulty: "Easy",[0m
  [90m1525 |[0m [32m    classLevel: "Class 9" as const,[0m
[31m[1m>[0m [90m1526 |[0m [32m    description: "Calculate the sum of all digits in a number using a while 
loop.",[0m
  [90m     |[0m                  [31m[1m^^^^^^^^^^^^^^^^^^^^^^^^^^^^^^^^^^^^^^^^^^^^^^^^^^^^^^^^^^^^^^^^^[0m
  [90m1527 |[0m [32m    code: `[0m# ============================================
  [90m1528 |[0m # [33mSum[0m [36mof[0m [33mDigits[0m
  [90m1529 |[0m # ============================================

Parsing ecmascript source code failed

Import traces:
  App Route:
    ./src/data/pythonPrograms.ts
    ./app/api/admin/users/import-teachers-csv/route.ts

  Client Component Browser:
    ./src/data/pythonPrograms.ts [Client Component Browser]
    ./src/sections/ProgramsSection.tsx [Client Component Browser]
    ./src/sections/ProgramsSection.tsx [Server Component]
    ./app/page.tsx [Server Component]

  Client Component SSR:
    ./src/data/pythonPrograms.ts [Client Component SSR]
    ./src/sections/ProgramsSection.tsx [Client Component SSR]
    ./src/sections/ProgramsSection.tsx [Server Component]
    ./app/page.tsx [Server Component]


./src/data/pythonPrograms.ts:1527:11
Cannot assign to this
  [90m1525 |[0m [32m    classLevel: "Class 9" as const,[0m
  [90m1526 |[0m [32m    description: "Calculate the sum of all digits in a number using a while loop.",[0m
[31m[1m>[0m [90m1527 |[0m [32m    code: `[0m# ============================================
  [90m     |[0m           [31m[1m^^^^^^^^^^^^^^^^^^^^^^^^^^^^^^^^^^^^^^^^^^^^^^[0m
[31m[1m>[0m [90m1528 |[0m # [33mSum[0m [36mof[0m [33mDigits[0m
  [90m     |[0m [31m[1m^^^^^^^^^^^^^^^[0m
[31m[1m>[0m [90m1529 |[0m # ============================================
  [90m     |[0m [31m[1m^^^^^^^^^^^^^^^^^^^^^^^^^^^^^^^^^^^^^^^^^^^^^^[0m
[31m[1m>[0m [90m1530 |[0m # [33mUse[0m modulo (%) to get last digit
  [90m     |[0m [31m[1m^^^^^^^^^^^^^^^^^^^^^^^^^^^^^^^^^^[0m
[31m[1m>[0m [90m1531 |[0m # [33mUse[0m integer division ([90m//) to remove last digit[0m
  [90m     |[0m [31m[1m^^^^^^^^^^^^^^^^^^^^^^^^^^^^^^^^^^^^^^^^^^^^^^^^[0m
[31m[1m>[0m [90m1532 |[0m # ============================================
  [90m     |[0m [31m[1m^^^^^^^^^^^^^^^^^^^^^^^^^^^^^^^^^^^^^^^^^^^^^^[0m
[31m[1m>[0m [90m1533 |[0m
  [90m     |[0m [31m[1m^[0m
[31m[1m>[0m [90m1534 |[0m # --- [33mInput[0m ---
  [90m     |[0m [31m[1m^^^^^^^^^^^^^^^[0m
[31m[1m>[0m [90m1535 |[0m n = int(input([32m"Enter a number: "[0m))
  [90m     |[0m [31m[1m^^^^^^^^^^^^^^^^^^^^^^^^^^^^^^^^^^[0m
[31m[1m>[0m [90m1536 |[0m
  [90m     |[0m [31m[1m^[0m
[31m[1m>[0m [90m1537 |[0m # --- [33mProcess[0m ---
  [90m     |[0m [31m[1m^^^^^^^^^^^^^^^^^[0m
[31m[1m>[0m [90m1538 |[0m original = n  # [33mSave[0m original [36mfor[0m display
  [90m     |[0m [31m[1m^^^^^^^^^^^^^^^^^^^^^^^^^^^^^^^^^^^^^^^^^[0m
[31m[1m>[0m [90m1539 |[0m digit_sum = [35m0[0m
  [90m     |[0m [31m[1m^^^^^^^^^^^^^[0m
[31m[1m>[0m [90m1540 |[0m
  [90m     |[0m [31m[1m^[0m
[31m[1m>[0m [90m1541 |[0m [36mwhile[0m n > [35m0[0m:
  [90m     |[0m [31m[1m^^^^^^^^^^^^[0m
[31m[1m>[0m [90m1542 |[0m     digit = n % [35m10[0m      # [33mGet[0m last digit
  [90m     |[0m [31m[1m^^^^^^^^^^^^^^^^^^^^^^^^^^^^^^^^^^^^^^^^[0m
[31m[1m>[0m [90m1543 |[0m     digit_sum += digit   # [33mAdd[0m to sum
  [90m     |[0m [31m[1m^^^^^^^^^^^^^^^^^^^^^^^^^^^^^^^^^^^^^[0m
[31m[1m>[0m [90m1544 |[0m     n = n [90m// 10          # Remove last digit[0m
  [90m     |[0m [31m[1m^^^^^^^^^^^^^^^^^^^^^^^^^^^^^^^^^^^^^^^^^^^^[0m
[31m[1m>[0m [90m1545 |[0m
  [90m     |[0m [31m[1m^[0m
[31m[1m>[0m [90m1546 |[0m # --- [33mOutput[0m ---
  [90m     |[0m [31m[1m^^^^^^^^^^^^^^^^[0m
[31m[1m>[0m [90m1547 |[0m print(f[32m"Digits of {original} sum to {digit_sum}"[0m)
  [90m     |[0m [31m[1m^^^^^^^^^^^^^^^^^^^^^^^^^^^^^^^^^^^^^^^^^^^^^^^^^[0m
[31m[1m>[0m [90m1548 |[0m
  [90m     |[0m [31m[1m^[0m
[31m[1m>[0m [90m1549 |[0m # ============================================
  [90m     |[0m [31m[1m^^^^^^^^^^^^^^^^^^^^^^^^^^^^^^^^^^^^^^^^^^^^^^[0m
[31m[1m>[0m [90m1550 |[0m # [33mExecution[0m [33mTrace[0m:
  [90m     |[0m [31m[1m^^^^^^^^^^^^^^^^^^[0m
[31m[1m>[0m [90m1551 |[0m # [33mInput[0m: [35m1234[0m
  [90m     |[0m [31m[1m^^^^^^^^^^^^^[0m
[31m[1m>[0m [90m1552 |[0m # [33mStep[0m [35m1[0m: n=[35m1234[0m, digit=[35m4[0m, sum=[35m4[0m, 
n=[35m123[0m
  [90m     |[0m [31m[1m^^^^^^^^^^^^^^^^^^^^^^^^^^^^^^^^^^^^^^^[0m
[31m[1m>[0m [90m1553 |[0m # [33mStep[0m [35m2[0m: n=[35m123[0m,  digit=[35m3[0m, sum=[35m7[0m, 
n=[35m12[0m
  [90m     |[0m [31m[1m^^^^^^^^^^^^^^^^^^^^^^^^^^^^^^^^^^^^^^[0m
[31m[1m>[0m [90m1554 |[0m # [33mStep[0m [35m3[0m: n=[35m12[0m,   digit=[35m2[0m, sum=[35m9[0m, 
n=[35m1[0m
  [90m     |[0m [31m[1m^^^^^^^^^^^^^^^^^^^^^^^^^^^^^^^^^^^^^[0m
[31m[1m>[0m [90m1555 |[0m # [33mStep[0m [35m4[0m: n=[35m1[0m,    digit=[35m1[0m, sum=[35m10[0m, 
n=[35m0[0m
  [90m     |[0m [31m[1m^^^^^^^^^^^^^^^^^^^^^^^^^^^^^^^^^^^^^^[0m
[31m[1m>[0m [90m1556 |[0m # [33mLoop[0m ends. [33mOutput[0m: [33mDigits[0m [36mof[0m [35m1234[0m sum to 
[35m10[0m
  [90m     |[0m [31m[1m^^^^^^^^^^^^^^^^^^^^^^^^^^^^^^^^^^^^^^^^^^^^^[0m
[31m[1m>[0m [90m1557 |[0m # ============================================
  [90m     |[0m [31m[1m^^^^^^^^^^^^^^^^^^^^^^^^^^^^^^^^^^^^^^^^^^^^^^[0m
[31m[1m>[0m [90m1558 |[0m
  [90m     |[0m [31m[1m^[0m
[31m[1m>[0m [90m1559 |[0m # [33mTRY[0m [33mTHIS[0m: [33mFind[0m the product [36mof[0m all digits instead 
[36mof[0m sum
  [90m     |[0m [31m[1m^^^^^^^^^^^^^^^^^^^^^^^^^^^^^^^^^^^^^^^^^^^^^^^^^^^^^^^^^[0m
[31m[1m>[0m [90m1560 |[0m [32m`,[0m
  [90m     |[0m [31m[1m^[0m
  [90m1561 |[0m [32m    funFact: "The digital root of any number is found by repeatedly summing digits until...[0m
  [90m1562 |[0m [32m  },[0m
  [90m1563 |[0m [32m  {[0m

Parsing ecmascript source code failed

Import traces:
  App Route:
    ./src/data/pythonPrograms.ts
    ./app/api/admin/users/import-teachers-csv/route.ts

  Client Component Browser:
    ./src/data/pythonPrograms.ts [Client Component Browser]
    ./src/sections/ProgramsSection.tsx [Client Component Browser]
    ./src/sections/ProgramsSection.tsx [Server Component]
    ./app/page.tsx [Server Component]

  Client Component SSR:
    ./src/data/pythonPrograms.ts [Client Component SSR]
    ./src/sections/ProgramsSection.tsx [Client Component SSR]
    ./src/sections/ProgramsSection.tsx [Server Component]
    ./app/page.tsx [Server Component]


./src/data/pythonPrograms.ts:1561:14
Cannot assign to this
  [90m1559 |[0m ...he product [36mof[0m all digits instead [36mof[0m sum
  [90m1560 |[0m ...
[31m[1m>[0m [90m1561 |[0m ...[32mdigital root of any number is found by repeatedly summing digits until one 
digit rema...[0m
  [90m     |[0m    
[31m[1m^^^^^^^^^^^^^^^^^^^^^^^^^^^^^^^^^^^^^^^^^^^^^^^^^^^^^^^^^^^^^^^^^^^^^^^^^^^^^^^^^^^^^^^^[0m
  [90m1562 |[0m ...
  [90m1563 |[0m ...
  [90m1564 |[0m ...

Parsing ecmascript source code failed

Import traces:
  App Route:
    ./src/data/pythonPrograms.ts
    ./app/api/admin/users/import-teachers-csv/route.ts

  Client Component Browser:
    ./src/data/pythonPrograms.ts [Client Component Browser]
    ./src/sections/ProgramsSection.tsx [Client Component Browser]
    ./src/sections/ProgramsSection.tsx [Server Component]
    ./app/page.tsx [Server Component]

  Client Component SSR:
    ./src/data/pythonPrograms.ts [Client Component SSR]
    ./src/sections/ProgramsSection.tsx [Client Component SSR]
    ./src/sections/ProgramsSection.tsx [Server Component]
    ./app/page.tsx [Server Component]


./src/data/pythonPrograms.ts:1564:9
Cannot assign to this
  [90m1562 |[0m [32m  },[0m
  [90m1563 |[0m [32m  {[0m
[31m[1m>[0m [90m1564 |[0m [32m    id: "ml-7",[0m
  [90m     |[0m         [31m[1m^^^^^^[0m
  [90m1565 |[0m [32m    title: "Reverse Number",[0m
  [90m1566 |[0m [32m    language: "python" as const,[0m
  [90m1567 |[0m [32m    category: "Math & Logic",[0m

Parsing ecmascript source code failed

Import traces:
  App Route:
    ./src/data/pythonPrograms.ts
    ./app/api/admin/users/import-teachers-csv/route.ts

  Client Component Browser:
    ./src/data/pythonPrograms.ts [Client Component Browser]
    ./src/sections/ProgramsSection.tsx [Client Component Browser]
    ./src/sections/ProgramsSection.tsx [Server Component]
    ./app/page.tsx [Server Component]

  Client Component SSR:
    ./src/data/pythonPrograms.ts [Client Component SSR]
    ./src/sections/ProgramsSection.tsx [Client Component SSR]
    ./src/sections/ProgramsSection.tsx [Server Component]
    ./app/page.tsx [Server Component]


./src/data/pythonPrograms.ts:1565:12
Cannot assign to this
  [90m1563 |[0m [32m  {[0m
  [90m1564 |[0m [32m    id: "ml-7",[0m
[31m[1m>[0m [90m1565 |[0m [32m    title: "Reverse Number",[0m
  [90m     |[0m            [31m[1m^^^^^^^^^^^^^^^^[0m
  [90m1566 |[0m [32m    language: "python" as const,[0m
  [90m1567 |[0m [32m    category: "Math & Logic",[0m
  [90m1568 |[0m [32m    difficulty: "Easy",[0m

Parsing ecmascript source code failed

Import traces:
  App Route:
    ./src/data/pythonPrograms.ts
    ./app/api/admin/users/import-teachers-csv/route.ts

  Client Component Browser:
    ./src/data/pythonPrograms.ts [Client Component Browser]
    ./src/sections/ProgramsSection.tsx [Client Component Browser]
    ./src/sections/ProgramsSection.tsx [Server Component]
    ./app/page.tsx [Server Component]

  Client Component SSR:
    ./src/data/pythonPrograms.ts [Client Component SSR]
    ./src/sections/ProgramsSection.tsx [Client Component SSR]
    ./src/sections/ProgramsSection.tsx [Server Component]
    ./app/page.tsx [Server Component]


./src/data/pythonPrograms.ts:1567:15
Cannot assign to this
  [90m1565 |[0m [32m    title: "Reverse Number",[0m
  [90m1566 |[0m [32m    language: "python" as const,[0m
[31m[1m>[0m [90m1567 |[0m [32m    category: "Math & Logic",[0m
  [90m     |[0m               [31m[1m^^^^^^^^^^^^^^[0m
  [90m1568 |[0m [32m    difficulty: "Easy",[0m
  [90m1569 |[0m [32m    classLevel: "Class 9" as const,[0m
  [90m1570 |[0m [32m    description: "Reverse a number digit by digit using a while loop.",[0m

Parsing ecmascript source code failed

Import traces:
  App Route:
    ./src/data/pythonPrograms.ts
    ./app/api/admin/users/import-teachers-csv/route.ts

  Client Component Browser:
    ./src/data/pythonPrograms.ts [Client Component Browser]
    ./src/sections/ProgramsSection.tsx [Client Component Browser]
    ./src/sections/ProgramsSection.tsx [Server Component]
    ./app/page.tsx [Server Component]

  Client Component SSR:
    ./src/data/pythonPrograms.ts [Client Component SSR]
    ./src/sections/ProgramsSection.tsx [Client Component SSR]
    ./src/sections/ProgramsSection.tsx [Server Component]
    ./app/page.tsx [Server Component]


./src/data/pythonPrograms.ts:1568:17
Cannot assign to this
  [90m1566 |[0m [32m    language: "python" as const,[0m
  [90m1567 |[0m [32m    category: "Math & Logic",[0m
[31m[1m>[0m [90m1568 |[0m [32m    difficulty: "Easy",[0m
  [90m     |[0m                 [31m[1m^^^^^^[0m
  [90m1569 |[0m [32m    classLevel: "Class 9" as const,[0m
  [90m1570 |[0m [32m    description: "Reverse a number digit by digit using a while loop.",[0m
  [90m1571 |[0m [32m    code: `[0m# ============================================

Parsing ecmascript source code failed

Import traces:
  App Route:
    ./src/data/pythonPrograms.ts
    ./app/api/admin/users/import-teachers-csv/route.ts

  Client Component Browser:
    ./src/data/pythonPrograms.ts [Client Component Browser]
    ./src/sections/ProgramsSection.tsx [Client Component Browser]
    ./src/sections/ProgramsSection.tsx [Server Component]
    ./app/page.tsx [Server Component]

  Client Component SSR:
    ./src/data/pythonPrograms.ts [Client Component SSR]
    ./src/sections/ProgramsSection.tsx [Client Component SSR]
    ./src/sections/ProgramsSection.tsx [Server Component]
    ./app/page.tsx [Server Component]


./src/data/pythonPrograms.ts:1570:18
Cannot assign to this
  [90m1568 |[0m [32m    difficulty: "Easy",[0m
  [90m1569 |[0m [32m    classLevel: "Class 9" as const,[0m
[31m[1m>[0m [90m1570 |[0m [32m    description: "Reverse a number digit by digit using a while loop.",[0m
  [90m     |[0m                  [31m[1m^^^^^^^^^^^^^^^^^^^^^^^^^^^^^^^^^^^^^^^^^^^^^^^^^^^^^[0m
  [90m1571 |[0m [32m    code: `[0m# ============================================
  [90m1572 |[0m # [33mReverse[0m a [33mNumber[0m
  [90m1573 |[0m # ============================================

Parsing ecmascript source code failed

Import traces:
  App Route:
    ./src/data/pythonPrograms.ts
    ./app/api/admin/users/import-teachers-csv/route.ts

  Client Component Browser:
    ./src/data/pythonPrograms.ts [Client Component Browser]
    ./src/sections/ProgramsSection.tsx [Client Component Browser]
    ./src/sections/ProgramsSection.tsx [Server Component]
    ./app/page.tsx [Server Component]

  Client Component SSR:
    ./src/data/pythonPrograms.ts [Client Component SSR]
    ./src/sections/ProgramsSection.tsx [Client Component SSR]
    ./src/sections/ProgramsSection.tsx [Server Component]
    ./app/page.tsx [Server Component]


./src/data/pythonPrograms.ts:1571:11
Cannot assign to this
  [90m1569 |[0m [32m    classLevel: "Class 9" as const,[0m
  [90m1570 |[0m [32m    description: "Reverse a number digit by digit using a while loop.",[0m
[31m[1m>[0m [90m1571 |[0m [32m    code: `[0m# ============================================
  [90m     |[0m           [31m[1m^^^^^^^^^^^^^^^^^^^^^^^^^^^^^^^^^^^^^^^^^^^^^^[0m
[31m[1m>[0m [90m1572 |[0m # [33mReverse[0m a [33mNumber[0m
  [90m     |[0m [31m[1m^^^^^^^^^^^^^^^^^^[0m
[31m[1m>[0m [90m1573 |[0m # ============================================
  [90m     |[0m [31m[1m^^^^^^^^^^^^^^^^^^^^^^^^^^^^^^^^^^^^^^^^^^^^^^[0m
[31m[1m>[0m [90m1574 |[0m # [33mExtract[0m digits [36mfrom[0m right, build reversed number
  [90m     |[0m [31m[1m^^^^^^^^^^^^^^^^^^^^^^^^^^^^^^^^^^^^^^^^^^^^^^^^^^[0m
[31m[1m>[0m [90m1575 |[0m # ============================================
  [90m     |[0m [31m[1m^^^^^^^^^^^^^^^^^^^^^^^^^^^^^^^^^^^^^^^^^^^^^^[0m
[31m[1m>[0m [90m1576 |[0m
  [90m     |[0m [31m[1m^[0m
[31m[1m>[0m [90m1577 |[0m # --- [33mInput[0m ---
  [90m     |[0m [31m[1m^^^^^^^^^^^^^^^[0m
[31m[1m>[0m [90m1578 |[0m n = int(input([32m"Enter a number: "[0m))
  [90m     |[0m [31m[1m^^^^^^^^^^^^^^^^^^^^^^^^^^^^^^^^^^[0m
[31m[1m>[0m [90m1579 |[0m
  [90m     |[0m [31m[1m^[0m
[31m[1m>[0m [90m1580 |[0m # --- [33mProcess[0m ---
  [90m     |[0m [31m[1m^^^^^^^^^^^^^^^^^[0m
[31m[1m>[0m [90m1581 |[0m original = n
  [90m     |[0m [31m[1m^^^^^^^^^^^^[0m
[31m[1m>[0m [90m1582 |[0m reversed_num = [35m0[0m
  [90m     |[0m [31m[1m^^^^^^^^^^^^^^^^[0m
[31m[1m>[0m [90m1583 |[0m
  [90m     |[0m [31m[1m^[0m
[31m[1m>[0m [90m1584 |[0m [36mwhile[0m n > [35m0[0m:
  [90m     |[0m [31m[1m^^^^^^^^^^^^[0m
[31m[1m>[0m [90m1585 |[0m     digit = n % [35m10[0m              # [33mGet[0m last digit
  [90m     |[0m [31m[1m^^^^^^^^^^^^^^^^^^^^^^^^^^^^^^^^^^^^^^^^^^^^^^^^[0m
[31m[1m>[0m [90m1586 |[0m     reversed_num = reversed_num * [35m10[0m + digit  # [33mAppend[0m digit
  [90m     |[0m [31m[1m^^^^^^^^^^^^^^^^^^^^^^^^^^^^^^^^^^^^^^^^^^^^^^^^^^^^^^^^^^^^[0m
[31m[1m>[0m [90m1587 |[0m     n = n [90m// 10                 # Remove last digit[0m
  [90m     |[0m [31m[1m^^^^^^^^^^^^^^^^^^^^^^^^^^^^^^^^^^^^^^^^^^^^^^^^^^^[0m
[31m[1m>[0m [90m1588 |[0m
  [90m     |[0m [31m[1m^[0m
[31m[1m>[0m [90m1589 |[0m # --- [33mOutput[0m ---
  [90m     |[0m [31m[1m^^^^^^^^^^^^^^^^[0m
[31m[1m>[0m [90m1590 |[0m print(f[32m"Original:  {original}"[0m)
  [90m     |[0m [31m[1m^^^^^^^^^^^^^^^^^^^^^^^^^^^^^^^[0m
[31m[1m>[0m [90m1591 |[0m print(f[32m"Reversed:  {reversed_num}"[0m)
  [90m     |[0m [31m[1m^^^^^^^^^^^^^^^^^^^^^^^^^^^^^^^^^^^[0m
[31m[1m>[0m [90m1592 |[0m
  [90m     |[0m [31m[1m^[0m
[31m[1m>[0m [90m1593 |[0m # ============================================
  [90m     |[0m [31m[1m^^^^^^^^^^^^^^^^^^^^^^^^^^^^^^^^^^^^^^^^^^^^^^[0m
[31m[1m>[0m [90m1594 |[0m # [33mExecution[0m [33mTrace[0m:
  [90m     |[0m [31m[1m^^^^^^^^^^^^^^^^^^[0m
[31m[1m>[0m [90m1595 |[0m # [33mInput[0m: [35m1234[0m
  [90m     |[0m [31m[1m^^^^^^^^^^^^^[0m
[31m[1m>[0m [90m1596 |[0m # [33mStep[0m [35m1[0m: n=[35m1234[0m, digit=[35m4[0m, reversed=[35m4[0m,    
n=[35m123[0m
  [90m     |[0m [31m[1m^^^^^^^^^^^^^^^^^^^^^^^^^^^^^^^^^^^^^^^^^^^^^^^[0m
[31m[1m>[0m [90m1597 |[0m # [33mStep[0m [35m2[0m: n=[35m123[0m,  digit=[35m3[0m, reversed=[35m43[0m,   
n=[35m12[0m
  [90m     |[0m [31m[1m^^^^^^^^^^^^^^^^^^^^^^^^^^^^^^^^^^^^^^^^^^^^^^[0m
[31m[1m>[0m [90m1598 |[0m # [33mStep[0m [35m3[0m: n=[35m12[0m,   digit=[35m2[0m, reversed=[35m432[0m,  
n=[35m1[0m
  [90m     |[0m [31m[1m^^^^^^^^^^^^^^^^^^^^^^^^^^^^^^^^^^^^^^^^^^^^^[0m
[31m[1m>[0m [90m1599 |[0m # [33mStep[0m [35m4[0m: n=[35m1[0m,    digit=[35m1[0m, reversed=[35m4321[0m, 
n=[35m0[0m
  [90m     |[0m [31m[1m^^^^^^^^^^^^^^^^^^^^^^^^^^^^^^^^^^^^^^^^^^^^^[0m
[31m[1m>[0m [90m1600 |[0m # [33mOutput[0m: [33mOriginal[0m: [35m1234[0m, [33mReversed[0m: [35m4321[0m
  [90m     |[0m [31m[1m^^^^^^^^^^^^^^^^^^^^^^^^^^^^^^^^^^^^^^^^[0m
[31m[1m>[0m [90m1601 |[0m # ============================================
  [90m     |[0m [31m[1m^^^^^^^^^^^^^^^^^^^^^^^^^^^^^^^^^^^^^^^^^^^^^^[0m
[31m[1m>[0m [90m1602 |[0m
  [90m     |[0m [31m[1m^[0m
[31m[1m>[0m [90m1603 |[0m # [33mTRY[0m [33mTHIS[0m: [33mCheck[0m [36mif[0m original number equals 
reversed number (palindrome number)
  [90m     |[0m [31m[1m^^^^^^^^^^^^^^^^^^^^^^^^^^^^^^^^^^^^^^^^^^^^^^^^^^^^^^^^^^^^^^^^^^^^^^^^^^^^^^^[0m
[31m[1m>[0m [90m1604 |[0m [32m`,[0m
  [90m     |[0m [31m[1m^[0m
  [90m1605 |[0m [32m    funFact: "123456789 ├ù 9 = 1111111101 ΓÇö almost a palindrome!"[0m
  [90m1606 |[0m [32m  },[0m
  [90m1607 |[0m [32m  {[0m

Parsing ecmascript source code failed

Import traces:
  App Route:
    ./src/data/pythonPrograms.ts
    ./app/api/admin/users/import-teachers-csv/route.ts

  Client Component Browser:
    ./src/data/pythonPrograms.ts [Client Component Browser]
    ./src/sections/ProgramsSection.tsx [Client Component Browser]
    ./src/sections/ProgramsSection.tsx [Server Component]
    ./app/page.tsx [Server Component]

  Client Component SSR:
    ./src/data/pythonPrograms.ts [Client Component SSR]
    ./src/sections/ProgramsSection.tsx [Client Component SSR]
    ./src/sections/ProgramsSection.tsx [Server Component]
    ./app/page.tsx [Server Component]


./src/data/pythonPrograms.ts:1605:14
Cannot assign to this
  [90m1603 |[0m # [33mTRY[0m [33mTHIS[0m: [33mCheck[0m [36mif[0m original number equals reversed number 
(palindrome number)
  [90m1604 |[0m [32m`,[0m
[31m[1m>[0m [90m1605 |[0m [32m    funFact: "123456789 ├ù 9 = 1111111101 ΓÇö almost a palindrome!"[0m
  [90m     |[0m              [31m[1m^^^^^^^^^^^^^^^^^^^^^^^^^^^^^^^^^^^^^^^^^^^^^^^^^^^[0m
  [90m1606 |[0m [32m  },[0m
  [90m1607 |[0m [32m  {[0m
  [90m1608 |[0m [32m    id: "ml-8",[0m

Parsing ecmascript source code failed

Import traces:
  App Route:
    ./src/data/pythonPrograms.ts
    ./app/api/admin/users/import-teachers-csv/route.ts

  Client Component Browser:
    ./src/data/pythonPrograms.ts [Client Component Browser]
    ./src/sections/ProgramsSection.tsx [Client Component Browser]
    ./src/sections/ProgramsSection.tsx [Server Component]
    ./app/page.tsx [Server Component]

  Client Component SSR:
    ./src/data/pythonPrograms.ts [Client Component SSR]
    ./src/sections/ProgramsSection.tsx [Client Component SSR]
    ./src/sections/ProgramsSection.tsx [Server Component]
    ./app/page.tsx [Server Component]


./src/data/pythonPrograms.ts:1608:9
Cannot assign to this
  [90m1606 |[0m [32m  },[0m
  [90m1607 |[0m [32m  {[0m
[31m[1m>[0m [90m1608 |[0m [32m    id: "ml-8",[0m
  [90m     |[0m         [31m[1m^^^^^^[0m
  [90m1609 |[0m [32m    title: "Palindrome Number",[0m
  [90m1610 |[0m [32m    language: "python" as const,[0m
  [90m1611 |[0m [32m    category: "Math & Logic",[0m

Parsing ecmascript source code failed

Import traces:
  App Route:
    ./src/data/pythonPrograms.ts
    ./app/api/admin/users/import-teachers-csv/route.ts

  Client Component Browser:
    ./src/data/pythonPrograms.ts [Client Component Browser]
    ./src/sections/ProgramsSection.tsx [Client Component Browser]
    ./src/sections/ProgramsSection.tsx [Server Component]
    ./app/page.tsx [Server Component]

  Client Component SSR:
    ./src/data/pythonPrograms.ts [Client Component SSR]
    ./src/sections/ProgramsSection.tsx [Client Component SSR]
    ./src/sections/ProgramsSection.tsx [Server Component]
    ./app/page.tsx [Server Component]


./src/data/pythonPrograms.ts:1609:12
Cannot assign to this
  [90m1607 |[0m [32m  {[0m
  [90m1608 |[0m [32m    id: "ml-8",[0m
[31m[1m>[0m [90m1609 |[0m [32m    title: "Palindrome Number",[0m
  [90m     |[0m            [31m[1m^^^^^^^^^^^^^^^^^^^[0m
  [90m1610 |[0m [32m    language: "python" as const,[0m
  [90m1611 |[0m [32m    category: "Math & Logic",[0m
  [90m1612 |[0m [32m    difficulty: "Easy",[0m

Parsing ecmascript source code failed

Import traces:
  App Route:
    ./src/data/pythonPrograms.ts
    ./app/api/admin/users/import-teachers-csv/route.ts

  Client Component Browser:
    ./src/data/pythonPrograms.ts [Client Component Browser]
    ./src/sections/ProgramsSection.tsx [Client Component Browser]
    ./src/sections/ProgramsSection.tsx [Server Component]
    ./app/page.tsx [Server Component]

  Client Component SSR:
    ./src/data/pythonPrograms.ts [Client Component SSR]
    ./src/sections/ProgramsSection.tsx [Client Component SSR]
    ./src/sections/ProgramsSection.tsx [Server Component]
    ./app/page.tsx [Server Component]


./src/data/pythonPrograms.ts:1611:15
Cannot assign to this
  [90m1609 |[0m [32m    title: "Palindrome Number",[0m
  [90m1610 |[0m [32m    language: "python" as const,[0m
[31m[1m>[0m [90m1611 |[0m [32m    category: "Math & Logic",[0m
  [90m     |[0m               [31m[1m^^^^^^^^^^^^^^[0m
  [90m1612 |[0m [32m    difficulty: "Easy",[0m
  [90m1613 |[0m [32m    classLevel: "Class 9" as const,[0m
  [90m1614 |[0m [32m    description: "Check if a number reads the same forwards and backwards.",[0m

Parsing ecmascript source code failed

Import traces:
  App Route:
    ./src/data/pythonPrograms.ts
    ./app/api/admin/users/import-teachers-csv/route.ts

  Client Component Browser:
    ./src/data/pythonPrograms.ts [Client Component Browser]
    ./src/sections/ProgramsSection.tsx [Client Component Browser]
    ./src/sections/ProgramsSection.tsx [Server Component]
    ./app/page.tsx [Server Component]

  Client Component SSR:
    ./src/data/pythonPrograms.ts [Client Component SSR]
    ./src/sections/ProgramsSection.tsx [Client Component SSR]
    ./src/sections/ProgramsSection.tsx [Server Component]
    ./app/page.tsx [Server Component]


./src/data/pythonPrograms.ts:1612:17
Cannot assign to this
  [90m1610 |[0m [32m    language: "python" as const,[0m
  [90m1611 |[0m [32m    category: "Math & Logic",[0m
[31m[1m>[0m [90m1612 |[0m [32m    difficulty: "Easy",[0m
  [90m     |[0m                 [31m[1m^^^^^^[0m
  [90m1613 |[0m [32m    classLevel: "Class 9" as const,[0m
  [90m1614 |[0m [32m    description: "Check if a number reads the same forwards and backwards.",[0m
  [90m1615 |[0m [32m    code: `[0m# ============================================

Parsing ecmascript source code failed

Import traces:
  App Route:
    ./src/data/pythonPrograms.ts
    ./app/api/admin/users/import-teachers-csv/route.ts

  Client Component Browser:
    ./src/data/pythonPrograms.ts [Client Component Browser]
    ./src/sections/ProgramsSection.tsx [Client Component Browser]
    ./src/sections/ProgramsSection.tsx [Server Component]
    ./app/page.tsx [Server Component]

  Client Component SSR:
    ./src/data/pythonPrograms.ts [Client Component SSR]
    ./src/sections/ProgramsSection.tsx [Client Component SSR]
    ./src/sections/ProgramsSection.tsx [Server Component]
    ./app/page.tsx [Server Component]


./src/data/pythonPrograms.ts:1614:18
Cannot assign to this
  [90m1612 |[0m [32m    difficulty: "Easy",[0m
  [90m1613 |[0m [32m    classLevel: "Class 9" as const,[0m
[31m[1m>[0m [90m1614 |[0m [32m    description: "Check if a number reads the same forwards and backwards.",[0m
  [90m     |[0m                  [31m[1m^^^^^^^^^^^^^^^^^^^^^^^^^^^^^^^^^^^^^^^^^^^^^^^^^^^^^^^^^^[0m
  [90m1615 |[0m [32m    code: `[0m# ============================================
  [90m1616 |[0m # [33mPalindrome[0m [33mNumber[0m [33mChecker[0m
  [90m1617 |[0m # ============================================

Parsing ecmascript source code failed

Import traces:
  App Route:
    ./src/data/pythonPrograms.ts
    ./app/api/admin/users/import-teachers-csv/route.ts

  Client Component Browser:
    ./src/data/pythonPrograms.ts [Client Component Browser]
    ./src/sections/ProgramsSection.tsx [Client Component Browser]
    ./src/sections/ProgramsSection.tsx [Server Component]
    ./app/page.tsx [Server Component]

  Client Component SSR:
    ./src/data/pythonPrograms.ts [Client Component SSR]
    ./src/sections/ProgramsSection.tsx [Client Component SSR]
    ./src/sections/ProgramsSection.tsx [Server Component]
    ./app/page.tsx [Server Component]


./src/data/pythonPrograms.ts:1615:11
Cannot assign to this
  [90m1613 |[0m [32m    classLevel: "Class 9" as const,[0m
  [90m1614 |[0m [32m    description: "Check if a number reads the same forwards and backwards.",[0m
[31m[1m>[0m [90m1615 |[0m [32m    code: `[0m# ============================================
  [90m     |[0m           [31m[1m^^^^^^^^^^^^^^^^^^^^^^^^^^^^^^^^^^^^^^^^^^^^^^[0m
[31m[1m>[0m [90m1616 |[0m # [33mPalindrome[0m [33mNumber[0m [33mChecker[0m
  [90m     |[0m [31m[1m^^^^^^^^^^^^^^^^^^^^^^^^^^^[0m
[31m[1m>[0m [90m1617 |[0m # ============================================
  [90m     |[0m [31m[1m^^^^^^^^^^^^^^^^^^^^^^^^^^^^^^^^^^^^^^^^^^^^^^[0m
[31m[1m>[0m [90m1618 |[0m # [33mReverse[0m the number and compare [36mwith[0m original
  [90m     |[0m [31m[1m^^^^^^^^^^^^^^^^^^^^^^^^^^^^^^^^^^^^^^^^^^^^^^[0m
[31m[1m>[0m [90m1619 |[0m # ============================================
  [90m     |[0m [31m[1m^^^^^^^^^^^^^^^^^^^^^^^^^^^^^^^^^^^^^^^^^^^^^^[0m
[31m[1m>[0m [90m1620 |[0m
  [90m     |[0m [31m[1m^[0m
[31m[1m>[0m [90m1621 |[0m # --- [33mInput[0m ---
  [90m     |[0m [31m[1m^^^^^^^^^^^^^^^[0m
[31m[1m>[0m [90m1622 |[0m n = int(input([32m"Enter a number: "[0m))
  [90m     |[0m [31m[1m^^^^^^^^^^^^^^^^^^^^^^^^^^^^^^^^^^[0m
[31m[1m>[0m [90m1623 |[0m
  [90m     |[0m [31m[1m^[0m
[31m[1m>[0m [90m1624 |[0m # --- [33mProcess[0m ---
  [90m     |[0m [31m[1m^^^^^^^^^^^^^^^^^[0m
[31m[1m>[0m [90m1625 |[0m original = n
  [90m     |[0m [31m[1m^^^^^^^^^^^^[0m
[31m[1m>[0m [90m1626 |[0m reversed_num = [35m0[0m
  [90m     |[0m [31m[1m^^^^^^^^^^^^^^^^[0m
[31m[1m>[0m [90m1627 |[0m
  [90m     |[0m [31m[1m^[0m
[31m[1m>[0m [90m1628 |[0m [36mwhile[0m n > [35m0[0m:
  [90m     |[0m [31m[1m^^^^^^^^^^^^[0m
[31m[1m>[0m [90m1629 |[0m     digit = n % [35m10[0m
  [90m     |[0m [31m[1m^^^^^^^^^^^^^^^^^^[0m
[31m[1m>[0m [90m1630 |[0m     reversed_num = reversed_num * [35m10[0m + digit
  [90m     |[0m [31m[1m^^^^^^^^^^^^^^^^^^^^^^^^^^^^^^^^^^^^^^^^^^^^[0m
[31m[1m>[0m [90m1631 |[0m     n = n [90m// 10[0m
  [90m     |[0m [31m[1m^^^^^^^^^^^^^^^[0m
[31m[1m>[0m [90m1632 |[0m
  [90m     |[0m [31m[1m^[0m
[31m[1m>[0m [90m1633 |[0m # --- [33mOutput[0m ---
  [90m     |[0m [31m[1m^^^^^^^^^^^^^^^^[0m
[31m[1m>[0m [90m1634 |[0m [36mif[0m original == reversed_num:
  [90m     |[0m [31m[1m^^^^^^^^^^^^^^^^^^^^^^^^^^^^[0m
[31m[1m>[0m [90m1635 |[0m     print(f[32m"{original} IS a palindrome!"[0m)
  [90m     |[0m [31m[1m^^^^^^^^^^^^^^^^^^^^^^^^^^^^^^^^^^^^^^^^^[0m
[31m[1m>[0m [90m1636 |[0m [36melse[0m:
  [90m     |[0m [31m[1m^^^^^[0m
[31m[1m>[0m [90m1637 |[0m     print(f[32m"{original} is NOT a palindrome."[0m)
  [90m     |[0m [31m[1m^^^^^^^^^^^^^^^^^^^^^^^^^^^^^^^^^^^^^^^^^^^^^[0m
[31m[1m>[0m [90m1638 |[0m     print(f[32m"Reversed: {reversed_num}"[0m)
  [90m     |[0m [31m[1m^^^^^^^^^^^^^^^^^^^^^^^^^^^^^^^^^^^^^^[0m
[31m[1m>[0m [90m1639 |[0m
  [90m     |[0m [31m[1m^[0m
[31m[1m>[0m [90m1640 |[0m # ============================================
  [90m     |[0m [31m[1m^^^^^^^^^^^^^^^^^^^^^^^^^^^^^^^^^^^^^^^^^^^^^^[0m
[31m[1m>[0m [90m1641 |[0m # [33mExecution[0m [33mTrace[0m:
  [90m     |[0m [31m[1m^^^^^^^^^^^^^^^^^^[0m
[31m[1m>[0m [90m1642 |[0m # [33mInput[0m: [35m121[0m
  [90m     |[0m [31m[1m^^^^^^^^^^^^[0m
[31m[1m>[0m [90m1643 |[0m # [33mReversed[0m: [35m121[0m
  [90m     |[0m [31m[1m^^^^^^^^^^^^^^^[0m
[31m[1m>[0m [90m1644 |[0m # [35m121[0m == [35m121[0m? [33mYes[0m!
  [90m     |[0m [31m[1m^^^^^^^^^^^^^^^^^^[0m
[31m[1m>[0m [90m1645 |[0m # [33mOutput[0m: [35m121[0m [33mIS[0m a palindrome!
  [90m     |[0m [31m[1m^^^^^^^^^^^^^^^^^^^^^^^^^^^^^^[0m
[31m[1m>[0m [90m1646 |[0m # ============================================
  [90m     |[0m [31m[1m^^^^^^^^^^^^^^^^^^^^^^^^^^^^^^^^^^^^^^^^^^^^^^[0m
[31m[1m>[0m [90m1647 |[0m
  [90m     |[0m [31m[1m^[0m
[31m[1m>[0m [90m1648 |[0m # [33mTRY[0m [33mTHIS[0m: [33mFind[0m all palindrome numbers between [35m1[0m 
and [35m1000[0m
  [90m     |[0m [31m[1m^^^^^^^^^^^^^^^^^^^^^^^^^^^^^^^^^^^^^^^^^^^^^^^^^^^^^^^^^^[0m
[31m[1m>[0m [90m1649 |[0m [32m`,[0m
  [90m     |[0m [31m[1m^[0m
  [90m1650 |[0m [32m    funFact: "The largest known palindrome prime is 10^314400 + 1 ΓÇö it has 314,401 
digits!"[0m
  [90m1651 |[0m [32m  },[0m
  [90m1652 |[0m [32m  {[0m

Parsing ecmascript source code failed

Import traces:
  App Route:
    ./src/data/pythonPrograms.ts
    ./app/api/admin/users/import-teachers-csv/route.ts

  Client Component Browser:
    ./src/data/pythonPrograms.ts [Client Component Browser]
    ./src/sections/ProgramsSection.tsx [Client Component Browser]
    ./src/sections/ProgramsSection.tsx [Server Component]
    ./app/page.tsx [Server Component]

  Client Component SSR:
    ./src/data/pythonPrograms.ts [Client Component SSR]
    ./src/sections/ProgramsSection.tsx [Client Component SSR]
    ./src/sections/ProgramsSection.tsx [Server Component]
    ./app/page.tsx [Server Component]


./src/data/pythonPrograms.ts:1650:14
Cannot assign to this
  [90m1648 |[0m # [33mTRY[0m [33mTHIS[0m: [33mFind[0m all palindrome numbers between [35m1[0m and 
[35m1000[0m
  [90m1649 |[0m [32m`,[0m
[31m[1m>[0m [90m1650 |[0m [32m    funFact: "The largest known palindrome prime is 10^314400 + 1 ΓÇö it has 
314,401 digits!"[0m
  [90m     |[0m              
[31m[1m^^^^^^^^^^^^^^^^^^^^^^^^^^^^^^^^^^^^^^^^^^^^^^^^^^^^^^^^^^^^^^^^^^^^^^^^^^^^^^[0m
  [90m1651 |[0m [32m  },[0m
  [90m1652 |[0m [32m  {[0m
  [90m1653 |[0m [32m    id: "ml-9",[0m

Parsing ecmascript source code failed

Import traces:
  App Route:
    ./src/data/pythonPrograms.ts
    ./app/api/admin/users/import-teachers-csv/route.ts

  Client Component Browser:
    ./src/data/pythonPrograms.ts [Client Component Browser]
    ./src/sections/ProgramsSection.tsx [Client Component Browser]
    ./src/sections/ProgramsSection.tsx [Server Component]
    ./app/page.tsx [Server Component]

  Client Component SSR:
    ./src/data/pythonPrograms.ts [Client Component SSR]
    ./src/sections/ProgramsSection.tsx [Client Component SSR]
    ./src/sections/ProgramsSection.tsx [Server Component]
    ./app/page.tsx [Server Component]


./src/data/pythonPrograms.ts:1653:9
Cannot assign to this
  [90m1651 |[0m [32m  },[0m
  [90m1652 |[0m [32m  {[0m
[31m[1m>[0m [90m1653 |[0m [32m    id: "ml-9",[0m
  [90m     |[0m         [31m[1m^^^^^^[0m
  [90m1654 |[0m [32m    title: "Armstrong Number",[0m
  [90m1655 |[0m [32m    language: "python" as const,[0m
  [90m1656 |[0m [32m    category: "Math & Logic",[0m

Parsing ecmascript source code failed

Import traces:
  App Route:
    ./src/data/pythonPrograms.ts
    ./app/api/admin/users/import-teachers-csv/route.ts

  Client Component Browser:
    ./src/data/pythonPrograms.ts [Client Component Browser]
    ./src/sections/ProgramsSection.tsx [Client Component Browser]
    ./src/sections/ProgramsSection.tsx [Server Component]
    ./app/page.tsx [Server Component]

  Client Component SSR:
    ./src/data/pythonPrograms.ts [Client Component SSR]
    ./src/sections/ProgramsSection.tsx [Client Component SSR]
    ./src/sections/ProgramsSection.tsx [Server Component]
    ./app/page.tsx [Server Component]


./src/data/pythonPrograms.ts:1654:12
Cannot assign to this
  [90m1652 |[0m [32m  {[0m
  [90m1653 |[0m [32m    id: "ml-9",[0m
[31m[1m>[0m [90m1654 |[0m [32m    title: "Armstrong Number",[0m
  [90m     |[0m            [31m[1m^^^^^^^^^^^^^^^^^^[0m
  [90m1655 |[0m [32m    language: "python" as const,[0m
  [90m1656 |[0m [32m    category: "Math & Logic",[0m
  [90m1657 |[0m [32m    difficulty: "Medium",[0m

Parsing ecmascript source code failed

Import traces:
  App Route:
    ./src/data/pythonPrograms.ts
    ./app/api/admin/users/import-teachers-csv/route.ts

  Client Component Browser:
    ./src/data/pythonPrograms.ts [Client Component Browser]
    ./src/sections/ProgramsSection.tsx [Client Component Browser]
    ./src/sections/ProgramsSection.tsx [Server Component]
    ./app/page.tsx [Server Component]

  Client Component SSR:
    ./src/data/pythonPrograms.ts [Client Component SSR]
    ./src/sections/ProgramsSection.tsx [Client Component SSR]
    ./src/sections/ProgramsSection.tsx [Server Component]
    ./app/page.tsx [Server Component]


./src/data/pythonPrograms.ts:1656:15
Cannot assign to this
  [90m1654 |[0m [32m    title: "Armstrong Number",[0m
  [90m1655 |[0m [32m    language: "python" as const,[0m
[31m[1m>[0m [90m1656 |[0m [32m    category: "Math & Logic",[0m
  [90m     |[0m               [31m[1m^^^^^^^^^^^^^^[0m
  [90m1657 |[0m [32m    difficulty: "Medium",[0m
  [90m1658 |[0m [32m    classLevel: "Class 9" as const,[0m
  [90m1659 |[0m [32m    description: "Check if a number equals the sum of its digits each raised to the powe...[0m

Parsing ecmascript source code failed

Import traces:
  App Route:
    ./src/data/pythonPrograms.ts
    ./app/api/admin/users/import-teachers-csv/route.ts

  Client Component Browser:
    ./src/data/pythonPrograms.ts [Client Component Browser]
    ./src/sections/ProgramsSection.tsx [Client Component Browser]
    ./src/sections/ProgramsSection.tsx [Server Component]
    ./app/page.tsx [Server Component]

  Client Component SSR:
    ./src/data/pythonPrograms.ts [Client Component SSR]
    ./src/sections/ProgramsSection.tsx [Client Component SSR]
    ./src/sections/ProgramsSection.tsx [Server Component]
    ./app/page.tsx [Server Component]


./src/data/pythonPrograms.ts:1657:17
Cannot assign to this
  [90m1655 |[0m [32m    language: "python" as const,[0m
  [90m1656 |[0m [32m    category: "Math & Logic",[0m
[31m[1m>[0m [90m1657 |[0m [32m    difficulty: "Medium",[0m
  [90m     |[0m                 [31m[1m^^^^^^^^[0m
  [90m1658 |[0m [32m    classLevel: "Class 9" as const,[0m
  [90m1659 |[0m [32m    description: "Check if a number equals the sum of its digits each raised to the powe...[0m
  [90m1660 |[0m [32m    code: `[0m# ============================================

Parsing ecmascript source code failed

Import traces:
  App Route:
    ./src/data/pythonPrograms.ts
    ./app/api/admin/users/import-teachers-csv/route.ts

  Client Component Browser:
    ./src/data/pythonPrograms.ts [Client Component Browser]
    ./src/sections/ProgramsSection.tsx [Client Component Browser]
    ./src/sections/ProgramsSection.tsx [Server Component]
    ./app/page.tsx [Server Component]

  Client Component SSR:
    ./src/data/pythonPrograms.ts [Client Component SSR]
    ./src/sections/ProgramsSection.tsx [Client Component SSR]
    ./src/sections/ProgramsSection.tsx [Server Component]
    ./app/page.tsx [Server Component]


./src/data/pythonPrograms.ts:1659:18
Cannot assign to this
  [90m1657 |[0m ...[32mium",[0m
  [90m1658 |[0m ...[32mss 9" as const,[0m
[31m[1m>[0m [90m1659 |[0m ...[32meck if a number equals the sum of its digits each raised to the power of total 
digits.",[0m
  [90m     |[0m    
[31m[1m^^^^^^^^^^^^^^^^^^^^^^^^^^^^^^^^^^^^^^^^^^^^^^^^^^^^^^^^^^^^^^^^^^^^^^^^^^^^^^^^^^^^^^^^[0m
  [90m1660 |[0m ...=====================================
  [90m1661 |[0m ...[33mhecker[0m
  [90m1662 |[0m ...==========================

Parsing ecmascript source code failed

Import traces:
  App Route:
    ./src/data/pythonPrograms.ts
    ./app/api/admin/users/import-teachers-csv/route.ts

  Client Component Browser:
    ./src/data/pythonPrograms.ts [Client Component Browser]
    ./src/sections/ProgramsSection.tsx [Client Component Browser]
    ./src/sections/ProgramsSection.tsx [Server Component]
    ./app/page.tsx [Server Component]

  Client Component SSR:
    ./src/data/pythonPrograms.ts [Client Component SSR]
    ./src/sections/ProgramsSection.tsx [Client Component SSR]
    ./src/sections/ProgramsSection.tsx [Server Component]
    ./app/page.tsx [Server Component]


./src/data/pythonPrograms.ts:1660:11
Cannot assign to this
  [90m1658 |[0m [32m    classLevel: "Class 9" as const,[0m
  [90m1659 |[0m [32m    description: "Check if a number equals the sum of its digits each raised to the powe...[0m
[31m[1m>[0m [90m1660 |[0m [32m    code: `[0m# ============================================
  [90m     |[0m           [31m[1m^^^^^^^^^^^^^^^^^^^^^^^^^^^^^^^^^^^^^^^^^^^^^^[0m
[31m[1m>[0m [90m1661 |[0m # [33mArmstrong[0m [33mNumber[0m [33mChecker[0m
  [90m     |[0m [31m[1m^^^^^^^^^^^^^^^^^^^^^^^^^^[0m
[31m[1m>[0m [90m1662 |[0m # ============================================
  [90m     |[0m [31m[1m^^^^^^^^^^^^^^^^^^^^^^^^^^^^^^^^^^^^^^^^^^^^^^[0m
[31m[1m>[0m [90m1663 |[0m # [33mAn[0m [33mArmstrong[0m (narcissistic) number equals
  [90m     |[0m [31m[1m^^^^^^^^^^^^^^^^^^^^^^^^^^^^^^^^^^^^^^^^^^^[0m
[31m[1m>[0m [90m1664 |[0m # the sum [36mof[0m its digits each raised to the
  [90m     |[0m [31m[1m^^^^^^^^^^^^^^^^^^^^^^^^^^^^^^^^^^^^^^^^^^[0m
[31m[1m>[0m [90m1665 |[0m # power [36mof[0m the number [36mof[0m digits.
  [90m     |[0m [31m[1m^^^^^^^^^^^^^^^^^^^^^^^^^^^^^^^^[0m
[31m[1m>[0m [90m1666 |[0m # [33mExample[0m: [35m153[0m = [35m1[0m^[35m3[0m + [35m5[0m^[35m3[0m + 
[35m3[0m^[35m3[0m = [35m1[0m + [35m125[0m + [35m27[0m
  [90m     |[0m [31m[1m^^^^^^^^^^^^^^^^^^^^^^^^^^^^^^^^^^^^^^^^^^^^^^^[0m
[31m[1m>[0m [90m1667 |[0m # ============================================
  [90m     |[0m [31m[1m^^^^^^^^^^^^^^^^^^^^^^^^^^^^^^^^^^^^^^^^^^^^^^[0m
[31m[1m>[0m [90m1668 |[0m
  [90m     |[0m [31m[1m^[0m
[31m[1m>[0m [90m1669 |[0m # --- [33mInput[0m ---
  [90m     |[0m [31m[1m^^^^^^^^^^^^^^^[0m
[31m[1m>[0m [90m1670 |[0m n = int(input([32m"Enter a number: "[0m))
  [90m     |[0m [31m[1m^^^^^^^^^^^^^^^^^^^^^^^^^^^^^^^^^^[0m
[31m[1m>[0m [90m1671 |[0m
  [90m     |[0m [31m[1m^[0m
[31m[1m>[0m [90m1672 |[0m # --- [33mProcess[0m ---
  [90m     |[0m [31m[1m^^^^^^^^^^^^^^^^^[0m
[31m[1m>[0m [90m1673 |[0m original = n
  [90m     |[0m [31m[1m^^^^^^^^^^^^[0m
[31m[1m>[0m [90m1674 |[0m temp = n
  [90m     |[0m [31m[1m^^^^^^^^[0m
[31m[1m>[0m [90m1675 |[0m
  [90m     |[0m [31m[1m^[0m
[31m[1m>[0m [90m1676 |[0m # [33mCount[0m digits
  [90m     |[0m [31m[1m^^^^^^^^^^^^^^[0m
[31m[1m>[0m [90m1677 |[0m num_str = str(n)
  [90m     |[0m [31m[1m^^^^^^^^^^^^^^^^[0m
[31m[1m>[0m [90m1678 |[0m num_digits = len(num_str)
  [90m     |[0m [31m[1m^^^^^^^^^^^^^^^^^^^^^^^^^[0m
[31m[1m>[0m [90m1679 |[0m
  [90m     |[0m [31m[1m^[0m
[31m[1m>[0m [90m1680 |[0m # [33mCalculate[0m sum [36mof[0m powers
  [90m     |[0m [31m[1m^^^^^^^^^^^^^^^^^^^^^^^^^[0m
[31m[1m>[0m [90m1681 |[0m armstrong_sum = [35m0[0m
  [90m     |[0m [31m[1m^^^^^^^^^^^^^^^^^[0m
[31m[1m>[0m [90m1682 |[0m [36mwhile[0m temp > [35m0[0m:
  [90m     |[0m [31m[1m^^^^^^^^^^^^^^^[0m
[31m[1m>[0m [90m1683 |[0m     digit = temp % [35m10[0m
  [90m     |[0m [31m[1m^^^^^^^^^^^^^^^^^^^^^[0m
[31m[1m>[0m [90m1684 |[0m     armstrong_sum += digit ** num_digits  # digit ^ num_digits
  [90m     |[0m [31m[1m^^^^^^^^^^^^^^^^^^^^^^^^^^^^^^^^^^^^^^^^^^^^^^^^^^^^^^^^^^^^^^[0m
[31m[1m>[0m [90m1685 |[0m     temp = temp [90m// 10[0m
  [90m     |[0m [31m[1m^^^^^^^^^^^^^^^^^^^^^[0m
[31m[1m>[0m [90m1686 |[0m
  [90m     |[0m [31m[1m^[0m
[31m[1m>[0m [90m1687 |[0m # --- [33mOutput[0m ---
  [90m     |[0m [31m[1m^^^^^^^^^^^^^^^^[0m
[31m[1m>[0m [90m1688 |[0m [36mif[0m original == armstrong_sum:
  [90m     |[0m [31m[1m^^^^^^^^^^^^^^^^^^^^^^^^^^^^^[0m
[31m[1m>[0m [90m1689 |[0m     print(f[32m"{original} IS an Armstrong number!"[0m)
  [90m     |[0m [31m[1m^^^^^^^^^^^^^^^^^^^^^^^^^^^^^^^^^^^^^^^^^^^^^^^^[0m
[31m[1m>[0m [90m1690 |[0m     print(f[32m"Calculation: {' + '.join(f'{int(d)}^{num_digits}' for d in num_str)} = 
{arms...[0m
  [90m     |[0m 
[31m[1m^^^^^^^^^^^^^^^^^^^^^^^^^^^^^^^^^^^^^^^^^^^^^^^^^^^^^^^^^^^^^^^^^^^^^^^^^^^^^^^^^^^^^^^^^^^[0m
[31m[1m>[0m [90m1691 |[0m [36melse[0m:
  [90m     |[0m [31m[1m^^^^^[0m
[31m[1m>[0m [90m1692 |[0m     print(f[32m"{original} is NOT an Armstrong number."[0m)
  [90m     |[0m [31m[1m^^^^^^^^^^^^^^^^^^^^^^^^^^^^^^^^^^^^^^^^^^^^^^^^^^^^[0m
[31m[1m>[0m [90m1693 |[0m     print(f[32m"Calculated sum: {armstrong_sum}"[0m)
  [90m     |[0m [31m[1m^^^^^^^^^^^^^^^^^^^^^^^^^^^^^^^^^^^^^^^^^^^^^[0m
[31m[1m>[0m [90m1694 |[0m
  [90m     |[0m [31m[1m^[0m
[31m[1m>[0m [90m1695 |[0m # ============================================
  [90m     |[0m [31m[1m^^^^^^^^^^^^^^^^^^^^^^^^^^^^^^^^^^^^^^^^^^^^^^[0m
[31m[1m>[0m [90m1696 |[0m # [33mExecution[0m [33mTrace[0m:
  [90m     |[0m [31m[1m^^^^^^^^^^^^^^^^^^[0m
[31m[1m>[0m [90m1697 |[0m # [33mInput[0m: [35m153[0m ([35m3[0m digits)
  [90m     |[0m [31m[1m^^^^^^^^^^^^^^^^^^^^^^^[0m
[31m[1m>[0m [90m1698 |[0m # [35m1[0m^[35m3[0m + [35m5[0m^[35m3[0m + [35m3[0m^[35m3[0m = [35m1[0m + 
[35m125[0m + [35m27[0m = [35m153[0m
  [90m     |[0m [31m[1m^^^^^^^^^^^^^^^^^^^^^^^^^^^^^^^^^^^^^^[0m
[31m[1m>[0m [90m1699 |[0m # [35m153[0m == [35m153[0m? [33mYes[0m!
  [90m     |[0m [31m[1m^^^^^^^^^^^^^^^^^^[0m
[31m[1m>[0m [90m1700 |[0m # [33mOutput[0m: [35m153[0m [33mIS[0m an [33mArmstrong[0m number!
  [90m     |[0m [31m[1m^^^^^^^^^^^^^^^^^^^^^^^^^^^^^^^^^^^^^[0m
[31m[1m>[0m [90m1701 |[0m # ============================================
  [90m     |[0m [31m[1m^^^^^^^^^^^^^^^^^^^^^^^^^^^^^^^^^^^^^^^^^^^^^^[0m
[31m[1m>[0m [90m1702 |[0m
  [90m     |[0m [31m[1m^[0m
[31m[1m>[0m [90m1703 |[0m # [33mTRY[0m [33mTHIS[0m: [33mFind[0m all [33mArmstrong[0m numbers between 
[35m1[0m and [35m10000[0m
  [90m     |[0m [31m[1m^^^^^^^^^^^^^^^^^^^^^^^^^^^^^^^^^^^^^^^^^^^^^^^^^^^^^^^^^^[0m
[31m[1m>[0m [90m1704 |[0m [32m`,[0m
  [90m     |[0m [31m[1m^[0m
  [90m1705 |[0m [32m    funFact: "Armstrong numbers are named after Michael F. Armstrong, a math professor!"[0m
  [90m1706 |[0m [32m  },[0m
  [90m1707 |[0m

Parsing ecmascript source code failed

Import traces:
  App Route:
    ./src/data/pythonPrograms.ts
    ./app/api/admin/users/import-teachers-csv/route.ts

  Client Component Browser:
    ./src/data/pythonPrograms.ts [Client Component Browser]
    ./src/sections/ProgramsSection.tsx [Client Component Browser]
    ./src/sections/ProgramsSection.tsx [Server Component]
    ./app/page.tsx [Server Component]

  Client Component SSR:
    ./src/data/pythonPrograms.ts [Client Component SSR]
    ./src/sections/ProgramsSection.tsx [Client Component SSR]
    ./src/sections/ProgramsSection.tsx [Server Component]
    ./app/page.tsx [Server Component]


./src/data/pythonPrograms.ts:1705:14
Cannot assign to this
  [90m1703 |[0m # [33mTRY[0m [33mTHIS[0m: [33mFind[0m all [33mArmstrong[0m numbers between [35m1[0m and 
[35m10000[0m
  [90m1704 |[0m [32m`,[0m
[31m[1m>[0m [90m1705 |[0m [32m    funFact: "Armstrong numbers are named after Michael F. Armstrong, a math 
professor!"[0m
  [90m     |[0m              [31m[1m^^^^^^^^^^^^^^^^^^^^^^^^^^^^^^^^^^^^^^^^^^^^^^^^^^^^^^^^^^^^^^^^^^^^^^^^^^^[0m
  [90m1706 |[0m [32m  },[0m
  [90m1707 |[0m
  [90m1708 |[0m [32m  // ==================== LOOPS & PATTERNS ====================[0m

Parsing ecmascript source code failed

Import traces:
  App Route:
    ./src/data/pythonPrograms.ts
    ./app/api/admin/users/import-teachers-csv/route.ts

  Client Component Browser:
    ./src/data/pythonPrograms.ts [Client Component Browser]
    ./src/sections/ProgramsSection.tsx [Client Component Browser]
    ./src/sections/ProgramsSection.tsx [Server Component]
    ./app/page.tsx [Server Component]

  Client Component SSR:
    ./src/data/pythonPrograms.ts [Client Component SSR]
    ./src/sections/ProgramsSection.tsx [Client Component SSR]
    ./src/sections/ProgramsSection.tsx [Server Component]
    ./app/page.tsx [Server Component]


./src/data/pythonPrograms.ts:1710:9
Cannot assign to this
  [90m1708 |[0m   [90m// ==================== LOOPS & PATTERNS ====================[0m
  [90m1709 |[0m   {
[31m[1m>[0m [90m1710 |[0m     id: [32m"lp-6"[0m,
  [90m     |[0m         [31m[1m^^^^^^[0m
  [90m1711 |[0m     title: [32m"Count Even and Odd"[0m,
  [90m1712 |[0m     language: [32m"python"[0m [36mas[0m [36mconst[0m,
  [90m1713 |[0m     category: [32m"Loops & Patterns"[0m,

Parsing ecmascript source code failed

Import traces:
  App Route:
    ./src/data/pythonPrograms.ts
    ./app/api/admin/users/import-teachers-csv/route.ts

  Client Component Browser:
    ./src/data/pythonPrograms.ts [Client Component Browser]
    ./src/sections/ProgramsSection.tsx [Client Component Browser]
    ./src/sections/ProgramsSection.tsx [Server Component]
    ./app/page.tsx [Server Component]

  Client Component SSR:
    ./src/data/pythonPrograms.ts [Client Component SSR]
    ./src/sections/ProgramsSection.tsx [Client Component SSR]
    ./src/sections/ProgramsSection.tsx [Server Component]
    ./app/page.tsx [Server Component]


./src/data/pythonPrograms.ts:1711:12
Cannot assign to this
  [90m1709 |[0m   {
  [90m1710 |[0m     id: [32m"lp-6"[0m,
[31m[1m>[0m [90m1711 |[0m     title: [32m"Count Even and Odd"[0m,
  [90m     |[0m            [31m[1m^^^^^^^^^^^^^^^^^^^^[0m
  [90m1712 |[0m     language: [32m"python"[0m [36mas[0m [36mconst[0m,
  [90m1713 |[0m     category: [32m"Loops & Patterns"[0m,
  [90m1714 |[0m     difficulty: [32m"Easy"[0m,

Parsing ecmascript source code failed

Import traces:
  App Route:
    ./src/data/pythonPrograms.ts
    ./app/api/admin/users/import-teachers-csv/route.ts

  Client Component Browser:
    ./src/data/pythonPrograms.ts [Client Component Browser]
    ./src/sections/ProgramsSection.tsx [Client Component Browser]
    ./src/sections/ProgramsSection.tsx [Server Component]
    ./app/page.tsx [Server Component]

  Client Component SSR:
    ./src/data/pythonPrograms.ts [Client Component SSR]
    ./src/sections/ProgramsSection.tsx [Client Component SSR]
    ./src/sections/ProgramsSection.tsx [Server Component]
    ./app/page.tsx [Server Component]


./src/data/pythonPrograms.ts:1713:15
Cannot assign to this
  [90m1711 |[0m     title: [32m"Count Even and Odd"[0m,
  [90m1712 |[0m     language: [32m"python"[0m [36mas[0m [36mconst[0m,
[31m[1m>[0m [90m1713 |[0m     category: [32m"Loops & Patterns"[0m,
  [90m     |[0m               [31m[1m^^^^^^^^^^^^^^^^^^[0m
  [90m1714 |[0m     difficulty: [32m"Easy"[0m,
  [90m1715 |[0m     classLevel: [32m"Class 9"[0m [36mas[0m [36mconst[0m,
  [90m1716 |[0m     description: [32m"Count how many even and odd numbers are in a list."[0m,

Parsing ecmascript source code failed

Import traces:
  App Route:
    ./src/data/pythonPrograms.ts
    ./app/api/admin/users/import-teachers-csv/route.ts

  Client Component Browser:
    ./src/data/pythonPrograms.ts [Client Component Browser]
    ./src/sections/ProgramsSection.tsx [Client Component Browser]
    ./src/sections/ProgramsSection.tsx [Server Component]
    ./app/page.tsx [Server Component]

  Client Component SSR:
    ./src/data/pythonPrograms.ts [Client Component SSR]
    ./src/sections/ProgramsSection.tsx [Client Component SSR]
    ./src/sections/ProgramsSection.tsx [Server Component]
    ./app/page.tsx [Server Component]


./src/data/pythonPrograms.ts:1714:17
Cannot assign to this
  [90m1712 |[0m     language: [32m"python"[0m [36mas[0m [36mconst[0m,
  [90m1713 |[0m     category: [32m"Loops & Patterns"[0m,
[31m[1m>[0m [90m1714 |[0m     difficulty: [32m"Easy"[0m,
  [90m     |[0m                 [31m[1m^^^^^^[0m
  [90m1715 |[0m     classLevel: [32m"Class 9"[0m [36mas[0m [36mconst[0m,
  [90m1716 |[0m     description: [32m"Count how many even and odd numbers are in a list."[0m,
  [90m1717 |[0m     code: [32m`# ============================================[0m

Parsing ecmascript source code failed

Import traces:
  App Route:
    ./src/data/pythonPrograms.ts
    ./app/api/admin/users/import-teachers-csv/route.ts

  Client Component Browser:
    ./src/data/pythonPrograms.ts [Client Component Browser]
    ./src/sections/ProgramsSection.tsx [Client Component Browser]
    ./src/sections/ProgramsSection.tsx [Server Component]
    ./app/page.tsx [Server Component]

  Client Component SSR:
    ./src/data/pythonPrograms.ts [Client Component SSR]
    ./src/sections/ProgramsSection.tsx [Client Component SSR]
    ./src/sections/ProgramsSection.tsx [Server Component]
    ./app/page.tsx [Server Component]


./src/data/pythonPrograms.ts:1716:18
Cannot assign to this
  [90m1714 |[0m     difficulty: [32m"Easy"[0m,
  [90m1715 |[0m     classLevel: [32m"Class 9"[0m [36mas[0m [36mconst[0m,
[31m[1m>[0m [90m1716 |[0m     description: [32m"Count how many even and odd numbers are in a list."[0m,
  [90m     |[0m                  [31m[1m^^^^^^^^^^^^^^^^^^^^^^^^^^^^^^^^^^^^^^^^^^^^^^^^^^^^[0m
  [90m1717 |[0m     code: [32m`# ============================================[0m
  [90m1718 |[0m [32m# Count Even and Odd Numbers[0m
  [90m1719 |[0m [32m# ============================================[0m

Parsing ecmascript source code failed

Import traces:
  App Route:
    ./src/data/pythonPrograms.ts
    ./app/api/admin/users/import-teachers-csv/route.ts

  Client Component Browser:
    ./src/data/pythonPrograms.ts [Client Component Browser]
    ./src/sections/ProgramsSection.tsx [Client Component Browser]
    ./src/sections/ProgramsSection.tsx [Server Component]
    ./app/page.tsx [Server Component]

  Client Component SSR:
    ./src/data/pythonPrograms.ts [Client Component SSR]
    ./src/sections/ProgramsSection.tsx [Client Component SSR]
    ./src/sections/ProgramsSection.tsx [Server Component]
    ./app/page.tsx [Server Component]


./src/data/pythonPrograms.ts:1717:11
Cannot assign to this
  [90m1715 |[0m     classLevel: [32m"Class 9"[0m [36mas[0m [36mconst[0m,
  [90m1716 |[0m     description: [32m"Count how many even and odd numbers are in a list."[0m,
[31m[1m>[0m [90m1717 |[0m     code: [32m`# ============================================[0m
  [90m     |[0m           [31m[1m^^^^^^^^^^^^^^^^^^^^^^^^^^^^^^^^^^^^^^^^^^^^^^[0m
[31m[1m>[0m [90m1718 |[0m [32m# Count Even and Odd Numbers[0m
  [90m     |[0m [31m[1m^^^^^^^^^^^^^^^^^^^^^^^^^^^^[0m
[31m[1m>[0m [90m1719 |[0m [32m# ============================================[0m
  [90m     |[0m [31m[1m^^^^^^^^^^^^^^^^^^^^^^^^^^^^^^^^^^^^^^^^^^^^^^[0m
[31m[1m>[0m [90m1720 |[0m [32m# Use modulo (%) to check even or odd[0m
  [90m     |[0m [31m[1m^^^^^^^^^^^^^^^^^^^^^^^^^^^^^^^^^^^^^[0m
[31m[1m>[0m [90m1721 |[0m [32m# Even: n % 2 == 0, Odd: n % 2 != 0[0m
  [90m     |[0m [31m[1m^^^^^^^^^^^^^^^^^^^^^^^^^^^^^^^^^^^[0m
[31m[1m>[0m [90m1722 |[0m [32m# ============================================[0m
  [90m     |[0m [31m[1m^^^^^^^^^^^^^^^^^^^^^^^^^^^^^^^^^^^^^^^^^^^^^^[0m
[31m[1m>[0m [90m1723 |[0m
  [90m     |[0m [31m[1m^[0m
[31m[1m>[0m [90m1724 |[0m [32m# --- Input ---[0m
  [90m     |[0m [31m[1m^^^^^^^^^^^^^^^[0m
[31m[1m>[0m [90m1725 |[0m [32mnumbers = [12, 7, 23, 8, 15, 4, 30, 11, 2, 19][0m
  [90m     |[0m [31m[1m^^^^^^^^^^^^^^^^^^^^^^^^^^^^^^^^^^^^^^^^^^^^^^[0m
[31m[1m>[0m [90m1726 |[0m
  [90m     |[0m [31m[1m^[0m
[31m[1m>[0m [90m1727 |[0m [32m# --- Process ---[0m
  [90m     |[0m [31m[1m^^^^^^^^^^^^^^^^^[0m
[31m[1m>[0m [90m1728 |[0m [32meven_count = 0[0m
  [90m     |[0m [31m[1m^^^^^^^^^^^^^^[0m
[31m[1m>[0m [90m1729 |[0m [32modd_count = 0[0m
  [90m     |[0m [31m[1m^^^^^^^^^^^^^[0m
[31m[1m>[0m [90m1730 |[0m
  [90m     |[0m [31m[1m^[0m
[31m[1m>[0m [90m1731 |[0m [32mfor num in numbers:[0m
  [90m     |[0m [31m[1m^^^^^^^^^^^^^^^^^^^[0m
[31m[1m>[0m [90m1732 |[0m [32m    if num % 2 == 0:[0m
  [90m     |[0m [31m[1m^^^^^^^^^^^^^^^^^^^^[0m
[31m[1m>[0m [90m1733 |[0m [32m        even_count += 1[0m
  [90m     |[0m [31m[1m^^^^^^^^^^^^^^^^^^^^^^^[0m
[31m[1m>[0m [90m1734 |[0m [32m        print(f"{num} is Even")[0m
  [90m     |[0m [31m[1m^^^^^^^^^^^^^^^^^^^^^^^^^^^^^^^[0m
[31m[1m>[0m [90m1735 |[0m [32m    else:[0m
  [90m     |[0m [31m[1m^^^^^^^^^[0m
[31m[1m>[0m [90m1736 |[0m [32m        odd_count += 1[0m
  [90m     |[0m [31m[1m^^^^^^^^^^^^^^^^^^^^^^[0m
[31m[1m>[0m [90m1737 |[0m [32m        print(f"{num} is Odd")[0m
  [90m     |[0m [31m[1m^^^^^^^^^^^^^^^^^^^^^^^^^^^^^^[0m
[31m[1m>[0m [90m1738 |[0m
  [90m     |[0m [31m[1m^[0m
[31m[1m>[0m [90m1739 |[0m [32m# --- Output ---[0m
  [90m     |[0m [31m[1m^^^^^^^^^^^^^^^^[0m
[31m[1m>[0m [90m1740 |[0m [32mprint(f"\\nEven numbers: {even_count}")[0m
  [90m     |[0m [31m[1m^^^^^^^^^^^^^^^^^^^^^^^^^^^^^^^^^^^^^^^[0m
[31m[1m>[0m [90m1741 |[0m [32mprint(f"Odd numbers: {odd_count}")[0m
  [90m     |[0m [31m[1m^^^^^^^^^^^^^^^^^^^^^^^^^^^^^^^^^^[0m
[31m[1m>[0m [90m1742 |[0m [32mprint(f"Total: {even_count + odd_count}")[0m
  [90m     |[0m [31m[1m^^^^^^^^^^^^^^^^^^^^^^^^^^^^^^^^^^^^^^^^^[0m
[31m[1m>[0m [90m1743 |[0m
  [90m     |[0m [31m[1m^[0m
[31m[1m>[0m [90m1744 |[0m [32m# ============================================[0m
  [90m     |[0m [31m[1m^^^^^^^^^^^^^^^^^^^^^^^^^^^^^^^^^^^^^^^^^^^^^^[0m
[31m[1m>[0m [90m1745 |[0m [32m# Execution Trace:[0m
  [90m     |[0m [31m[1m^^^^^^^^^^^^^^^^^^[0m
[31m[1m>[0m [90m1746 |[0m [32m# [12,7,23,8,15,4,30,11,2,19][0m
  [90m     |[0m [31m[1m^^^^^^^^^^^^^^^^^^^^^^^^^^^^^[0m
[31m[1m>[0m [90m1747 |[0m [32m# 12: Even, 7: Odd, 23: Odd, 8: Even, 15: Odd,[0m
  [90m     |[0m [31m[1m^^^^^^^^^^^^^^^^^^^^^^^^^^^^^^^^^^^^^^^^^^^^^^[0m
[31m[1m>[0m [90m1748 |[0m [32m# 4: Even, 30: Even, 11: Odd, 2: Even, 19: Odd[0m
  [90m     |[0m [31m[1m^^^^^^^^^^^^^^^^^^^^^^^^^^^^^^^^^^^^^^^^^^^^^^[0m
[31m[1m>[0m [90m1749 |[0m [32m# Even: 5, Odd: 5, Total: 10[0m
  [90m     |[0m [31m[1m^^^^^^^^^^^^^^^^^^^^^^^^^^^^[0m
[31m[1m>[0m [90m1750 |[0m [32m# ============================================[0m
  [90m     |[0m [31m[1m^^^^^^^^^^^^^^^^^^^^^^^^^^^^^^^^^^^^^^^^^^^^^^[0m
[31m[1m>[0m [90m1751 |[0m
  [90m     |[0m [31m[1m^[0m
[31m[1m>[0m [90m1752 |[0m [32m# TRY THIS: Also count how many are divisible by 3[0m
  [90m     |[0m [31m[1m^^^^^^^^^^^^^^^^^^^^^^^^^^^^^^^^^^^^^^^^^^^^^^^^^^[0m
[31m[1m>[0m [90m1753 |[0m [32m`[0m,
  [90m     |[0m [31m[1m^[0m
  [90m1754 |[0m     funFact: [32m"Zero is the only number that is both even and neither positive nor negative!"[0m
  [90m1755 |[0m   },
  [90m1756 |[0m   {

Parsing ecmascript source code failed

Import traces:
  App Route:
    ./src/data/pythonPrograms.ts
    ./app/api/admin/users/import-teachers-csv/route.ts

  Client Component Browser:
    ./src/data/pythonPrograms.ts [Client Component Browser]
    ./src/sections/ProgramsSection.tsx [Client Component Browser]
    ./src/sections/ProgramsSection.tsx [Server Component]
    ./app/page.tsx [Server Component]

  Client Component SSR:
    ./src/data/pythonPrograms.ts [Client Component SSR]
    ./src/sections/ProgramsSection.tsx [Client Component SSR]
    ./src/sections/ProgramsSection.tsx [Server Component]
    ./app/page.tsx [Server Component]


./src/data/pythonPrograms.ts:1754:14
Cannot assign to this
  [90m1752 |[0m # [33mTRY[0m [33mTHIS[0m: [33mAlso[0m count how many are divisible by [35m3[0m
  [90m1753 |[0m [32m`,[0m
[31m[1m>[0m [90m1754 |[0m [32m    funFact: "Zero is the only number that is both even and neither positive nor 
negative!"[0m
  [90m     |[0m              
[31m[1m^^^^^^^^^^^^^^^^^^^^^^^^^^^^^^^^^^^^^^^^^^^^^^^^^^^^^^^^^^^^^^^^^^^^^^^^^^^^^^[0m
  [90m1755 |[0m [32m  },[0m
  [90m1756 |[0m [32m  {[0m
  [90m1757 |[0m [32m    id: "lp-7",[0m

Parsing ecmascript source code failed

Import traces:
  App Route:
    ./src/data/pythonPrograms.ts
    ./app/api/admin/users/import-teachers-csv/route.ts

  Client Component Browser:
    ./src/data/pythonPrograms.ts [Client Component Browser]
    ./src/sections/ProgramsSection.tsx [Client Component Browser]
    ./src/sections/ProgramsSection.tsx [Server Component]
    ./app/page.tsx [Server Component]

  Client Component SSR:
    ./src/data/pythonPrograms.ts [Client Component SSR]
    ./src/sections/ProgramsSection.tsx [Client Component SSR]
    ./src/sections/ProgramsSection.tsx [Server Component]
    ./app/page.tsx [Server Component]


./src/data/pythonPrograms.ts:1757:9
Cannot assign to this
  [90m1755 |[0m [32m  },[0m
  [90m1756 |[0m [32m  {[0m
[31m[1m>[0m [90m1757 |[0m [32m    id: "lp-7",[0m
  [90m     |[0m         [31m[1m^^^^^^[0m
  [90m1758 |[0m [32m    title: "Multiplication Grid",[0m
  [90m1759 |[0m [32m    language: "python" as const,[0m
  [90m1760 |[0m [32m    category: "Loops & Patterns",[0m

Parsing ecmascript source code failed

Import traces:
  App Route:
    ./src/data/pythonPrograms.ts
    ./app/api/admin/users/import-teachers-csv/route.ts

  Client Component Browser:
    ./src/data/pythonPrograms.ts [Client Component Browser]
    ./src/sections/ProgramsSection.tsx [Client Component Browser]
    ./src/sections/ProgramsSection.tsx [Server Component]
    ./app/page.tsx [Server Component]

  Client Component SSR:
    ./src/data/pythonPrograms.ts [Client Component SSR]
    ./src/sections/ProgramsSection.tsx [Client Component SSR]
    ./src/sections/ProgramsSection.tsx [Server Component]
    ./app/page.tsx [Server Component]


./src/data/pythonPrograms.ts:1758:12
Cannot assign to this
  [90m1756 |[0m [32m  {[0m
  [90m1757 |[0m [32m    id: "lp-7",[0m
[31m[1m>[0m [90m1758 |[0m [32m    title: "Multiplication Grid",[0m
  [90m     |[0m            [31m[1m^^^^^^^^^^^^^^^^^^^^^[0m
  [90m1759 |[0m [32m    language: "python" as const,[0m
  [90m1760 |[0m [32m    category: "Loops & Patterns",[0m
  [90m1761 |[0m [32m    difficulty: "Medium",[0m

Parsing ecmascript source code failed

Import traces:
  App Route:
    ./src/data/pythonPrograms.ts
    ./app/api/admin/users/import-teachers-csv/route.ts

  Client Component Browser:
    ./src/data/pythonPrograms.ts [Client Component Browser]
    ./src/sections/ProgramsSection.tsx [Client Component Browser]
    ./src/sections/ProgramsSection.tsx [Server Component]
    ./app/page.tsx [Server Component]

  Client Component SSR:
    ./src/data/pythonPrograms.ts [Client Component SSR]
    ./src/sections/ProgramsSection.tsx [Client Component SSR]
    ./src/sections/ProgramsSection.tsx [Server Component]
    ./app/page.tsx [Server Component]


./src/data/pythonPrograms.ts:1760:15
Cannot assign to this
  [90m1758 |[0m [32m    title: "Multiplication Grid",[0m
  [90m1759 |[0m [32m    language: "python" as const,[0m
[31m[1m>[0m [90m1760 |[0m [32m    category: "Loops & Patterns",[0m
  [90m     |[0m               [31m[1m^^^^^^^^^^^^^^^^^^[0m
  [90m1761 |[0m [32m    difficulty: "Medium",[0m
  [90m1762 |[0m [32m    classLevel: "Class 9" as const,[0m
  [90m1763 |[0m [32m    description: "Generate a multiplication table grid using nested loops.",[0m

Parsing ecmascript source code failed

Import traces:
  App Route:
    ./src/data/pythonPrograms.ts
    ./app/api/admin/users/import-teachers-csv/route.ts

  Client Component Browser:
    ./src/data/pythonPrograms.ts [Client Component Browser]
    ./src/sections/ProgramsSection.tsx [Client Component Browser]
    ./src/sections/ProgramsSection.tsx [Server Component]
    ./app/page.tsx [Server Component]

  Client Component SSR:
    ./src/data/pythonPrograms.ts [Client Component SSR]
    ./src/sections/ProgramsSection.tsx [Client Component SSR]
    ./src/sections/ProgramsSection.tsx [Server Component]
    ./app/page.tsx [Server Component]


./src/data/pythonPrograms.ts:1761:17
Cannot assign to this
  [90m1759 |[0m [32m    language: "python" as const,[0m
  [90m1760 |[0m [32m    category: "Loops & Patterns",[0m
[31m[1m>[0m [90m1761 |[0m [32m    difficulty: "Medium",[0m
  [90m     |[0m                 [31m[1m^^^^^^^^[0m
  [90m1762 |[0m [32m    classLevel: "Class 9" as const,[0m
  [90m1763 |[0m [32m    description: "Generate a multiplication table grid using nested loops.",[0m
  [90m1764 |[0m [32m    code: `[0m# ============================================

Parsing ecmascript source code failed

Import traces:
  App Route:
    ./src/data/pythonPrograms.ts
    ./app/api/admin/users/import-teachers-csv/route.ts

  Client Component Browser:
    ./src/data/pythonPrograms.ts [Client Component Browser]
    ./src/sections/ProgramsSection.tsx [Client Component Browser]
    ./src/sections/ProgramsSection.tsx [Server Component]
    ./app/page.tsx [Server Component]

  Client Component SSR:
    ./src/data/pythonPrograms.ts [Client Component SSR]
    ./src/sections/ProgramsSection.tsx [Client Component SSR]
    ./src/sections/ProgramsSection.tsx [Server Component]
    ./app/page.tsx [Server Component]


./src/data/pythonPrograms.ts:1763:18
Cannot assign to this
  [90m1761 |[0m [32m    difficulty: "Medium",[0m
  [90m1762 |[0m [32m    classLevel: "Class 9" as const,[0m
[31m[1m>[0m [90m1763 |[0m [32m    description: "Generate a multiplication table grid using nested loops.",[0m
  [90m     |[0m                  [31m[1m^^^^^^^^^^^^^^^^^^^^^^^^^^^^^^^^^^^^^^^^^^^^^^^^^^^^^^^^^^[0m
  [90m1764 |[0m [32m    code: `[0m# ============================================
  [90m1765 |[0m # [33mMultiplication[0m [33mGrid[0m
  [90m1766 |[0m # ============================================

Parsing ecmascript source code failed

Import traces:
  App Route:
    ./src/data/pythonPrograms.ts
    ./app/api/admin/users/import-teachers-csv/route.ts

  Client Component Browser:
    ./src/data/pythonPrograms.ts [Client Component Browser]
    ./src/sections/ProgramsSection.tsx [Client Component Browser]
    ./src/sections/ProgramsSection.tsx [Server Component]
    ./app/page.tsx [Server Component]

  Client Component SSR:
    ./src/data/pythonPrograms.ts [Client Component SSR]
    ./src/sections/ProgramsSection.tsx [Client Component SSR]
    ./src/sections/ProgramsSection.tsx [Server Component]
    ./app/page.tsx [Server Component]


./src/data/pythonPrograms.ts:1764:11
Cannot assign to this
  [90m1762 |[0m [32m    classLevel: "Class 9" as const,[0m
  [90m1763 |[0m [32m    description: "Generate a multiplication table grid using nested loops.",[0m
[31m[1m>[0m [90m1764 |[0m [32m    code: `[0m# ============================================
  [90m     |[0m           [31m[1m^^^^^^^^^^^^^^^^^^^^^^^^^^^^^^^^^^^^^^^^^^^^^^[0m
[31m[1m>[0m [90m1765 |[0m # [33mMultiplication[0m [33mGrid[0m
  [90m     |[0m [31m[1m^^^^^^^^^^^^^^^^^^^^^[0m
[31m[1m>[0m [90m1766 |[0m # ============================================
  [90m     |[0m [31m[1m^^^^^^^^^^^^^^^^^^^^^^^^^^^^^^^^^^^^^^^^^^^^^^[0m
[31m[1m>[0m [90m1767 |[0m # [33mNested[0m [36mfor[0m loops create rows and columns
  [90m     |[0m [31m[1m^^^^^^^^^^^^^^^^^^^^^^^^^^^^^^^^^^^^^^^^^^[0m
[31m[1m>[0m [90m1768 |[0m # ============================================
  [90m     |[0m [31m[1m^^^^^^^^^^^^^^^^^^^^^^^^^^^^^^^^^^^^^^^^^^^^^^[0m
[31m[1m>[0m [90m1769 |[0m
  [90m     |[0m [31m[1m^[0m
[31m[1m>[0m [90m1770 |[0m # --- [33mInput[0m ---
  [90m     |[0m [31m[1m^^^^^^^^^^^^^^^[0m
[31m[1m>[0m [90m1771 |[0m size = int(input([32m"Enter table size (e.g., 5): "[0m))
  [90m     |[0m [31m[1m^^^^^^^^^^^^^^^^^^^^^^^^^^^^^^^^^^^^^^^^^^^^^^^^^[0m
[31m[1m>[0m [90m1772 |[0m
  [90m     |[0m [31m[1m^[0m
[31m[1m>[0m [90m1773 |[0m # --- [33mProcess[0m ---
  [90m     |[0m [31m[1m^^^^^^^^^^^^^^^^^[0m
[31m[1m>[0m [90m1774 |[0m # [33mPrint[0m header
  [90m     |[0m [31m[1m^^^^^^^^^^^^^^[0m
[31m[1m>[0m [90m1775 |[0m print(f[32m"{'':>4}"[0m, end=[32m""[0m)
  [90m     |[0m [31m[1m^^^^^^^^^^^^^^^^^^^^^^^^^[0m
[31m[1m>[0m [90m1776 |[0m [36mfor[0m i [36min[0m range([35m1[0m, size + [35m1[0m):
  [90m     |[0m [31m[1m^^^^^^^^^^^^^^^^^^^^^^^^^^^^[0m
[31m[1m>[0m [90m1777 |[0m     print(f[32m"{i:>5}"[0m, end=[32m""[0m)
  [90m     |[0m [31m[1m^^^^^^^^^^^^^^^^^^^^^^^^^^^^[0m
[31m[1m>[0m [90m1778 |[0m print()
  [90m     |[0m [31m[1m^^^^^^^[0m
[31m[1m>[0m [90m1779 |[0m
  [90m     |[0m [31m[1m^[0m
[31m[1m>[0m [90m1780 |[0m # [33mPrint[0m separator
  [90m     |[0m [31m[1m^^^^^^^^^^^^^^^^^[0m
[31m[1m>[0m [90m1781 |[0m print([32m"-"[0m * ([35m5[0m * size + [35m5[0m))
  [90m     |[0m [31m[1m^^^^^^^^^^^^^^^^^^^^^^^^^^^[0m
[31m[1m>[0m [90m1782 |[0m
  [90m     |[0m [31m[1m^[0m
[31m[1m>[0m [90m1783 |[0m # [33mPrint[0m rows
  [90m     |[0m [31m[1m^^^^^^^^^^^^[0m
[31m[1m>[0m [90m1784 |[0m [36mfor[0m row [36min[0m range([35m1[0m, size + [35m1[0m):
  [90m     |[0m [31m[1m^^^^^^^^^^^^^^^^^^^^^^^^^^^^^^[0m
[31m[1m>[0m [90m1785 |[0m     print(f[32m"{row:>3} |"[0m, end=[32m""[0m)
  [90m     |[0m [31m[1m^^^^^^^^^^^^^^^^^^^^^^^^^^^^^^^^[0m
[31m[1m>[0m [90m1786 |[0m     [36mfor[0m col [36min[0m range([35m1[0m, size + [35m1[0m):
  [90m     |[0m [31m[1m^^^^^^^^^^^^^^^^^^^^^^^^^^^^^^^^^^[0m
[31m[1m>[0m [90m1787 |[0m         print(f[32m"{row * col:>5}"[0m, end=[32m""[0m)
  [90m     |[0m [31m[1m^^^^^^^^^^^^^^^^^^^^^^^^^^^^^^^^^^^^^^^^[0m
[31m[1m>[0m [90m1788 |[0m     print()
  [90m     |[0m [31m[1m^^^^^^^^^^^[0m
[31m[1m>[0m [90m1789 |[0m
  [90m     |[0m [31m[1m^[0m
[31m[1m>[0m [90m1790 |[0m # ============================================
  [90m     |[0m [31m[1m^^^^^^^^^^^^^^^^^^^^^^^^^^^^^^^^^^^^^^^^^^^^^^[0m
[31m[1m>[0m [90m1791 |[0m # [33mExecution[0m [33mTrace[0m:
  [90m     |[0m [31m[1m^^^^^^^^^^^^^^^^^^[0m
[31m[1m>[0m [90m1792 |[0m # [33mInput[0m: [35m5[0m
  [90m     |[0m [31m[1m^^^^^^^^^^[0m
[31m[1m>[0m [90m1793 |[0m # [33mHeader[0m:     [35m1[0m    [35m2[0m    [35m3[0m    [35m4[0m    
[35m5[0m
  [90m     |[0m [31m[1m^^^^^^^^^^^^^^^^^^^^^^^^^^^^^^^^^^^[0m
[31m[1m>[0m [90m1794 |[0m # [33mRow[0m [35m1[0m:  [35m1[0m |    [35m1[0m    [35m2[0m    [35m3[0m    
[35m4[0m    [35m5[0m
  [90m     |[0m [31m[1m^^^^^^^^^^^^^^^^^^^^^^^^^^^^^^^^^^^^^^[0m
[31m[1m>[0m [90m1795 |[0m # [33mRow[0m [35m2[0m:  [35m2[0m |    [35m2[0m    [35m4[0m    [35m6[0m    
[35m8[0m   [35m10[0m
  [90m     |[0m [31m[1m^^^^^^^^^^^^^^^^^^^^^^^^^^^^^^^^^^^^^^[0m
[31m[1m>[0m [90m1796 |[0m # [33mRow[0m [35m3[0m:  [35m3[0m |    [35m3[0m    [35m6[0m    [35m9[0m   
[35m12[0m   [35m15[0m
  [90m     |[0m [31m[1m^^^^^^^^^^^^^^^^^^^^^^^^^^^^^^^^^^^^^^[0m
[31m[1m>[0m [90m1797 |[0m # ...
  [90m     |[0m [31m[1m^^^^^[0m
[31m[1m>[0m [90m1798 |[0m # ============================================
  [90m     |[0m [31m[1m^^^^^^^^^^^^^^^^^^^^^^^^^^^^^^^^^^^^^^^^^^^^^^[0m
[31m[1m>[0m [90m1799 |[0m
  [90m     |[0m [31m[1m^[0m
[31m[1m>[0m [90m1800 |[0m # [33mTRY[0m [33mTHIS[0m: [33mHighlight[0m even products [36mwith[0m a star (*)
  [90m     |[0m [31m[1m^^^^^^^^^^^^^^^^^^^^^^^^^^^^^^^^^^^^^^^^^^^^^^^^^^^[0m
[31m[1m>[0m [90m1801 |[0m [32m`,[0m
  [90m     |[0m [31m[1m^[0m
  [90m1802 |[0m [32m    funFact: "The multiplication table was invented by the ancient Babylonians around 30...[0m
  [90m1803 |[0m [32m  },[0m
  [90m1804 |[0m [32m  {[0m

Parsing ecmascript source code failed

Import traces:
  App Route:
    ./src/data/pythonPrograms.ts
    ./app/api/admin/users/import-teachers-csv/route.ts

  Client Component Browser:
    ./src/data/pythonPrograms.ts [Client Component Browser]
    ./src/sections/ProgramsSection.tsx [Client Component Browser]
    ./src/sections/ProgramsSection.tsx [Server Component]
    ./app/page.tsx [Server Component]

  Client Component SSR:
    ./src/data/pythonPrograms.ts [Client Component SSR]
    ./src/sections/ProgramsSection.tsx [Client Component SSR]
    ./src/sections/ProgramsSection.tsx [Server Component]
    ./app/page.tsx [Server Component]


./src/data/pythonPrograms.ts:1802:14
Cannot assign to this
  [90m1800 |[0m ...[33mHighlight[0m even products [36mwith[0m a star (*)
  [90m1801 |[0m ...
[31m[1m>[0m [90m1802 |[0m ...[32m "The multiplication table was invented by the ancient Babylonians around 3000 
BC!"[0m
  [90m     |[0m     [31m[1m^^^^^^^^^^^^^^^^^^^^^^^^^^^^^^^^^^^^^^^^^^^^^^^^^^^^^^^^^^^^^^^^^^^^^^^^^^^^^^^^^^[0m
  [90m1803 |[0m ...
  [90m1804 |[0m ...
  [90m1805 |[0m ...[32m8",[0m

Parsing ecmascript source code failed

Import traces:
  App Route:
    ./src/data/pythonPrograms.ts
    ./app/api/admin/users/import-teachers-csv/route.ts

  Client Component Browser:
    ./src/data/pythonPrograms.ts [Client Component Browser]
    ./src/sections/ProgramsSection.tsx [Client Component Browser]
    ./src/sections/ProgramsSection.tsx [Server Component]
    ./app/page.tsx [Server Component]

  Client Component SSR:
    ./src/data/pythonPrograms.ts [Client Component SSR]
    ./src/sections/ProgramsSection.tsx [Client Component SSR]
    ./src/sections/ProgramsSection.tsx [Server Component]
    ./app/page.tsx [Server Component]


./src/data/pythonPrograms.ts:1805:9
Cannot assign to this
  [90m1803 |[0m [32m  },[0m
  [90m1804 |[0m [32m  {[0m
[31m[1m>[0m [90m1805 |[0m [32m    id: "lp-8",[0m
  [90m     |[0m         [31m[1m^^^^^^[0m
  [90m1806 |[0m [32m    title: "Floyds Triangle",[0m
  [90m1807 |[0m [32m    language: "python" as const,[0m
  [90m1808 |[0m [32m    category: "Loops & Patterns",[0m

Parsing ecmascript source code failed

Import traces:
  App Route:
    ./src/data/pythonPrograms.ts
    ./app/api/admin/users/import-teachers-csv/route.ts

  Client Component Browser:
    ./src/data/pythonPrograms.ts [Client Component Browser]
    ./src/sections/ProgramsSection.tsx [Client Component Browser]
    ./src/sections/ProgramsSection.tsx [Server Component]
    ./app/page.tsx [Server Component]

  Client Component SSR:
    ./src/data/pythonPrograms.ts [Client Component SSR]
    ./src/sections/ProgramsSection.tsx [Client Component SSR]
    ./src/sections/ProgramsSection.tsx [Server Component]
    ./app/page.tsx [Server Component]


./src/data/pythonPrograms.ts:1806:12
Cannot assign to this
  [90m1804 |[0m [32m  {[0m
  [90m1805 |[0m [32m    id: "lp-8",[0m
[31m[1m>[0m [90m1806 |[0m [32m    title: "Floyds Triangle",[0m
  [90m     |[0m            [31m[1m^^^^^^^^^^^^^^^^^[0m
  [90m1807 |[0m [32m    language: "python" as const,[0m
  [90m1808 |[0m [32m    category: "Loops & Patterns",[0m
  [90m1809 |[0m [32m    difficulty: "Medium",[0m

Parsing ecmascript source code failed

Import traces:
  App Route:
    ./src/data/pythonPrograms.ts
    ./app/api/admin/users/import-teachers-csv/route.ts

  Client Component Browser:
    ./src/data/pythonPrograms.ts [Client Component Browser]
    ./src/sections/ProgramsSection.tsx [Client Component Browser]
    ./src/sections/ProgramsSection.tsx [Server Component]
    ./app/page.tsx [Server Component]

  Client Component SSR:
    ./src/data/pythonPrograms.ts [Client Component SSR]
    ./src/sections/ProgramsSection.tsx [Client Component SSR]
    ./src/sections/ProgramsSection.tsx [Server Component]
    ./app/page.tsx [Server Component]


./src/data/pythonPrograms.ts:1808:15
Cannot assign to this
  [90m1806 |[0m [32m    title: "Floyds Triangle",[0m
  [90m1807 |[0m [32m    language: "python" as const,[0m
[31m[1m>[0m [90m1808 |[0m [32m    category: "Loops & Patterns",[0m
  [90m     |[0m               [31m[1m^^^^^^^^^^^^^^^^^^[0m
  [90m1809 |[0m [32m    difficulty: "Medium",[0m
  [90m1810 |[0m [32m    classLevel: "Class 9" as const,[0m
  [90m1811 |[0m [32m    description: "Print Floyd's Triangle ΓÇö a right-angled triangle of consecutive 
number.[0m..

Parsing ecmascript source code failed

Import traces:
  App Route:
    ./src/data/pythonPrograms.ts
    ./app/api/admin/users/import-teachers-csv/route.ts

  Client Component Browser:
    ./src/data/pythonPrograms.ts [Client Component Browser]
    ./src/sections/ProgramsSection.tsx [Client Component Browser]
    ./src/sections/ProgramsSection.tsx [Server Component]
    ./app/page.tsx [Server Component]

  Client Component SSR:
    ./src/data/pythonPrograms.ts [Client Component SSR]
    ./src/sections/ProgramsSection.tsx [Client Component SSR]
    ./src/sections/ProgramsSection.tsx [Server Component]
    ./app/page.tsx [Server Component]


./src/data/pythonPrograms.ts:1809:17
Cannot assign to this
  [90m1807 |[0m [32m    language: "python" as const,[0m
  [90m1808 |[0m [32m    category: "Loops & Patterns",[0m
[31m[1m>[0m [90m1809 |[0m [32m    difficulty: "Medium",[0m
  [90m     |[0m                 [31m[1m^^^^^^^^[0m
  [90m1810 |[0m [32m    classLevel: "Class 9" as const,[0m
  [90m1811 |[0m [32m    description: "Print Floyd's Triangle ΓÇö a right-angled triangle of consecutive 
number...[0m
  [90m1812 |[0m [32m    code: `[0m# ============================================

Parsing ecmascript source code failed

Import traces:
  App Route:
    ./src/data/pythonPrograms.ts
    ./app/api/admin/users/import-teachers-csv/route.ts

  Client Component Browser:
    ./src/data/pythonPrograms.ts [Client Component Browser]
    ./src/sections/ProgramsSection.tsx [Client Component Browser]
    ./src/sections/ProgramsSection.tsx [Server Component]
    ./app/page.tsx [Server Component]

  Client Component SSR:
    ./src/data/pythonPrograms.ts [Client Component SSR]
    ./src/sections/ProgramsSection.tsx [Client Component SSR]
    ./src/sections/ProgramsSection.tsx [Server Component]
    ./app/page.tsx [Server Component]


./src/data/pythonPrograms.ts:1811:18
Cannot assign to this
  [90m1809 |[0m ...[32my: "Medium",[0m
  [90m1810 |[0m ...[32ml: "Class 9" as const,[0m
[31m[1m>[0m [90m1811 |[0m ...[32mon: "Print Floyd's Triangle ΓÇö a right-angled triangle of consecutive 
numbers.",[0m
  [90m     |[0m        [31m[1m^^^^^^^^^^^^^^^^^^^^^^^^^^^^^^^^^^^^^^^^^^^^^^^^^^^^^^^^^^^^^^^^^^^^^^^^^^[0m
  [90m1812 |[0m ...============================================
  [90m1813 |[0m ...[32mangle[0m
  [90m1814 |[0m ...[32m=================================[0m

Parsing ecmascript source code failed

Import traces:
  App Route:
    ./src/data/pythonPrograms.ts
    ./app/api/admin/users/import-teachers-csv/route.ts

  Client Component Browser:
    ./src/data/pythonPrograms.ts [Client Component Browser]
    ./src/sections/ProgramsSection.tsx [Client Component Browser]
    ./src/sections/ProgramsSection.tsx [Server Component]
    ./app/page.tsx [Server Component]

  Client Component SSR:
    ./src/data/pythonPrograms.ts [Client Component SSR]
    ./src/sections/ProgramsSection.tsx [Client Component SSR]
    ./src/sections/ProgramsSection.tsx [Server Component]
    ./app/page.tsx [Server Component]


./src/data/pythonPrograms.ts:1812:11
Cannot assign to this
  [90m1810 |[0m [32m    classLevel: "Class 9" as const,[0m
  [90m1811 |[0m [32m    description: "Print Floyd's Triangle ΓÇö a right-angled triangle of consecutive 
number...[0m
[31m[1m>[0m [90m1812 |[0m [32m    code: `[0m# ============================================
  [90m     |[0m           [31m[1m^^^^^^^^^^^^^^^^^^^^^^^^^^^^^^^^^^^^^^^^^^^^^^[0m
[31m[1m>[0m [90m1813 |[0m # [33mFloyd[0m[32m's Triangle[0m
  [90m     |[0m [31m[1m^^^^^^^^^^^^^^^^^^[0m
[31m[1m>[0m [90m1814 |[0m [32m# ============================================[0m
  [90m     |[0m [31m[1m^^^^^^^^^^^^^^^^^^^^^^^^^^^^^^^^^^^^^^^^^^^^^^[0m
[31m[1m>[0m [90m1815 |[0m [32m# A right-angled triangle with consecutive numbers[0m
  [90m     |[0m [31m[1m^^^^^^^^^^^^^^^^^^^^^^^^^^^^^^^^^^^^^^^^^^^^^^^^^^[0m
[31m[1m>[0m [90m1816 |[0m [32m# Row 1: 1[0m
  [90m     |[0m [31m[1m^^^^^^^^^^[0m
[31m[1m>[0m [90m1817 |[0m [32m# Row 2: 2 3[0m
  [90m     |[0m [31m[1m^^^^^^^^^^^^[0m
[31m[1m>[0m [90m1818 |[0m [32m# Row 3: 4 5 6[0m
  [90m     |[0m [31m[1m^^^^^^^^^^^^^^[0m
[31m[1m>[0m [90m1819 |[0m [32m# Row 4: 7 8 9 10[0m
  [90m     |[0m [31m[1m^^^^^^^^^^^^^^^^^[0m
[31m[1m>[0m [90m1820 |[0m [32m# ============================================[0m
  [90m     |[0m [31m[1m^^^^^^^^^^^^^^^^^^^^^^^^^^^^^^^^^^^^^^^^^^^^^^[0m
[31m[1m>[0m [90m1821 |[0m
  [90m     |[0m [31m[1m^[0m
[31m[1m>[0m [90m1822 |[0m [32m# --- Input ---[0m
  [90m     |[0m [31m[1m^^^^^^^^^^^^^^^[0m
[31m[1m>[0m [90m1823 |[0m [32mrows = int(input("Enter number of rows: "))[0m
  [90m     |[0m [31m[1m^^^^^^^^^^^^^^^^^^^^^^^^^^^^^^^^^^^^^^^^^^^[0m
[31m[1m>[0m [90m1824 |[0m
  [90m     |[0m [31m[1m^[0m
[31m[1m>[0m [90m1825 |[0m [32m# --- Process ---[0m
  [90m     |[0m [31m[1m^^^^^^^^^^^^^^^^^[0m
[31m[1m>[0m [90m1826 |[0m [32mnum = 1  # Starting number[0m
  [90m     |[0m [31m[1m^^^^^^^^^^^^^^^^^^^^^^^^^^[0m
[31m[1m>[0m [90m1827 |[0m
  [90m     |[0m [31m[1m^[0m
[31m[1m>[0m [90m1828 |[0m [32mfor i in range(1, rows + 1):[0m
  [90m     |[0m [31m[1m^^^^^^^^^^^^^^^^^^^^^^^^^^^^[0m
[31m[1m>[0m [90m1829 |[0m [32m    for j in range(1, i + 1):[0m
  [90m     |[0m [31m[1m^^^^^^^^^^^^^^^^^^^^^^^^^^^^^[0m
[31m[1m>[0m [90m1830 |[0m [32m        print(f"{num:>3}", end="")[0m
  [90m     |[0m [31m[1m^^^^^^^^^^^^^^^^^^^^^^^^^^^^^^^^^^[0m
[31m[1m>[0m [90m1831 |[0m [32m        num += 1[0m
  [90m     |[0m [31m[1m^^^^^^^^^^^^^^^^[0m
[31m[1m>[0m [90m1832 |[0m [32m    print()  # New line after each row[0m
  [90m     |[0m [31m[1m^^^^^^^^^^^^^^^^^^^^^^^^^^^^^^^^^^^^^^[0m
[31m[1m>[0m [90m1833 |[0m
  [90m     |[0m [31m[1m^[0m
[31m[1m>[0m [90m1834 |[0m [32m# --- Output ---[0m
  [90m     |[0m [31m[1m^^^^^^^^^^^^^^^^[0m
[31m[1m>[0m [90m1835 |[0m [32mprint(f"\\nLast number: {num - 1}")[0m
  [90m     |[0m [31m[1m^^^^^^^^^^^^^^^^^^^^^^^^^^^^^^^^^^^[0m
[31m[1m>[0m [90m1836 |[0m
  [90m     |[0m [31m[1m^[0m
[31m[1m>[0m [90m1837 |[0m [32m# ============================================[0m
  [90m     |[0m [31m[1m^^^^^^^^^^^^^^^^^^^^^^^^^^^^^^^^^^^^^^^^^^^^^^[0m
[31m[1m>[0m [90m1838 |[0m [32m# Execution Trace:[0m
  [90m     |[0m [31m[1m^^^^^^^^^^^^^^^^^^[0m
[31m[1m>[0m [90m1839 |[0m [32m# Input: 4[0m
  [90m     |[0m [31m[1m^^^^^^^^^^[0m
[31m[1m>[0m [90m1840 |[0m [32m# Row 1:   1[0m
  [90m     |[0m [31m[1m^^^^^^^^^^^^[0m
[31m[1m>[0m [90m1841 |[0m [32m# Row 2:   2   3[0m
  [90m     |[0m [31m[1m^^^^^^^^^^^^^^^^[0m
[31m[1m>[0m [90m1842 |[0m [32m# Row 3:   4   5   6[0m
  [90m     |[0m [31m[1m^^^^^^^^^^^^^^^^^^^^[0m
[31m[1m>[0m [90m1843 |[0m [32m# Row 4:   7   8   9  10[0m
  [90m     |[0m [31m[1m^^^^^^^^^^^^^^^^^^^^^^^^[0m
[31m[1m>[0m [90m1844 |[0m [32m# Last number: 10[0m
  [90m     |[0m [31m[1m^^^^^^^^^^^^^^^^^[0m
[31m[1m>[0m [90m1845 |[0m [32m# ============================================[0m
  [90m     |[0m [31m[1m^^^^^^^^^^^^^^^^^^^^^^^^^^^^^^^^^^^^^^^^^^^^^^[0m
[31m[1m>[0m [90m1846 |[0m
  [90m     |[0m [31m[1m^[0m
[31m[1m>[0m [90m1847 |[0m [32m# TRY THIS: Modify to print Floyd'[0ms [33mTriangle[0m [36mwith[0m 
[35m1[0ms and [35m0[0ms (binary [33mFloyd[0m[32m's)[0m
  [90m     |[0m [31m[1m^^^^^^^^^^^^^^^^^^^^^^^^^^^^^^^^^^^^^^^^^^^^^^^^^^^^^^^^^^^^^^^^^^^^^^^^^^^^[0m
[31m[1m>[0m [90m1848 |[0m [32m`,[0m
  [90m     |[0m [31m[1m^[0m
  [90m1849 |[0m [32m    funFact: "Floyd'[0ms [33mTriangle[0m is named after [33mRobert[0m [33mFloyd[0m, a 
computer scientist![32m"[0m
  [90m1850 |[0m [32m  },[0m
  [90m1851 |[0m [32m  {[0m

Parsing ecmascript source code failed

Import traces:
  App Route:
    ./src/data/pythonPrograms.ts
    ./app/api/admin/users/import-teachers-csv/route.ts

  Client Component Browser:
    ./src/data/pythonPrograms.ts [Client Component Browser]
    ./src/sections/ProgramsSection.tsx [Client Component Browser]
    ./src/sections/ProgramsSection.tsx [Server Component]
    ./app/page.tsx [Server Component]

  Client Component SSR:
    ./src/data/pythonPrograms.ts [Client Component SSR]
    ./src/sections/ProgramsSection.tsx [Client Component SSR]
    ./src/sections/ProgramsSection.tsx [Server Component]
    ./app/page.tsx [Server Component]


./src/data/pythonPrograms.ts:1849:14
Cannot assign to this
  [90m1847 |[0m # [33mTRY[0m [33mTHIS[0m: [33mModify[0m to print [33mFloyd[0m[32m's Triangle with 1s and 0s 
(binary Floyd'[0ms)
  [90m1848 |[0m [32m`,[0m
[31m[1m>[0m [90m1849 |[0m [32m    funFact: "Floyd's Triangle is named after Robert Floyd, a computer 
scientist!"[0m
  [90m     |[0m              [31m[1m^^^^^^^^^^^^^^^^^^^^^^^^^^^^^^^^^^^^^^^^^^^^^^^^^^^^^^^^^^^^^^^^^^^^^[0m
  [90m1850 |[0m [32m  },[0m
  [90m1851 |[0m [32m  {[0m
  [90m1852 |[0m [32m    id: "lp-9",[0m

Parsing ecmascript source code failed

Import traces:
  App Route:
    ./src/data/pythonPrograms.ts
    ./app/api/admin/users/import-teachers-csv/route.ts

  Client Component Browser:
    ./src/data/pythonPrograms.ts [Client Component Browser]
    ./src/sections/ProgramsSection.tsx [Client Component Browser]
    ./src/sections/ProgramsSection.tsx [Server Component]
    ./app/page.tsx [Server Component]

  Client Component SSR:
    ./src/data/pythonPrograms.ts [Client Component SSR]
    ./src/sections/ProgramsSection.tsx [Client Component SSR]
    ./src/sections/ProgramsSection.tsx [Server Component]
    ./app/page.tsx [Server Component]


./src/data/pythonPrograms.ts:1852:9
Cannot assign to this
  [90m1850 |[0m [32m  },[0m
  [90m1851 |[0m [32m  {[0m
[31m[1m>[0m [90m1852 |[0m [32m    id: "lp-9",[0m
  [90m     |[0m         [31m[1m^^^^^^[0m
  [90m1853 |[0m [32m    title: "Diamond Pattern",[0m
  [90m1854 |[0m [32m    language: "python" as const,[0m
  [90m1855 |[0m [32m    category: "Loops & Patterns",[0m

Parsing ecmascript source code failed

Import traces:
  App Route:
    ./src/data/pythonPrograms.ts
    ./app/api/admin/users/import-teachers-csv/route.ts

  Client Component Browser:
    ./src/data/pythonPrograms.ts [Client Component Browser]
    ./src/sections/ProgramsSection.tsx [Client Component Browser]
    ./src/sections/ProgramsSection.tsx [Server Component]
    ./app/page.tsx [Server Component]

  Client Component SSR:
    ./src/data/pythonPrograms.ts [Client Component SSR]
    ./src/sections/ProgramsSection.tsx [Client Component SSR]
    ./src/sections/ProgramsSection.tsx [Server Component]
    ./app/page.tsx [Server Component]


./src/data/pythonPrograms.ts:1853:12
Cannot assign to this
  [90m1851 |[0m [32m  {[0m
  [90m1852 |[0m [32m    id: "lp-9",[0m
[31m[1m>[0m [90m1853 |[0m [32m    title: "Diamond Pattern",[0m
  [90m     |[0m            [31m[1m^^^^^^^^^^^^^^^^^[0m
  [90m1854 |[0m [32m    language: "python" as const,[0m
  [90m1855 |[0m [32m    category: "Loops & Patterns",[0m
  [90m1856 |[0m [32m    difficulty: "Hard",[0m

Parsing ecmascript source code failed

Import traces:
  App Route:
    ./src/data/pythonPrograms.ts
    ./app/api/admin/users/import-teachers-csv/route.ts

  Client Component Browser:
    ./src/data/pythonPrograms.ts [Client Component Browser]
    ./src/sections/ProgramsSection.tsx [Client Component Browser]
    ./src/sections/ProgramsSection.tsx [Server Component]
    ./app/page.tsx [Server Component]

  Client Component SSR:
    ./src/data/pythonPrograms.ts [Client Component SSR]
    ./src/sections/ProgramsSection.tsx [Client Component SSR]
    ./src/sections/ProgramsSection.tsx [Server Component]
    ./app/page.tsx [Server Component]


./src/data/pythonPrograms.ts:1855:15
Cannot assign to this
  [90m1853 |[0m [32m    title: "Diamond Pattern",[0m
  [90m1854 |[0m [32m    language: "python" as const,[0m
[31m[1m>[0m [90m1855 |[0m [32m    category: "Loops & Patterns",[0m
  [90m     |[0m               [31m[1m^^^^^^^^^^^^^^^^^^[0m
  [90m1856 |[0m [32m    difficulty: "Hard",[0m
  [90m1857 |[0m [32m    classLevel: "Class 9" as const,[0m
  [90m1858 |[0m [32m    description: "Print a diamond pattern using two triangles (upper and lower).",[0m

Parsing ecmascript source code failed

Import traces:
  App Route:
    ./src/data/pythonPrograms.ts
    ./app/api/admin/users/import-teachers-csv/route.ts

  Client Component Browser:
    ./src/data/pythonPrograms.ts [Client Component Browser]
    ./src/sections/ProgramsSection.tsx [Client Component Browser]
    ./src/sections/ProgramsSection.tsx [Server Component]
    ./app/page.tsx [Server Component]

  Client Component SSR:
    ./src/data/pythonPrograms.ts [Client Component SSR]
    ./src/sections/ProgramsSection.tsx [Client Component SSR]
    ./src/sections/ProgramsSection.tsx [Server Component]
    ./app/page.tsx [Server Component]


./src/data/pythonPrograms.ts:1856:17
Cannot assign to this
  [90m1854 |[0m [32m    language: "python" as const,[0m
  [90m1855 |[0m [32m    category: "Loops & Patterns",[0m
[31m[1m>[0m [90m1856 |[0m [32m    difficulty: "Hard",[0m
  [90m     |[0m                 [31m[1m^^^^^^[0m
  [90m1857 |[0m [32m    classLevel: "Class 9" as const,[0m
  [90m1858 |[0m [32m    description: "Print a diamond pattern using two triangles (upper and lower).",[0m
  [90m1859 |[0m [32m    code: `[0m# ============================================

Parsing ecmascript source code failed

Import traces:
  App Route:
    ./src/data/pythonPrograms.ts
    ./app/api/admin/users/import-teachers-csv/route.ts

  Client Component Browser:
    ./src/data/pythonPrograms.ts [Client Component Browser]
    ./src/sections/ProgramsSection.tsx [Client Component Browser]
    ./src/sections/ProgramsSection.tsx [Server Component]
    ./app/page.tsx [Server Component]

  Client Component SSR:
    ./src/data/pythonPrograms.ts [Client Component SSR]
    ./src/sections/ProgramsSection.tsx [Client Component SSR]
    ./src/sections/ProgramsSection.tsx [Server Component]
    ./app/page.tsx [Server Component]


./src/data/pythonPrograms.ts:1858:18
Cannot assign to this
  [90m1856 |[0m [32m    difficulty: "Hard",[0m
  [90m1857 |[0m [32m    classLevel: "Class 9" as const,[0m
[31m[1m>[0m [90m1858 |[0m [32m    description: "Print a diamond pattern using two triangles (upper and 
lower).",[0m
  [90m     |[0m                  [31m[1m^^^^^^^^^^^^^^^^^^^^^^^^^^^^^^^^^^^^^^^^^^^^^^^^^^^^^^^^^^^^^^^^[0m
  [90m1859 |[0m [32m    code: `[0m# ============================================
  [90m1860 |[0m # [33mDiamond[0m [33mPattern[0m
  [90m1861 |[0m # ============================================

Parsing ecmascript source code failed

Import traces:
  App Route:
    ./src/data/pythonPrograms.ts
    ./app/api/admin/users/import-teachers-csv/route.ts

  Client Component Browser:
    ./src/data/pythonPrograms.ts [Client Component Browser]
    ./src/sections/ProgramsSection.tsx [Client Component Browser]
    ./src/sections/ProgramsSection.tsx [Server Component]
    ./app/page.tsx [Server Component]

  Client Component SSR:
    ./src/data/pythonPrograms.ts [Client Component SSR]
    ./src/sections/ProgramsSection.tsx [Client Component SSR]
    ./src/sections/ProgramsSection.tsx [Server Component]
    ./app/page.tsx [Server Component]


./src/data/pythonPrograms.ts:1859:11
Cannot assign to this
  [90m1857 |[0m [32m    classLevel: "Class 9" as const,[0m
  [90m1858 |[0m [32m    description: "Print a diamond pattern using two triangles (upper and lower).",[0m
[31m[1m>[0m [90m1859 |[0m [32m    code: `[0m# ============================================
  [90m     |[0m           [31m[1m^^^^^^^^^^^^^^^^^^^^^^^^^^^^^^^^^^^^^^^^^^^^^^[0m
[31m[1m>[0m [90m1860 |[0m # [33mDiamond[0m [33mPattern[0m
  [90m     |[0m [31m[1m^^^^^^^^^^^^^^^^^[0m
[31m[1m>[0m [90m1861 |[0m # ============================================
  [90m     |[0m [31m[1m^^^^^^^^^^^^^^^^^^^^^^^^^^^^^^^^^^^^^^^^^^^^^^[0m
[31m[1m>[0m [90m1862 |[0m # [33mUpper[0m triangle (expanding) + [33mLower[0m triangle (shrinking)
  [90m     |[0m [31m[1m^^^^^^^^^^^^^^^^^^^^^^^^^^^^^^^^^^^^^^^^^^^^^^^^^^^^^^^^^[0m
[31m[1m>[0m [90m1863 |[0m # ============================================
  [90m     |[0m [31m[1m^^^^^^^^^^^^^^^^^^^^^^^^^^^^^^^^^^^^^^^^^^^^^^[0m
[31m[1m>[0m [90m1864 |[0m
  [90m     |[0m [31m[1m^[0m
[31m[1m>[0m [90m1865 |[0m # --- [33mInput[0m ---
  [90m     |[0m [31m[1m^^^^^^^^^^^^^^^[0m
[31m[1m>[0m [90m1866 |[0m n = int(input([32m"Enter half-height (e.g., 5): "[0m))
  [90m     |[0m [31m[1m^^^^^^^^^^^^^^^^^^^^^^^^^^^^^^^^^^^^^^^^^^^^^^^[0m
[31m[1m>[0m [90m1867 |[0m
  [90m     |[0m [31m[1m^[0m
[31m[1m>[0m [90m1868 |[0m # --- [33mUpper[0m [33mTriangle[0m ---
  [90m     |[0m [31m[1m^^^^^^^^^^^^^^^^^^^^^^^^[0m
[31m[1m>[0m [90m1869 |[0m [36mfor[0m i [36min[0m range([35m1[0m, n + [35m1[0m):
  [90m     |[0m [31m[1m^^^^^^^^^^^^^^^^^^^^^^^^^[0m
[31m[1m>[0m [90m1870 |[0m     # [33mPrint[0m spaces
  [90m     |[0m [31m[1m^^^^^^^^^^^^^^^^^^[0m
[31m[1m>[0m [90m1871 |[0m     [36mfor[0m j [36min[0m range(n - i):
  [90m     |[0m [31m[1m^^^^^^^^^^^^^^^^^^^^^^^^^^[0m
[31m[1m>[0m [90m1872 |[0m         print([32m" "[0m, end=[32m""[0m)
  [90m     |[0m [31m[1m^^^^^^^^^^^^^^^^^^^^^^^^^^[0m
[31m[1m>[0m [90m1873 |[0m     # [33mPrint[0m stars
  [90m     |[0m [31m[1m^^^^^^^^^^^^^^^^^[0m
[31m[1m>[0m [90m1874 |[0m     [36mfor[0m k [36min[0m range([35m2[0m * i - [35m1[0m):
  [90m     |[0m [31m[1m^^^^^^^^^^^^^^^^^^^^^^^^^^^^^^[0m
[31m[1m>[0m [90m1875 |[0m         print([32m"*"[0m, end=[32m""[0m)
  [90m     |[0m [31m[1m^^^^^^^^^^^^^^^^^^^^^^^^^^[0m
[31m[1m>[0m [90m1876 |[0m     print()
  [90m     |[0m [31m[1m^^^^^^^^^^^[0m
[31m[1m>[0m [90m1877 |[0m
  [90m     |[0m [31m[1m^[0m
[31m[1m>[0m [90m1878 |[0m # --- [33mLower[0m [33mTriangle[0m ---
  [90m     |[0m [31m[1m^^^^^^^^^^^^^^^^^^^^^^^^[0m
[31m[1m>[0m [90m1879 |[0m [36mfor[0m i [36min[0m range(n - [35m1[0m, [35m0[0m, -[35m1[0m):
  [90m     |[0m [31m[1m^^^^^^^^^^^^^^^^^^^^^^^^^^^^^[0m
[31m[1m>[0m [90m1880 |[0m     # [33mPrint[0m spaces
  [90m     |[0m [31m[1m^^^^^^^^^^^^^^^^^^[0m
[31m[1m>[0m [90m1881 |[0m     [36mfor[0m j [36min[0m range(n - i):
  [90m     |[0m [31m[1m^^^^^^^^^^^^^^^^^^^^^^^^^^[0m
[31m[1m>[0m [90m1882 |[0m         print([32m" "[0m, end=[32m""[0m)
  [90m     |[0m [31m[1m^^^^^^^^^^^^^^^^^^^^^^^^^^[0m
[31m[1m>[0m [90m1883 |[0m     # [33mPrint[0m stars
  [90m     |[0m [31m[1m^^^^^^^^^^^^^^^^^[0m
[31m[1m>[0m [90m1884 |[0m     [36mfor[0m k [36min[0m range([35m2[0m * i - [35m1[0m):
  [90m     |[0m [31m[1m^^^^^^^^^^^^^^^^^^^^^^^^^^^^^^[0m
[31m[1m>[0m [90m1885 |[0m         print([32m"*"[0m, end=[32m""[0m)
  [90m     |[0m [31m[1m^^^^^^^^^^^^^^^^^^^^^^^^^^[0m
[31m[1m>[0m [90m1886 |[0m     print()
  [90m     |[0m [31m[1m^^^^^^^^^^^[0m
[31m[1m>[0m [90m1887 |[0m
  [90m     |[0m [31m[1m^[0m
[31m[1m>[0m [90m1888 |[0m # ============================================
  [90m     |[0m [31m[1m^^^^^^^^^^^^^^^^^^^^^^^^^^^^^^^^^^^^^^^^^^^^^^[0m
[31m[1m>[0m [90m1889 |[0m # [33mExecution[0m [33mTrace[0m:
  [90m     |[0m [31m[1m^^^^^^^^^^^^^^^^^^[0m
[31m[1m>[0m [90m1890 |[0m # [33mInput[0m: [35m5[0m
  [90m     |[0m [31m[1m^^^^^^^^^^[0m
[31m[1m>[0m [90m1891 |[0m # [33mUpper[0m:
  [90m     |[0m [31m[1m^^^^^^^^[0m
[31m[1m>[0m [90m1892 |[0m #     *
  [90m     |[0m [31m[1m^^^^^^^[0m
[31m[1m>[0m [90m1893 |[0m #    ***
  [90m     |[0m [31m[1m^^^^^^^^[0m
[31m[1m>[0m [90m1894 |[0m #   *****
  [90m     |[0m [31m[1m^^^^^^^^^[0m
[31m[1m>[0m [90m1895 |[0m #  *******
  [90m     |[0m [31m[1m^^^^^^^^^^[0m
[31m[1m>[0m [90m1896 |[0m # *********
  [90m     |[0m [31m[1m^^^^^^^^^^^[0m
[31m[1m>[0m [90m1897 |[0m # [33mLower[0m:
  [90m     |[0m [31m[1m^^^^^^^^[0m
[31m[1m>[0m [90m1898 |[0m #  *******
  [90m     |[0m [31m[1m^^^^^^^^^^[0m
[31m[1m>[0m [90m1899 |[0m #   *****
  [90m     |[0m [31m[1m^^^^^^^^^[0m
[31m[1m>[0m [90m1900 |[0m #    ***
  [90m     |[0m [31m[1m^^^^^^^^[0m
[31m[1m>[0m [90m1901 |[0m #     *
  [90m     |[0m [31m[1m^^^^^^^[0m
[31m[1m>[0m [90m1902 |[0m # ============================================
  [90m     |[0m [31m[1m^^^^^^^^^^^^^^^^^^^^^^^^^^^^^^^^^^^^^^^^^^^^^^[0m
[31m[1m>[0m [90m1903 |[0m
  [90m     |[0m [31m[1m^[0m
[31m[1m>[0m [90m1904 |[0m # [33mTRY[0m [33mTHIS[0m: [33mFill[0m the diamond [36mwith[0m numbers instead 
[36mof[0m stars
  [90m     |[0m [31m[1m^^^^^^^^^^^^^^^^^^^^^^^^^^^^^^^^^^^^^^^^^^^^^^^^^^^^^^^^^^[0m
[31m[1m>[0m [90m1905 |[0m [32m`,[0m
  [90m     |[0m [31m[1m^[0m
  [90m1906 |[0m [32m    funFact: "The diamond pattern combines two skills: expanding and shrinking triangles!"[0m
  [90m1907 |[0m [32m  },[0m
  [90m1908 |[0m

Parsing ecmascript source code failed

Import traces:
  App Route:
    ./src/data/pythonPrograms.ts
    ./app/api/admin/users/import-teachers-csv/route.ts

  Client Component Browser:
    ./src/data/pythonPrograms.ts [Client Component Browser]
    ./src/sections/ProgramsSection.tsx [Client Component Browser]
    ./src/sections/ProgramsSection.tsx [Server Component]
    ./app/page.tsx [Server Component]

  Client Component SSR:
    ./src/data/pythonPrograms.ts [Client Component SSR]
    ./src/sections/ProgramsSection.tsx [Client Component SSR]
    ./src/sections/ProgramsSection.tsx [Server Component]
    ./app/page.tsx [Server Component]


./src/data/pythonPrograms.ts:1906:14
Cannot assign to this
  [90m1904 |[0m # [33mTRY[0m [33mTHIS[0m: [33mFill[0m the diamond [36mwith[0m numbers instead [36mof[0m 
stars
  [90m1905 |[0m [32m`,[0m
[31m[1m>[0m [90m1906 |[0m [32m    funFact: "The diamond pattern combines two skills: expanding and shrinking 
triangles!"[0m
  [90m     |[0m              
[31m[1m^^^^^^^^^^^^^^^^^^^^^^^^^^^^^^^^^^^^^^^^^^^^^^^^^^^^^^^^^^^^^^^^^^^^^^^^^^^^^[0m
  [90m1907 |[0m [32m  },[0m
  [90m1908 |[0m
  [90m1909 |[0m [32m  // ==================== LISTS ====================[0m

Parsing ecmascript source code failed

Import traces:
  App Route:
    ./src/data/pythonPrograms.ts
    ./app/api/admin/users/import-teachers-csv/route.ts

  Client Component Browser:
    ./src/data/pythonPrograms.ts [Client Component Browser]
    ./src/sections/ProgramsSection.tsx [Client Component Browser]
    ./src/sections/ProgramsSection.tsx [Server Component]
    ./app/page.tsx [Server Component]

  Client Component SSR:
    ./src/data/pythonPrograms.ts [Client Component SSR]
    ./src/sections/ProgramsSection.tsx [Client Component SSR]
    ./src/sections/ProgramsSection.tsx [Server Component]
    ./app/page.tsx [Server Component]


./src/data/pythonPrograms.ts:1911:9
Cannot assign to this
  [90m1909 |[0m   [90m// ==================== LISTS ====================[0m
  [90m1910 |[0m   {
[31m[1m>[0m [90m1911 |[0m     id: [32m"lt-1"[0m,
  [90m     |[0m         [31m[1m^^^^^^[0m
  [90m1912 |[0m     title: [32m"List Operations"[0m,
  [90m1913 |[0m     language: [32m"python"[0m [36mas[0m [36mconst[0m,
  [90m1914 |[0m     category: [32m"Lists"[0m,

Parsing ecmascript source code failed

Import traces:
  App Route:
    ./src/data/pythonPrograms.ts
    ./app/api/admin/users/import-teachers-csv/route.ts

  Client Component Browser:
    ./src/data/pythonPrograms.ts [Client Component Browser]
    ./src/sections/ProgramsSection.tsx [Client Component Browser]
    ./src/sections/ProgramsSection.tsx [Server Component]
    ./app/page.tsx [Server Component]

  Client Component SSR:
    ./src/data/pythonPrograms.ts [Client Component SSR]
    ./src/sections/ProgramsSection.tsx [Client Component SSR]
    ./src/sections/ProgramsSection.tsx [Server Component]
    ./app/page.tsx [Server Component]


./src/data/pythonPrograms.ts:1912:12
Cannot assign to this
  [90m1910 |[0m   {
  [90m1911 |[0m     id: [32m"lt-1"[0m,
[31m[1m>[0m [90m1912 |[0m     title: [32m"List Operations"[0m,
  [90m     |[0m            [31m[1m^^^^^^^^^^^^^^^^^[0m
  [90m1913 |[0m     language: [32m"python"[0m [36mas[0m [36mconst[0m,
  [90m1914 |[0m     category: [32m"Lists"[0m,
  [90m1915 |[0m     difficulty: [32m"Easy"[0m,

Parsing ecmascript source code failed

Import traces:
  App Route:
    ./src/data/pythonPrograms.ts
    ./app/api/admin/users/import-teachers-csv/route.ts

  Client Component Browser:
    ./src/data/pythonPrograms.ts [Client Component Browser]
    ./src/sections/ProgramsSection.tsx [Client Component Browser]
    ./src/sections/ProgramsSection.tsx [Server Component]
    ./app/page.tsx [Server Component]

  Client Component SSR:
    ./src/data/pythonPrograms.ts [Client Component SSR]
    ./src/sections/ProgramsSection.tsx [Client Component SSR]
    ./src/sections/ProgramsSection.tsx [Server Component]
    ./app/page.tsx [Server Component]


./src/data/pythonPrograms.ts:1914:15
Cannot assign to this
  [90m1912 |[0m     title: [32m"List Operations"[0m,
  [90m1913 |[0m     language: [32m"python"[0m [36mas[0m [36mconst[0m,
[31m[1m>[0m [90m1914 |[0m     category: [32m"Lists"[0m,
  [90m     |[0m               [31m[1m^^^^^^^[0m
  [90m1915 |[0m     difficulty: [32m"Easy"[0m,
  [90m1916 |[0m     classLevel: [32m"Class 9"[0m [36mas[0m [36mconst[0m,
  [90m1917 |[0m     description: [32m"Learn append, insert, remove, and other list operations."[0m,

Parsing ecmascript source code failed

Import traces:
  App Route:
    ./src/data/pythonPrograms.ts
    ./app/api/admin/users/import-teachers-csv/route.ts

  Client Component Browser:
    ./src/data/pythonPrograms.ts [Client Component Browser]
    ./src/sections/ProgramsSection.tsx [Client Component Browser]
    ./src/sections/ProgramsSection.tsx [Server Component]
    ./app/page.tsx [Server Component]

  Client Component SSR:
    ./src/data/pythonPrograms.ts [Client Component SSR]
    ./src/sections/ProgramsSection.tsx [Client Component SSR]
    ./src/sections/ProgramsSection.tsx [Server Component]
    ./app/page.tsx [Server Component]


./src/data/pythonPrograms.ts:1915:17
Cannot assign to this
  [90m1913 |[0m     language: [32m"python"[0m [36mas[0m [36mconst[0m,
  [90m1914 |[0m     category: [32m"Lists"[0m,
[31m[1m>[0m [90m1915 |[0m     difficulty: [32m"Easy"[0m,
  [90m     |[0m                 [31m[1m^^^^^^[0m
  [90m1916 |[0m     classLevel: [32m"Class 9"[0m [36mas[0m [36mconst[0m,
  [90m1917 |[0m     description: [32m"Learn append, insert, remove, and other list operations."[0m,
  [90m1918 |[0m     code: [32m`# ============================================[0m

Parsing ecmascript source code failed

Import traces:
  App Route:
    ./src/data/pythonPrograms.ts
    ./app/api/admin/users/import-teachers-csv/route.ts

  Client Component Browser:
    ./src/data/pythonPrograms.ts [Client Component Browser]
    ./src/sections/ProgramsSection.tsx [Client Component Browser]
    ./src/sections/ProgramsSection.tsx [Server Component]
    ./app/page.tsx [Server Component]

  Client Component SSR:
    ./src/data/pythonPrograms.ts [Client Component SSR]
    ./src/sections/ProgramsSection.tsx [Client Component SSR]
    ./src/sections/ProgramsSection.tsx [Server Component]
    ./app/page.tsx [Server Component]


./src/data/pythonPrograms.ts:1917:18
Cannot assign to this
  [90m1915 |[0m     difficulty: [32m"Easy"[0m,
  [90m1916 |[0m     classLevel: [32m"Class 9"[0m [36mas[0m [36mconst[0m,
[31m[1m>[0m [90m1917 |[0m     description: [32m"Learn append, insert, remove, and other list operations."[0m,
  [90m     |[0m                  [31m[1m^^^^^^^^^^^^^^^^^^^^^^^^^^^^^^^^^^^^^^^^^^^^^^^^^^^^^^^^^^[0m
  [90m1918 |[0m     code: [32m`# ============================================[0m
  [90m1919 |[0m [32m# List Operations[0m
  [90m1920 |[0m [32m# ============================================[0m

Parsing ecmascript source code failed

Import traces:
  App Route:
    ./src/data/pythonPrograms.ts
    ./app/api/admin/users/import-teachers-csv/route.ts

  Client Component Browser:
    ./src/data/pythonPrograms.ts [Client Component Browser]
    ./src/sections/ProgramsSection.tsx [Client Component Browser]
    ./src/sections/ProgramsSection.tsx [Server Component]
    ./app/page.tsx [Server Component]

  Client Component SSR:
    ./src/data/pythonPrograms.ts [Client Component SSR]
    ./src/sections/ProgramsSection.tsx [Client Component SSR]
    ./src/sections/ProgramsSection.tsx [Server Component]
    ./app/page.tsx [Server Component]


./src/data/pythonPrograms.ts:1918:11
Cannot assign to this
  [90m1916 |[0m     classLevel: [32m"Class 9"[0m [36mas[0m [36mconst[0m,
  [90m1917 |[0m     description: [32m"Learn append, insert, remove, and other list operations."[0m,
[31m[1m>[0m [90m1918 |[0m     code: [32m`# ============================================[0m
  [90m     |[0m           [31m[1m^^^^^^^^^^^^^^^^^^^^^^^^^^^^^^^^^^^^^^^^^^^^^^[0m
[31m[1m>[0m [90m1919 |[0m [32m# List Operations[0m
  [90m     |[0m [31m[1m^^^^^^^^^^^^^^^^^[0m
[31m[1m>[0m [90m1920 |[0m [32m# ============================================[0m
  [90m     |[0m [31m[1m^^^^^^^^^^^^^^^^^^^^^^^^^^^^^^^^^^^^^^^^^^^^^^[0m
[31m[1m>[0m [90m1921 |[0m [32m# Lists are mutable ΓÇö you can change them[0m
  [90m     |[0m [31m[1m^^^^^^^^^^^^^^^^^^^^^^^^^^^^^^^^^^^^^^^^^[0m
[31m[1m>[0m [90m1922 |[0m [32m# ============================================[0m
  [90m     |[0m [31m[1m^^^^^^^^^^^^^^^^^^^^^^^^^^^^^^^^^^^^^^^^^^^^^^[0m
[31m[1m>[0m [90m1923 |[0m
  [90m     |[0m [31m[1m^[0m
[31m[1m>[0m [90m1924 |[0m [32m# --- Create a list ---[0m
  [90m     |[0m [31m[1m^^^^^^^^^^^^^^^^^^^^^^^[0m
[31m[1m>[0m [90m1925 |[0m [32mfruits = ["apple", "banana", "cherry"][0m
  [90m     |[0m [31m[1m^^^^^^^^^^^^^^^^^^^^^^^^^^^^^^^^^^^^^^[0m
[31m[1m>[0m [90m1926 |[0m [32mprint("Initial:", fruits)[0m
  [90m     |[0m [31m[1m^^^^^^^^^^^^^^^^^^^^^^^^^[0m
[31m[1m>[0m [90m1927 |[0m
  [90m     |[0m [31m[1m^[0m
[31m[1m>[0m [90m1928 |[0m [32m# --- Append (add to end) ---[0m
  [90m     |[0m [31m[1m^^^^^^^^^^^^^^^^^^^^^^^^^^^^^[0m
[31m[1m>[0m [90m1929 |[0m [32mfruits.append("date")[0m
  [90m     |[0m [31m[1m^^^^^^^^^^^^^^^^^^^^^[0m
[31m[1m>[0m [90m1930 |[0m [32mprint("After append:", fruits)[0m
  [90m     |[0m [31m[1m^^^^^^^^^^^^^^^^^^^^^^^^^^^^^^[0m
[31m[1m>[0m [90m1931 |[0m
  [90m     |[0m [31m[1m^[0m
[31m[1m>[0m [90m1932 |[0m [32m# --- Insert (add at position) ---[0m
  [90m     |[0m [31m[1m^^^^^^^^^^^^^^^^^^^^^^^^^^^^^^^^^^[0m
[31m[1m>[0m [90m1933 |[0m [32mfruits.insert(1, "blueberry")[0m
  [90m     |[0m [31m[1m^^^^^^^^^^^^^^^^^^^^^^^^^^^^^[0m
[31m[1m>[0m [90m1934 |[0m [32mprint("After insert:", fruits)[0m
  [90m     |[0m [31m[1m^^^^^^^^^^^^^^^^^^^^^^^^^^^^^^[0m
[31m[1m>[0m [90m1935 |[0m
  [90m     |[0m [31m[1m^[0m
[31m[1m>[0m [90m1936 |[0m [32m# --- Remove (delete by value) ---[0m
  [90m     |[0m [31m[1m^^^^^^^^^^^^^^^^^^^^^^^^^^^^^^^^^^[0m
[31m[1m>[0m [90m1937 |[0m [32mfruits.remove("banana")[0m
  [90m     |[0m [31m[1m^^^^^^^^^^^^^^^^^^^^^^^[0m
[31m[1m>[0m [90m1938 |[0m [32mprint("After remove:", fruits)[0m
  [90m     |[0m [31m[1m^^^^^^^^^^^^^^^^^^^^^^^^^^^^^^[0m
[31m[1m>[0m [90m1939 |[0m
  [90m     |[0m [31m[1m^[0m
[31m[1m>[0m [90m1940 |[0m [32m# --- Pop (remove by index) ---[0m
  [90m     |[0m [31m[1m^^^^^^^^^^^^^^^^^^^^^^^^^^^^^^^[0m
[31m[1m>[0m [90m1941 |[0m [32mpopped = fruits.pop(0)[0m
  [90m     |[0m [31m[1m^^^^^^^^^^^^^^^^^^^^^^[0m
[31m[1m>[0m [90m1942 |[0m [32mprint(f"Popped: {popped}")[0m
  [90m     |[0m [31m[1m^^^^^^^^^^^^^^^^^^^^^^^^^^[0m
[31m[1m>[0m [90m1943 |[0m [32mprint("After pop:", fruits)[0m
  [90m     |[0m [31m[1m^^^^^^^^^^^^^^^^^^^^^^^^^^^[0m
[31m[1m>[0m [90m1944 |[0m
  [90m     |[0m [31m[1m^[0m
[31m[1m>[0m [90m1945 |[0m [32m# --- Sort ---[0m
  [90m     |[0m [31m[1m^^^^^^^^^^^^^^[0m
[31m[1m>[0m [90m1946 |[0m [32mfruits.sort()[0m
  [90m     |[0m [31m[1m^^^^^^^^^^^^^[0m
[31m[1m>[0m [90m1947 |[0m [32mprint("After sort:", fruits)[0m
  [90m     |[0m [31m[1m^^^^^^^^^^^^^^^^^^^^^^^^^^^^[0m
[31m[1m>[0m [90m1948 |[0m
  [90m     |[0m [31m[1m^[0m
[31m[1m>[0m [90m1949 |[0m [32m# --- Length ---[0m
  [90m     |[0m [31m[1m^^^^^^^^^^^^^^^^[0m
[31m[1m>[0m [90m1950 |[0m [32mprint("Number of fruits:", len(fruits))[0m
  [90m     |[0m [31m[1m^^^^^^^^^^^^^^^^^^^^^^^^^^^^^^^^^^^^^^^[0m
[31m[1m>[0m [90m1951 |[0m
  [90m     |[0m [31m[1m^[0m
[31m[1m>[0m [90m1952 |[0m [32m# ============================================[0m
  [90m     |[0m [31m[1m^^^^^^^^^^^^^^^^^^^^^^^^^^^^^^^^^^^^^^^^^^^^^^[0m
[31m[1m>[0m [90m1953 |[0m [32m# Execution Trace:[0m
  [90m     |[0m [31m[1m^^^^^^^^^^^^^^^^^^[0m
[31m[1m>[0m [90m1954 |[0m [32m# Initial: ['apple', 'banana', 'cherry'][0m
  [90m     |[0m [31m[1m^^^^^^^^^^^^^^^^^^^^^^^^^^^^^^^^^^^^^^^^[0m
[31m[1m>[0m [90m1955 |[0m [32m# append('date') -> ['apple', 'banana', 'cherry', 'date'][0m
  [90m     |[0m [31m[1m^^^^^^^^^^^^^^^^^^^^^^^^^^^^^^^^^^^^^^^^^^^^^^^^^^^^^^^^^[0m
[31m[1m>[0m [90m1956 |[0m [32m# insert(1, 'blueberry') -> ['apple', 'blueberry', 'banana', 'cherry', 'date'][0m
  [90m     |[0m [31m[1m^^^^^^^^^^^^^^^^^^^^^^^^^^^^^^^^^^^^^^^^^^^^^^^^^^^^^^^^^^^^^^^^^^^^^^^^^^^^^^[0m
[31m[1m>[0m [90m1957 |[0m [32m# remove('banana') -> ['apple', 'blueberry', 'cherry', 'date'][0m
  [90m     |[0m [31m[1m^^^^^^^^^^^^^^^^^^^^^^^^^^^^^^^^^^^^^^^^^^^^^^^^^^^^^^^^^^^^^^[0m
[31m[1m>[0m [90m1958 |[0m [32m# pop(0) -> 'apple', ['blueberry', 'cherry', 'date'][0m
  [90m     |[0m [31m[1m^^^^^^^^^^^^^^^^^^^^^^^^^^^^^^^^^^^^^^^^^^^^^^^^^^^^[0m
[31m[1m>[0m [90m1959 |[0m [32m# ============================================[0m
  [90m     |[0m [31m[1m^^^^^^^^^^^^^^^^^^^^^^^^^^^^^^^^^^^^^^^^^^^^^^[0m
[31m[1m>[0m [90m1960 |[0m
  [90m     |[0m [31m[1m^[0m
[31m[1m>[0m [90m1961 |[0m [32m# TRY THIS: Add a fruit at the end, then remove the one at index 2[0m
  [90m     |[0m [31m[1m^^^^^^^^^^^^^^^^^^^^^^^^^^^^^^^^^^^^^^^^^^^^^^^^^^^^^^^^^^^^^^^^^^[0m
[31m[1m>[0m [90m1962 |[0m [32m`[0m,
  [90m     |[0m [31m[1m^[0m
  [90m1963 |[0m     funFact: [32m"Python lists can hold mixed types ΓÇö numbers, strings, even other lists!"[0m
  [90m1964 |[0m   },
  [90m1965 |[0m   {

Parsing ecmascript source code failed

Import traces:
  App Route:
    ./src/data/pythonPrograms.ts
    ./app/api/admin/users/import-teachers-csv/route.ts

  Client Component Browser:
    ./src/data/pythonPrograms.ts [Client Component Browser]
    ./src/sections/ProgramsSection.tsx [Client Component Browser]
    ./src/sections/ProgramsSection.tsx [Server Component]
    ./app/page.tsx [Server Component]

  Client Component SSR:
    ./src/data/pythonPrograms.ts [Client Component SSR]
    ./src/sections/ProgramsSection.tsx [Client Component SSR]
    ./src/sections/ProgramsSection.tsx [Server Component]
    ./app/page.tsx [Server Component]


./src/data/pythonPrograms.ts:1963:14
Cannot assign to this
  [90m1961 |[0m # [33mTRY[0m [33mTHIS[0m: [33mAdd[0m a fruit at the end, then remove the one at index 
[35m2[0m
  [90m1962 |[0m [32m`,[0m
[31m[1m>[0m [90m1963 |[0m [32m    funFact: "Python lists can hold mixed types ΓÇö numbers, strings, even other 
lists!"[0m
  [90m     |[0m              [31m[1m^^^^^^^^^^^^^^^^^^^^^^^^^^^^^^^^^^^^^^^^^^^^^^^^^^^^^^^^^^^^^^^^^^^^^^^^^[0m
  [90m1964 |[0m [32m  },[0m
  [90m1965 |[0m [32m  {[0m
  [90m1966 |[0m [32m    id: "lt-2",[0m

Parsing ecmascript source code failed

Import traces:
  App Route:
    ./src/data/pythonPrograms.ts
    ./app/api/admin/users/import-teachers-csv/route.ts

  Client Component Browser:
    ./src/data/pythonPrograms.ts [Client Component Browser]
    ./src/sections/ProgramsSection.tsx [Client Component Browser]
    ./src/sections/ProgramsSection.tsx [Server Component]
    ./app/page.tsx [Server Component]

  Client Component SSR:
    ./src/data/pythonPrograms.ts [Client Component SSR]
    ./src/sections/ProgramsSection.tsx [Client Component SSR]
    ./src/sections/ProgramsSection.tsx [Server Component]
    ./app/page.tsx [Server Component]


./src/data/pythonPrograms.ts:1966:9
Cannot assign to this
  [90m1964 |[0m [32m  },[0m
  [90m1965 |[0m [32m  {[0m
[31m[1m>[0m [90m1966 |[0m [32m    id: "lt-2",[0m
  [90m     |[0m         [31m[1m^^^^^^[0m
  [90m1967 |[0m [32m    title: "Largest in List",[0m
  [90m1968 |[0m [32m    language: "python" as const,[0m
  [90m1969 |[0m [32m    category: "Lists",[0m

Parsing ecmascript source code failed

Import traces:
  App Route:
    ./src/data/pythonPrograms.ts
    ./app/api/admin/users/import-teachers-csv/route.ts

  Client Component Browser:
    ./src/data/pythonPrograms.ts [Client Component Browser]
    ./src/sections/ProgramsSection.tsx [Client Component Browser]
    ./src/sections/ProgramsSection.tsx [Server Component]
    ./app/page.tsx [Server Component]

  Client Component SSR:
    ./src/data/pythonPrograms.ts [Client Component SSR]
    ./src/sections/ProgramsSection.tsx [Client Component SSR]
    ./src/sections/ProgramsSection.tsx [Server Component]
    ./app/page.tsx [Server Component]


./src/data/pythonPrograms.ts:1967:12
Cannot assign to this
  [90m1965 |[0m [32m  {[0m
  [90m1966 |[0m [32m    id: "lt-2",[0m
[31m[1m>[0m [90m1967 |[0m [32m    title: "Largest in List",[0m
  [90m     |[0m            [31m[1m^^^^^^^^^^^^^^^^^[0m
  [90m1968 |[0m [32m    language: "python" as const,[0m
  [90m1969 |[0m [32m    category: "Lists",[0m
  [90m1970 |[0m [32m    difficulty: "Easy",[0m

Parsing ecmascript source code failed

Import traces:
  App Route:
    ./src/data/pythonPrograms.ts
    ./app/api/admin/users/import-teachers-csv/route.ts

  Client Component Browser:
    ./src/data/pythonPrograms.ts [Client Component Browser]
    ./src/sections/ProgramsSection.tsx [Client Component Browser]
    ./src/sections/ProgramsSection.tsx [Server Component]
    ./app/page.tsx [Server Component]

  Client Component SSR:
    ./src/data/pythonPrograms.ts [Client Component SSR]
    ./src/sections/ProgramsSection.tsx [Client Component SSR]
    ./src/sections/ProgramsSection.tsx [Server Component]
    ./app/page.tsx [Server Component]


./src/data/pythonPrograms.ts:1969:15
Cannot assign to this
  [90m1967 |[0m [32m    title: "Largest in List",[0m
  [90m1968 |[0m [32m    language: "python" as const,[0m
[31m[1m>[0m [90m1969 |[0m [32m    category: "Lists",[0m
  [90m     |[0m               [31m[1m^^^^^^^[0m
  [90m1970 |[0m [32m    difficulty: "Easy",[0m
  [90m1971 |[0m [32m    classLevel: "Class 9" as const,[0m
  [90m1972 |[0m [32m    description: "Find the largest element in a list using max() and manual method.",[0m

Parsing ecmascript source code failed

Import traces:
  App Route:
    ./src/data/pythonPrograms.ts
    ./app/api/admin/users/import-teachers-csv/route.ts

  Client Component Browser:
    ./src/data/pythonPrograms.ts [Client Component Browser]
    ./src/sections/ProgramsSection.tsx [Client Component Browser]
    ./src/sections/ProgramsSection.tsx [Server Component]
    ./app/page.tsx [Server Component]

  Client Component SSR:
    ./src/data/pythonPrograms.ts [Client Component SSR]
    ./src/sections/ProgramsSection.tsx [Client Component SSR]
    ./src/sections/ProgramsSection.tsx [Server Component]
    ./app/page.tsx [Server Component]


./src/data/pythonPrograms.ts:1970:17
Cannot assign to this
  [90m1968 |[0m [32m    language: "python" as const,[0m
  [90m1969 |[0m [32m    category: "Lists",[0m
[31m[1m>[0m [90m1970 |[0m [32m    difficulty: "Easy",[0m
  [90m     |[0m                 [31m[1m^^^^^^[0m
  [90m1971 |[0m [32m    classLevel: "Class 9" as const,[0m
  [90m1972 |[0m [32m    description: "Find the largest element in a list using max() and manual method.",[0m
  [90m1973 |[0m [32m    code: `[0m# ============================================

Parsing ecmascript source code failed

Import traces:
  App Route:
    ./src/data/pythonPrograms.ts
    ./app/api/admin/users/import-teachers-csv/route.ts

  Client Component Browser:
    ./src/data/pythonPrograms.ts [Client Component Browser]
    ./src/sections/ProgramsSection.tsx [Client Component Browser]
    ./src/sections/ProgramsSection.tsx [Server Component]
    ./app/page.tsx [Server Component]

  Client Component SSR:
    ./src/data/pythonPrograms.ts [Client Component SSR]
    ./src/sections/ProgramsSection.tsx [Client Component SSR]
    ./src/sections/ProgramsSection.tsx [Server Component]
    ./app/page.tsx [Server Component]


./src/data/pythonPrograms.ts:1972:18
Cannot assign to this
  [90m1970 |[0m [32m    difficulty: "Easy",[0m
  [90m1971 |[0m [32m    classLevel: "Class 9" as const,[0m
[31m[1m>[0m [90m1972 |[0m [32m    description: "Find the largest element in a list using max() and manual 
method.",[0m
  [90m     |[0m                  [31m[1m^^^^^^^^^^^^^^^^^^^^^^^^^^^^^^^^^^^^^^^^^^^^^^^^^^^^^^^^^^^^^^^^^^^[0m
  [90m1973 |[0m [32m    code: `[0m# ============================================
  [90m1974 |[0m # [33mFind[0m the [33mLargest[0m [36min[0m a [33mList[0m
  [90m1975 |[0m # ============================================

Parsing ecmascript source code failed

Import traces:
  App Route:
    ./src/data/pythonPrograms.ts
    ./app/api/admin/users/import-teachers-csv/route.ts

  Client Component Browser:
    ./src/data/pythonPrograms.ts [Client Component Browser]
    ./src/sections/ProgramsSection.tsx [Client Component Browser]
    ./src/sections/ProgramsSection.tsx [Server Component]
    ./app/page.tsx [Server Component]

  Client Component SSR:
    ./src/data/pythonPrograms.ts [Client Component SSR]
    ./src/sections/ProgramsSection.tsx [Client Component SSR]
    ./src/sections/ProgramsSection.tsx [Server Component]
    ./app/page.tsx [Server Component]


./src/data/pythonPrograms.ts:1973:11
Cannot assign to this
  [90m1971 |[0m [32m    classLevel: "Class 9" as const,[0m
  [90m1972 |[0m [32m    description: "Find the largest element in a list using max() and manual method.",[0m
[31m[1m>[0m [90m1973 |[0m [32m    code: `[0m# ============================================
  [90m     |[0m           [31m[1m^^^^^^^^^^^^^^^^^^^^^^^^^^^^^^^^^^^^^^^^^^^^^^[0m
[31m[1m>[0m [90m1974 |[0m # [33mFind[0m the [33mLargest[0m [36min[0m a [33mList[0m
  [90m     |[0m [31m[1m^^^^^^^^^^^^^^^^^^^^^^^^^^^^[0m
[31m[1m>[0m [90m1975 |[0m # ============================================
  [90m     |[0m [31m[1m^^^^^^^^^^^^^^^^^^^^^^^^^^^^^^^^^^^^^^^^^^^^^^[0m
[31m[1m>[0m [90m1976 |[0m # [33mTwo[0m approaches: built-[36min[0m max() and manual loop
  [90m     |[0m [31m[1m^^^^^^^^^^^^^^^^^^^^^^^^^^^^^^^^^^^^^^^^^^^^^^^^[0m
[31m[1m>[0m [90m1977 |[0m # ============================================
  [90m     |[0m [31m[1m^^^^^^^^^^^^^^^^^^^^^^^^^^^^^^^^^^^^^^^^^^^^^^[0m
[31m[1m>[0m [90m1978 |[0m
  [90m     |[0m [31m[1m^[0m
[31m[1m>[0m [90m1979 |[0m # --- [33mInput[0m ---
  [90m     |[0m [31m[1m^^^^^^^^^^^^^^^[0m
[31m[1m>[0m [90m1980 |[0m numbers = [[35m34[0m, [35m12[0m, [35m56[0m, [35m78[0m, [35m23[0m, 
[35m91[0m, [35m45[0m]
  [90m     |[0m [31m[1m^^^^^^^^^^^^^^^^^^^^^^^^^^^^^^^^^^^^^^[0m
[31m[1m>[0m [90m1981 |[0m
  [90m     |[0m [31m[1m^[0m
[31m[1m>[0m [90m1982 |[0m # --- [33mMethod[0m [35m1[0m: [33mUsing[0m max() ---
  [90m     |[0m [31m[1m^^^^^^^^^^^^^^^^^^^^^^^^^^^^^^^[0m
[31m[1m>[0m [90m1983 |[0m largest_builtin = max(numbers)
  [90m     |[0m [31m[1m^^^^^^^^^^^^^^^^^^^^^^^^^^^^^^[0m
[31m[1m>[0m [90m1984 |[0m print(f[32m"Using max(): {largest_builtin}"[0m)
  [90m     |[0m [31m[1m^^^^^^^^^^^^^^^^^^^^^^^^^^^^^^^^^^^^^^^^[0m
[31m[1m>[0m [90m1985 |[0m
  [90m     |[0m [31m[1m^[0m
[31m[1m>[0m [90m1986 |[0m # --- [33mMethod[0m [35m2[0m: [33mManual[0m loop ---
  [90m     |[0m [31m[1m^^^^^^^^^^^^^^^^^^^^^^^^^^^^^^^[0m
[31m[1m>[0m [90m1987 |[0m largest_manual = numbers[[35m0[0m]  # [33mStart[0m [36mwith[0m first element
  [90m     |[0m [31m[1m^^^^^^^^^^^^^^^^^^^^^^^^^^^^^^^^^^^^^^^^^^^^^^^^^^^^^^^[0m
[31m[1m>[0m [90m1988 |[0m [36mfor[0m num [36min[0m numbers:
  [90m     |[0m [31m[1m^^^^^^^^^^^^^^^^^^^[0m
[31m[1m>[0m [90m1989 |[0m     [36mif[0m num > largest_manual:
  [90m     |[0m [31m[1m^^^^^^^^^^^^^^^^^^^^^^^^^^^^[0m
[31m[1m>[0m [90m1990 |[0m         largest_manual = num
  [90m     |[0m [31m[1m^^^^^^^^^^^^^^^^^^^^^^^^^^^^[0m
[31m[1m>[0m [90m1991 |[0m print(f[32m"Using loop:  {largest_manual}"[0m)
  [90m     |[0m [31m[1m^^^^^^^^^^^^^^^^^^^^^^^^^^^^^^^^^^^^^^^[0m
[31m[1m>[0m [90m1992 |[0m
  [90m     |[0m [31m[1m^[0m
[31m[1m>[0m [90m1993 |[0m # --- [33mFind[0m position ---
  [90m     |[0m [31m[1m^^^^^^^^^^^^^^^^^^^^^^^[0m
[31m[1m>[0m [90m1994 |[0m position = numbers.index(largest_manual) + [35m1[0m
  [90m     |[0m [31m[1m^^^^^^^^^^^^^^^^^^^^^^^^^^^^^^^^^^^^^^^^^^^^[0m
[31m[1m>[0m [90m1995 |[0m print(f[32m"Largest value {largest_manual} is at position {position}"[0m)
  [90m     |[0m [31m[1m^^^^^^^^^^^^^^^^^^^^^^^^^^^^^^^^^^^^^^^^^^^^^^^^^^^^^^^^^^^^^^^^^^[0m
[31m[1m>[0m [90m1996 |[0m
  [90m     |[0m [31m[1m^[0m
[31m[1m>[0m [90m1997 |[0m # ============================================
  [90m     |[0m [31m[1m^^^^^^^^^^^^^^^^^^^^^^^^^^^^^^^^^^^^^^^^^^^^^^[0m
[31m[1m>[0m [90m1998 |[0m # [33mExecution[0m [33mTrace[0m:
  [90m     |[0m [31m[1m^^^^^^^^^^^^^^^^^^[0m
[31m[1m>[0m [90m1999 |[0m # numbers = [[35m34[0m, [35m12[0m, [35m56[0m, [35m78[0m, [35m23[0m, 
[35m91[0m, [35m45[0m]
  [90m     |[0m [31m[1m^^^^^^^^^^^^^^^^^^^^^^^^^^^^^^^^^^^^^^^^[0m
[31m[1m>[0m [90m2000 |[0m # max() -> [35m91[0m
  [90m     |[0m [31m[1m^^^^^^^^^^^^^[0m
[31m[1m>[0m [90m2001 |[0m # [33mManual[0m: [35m34[0m > [35m34[0m? no, [35m12[0m > [35m34[0m? no, 
[35m56[0m > [35m34[0m? yes,
  [90m     |[0m [31m[1m^^^^^^^^^^^^^^^^^^^^^^^^^^^^^^^^^^^^^^^^^^^^^^^^^[0m
[31m[1m>[0m [90m2002 |[0m #   [35m78[0m > [35m56[0m? yes, [35m23[0m > [35m78[0m? no, [35m91[0m > 
[35m78[0m? yes
  [90m     |[0m [31m[1m^^^^^^^^^^^^^^^^^^^^^^^^^^^^^^^^^^^^^^^^^^^[0m
[31m[1m>[0m [90m2003 |[0m # [33mOutput[0m: [35m91[0m at position [35m6[0m
  [90m     |[0m [31m[1m^^^^^^^^^^^^^^^^^^^^^^^^^^[0m
[31m[1m>[0m [90m2004 |[0m # ============================================
  [90m     |[0m [31m[1m^^^^^^^^^^^^^^^^^^^^^^^^^^^^^^^^^^^^^^^^^^^^^^[0m
[31m[1m>[0m [90m2005 |[0m
  [90m     |[0m [31m[1m^[0m
[31m[1m>[0m [90m2006 |[0m # [33mTRY[0m [33mTHIS[0m: [33mAlso[0m find the smallest element and its position
  [90m     |[0m [31m[1m^^^^^^^^^^^^^^^^^^^^^^^^^^^^^^^^^^^^^^^^^^^^^^^^^^^^^^^^^^^[0m
[31m[1m>[0m [90m2007 |[0m [32m`,[0m
  [90m     |[0m [31m[1m^[0m
  [90m2008 |[0m [32m    funFact: "Python's max() function can also find the largest string alphabetically!"[0m
  [90m2009 |[0m [32m  },[0m
  [90m2010 |[0m [32m  {[0m

Parsing ecmascript source code failed

Import traces:
  App Route:
    ./src/data/pythonPrograms.ts
    ./app/api/admin/users/import-teachers-csv/route.ts

  Client Component Browser:
    ./src/data/pythonPrograms.ts [Client Component Browser]
    ./src/sections/ProgramsSection.tsx [Client Component Browser]
    ./src/sections/ProgramsSection.tsx [Server Component]
    ./app/page.tsx [Server Component]

  Client Component SSR:
    ./src/data/pythonPrograms.ts [Client Component SSR]
    ./src/sections/ProgramsSection.tsx [Client Component SSR]
    ./src/sections/ProgramsSection.tsx [Server Component]
    ./app/page.tsx [Server Component]


./src/data/pythonPrograms.ts:2008:14
Cannot assign to this
  [90m2006 |[0m # [33mTRY[0m [33mTHIS[0m: [33mAlso[0m find the smallest element and its position
  [90m2007 |[0m [32m`,[0m
[31m[1m>[0m [90m2008 |[0m [32m    funFact: "Python's max() function can also find the largest string 
alphabetically!"[0m
  [90m     |[0m              [31m[1m^^^^^^^^^^^^^^^^^^^^^^^^^^^^^^^^^^^^^^^^^^^^^^^^^^^^^^^^^^^^^^^^^^^^^^^^^^[0m
  [90m2009 |[0m [32m  },[0m
  [90m2010 |[0m [32m  {[0m
  [90m2011 |[0m [32m    id: "lt-3",[0m

Parsing ecmascript source code failed

Import traces:
  App Route:
    ./src/data/pythonPrograms.ts
    ./app/api/admin/users/import-teachers-csv/route.ts

  Client Component Browser:
    ./src/data/pythonPrograms.ts [Client Component Browser]
    ./src/sections/ProgramsSection.tsx [Client Component Browser]
    ./src/sections/ProgramsSection.tsx [Server Component]
    ./app/page.tsx [Server Component]

  Client Component SSR:
    ./src/data/pythonPrograms.ts [Client Component SSR]
    ./src/sections/ProgramsSection.tsx [Client Component SSR]
    ./src/sections/ProgramsSection.tsx [Server Component]
    ./app/page.tsx [Server Component]


./src/data/pythonPrograms.ts:2011:9
Cannot assign to this
  [90m2009 |[0m [32m  },[0m
  [90m2010 |[0m [32m  {[0m
[31m[1m>[0m [90m2011 |[0m [32m    id: "lt-3",[0m
  [90m     |[0m         [31m[1m^^^^^^[0m
  [90m2012 |[0m [32m    title: "Bubble Sort",[0m
  [90m2013 |[0m [32m    language: "python" as const,[0m
  [90m2014 |[0m [32m    category: "Lists",[0m

Parsing ecmascript source code failed

Import traces:
  App Route:
    ./src/data/pythonPrograms.ts
    ./app/api/admin/users/import-teachers-csv/route.ts

  Client Component Browser:
    ./src/data/pythonPrograms.ts [Client Component Browser]
    ./src/sections/ProgramsSection.tsx [Client Component Browser]
    ./src/sections/ProgramsSection.tsx [Server Component]
    ./app/page.tsx [Server Component]

  Client Component SSR:
    ./src/data/pythonPrograms.ts [Client Component SSR]
    ./src/sections/ProgramsSection.tsx [Client Component SSR]
    ./src/sections/ProgramsSection.tsx [Server Component]
    ./app/page.tsx [Server Component]


./src/data/pythonPrograms.ts:2012:12
Cannot assign to this
  [90m2010 |[0m [32m  {[0m
  [90m2011 |[0m [32m    id: "lt-3",[0m
[31m[1m>[0m [90m2012 |[0m [32m    title: "Bubble Sort",[0m
  [90m     |[0m            [31m[1m^^^^^^^^^^^^^[0m
  [90m2013 |[0m [32m    language: "python" as const,[0m
  [90m2014 |[0m [32m    category: "Lists",[0m
  [90m2015 |[0m [32m    difficulty: "Medium",[0m

Parsing ecmascript source code failed

Import traces:
  App Route:
    ./src/data/pythonPrograms.ts
    ./app/api/admin/users/import-teachers-csv/route.ts

  Client Component Browser:
    ./src/data/pythonPrograms.ts [Client Component Browser]
    ./src/sections/ProgramsSection.tsx [Client Component Browser]
    ./src/sections/ProgramsSection.tsx [Server Component]
    ./app/page.tsx [Server Component]

  Client Component SSR:
    ./src/data/pythonPrograms.ts [Client Component SSR]
    ./src/sections/ProgramsSection.tsx [Client Component SSR]
    ./src/sections/ProgramsSection.tsx [Server Component]
    ./app/page.tsx [Server Component]


./src/data/pythonPrograms.ts:2014:15
Cannot assign to this
  [90m2012 |[0m [32m    title: "Bubble Sort",[0m
  [90m2013 |[0m [32m    language: "python" as const,[0m
[31m[1m>[0m [90m2014 |[0m [32m    category: "Lists",[0m
  [90m     |[0m               [31m[1m^^^^^^^[0m
  [90m2015 |[0m [32m    difficulty: "Medium",[0m
  [90m2016 |[0m [32m    classLevel: "Class 9" as const,[0m
  [90m2017 |[0m [32m    description: "Sort a list using the Bubble Sort algorithm with nested loops.",[0m

Parsing ecmascript source code failed

Import traces:
  App Route:
    ./src/data/pythonPrograms.ts
    ./app/api/admin/users/import-teachers-csv/route.ts

  Client Component Browser:
    ./src/data/pythonPrograms.ts [Client Component Browser]
    ./src/sections/ProgramsSection.tsx [Client Component Browser]
    ./src/sections/ProgramsSection.tsx [Server Component]
    ./app/page.tsx [Server Component]

  Client Component SSR:
    ./src/data/pythonPrograms.ts [Client Component SSR]
    ./src/sections/ProgramsSection.tsx [Client Component SSR]
    ./src/sections/ProgramsSection.tsx [Server Component]
    ./app/page.tsx [Server Component]


./src/data/pythonPrograms.ts:2015:17
Cannot assign to this
  [90m2013 |[0m [32m    language: "python" as const,[0m
  [90m2014 |[0m [32m    category: "Lists",[0m
[31m[1m>[0m [90m2015 |[0m [32m    difficulty: "Medium",[0m
  [90m     |[0m                 [31m[1m^^^^^^^^[0m
  [90m2016 |[0m [32m    classLevel: "Class 9" as const,[0m
  [90m2017 |[0m [32m    description: "Sort a list using the Bubble Sort algorithm with nested loops.",[0m
  [90m2018 |[0m [32m    code: `[0m# ============================================

Parsing ecmascript source code failed

Import traces:
  App Route:
    ./src/data/pythonPrograms.ts
    ./app/api/admin/users/import-teachers-csv/route.ts

  Client Component Browser:
    ./src/data/pythonPrograms.ts [Client Component Browser]
    ./src/sections/ProgramsSection.tsx [Client Component Browser]
    ./src/sections/ProgramsSection.tsx [Server Component]
    ./app/page.tsx [Server Component]

  Client Component SSR:
    ./src/data/pythonPrograms.ts [Client Component SSR]
    ./src/sections/ProgramsSection.tsx [Client Component SSR]
    ./src/sections/ProgramsSection.tsx [Server Component]
    ./app/page.tsx [Server Component]


./src/data/pythonPrograms.ts:2017:18
Cannot assign to this
  [90m2015 |[0m [32m    difficulty: "Medium",[0m
  [90m2016 |[0m [32m    classLevel: "Class 9" as const,[0m
[31m[1m>[0m [90m2017 |[0m [32m    description: "Sort a list using the Bubble Sort algorithm with nested 
loops.",[0m
  [90m     |[0m                  [31m[1m^^^^^^^^^^^^^^^^^^^^^^^^^^^^^^^^^^^^^^^^^^^^^^^^^^^^^^^^^^^^^^^^[0m
  [90m2018 |[0m [32m    code: `[0m# ============================================
  [90m2019 |[0m # [33mBubble[0m [33mSort[0m
  [90m2020 |[0m # ============================================

Parsing ecmascript source code failed

Import traces:
  App Route:
    ./src/data/pythonPrograms.ts
    ./app/api/admin/users/import-teachers-csv/route.ts

  Client Component Browser:
    ./src/data/pythonPrograms.ts [Client Component Browser]
    ./src/sections/ProgramsSection.tsx [Client Component Browser]
    ./src/sections/ProgramsSection.tsx [Server Component]
    ./app/page.tsx [Server Component]

  Client Component SSR:
    ./src/data/pythonPrograms.ts [Client Component SSR]
    ./src/sections/ProgramsSection.tsx [Client Component SSR]
    ./src/sections/ProgramsSection.tsx [Server Component]
    ./app/page.tsx [Server Component]


./src/data/pythonPrograms.ts:2018:11
Cannot assign to this
  [90m2016 |[0m [32m    classLevel: "Class 9" as const,[0m
  [90m2017 |[0m [32m    description: "Sort a list using the Bubble Sort algorithm with nested loops.",[0m
[31m[1m>[0m [90m2018 |[0m [32m    code: `[0m# ============================================
  [90m     |[0m           [31m[1m^^^^^^^^^^^^^^^^^^^^^^^^^^^^^^^^^^^^^^^^^^^^^^[0m
[31m[1m>[0m [90m2019 |[0m # [33mBubble[0m [33mSort[0m
  [90m     |[0m [31m[1m^^^^^^^^^^^^^[0m
[31m[1m>[0m [90m2020 |[0m # ============================================
  [90m     |[0m [31m[1m^^^^^^^^^^^^^^^^^^^^^^^^^^^^^^^^^^^^^^^^^^^^^^[0m
[31m[1m>[0m [90m2021 |[0m # [33mRepeatedly[0m compare adjacent elements and swap
  [90m     |[0m [31m[1m^^^^^^^^^^^^^^^^^^^^^^^^^^^^^^^^^^^^^^^^^^^^^^^[0m
[31m[1m>[0m [90m2022 |[0m # them [36mif[0m they[32m're in the wrong order.[0m
  [90m     |[0m [31m[1m^^^^^^^^^^^^^^^^^^^^^^^^^^^^^^^^^^^^^[0m
[31m[1m>[0m [90m2023 |[0m [32m# Like bubbles rising to the surface![0m
  [90m     |[0m [31m[1m^^^^^^^^^^^^^^^^^^^^^^^^^^^^^^^^^^^^^[0m
[31m[1m>[0m [90m2024 |[0m [32m# ============================================[0m
  [90m     |[0m [31m[1m^^^^^^^^^^^^^^^^^^^^^^^^^^^^^^^^^^^^^^^^^^^^^^[0m
[31m[1m>[0m [90m2025 |[0m
  [90m     |[0m [31m[1m^[0m
[31m[1m>[0m [90m2026 |[0m [32m# --- Input ---[0m
  [90m     |[0m [31m[1m^^^^^^^^^^^^^^^[0m
[31m[1m>[0m [90m2027 |[0m [32mnumbers = [64, 34, 25, 12, 22, 11, 90][0m
  [90m     |[0m [31m[1m^^^^^^^^^^^^^^^^^^^^^^^^^^^^^^^^^^^^^^[0m
[31m[1m>[0m [90m2028 |[0m [32mprint("Unsorted:", numbers)[0m
  [90m     |[0m [31m[1m^^^^^^^^^^^^^^^^^^^^^^^^^^^[0m
[31m[1m>[0m [90m2029 |[0m
  [90m     |[0m [31m[1m^[0m
[31m[1m>[0m [90m2030 |[0m [32m# --- Bubble Sort Algorithm ---[0m
  [90m     |[0m [31m[1m^^^^^^^^^^^^^^^^^^^^^^^^^^^^^^^[0m
[31m[1m>[0m [90m2031 |[0m [32mn = len(numbers)[0m
  [90m     |[0m [31m[1m^^^^^^^^^^^^^^^^[0m
[31m[1m>[0m [90m2032 |[0m
  [90m     |[0m [31m[1m^[0m
[31m[1m>[0m [90m2033 |[0m [32mfor i in range(n):[0m
  [90m     |[0m [31m[1m^^^^^^^^^^^^^^^^^^[0m
[31m[1m>[0m [90m2034 |[0m [32m    for j in range(0, n - i - 1):[0m
  [90m     |[0m [31m[1m^^^^^^^^^^^^^^^^^^^^^^^^^^^^^^^^^[0m
[31m[1m>[0m [90m2035 |[0m [32m        # Compare adjacent elements[0m
  [90m     |[0m [31m[1m^^^^^^^^^^^^^^^^^^^^^^^^^^^^^^^^^^^[0m
[31m[1m>[0m [90m2036 |[0m [32m        if numbers[j] > numbers[j + 1]:[0m
  [90m     |[0m [31m[1m^^^^^^^^^^^^^^^^^^^^^^^^^^^^^^^^^^^^^^^[0m
[31m[1m>[0m [90m2037 |[0m [32m            # Swap them[0m
  [90m     |[0m [31m[1m^^^^^^^^^^^^^^^^^^^^^^^[0m
[31m[1m>[0m [90m2038 |[0m [32m            numbers[j], numbers[j + 1] = numbers[j + 1], numbers[j][0m
  [90m     |[0m [31m[1m^^^^^^^^^^^^^^^^^^^^^^^^^^^^^^^^^^^^^^^^^^^^^^^^^^^^^^^^^^^^^^^^^^^[0m
[31m[1m>[0m [90m2039 |[0m [32m            print(f"  Swapped: {numbers}")[0m
  [90m     |[0m [31m[1m^^^^^^^^^^^^^^^^^^^^^^^^^^^^^^^^^^^^^^^^^^[0m
[31m[1m>[0m [90m2040 |[0m
  [90m     |[0m [31m[1m^[0m
[31m[1m>[0m [90m2041 |[0m [32m# --- Output ---[0m
  [90m     |[0m [31m[1m^^^^^^^^^^^^^^^^[0m
[31m[1m>[0m [90m2042 |[0m [32mprint("Sorted:  ", numbers)[0m
  [90m     |[0m [31m[1m^^^^^^^^^^^^^^^^^^^^^^^^^^^[0m
[31m[1m>[0m [90m2043 |[0m
  [90m     |[0m [31m[1m^[0m
[31m[1m>[0m [90m2044 |[0m [32m# ============================================[0m
  [90m     |[0m [31m[1m^^^^^^^^^^^^^^^^^^^^^^^^^^^^^^^^^^^^^^^^^^^^^^[0m
[31m[1m>[0m [90m2045 |[0m [32m# Execution Trace:[0m
  [90m     |[0m [31m[1m^^^^^^^^^^^^^^^^^^[0m
[31m[1m>[0m [90m2046 |[0m [32m# [64, 34, 25, 12, 22, 11, 90][0m
  [90m     |[0m [31m[1m^^^^^^^^^^^^^^^^^^^^^^^^^^^^^^[0m
[31m[1m>[0m [90m2047 |[0m [32m# Pass 1: 34<->64, 25<->34, 12<->25, 22<->12, 11<->22, 64<->90[0m
  [90m     |[0m [31m[1m^^^^^^^^^^^^^^^^^^^^^^^^^^^^^^^^^^^^^^^^^^^^^^^^^^^^^^^^^^^^^^[0m
[31m[1m>[0m [90m2048 |[0m [32m# [34, 25, 12, 22, 11, 64, 90][0m
  [90m     |[0m [31m[1m^^^^^^^^^^^^^^^^^^^^^^^^^^^^^^[0m
[31m[1m>[0m [90m2049 |[0m [32m# Pass 2: ... continues until sorted[0m
  [90m     |[0m [31m[1m^^^^^^^^^^^^^^^^^^^^^^^^^^^^^^^^^^^^[0m
[31m[1m>[0m [90m2050 |[0m [32m# Final: [11, 12, 22, 25, 34, 64, 90][0m
  [90m     |[0m [31m[1m^^^^^^^^^^^^^^^^^^^^^^^^^^^^^^^^^^^^^[0m
[31m[1m>[0m [90m2051 |[0m [32m# ============================================[0m
  [90m     |[0m [31m[1m^^^^^^^^^^^^^^^^^^^^^^^^^^^^^^^^^^^^^^^^^^^^^^[0m
[31m[1m>[0m [90m2052 |[0m
  [90m     |[0m [31m[1m^[0m
[31m[1m>[0m [90m2053 |[0m [32m# TRY THIS: Count how many swaps were made in total[0m
  [90m     |[0m [31m[1m^^^^^^^^^^^^^^^^^^^^^^^^^^^^^^^^^^^^^^^^^^^^^^^^^^^[0m
[31m[1m>[0m [90m2054 |[0m [32m`,[0m
  [90m     |[0m [31m[1m^[0m
  [90m2055 |[0m [32m    funFact: "Bubble Sort is named because smaller elements '[0mbubble[32m' to the top!"[0m
  [90m2056 |[0m [32m  },[0m
  [90m2057 |[0m [32m  {[0m

Parsing ecmascript source code failed

Import traces:
  App Route:
    ./src/data/pythonPrograms.ts
    ./app/api/admin/users/import-teachers-csv/route.ts

  Client Component Browser:
    ./src/data/pythonPrograms.ts [Client Component Browser]
    ./src/sections/ProgramsSection.tsx [Client Component Browser]
    ./src/sections/ProgramsSection.tsx [Server Component]
    ./app/page.tsx [Server Component]

  Client Component SSR:
    ./src/data/pythonPrograms.ts [Client Component SSR]
    ./src/sections/ProgramsSection.tsx [Client Component SSR]
    ./src/sections/ProgramsSection.tsx [Server Component]
    ./app/page.tsx [Server Component]


./src/data/pythonPrograms.ts:2055:14
Cannot assign to this
  [90m2053 |[0m # [33mTRY[0m [33mTHIS[0m: [33mCount[0m how many swaps were made [36min[0m total
  [90m2054 |[0m [32m`,[0m
[31m[1m>[0m [90m2055 |[0m [32m    funFact: "Bubble Sort is named because smaller elements 'bubble' to the 
top!"[0m
  [90m     |[0m              [31m[1m^^^^^^^^^^^^^^^^^^^^^^^^^^^^^^^^^^^^^^^^^^^^^^^^^^^^^^^^^^^^^^^^^^^^[0m
  [90m2056 |[0m [32m  },[0m
  [90m2057 |[0m [32m  {[0m
  [90m2058 |[0m [32m    id: "lt-4",[0m

Parsing ecmascript source code failed

Import traces:
  App Route:
    ./src/data/pythonPrograms.ts
    ./app/api/admin/users/import-teachers-csv/route.ts

  Client Component Browser:
    ./src/data/pythonPrograms.ts [Client Component Browser]
    ./src/sections/ProgramsSection.tsx [Client Component Browser]
    ./src/sections/ProgramsSection.tsx [Server Component]
    ./app/page.tsx [Server Component]

  Client Component SSR:
    ./src/data/pythonPrograms.ts [Client Component SSR]
    ./src/sections/ProgramsSection.tsx [Client Component SSR]
    ./src/sections/ProgramsSection.tsx [Server Component]
    ./app/page.tsx [Server Component]


./src/data/pythonPrograms.ts:2058:9
Cannot assign to this
  [90m2056 |[0m [32m  },[0m
  [90m2057 |[0m [32m  {[0m
[31m[1m>[0m [90m2058 |[0m [32m    id: "lt-4",[0m
  [90m     |[0m         [31m[1m^^^^^^[0m
  [90m2059 |[0m [32m    title: "List Comprehension",[0m
  [90m2060 |[0m [32m    language: "python" as const,[0m
  [90m2061 |[0m [32m    category: "Lists",[0m

Parsing ecmascript source code failed

Import traces:
  App Route:
    ./src/data/pythonPrograms.ts
    ./app/api/admin/users/import-teachers-csv/route.ts

  Client Component Browser:
    ./src/data/pythonPrograms.ts [Client Component Browser]
    ./src/sections/ProgramsSection.tsx [Client Component Browser]
    ./src/sections/ProgramsSection.tsx [Server Component]
    ./app/page.tsx [Server Component]

  Client Component SSR:
    ./src/data/pythonPrograms.ts [Client Component SSR]
    ./src/sections/ProgramsSection.tsx [Client Component SSR]
    ./src/sections/ProgramsSection.tsx [Server Component]
    ./app/page.tsx [Server Component]


./src/data/pythonPrograms.ts:2059:12
Cannot assign to this
  [90m2057 |[0m [32m  {[0m
  [90m2058 |[0m [32m    id: "lt-4",[0m
[31m[1m>[0m [90m2059 |[0m [32m    title: "List Comprehension",[0m
  [90m     |[0m            [31m[1m^^^^^^^^^^^^^^^^^^^^[0m
  [90m2060 |[0m [32m    language: "python" as const,[0m
  [90m2061 |[0m [32m    category: "Lists",[0m
  [90m2062 |[0m [32m    difficulty: "Medium",[0m

Parsing ecmascript source code failed

Import traces:
  App Route:
    ./src/data/pythonPrograms.ts
    ./app/api/admin/users/import-teachers-csv/route.ts

  Client Component Browser:
    ./src/data/pythonPrograms.ts [Client Component Browser]
    ./src/sections/ProgramsSection.tsx [Client Component Browser]
    ./src/sections/ProgramsSection.tsx [Server Component]
    ./app/page.tsx [Server Component]

  Client Component SSR:
    ./src/data/pythonPrograms.ts [Client Component SSR]
    ./src/sections/ProgramsSection.tsx [Client Component SSR]
    ./src/sections/ProgramsSection.tsx [Server Component]
    ./app/page.tsx [Server Component]


./src/data/pythonPrograms.ts:2061:15
Cannot assign to this
  [90m2059 |[0m [32m    title: "List Comprehension",[0m
  [90m2060 |[0m [32m    language: "python" as const,[0m
[31m[1m>[0m [90m2061 |[0m [32m    category: "Lists",[0m
  [90m     |[0m               [31m[1m^^^^^^^[0m
  [90m2062 |[0m [32m    difficulty: "Medium",[0m
  [90m2063 |[0m [32m    classLevel: "Class 9" as const,[0m
  [90m2064 |[0m [32m    description: "Create lists elegantly using list comprehension syntax.",[0m

Parsing ecmascript source code failed

Import traces:
  App Route:
    ./src/data/pythonPrograms.ts
    ./app/api/admin/users/import-teachers-csv/route.ts

  Client Component Browser:
    ./src/data/pythonPrograms.ts [Client Component Browser]
    ./src/sections/ProgramsSection.tsx [Client Component Browser]
    ./src/sections/ProgramsSection.tsx [Server Component]
    ./app/page.tsx [Server Component]

  Client Component SSR:
    ./src/data/pythonPrograms.ts [Client Component SSR]
    ./src/sections/ProgramsSection.tsx [Client Component SSR]
    ./src/sections/ProgramsSection.tsx [Server Component]
    ./app/page.tsx [Server Component]


./src/data/pythonPrograms.ts:2062:17
Cannot assign to this
  [90m2060 |[0m [32m    language: "python" as const,[0m
  [90m2061 |[0m [32m    category: "Lists",[0m
[31m[1m>[0m [90m2062 |[0m [32m    difficulty: "Medium",[0m
  [90m     |[0m                 [31m[1m^^^^^^^^[0m
  [90m2063 |[0m [32m    classLevel: "Class 9" as const,[0m
  [90m2064 |[0m [32m    description: "Create lists elegantly using list comprehension syntax.",[0m
  [90m2065 |[0m [32m    code: `[0m# ============================================

Parsing ecmascript source code failed

Import traces:
  App Route:
    ./src/data/pythonPrograms.ts
    ./app/api/admin/users/import-teachers-csv/route.ts

  Client Component Browser:
    ./src/data/pythonPrograms.ts [Client Component Browser]
    ./src/sections/ProgramsSection.tsx [Client Component Browser]
    ./src/sections/ProgramsSection.tsx [Server Component]
    ./app/page.tsx [Server Component]

  Client Component SSR:
    ./src/data/pythonPrograms.ts [Client Component SSR]
    ./src/sections/ProgramsSection.tsx [Client Component SSR]
    ./src/sections/ProgramsSection.tsx [Server Component]
    ./app/page.tsx [Server Component]


./src/data/pythonPrograms.ts:2064:18
Cannot assign to this
  [90m2062 |[0m [32m    difficulty: "Medium",[0m
  [90m2063 |[0m [32m    classLevel: "Class 9" as const,[0m
[31m[1m>[0m [90m2064 |[0m [32m    description: "Create lists elegantly using list comprehension syntax.",[0m
  [90m     |[0m                  [31m[1m^^^^^^^^^^^^^^^^^^^^^^^^^^^^^^^^^^^^^^^^^^^^^^^^^^^^^^^^^[0m
  [90m2065 |[0m [32m    code: `[0m# ============================================
  [90m2066 |[0m # [33mList[0m [33mComprehension[0m
  [90m2067 |[0m # ============================================

Parsing ecmascript source code failed

Import traces:
  App Route:
    ./src/data/pythonPrograms.ts
    ./app/api/admin/users/import-teachers-csv/route.ts

  Client Component Browser:
    ./src/data/pythonPrograms.ts [Client Component Browser]
    ./src/sections/ProgramsSection.tsx [Client Component Browser]
    ./src/sections/ProgramsSection.tsx [Server Component]
    ./app/page.tsx [Server Component]

  Client Component SSR:
    ./src/data/pythonPrograms.ts [Client Component SSR]
    ./src/sections/ProgramsSection.tsx [Client Component SSR]
    ./src/sections/ProgramsSection.tsx [Server Component]
    ./app/page.tsx [Server Component]


./src/data/pythonPrograms.ts:2065:11
Cannot assign to this
  [90m2063 |[0m [32m    classLevel: "Class 9" as const,[0m
  [90m2064 |[0m [32m    description: "Create lists elegantly using list comprehension syntax.",[0m
[31m[1m>[0m [90m2065 |[0m [32m    code: `[0m# ============================================
  [90m     |[0m           [31m[1m^^^^^^^^^^^^^^^^^^^^^^^^^^^^^^^^^^^^^^^^^^^^^^[0m
[31m[1m>[0m [90m2066 |[0m # [33mList[0m [33mComprehension[0m
  [90m     |[0m [31m[1m^^^^^^^^^^^^^^^^^^^^[0m
[31m[1m>[0m [90m2067 |[0m # ============================================
  [90m     |[0m [31m[1m^^^^^^^^^^^^^^^^^^^^^^^^^^^^^^^^^^^^^^^^^^^^^^[0m
[31m[1m>[0m [90m2068 |[0m # [33mA[0m concise way to create lists
  [90m     |[0m [31m[1m^^^^^^^^^^^^^^^^^^^^^^^^^^^^^^^[0m
[31m[1m>[0m [90m2069 |[0m # [33mSyntax[0m: [expression [36mfor[0m item [36min[0m iterable [36mif[0m 
condition]
  [90m     |[0m [31m[1m^^^^^^^^^^^^^^^^^^^^^^^^^^^^^^^^^^^^^^^^^^^^^^^^^^^^^^^^[0m
[31m[1m>[0m [90m2070 |[0m # ============================================
  [90m     |[0m [31m[1m^^^^^^^^^^^^^^^^^^^^^^^^^^^^^^^^^^^^^^^^^^^^^^[0m
[31m[1m>[0m [90m2071 |[0m
  [90m     |[0m [31m[1m^[0m
[31m[1m>[0m [90m2072 |[0m # --- [33mBasic[0m [33mComprehension[0m ---
  [90m     |[0m [31m[1m^^^^^^^^^^^^^^^^^^^^^^^^^^^^^[0m
[31m[1m>[0m [90m2073 |[0m squares = [x**[35m2[0m [36mfor[0m x [36min[0m range([35m1[0m, [35m11[0m)]
  [90m     |[0m [31m[1m^^^^^^^^^^^^^^^^^^^^^^^^^^^^^^^^^^^^^^[0m
[31m[1m>[0m [90m2074 |[0m print([32m"Squares:"[0m, squares)
  [90m     |[0m [31m[1m^^^^^^^^^^^^^^^^^^^^^^^^^^[0m
[31m[1m>[0m [90m2075 |[0m
  [90m     |[0m [31m[1m^[0m
[31m[1m>[0m [90m2076 |[0m # --- [33mWith[0m [33mCondition[0m (filter) ---
  [90m     |[0m [31m[1m^^^^^^^^^^^^^^^^^^^^^^^^^^^^^^^^^[0m
[31m[1m>[0m [90m2077 |[0m evens = [x [36mfor[0m x [36min[0m range([35m1[0m, [35m21[0m) [36mif[0m x % 
[35m2[0m == [35m0[0m]
  [90m     |[0m [31m[1m^^^^^^^^^^^^^^^^^^^^^^^^^^^^^^^^^^^^^^^^^^^^^^^[0m
[31m[1m>[0m [90m2078 |[0m print([32m"Evens:"[0m, evens)
  [90m     |[0m [31m[1m^^^^^^^^^^^^^^^^^^^^^^[0m
[31m[1m>[0m [90m2079 |[0m
  [90m     |[0m [31m[1m^[0m
[31m[1m>[0m [90m2080 |[0m # --- [33mWith[0m [33mTransformation[0m ---
  [90m     |[0m [31m[1m^^^^^^^^^^^^^^^^^^^^^^^^^^^^^[0m
[31m[1m>[0m [90m2081 |[0m words = [[32m"hello"[0m, [32m"world"[0m, [32m"python"[0m]
  [90m     |[0m [31m[1m^^^^^^^^^^^^^^^^^^^^^^^^^^^^^^^^^^^^[0m
[31m[1m>[0m [90m2082 |[0m upper_words = [word.upper() [36mfor[0m word [36min[0m words]
  [90m     |[0m [31m[1m^^^^^^^^^^^^^^^^^^^^^^^^^^^^^^^^^^^^^^^^^^^^^^[0m
[31m[1m>[0m [90m2083 |[0m print([32m"Uppercase:"[0m, upper_words)
  [90m     |[0m [31m[1m^^^^^^^^^^^^^^^^^^^^^^^^^^^^^^^^[0m
[31m[1m>[0m [90m2084 |[0m
  [90m     |[0m [31m[1m^[0m
[31m[1m>[0m [90m2085 |[0m # --- [33mWith[0m [33mString[0m [33mOperation[0m ---
  [90m     |[0m [31m[1m^^^^^^^^^^^^^^^^^^^^^^^^^^^^^^^[0m
[31m[1m>[0m [90m2086 |[0m names = [[32m"alice"[0m, [32m"bob"[0m, [32m"charlie"[0m]
  [90m     |[0m [31m[1m^^^^^^^^^^^^^^^^^^^^^^^^^^^^^^^^^^^[0m
[31m[1m>[0m [90m2087 |[0m formatted = [f[32m"Mr. {name.title()}"[0m [36mfor[0m name [36min[0m names]
  [90m     |[0m [31m[1m^^^^^^^^^^^^^^^^^^^^^^^^^^^^^^^^^^^^^^^^^^^^^^^^^^^^^[0m
[31m[1m>[0m [90m2088 |[0m print([32m"Formatted:"[0m, formatted)
  [90m     |[0m [31m[1m^^^^^^^^^^^^^^^^^^^^^^^^^^^^^^[0m
[31m[1m>[0m [90m2089 |[0m
  [90m     |[0m [31m[1m^[0m
[31m[1m>[0m [90m2090 |[0m # --- [33mCompare[0m [36mwith[0m [33mLoop[0m ---
  [90m     |[0m [31m[1m^^^^^^^^^^^^^^^^^^^^^^^^^^^[0m
[31m[1m>[0m [90m2091 |[0m # [33mTraditional[0m way:
  [90m     |[0m [31m[1m^^^^^^^^^^^^^^^^^^[0m
[31m[1m>[0m [90m2092 |[0m result_traditional = []
  [90m     |[0m [31m[1m^^^^^^^^^^^^^^^^^^^^^^^[0m
[31m[1m>[0m [90m2093 |[0m [36mfor[0m x [36min[0m range([35m1[0m, [35m11[0m):
  [90m     |[0m [31m[1m^^^^^^^^^^^^^^^^^^^^^^[0m
[31m[1m>[0m [90m2094 |[0m     [36mif[0m x % [35m2[0m == [35m0[0m:
  [90m     |[0m [31m[1m^^^^^^^^^^^^^^^^^^[0m
[31m[1m>[0m [90m2095 |[0m         result_traditional.append(x ** [35m2[0m)
  [90m     |[0m [31m[1m^^^^^^^^^^^^^^^^^^^^^^^^^^^^^^^^^^^^^^^^^[0m
[31m[1m>[0m [90m2096 |[0m
  [90m     |[0m [31m[1m^[0m
[31m[1m>[0m [90m2097 |[0m # [33mComprehension[0m way:
  [90m     |[0m [31m[1m^^^^^^^^^^^^^^^^^^^^[0m
[31m[1m>[0m [90m2098 |[0m result_comp = [x**[35m2[0m [36mfor[0m x [36min[0m range([35m1[0m, [35m11[0m) 
[36mif[0m x % [35m2[0m == [35m0[0m]
  [90m     |[0m [31m[1m^^^^^^^^^^^^^^^^^^^^^^^^^^^^^^^^^^^^^^^^^^^^^^^^^^^^^^^^[0m
[31m[1m>[0m [90m2099 |[0m print([32m"Even squares:"[0m, result_comp)
  [90m     |[0m [31m[1m^^^^^^^^^^^^^^^^^^^^^^^^^^^^^^^^^^^[0m
[31m[1m>[0m [90m2100 |[0m
  [90m     |[0m [31m[1m^[0m
[31m[1m>[0m [90m2101 |[0m # ============================================
  [90m     |[0m [31m[1m^^^^^^^^^^^^^^^^^^^^^^^^^^^^^^^^^^^^^^^^^^^^^^[0m
[31m[1m>[0m [90m2102 |[0m # [33mExecution[0m [33mTrace[0m:
  [90m     |[0m [31m[1m^^^^^^^^^^^^^^^^^^[0m
[31m[1m>[0m [90m2103 |[0m # [x**[35m2[0m [36mfor[0m x [36min[0m range([35m1[0m,[35m11[0m)] -> 
[[35m1[0m,[35m4[0m,[35m9[0m,[35m16[0m,[35m25[0m,[35m36[0m,[35m49[0m,[35m64[0m,[35m81[0m,[35m100[0m]
  [90m     |[0m [31m[1m^^^^^^^^^^^^^^^^^^^^^^^^^^^^^^^^^^^^^^^^^^^^^^^^^^^^^^^^^^^^^^[0m
[31m[1m>[0m [90m2104 |[0m # [x [36mfor[0m x [36min[0m range([35m1[0m,[35m21[0m) [36mif[0m 
x%[35m2[0m==[35m0[0m] -> 
[[35m2[0m,[35m4[0m,[35m6[0m,[35m8[0m,[35m10[0m,[35m12[0m,[35m14[0m,[35m16[0m,[35m18[0m,[35m20[0m]
  [90m     |[0m [31m[1m^^^^^^^^^^^^^^^^^^^^^^^^^^^^^^^^^^^^^^^^^^^^^^^^^^^^^^^^^^^^^^^^^^^[0m
[31m[1m>[0m [90m2105 |[0m # [word.upper() [36mfor[0m word [36min[0m words] -> 
[[32m'HELLO'[0m,[32m'WORLD'[0m,[32m'PYTHON'[0m]
  [90m     |[0m [31m[1m^^^^^^^^^^^^^^^^^^^^^^^^^^^^^^^^^^^^^^^^^^^^^^^^^^^^^^^^^^^^^^^^[0m
[31m[1m>[0m [90m2106 |[0m # ============================================
  [90m     |[0m [31m[1m^^^^^^^^^^^^^^^^^^^^^^^^^^^^^^^^^^^^^^^^^^^^^^[0m
[31m[1m>[0m [90m2107 |[0m
  [90m     |[0m [31m[1m^[0m
[31m[1m>[0m [90m2108 |[0m # [33mTRY[0m [33mTHIS[0m: [33mCreate[0m a list [36mof[0m all numbers 
[36mfrom[0m [35m1[0m-[35m100[0m divisible by both [35m3[0m and [35m5[0m
  [90m     |[0m [31m[1m^^^^^^^^^^^^^^^^^^^^^^^^^^^^^^^^^^^^^^^^^^^^^^^^^^^^^^^^^^^^^^^^^^^^^^^^^^^^^[0m
[31m[1m>[0m [90m2109 |[0m [32m`,[0m
  [90m     |[0m [31m[1m^[0m
  [90m2110 |[0m [32m    funFact: "List comprehensions are up to 30% faster than regular for loops!"[0m
  [90m2111 |[0m [32m  },[0m
  [90m2112 |[0m

Parsing ecmascript source code failed

Import traces:
  App Route:
    ./src/data/pythonPrograms.ts
    ./app/api/admin/users/import-teachers-csv/route.ts

  Client Component Browser:
    ./src/data/pythonPrograms.ts [Client Component Browser]
    ./src/sections/ProgramsSection.tsx [Client Component Browser]
    ./src/sections/ProgramsSection.tsx [Server Component]
    ./app/page.tsx [Server Component]

  Client Component SSR:
    ./src/data/pythonPrograms.ts [Client Component SSR]
    ./src/sections/ProgramsSection.tsx [Client Component SSR]
    ./src/sections/ProgramsSection.tsx [Server Component]
    ./app/page.tsx [Server Component]


./src/data/pythonPrograms.ts:2110:14
Cannot assign to this
  [90m2108 |[0m # [33mTRY[0m [33mTHIS[0m: [33mCreate[0m a list [36mof[0m all numbers [36mfrom[0m 
[35m1[0m-[35m100[0m divisible by both [35m3[0m and [35m5[0m
  [90m2109 |[0m [32m`,[0m
[31m[1m>[0m [90m2110 |[0m [32m    funFact: "List comprehensions are up to 30% faster than regular for loops!"[0m
  [90m     |[0m              [31m[1m^^^^^^^^^^^^^^^^^^^^^^^^^^^^^^^^^^^^^^^^^^^^^^^^^^^^^^^^^^^^^^^^^^[0m
  [90m2111 |[0m [32m  },[0m
  [90m2112 |[0m
  [90m2113 |[0m [32m  // ==================== TUPLES ====================[0m

Parsing ecmascript source code failed

Import traces:
  App Route:
    ./src/data/pythonPrograms.ts
    ./app/api/admin/users/import-teachers-csv/route.ts

  Client Component Browser:
    ./src/data/pythonPrograms.ts [Client Component Browser]
    ./src/sections/ProgramsSection.tsx [Client Component Browser]
    ./src/sections/ProgramsSection.tsx [Server Component]
    ./app/page.tsx [Server Component]

  Client Component SSR:
    ./src/data/pythonPrograms.ts [Client Component SSR]
    ./src/sections/ProgramsSection.tsx [Client Component SSR]
    ./src/sections/ProgramsSection.tsx [Server Component]
    ./app/page.tsx [Server Component]


./src/data/pythonPrograms.ts:2115:9
Cannot assign to this
  [90m2113 |[0m   [90m// ==================== TUPLES ====================[0m
  [90m2114 |[0m   {
[31m[1m>[0m [90m2115 |[0m     id: [32m"tp-1"[0m,
  [90m     |[0m         [31m[1m^^^^^^[0m
  [90m2116 |[0m     title: [32m"Tuple Basics"[0m,
  [90m2117 |[0m     language: [32m"python"[0m [36mas[0m [36mconst[0m,
  [90m2118 |[0m     category: [32m"Tuples"[0m,

Parsing ecmascript source code failed

Import traces:
  App Route:
    ./src/data/pythonPrograms.ts
    ./app/api/admin/users/import-teachers-csv/route.ts

  Client Component Browser:
    ./src/data/pythonPrograms.ts [Client Component Browser]
    ./src/sections/ProgramsSection.tsx [Client Component Browser]
    ./src/sections/ProgramsSection.tsx [Server Component]
    ./app/page.tsx [Server Component]

  Client Component SSR:
    ./src/data/pythonPrograms.ts [Client Component SSR]
    ./src/sections/ProgramsSection.tsx [Client Component SSR]
    ./src/sections/ProgramsSection.tsx [Server Component]
    ./app/page.tsx [Server Component]


./src/data/pythonPrograms.ts:2116:12
Cannot assign to this
  [90m2114 |[0m   {
  [90m2115 |[0m     id: [32m"tp-1"[0m,
[31m[1m>[0m [90m2116 |[0m     title: [32m"Tuple Basics"[0m,
  [90m     |[0m            [31m[1m^^^^^^^^^^^^^^[0m
  [90m2117 |[0m     language: [32m"python"[0m [36mas[0m [36mconst[0m,
  [90m2118 |[0m     category: [32m"Tuples"[0m,
  [90m2119 |[0m     difficulty: [32m"Easy"[0m,

Parsing ecmascript source code failed

Import traces:
  App Route:
    ./src/data/pythonPrograms.ts
    ./app/api/admin/users/import-teachers-csv/route.ts

  Client Component Browser:
    ./src/data/pythonPrograms.ts [Client Component Browser]
    ./src/sections/ProgramsSection.tsx [Client Component Browser]
    ./src/sections/ProgramsSection.tsx [Server Component]
    ./app/page.tsx [Server Component]

  Client Component SSR:
    ./src/data/pythonPrograms.ts [Client Component SSR]
    ./src/sections/ProgramsSection.tsx [Client Component SSR]
    ./src/sections/ProgramsSection.tsx [Server Component]
    ./app/page.tsx [Server Component]


./src/data/pythonPrograms.ts:2118:15
Cannot assign to this
  [90m2116 |[0m     title: [32m"Tuple Basics"[0m,
  [90m2117 |[0m     language: [32m"python"[0m [36mas[0m [36mconst[0m,
[31m[1m>[0m [90m2118 |[0m     category: [32m"Tuples"[0m,
  [90m     |[0m               [31m[1m^^^^^^^^[0m
  [90m2119 |[0m     difficulty: [32m"Easy"[0m,
  [90m2120 |[0m     classLevel: [32m"Class 9"[0m [36mas[0m [36mconst[0m,
  [90m2121 |[0m     description: [32m"Learn about tuples ΓÇö immutable sequences that can't be changed after 
c.[0m..

Parsing ecmascript source code failed

Import traces:
  App Route:
    ./src/data/pythonPrograms.ts
    ./app/api/admin/users/import-teachers-csv/route.ts

  Client Component Browser:
    ./src/data/pythonPrograms.ts [Client Component Browser]
    ./src/sections/ProgramsSection.tsx [Client Component Browser]
    ./src/sections/ProgramsSection.tsx [Server Component]
    ./app/page.tsx [Server Component]

  Client Component SSR:
    ./src/data/pythonPrograms.ts [Client Component SSR]
    ./src/sections/ProgramsSection.tsx [Client Component SSR]
    ./src/sections/ProgramsSection.tsx [Server Component]
    ./app/page.tsx [Server Component]


./src/data/pythonPrograms.ts:2119:17
Cannot assign to this
  [90m2117 |[0m     language: [32m"python"[0m [36mas[0m [36mconst[0m,
  [90m2118 |[0m     category: [32m"Tuples"[0m,
[31m[1m>[0m [90m2119 |[0m     difficulty: [32m"Easy"[0m,
  [90m     |[0m                 [31m[1m^^^^^^[0m
  [90m2120 |[0m     classLevel: [32m"Class 9"[0m [36mas[0m [36mconst[0m,
  [90m2121 |[0m     description: [32m"Learn about tuples ΓÇö immutable sequences that can't be changed after 
c...[0m
  [90m2122 |[0m     code: [32m`# ============================================[0m

Parsing ecmascript source code failed

Import traces:
  App Route:
    ./src/data/pythonPrograms.ts
    ./app/api/admin/users/import-teachers-csv/route.ts

  Client Component Browser:
    ./src/data/pythonPrograms.ts [Client Component Browser]
    ./src/sections/ProgramsSection.tsx [Client Component Browser]
    ./src/sections/ProgramsSection.tsx [Server Component]
    ./app/page.tsx [Server Component]

  Client Component SSR:
    ./src/data/pythonPrograms.ts [Client Component SSR]
    ./src/sections/ProgramsSection.tsx [Client Component SSR]
    ./src/sections/ProgramsSection.tsx [Server Component]
    ./app/page.tsx [Server Component]


./src/data/pythonPrograms.ts:2121:18
Cannot assign to this
  [90m2119 |[0m ...[32m"Easy"[0m,
  [90m2120 |[0m ...[32m"Class 9"[0m [36mas[0m [36mconst[0m,
[31m[1m>[0m [90m2121 |[0m ... [32m"Learn about tuples ΓÇö immutable sequences that can't be changed after 
creation."[0m,
  [90m     |[0m     [31m[1m^^^^^^^^^^^^^^^^^^^^^^^^^^^^^^^^^^^^^^^^^^^^^^^^^^^^^^^^^^^^^^^^^^^^^^^^^^^^^^^^[0m
  [90m2122 |[0m ...[32m=========================================[0m
  [90m2123 |[0m ...
  [90m2124 |[0m ...[32m==============================[0m

Parsing ecmascript source code failed

Import traces:
  App Route:
    ./src/data/pythonPrograms.ts
    ./app/api/admin/users/import-teachers-csv/route.ts

  Client Component Browser:
    ./src/data/pythonPrograms.ts [Client Component Browser]
    ./src/sections/ProgramsSection.tsx [Client Component Browser]
    ./src/sections/ProgramsSection.tsx [Server Component]
    ./app/page.tsx [Server Component]

  Client Component SSR:
    ./src/data/pythonPrograms.ts [Client Component SSR]
    ./src/sections/ProgramsSection.tsx [Client Component SSR]
    ./src/sections/ProgramsSection.tsx [Server Component]
    ./app/page.tsx [Server Component]


./src/data/pythonPrograms.ts:2122:11
Cannot assign to this
  [90m2120 |[0m     classLevel: [32m"Class 9"[0m [36mas[0m [36mconst[0m,
  [90m2121 |[0m     description: [32m"Learn about tuples ΓÇö immutable sequences that can't be changed after 
c...[0m
[31m[1m>[0m [90m2122 |[0m     code: [32m`# ============================================[0m
  [90m     |[0m           [31m[1m^^^^^^^^^^^^^^^^^^^^^^^^^^^^^^^^^^^^^^^^^^^^^^[0m
[31m[1m>[0m [90m2123 |[0m [32m# Tuple Basics[0m
  [90m     |[0m [31m[1m^^^^^^^^^^^^^^[0m
[31m[1m>[0m [90m2124 |[0m [32m# ============================================[0m
  [90m     |[0m [31m[1m^^^^^^^^^^^^^^^^^^^^^^^^^^^^^^^^^^^^^^^^^^^^^^[0m
[31m[1m>[0m [90m2125 |[0m [32m# Tuples use parentheses () and are IMMUTABLE[0m
  [90m     |[0m [31m[1m^^^^^^^^^^^^^^^^^^^^^^^^^^^^^^^^^^^^^^^^^^^^^[0m
[31m[1m>[0m [90m2126 |[0m [32m# (cannot be changed after creation)[0m
  [90m     |[0m [31m[1m^^^^^^^^^^^^^^^^^^^^^^^^^^^^^^^^^^^^[0m
[31m[1m>[0m [90m2127 |[0m [32m# ============================================[0m
  [90m     |[0m [31m[1m^^^^^^^^^^^^^^^^^^^^^^^^^^^^^^^^^^^^^^^^^^^^^^[0m
[31m[1m>[0m [90m2128 |[0m
  [90m     |[0m [31m[1m^[0m
[31m[1m>[0m [90m2129 |[0m [32m# --- Create Tuples ---[0m
  [90m     |[0m [31m[1m^^^^^^^^^^^^^^^^^^^^^^^[0m
[31m[1m>[0m [90m2130 |[0m [32mcolors = ("red", "green", "blue")[0m
  [90m     |[0m [31m[1m^^^^^^^^^^^^^^^^^^^^^^^^^^^^^^^^^[0m
[31m[1m>[0m [90m2131 |[0m [32mnumbers = (1, 2, 3, 4, 5)[0m
  [90m     |[0m [31m[1m^^^^^^^^^^^^^^^^^^^^^^^^^[0m
[31m[1m>[0m [90m2132 |[0m [32mmixed = ("hello", 42, 3.14, True)[0m
  [90m     |[0m [31m[1m^^^^^^^^^^^^^^^^^^^^^^^^^^^^^^^^^[0m
[31m[1m>[0m [90m2133 |[0m [32msingle = (42,)  # Note: comma required for single-element tuple[0m
  [90m     |[0m [31m[1m^^^^^^^^^^^^^^^^^^^^^^^^^^^^^^^^^^^^^^^^^^^^^^^^^^^^^^^^^^^^^^^[0m
[31m[1m>[0m [90m2134 |[0m
  [90m     |[0m [31m[1m^[0m
[31m[1m>[0m [90m2135 |[0m [32mprint("Colors:", colors)[0m
  [90m     |[0m [31m[1m^^^^^^^^^^^^^^^^^^^^^^^^[0m
[31m[1m>[0m [90m2136 |[0m [32mprint("Numbers:", numbers)[0m
  [90m     |[0m [31m[1m^^^^^^^^^^^^^^^^^^^^^^^^^^[0m
[31m[1m>[0m [90m2137 |[0m [32mprint("Mixed:", mixed)[0m
  [90m     |[0m [31m[1m^^^^^^^^^^^^^^^^^^^^^^[0m
[31m[1m>[0m [90m2138 |[0m [32mprint("Single:", single)[0m
  [90m     |[0m [31m[1m^^^^^^^^^^^^^^^^^^^^^^^^[0m
[31m[1m>[0m [90m2139 |[0m
  [90m     |[0m [31m[1m^[0m
[31m[1m>[0m [90m2140 |[0m [32m# --- Access Elements ---[0m
  [90m     |[0m [31m[1m^^^^^^^^^^^^^^^^^^^^^^^^^[0m
[31m[1m>[0m [90m2141 |[0m [32mprint(f"First color: {colors[0]}")[0m
  [90m     |[0m [31m[1m^^^^^^^^^^^^^^^^^^^^^^^^^^^^^^^^^^[0m
[31m[1m>[0m [90m2142 |[0m [32mprint(f"Last number: {numbers[-1]}")[0m
  [90m     |[0m [31m[1m^^^^^^^^^^^^^^^^^^^^^^^^^^^^^^^^^^^^[0m
[31m[1m>[0m [90m2143 |[0m
  [90m     |[0m [31m[1m^[0m
[31m[1m>[0m [90m2144 |[0m [32m# --- Slice ---[0m
  [90m     |[0m [31m[1m^^^^^^^^^^^^^^^[0m
[31m[1m>[0m [90m2145 |[0m [32mprint(f"First two: {colors[:2]}")[0m
  [90m     |[0m [31m[1m^^^^^^^^^^^^^^^^^^^^^^^^^^^^^^^^^[0m
[31m[1m>[0m [90m2146 |[0m [32mprint(f"Last two: {numbers[-2:]}")[0m
  [90m     |[0m [31m[1m^^^^^^^^^^^^^^^^^^^^^^^^^^^^^^^^^^[0m
[31m[1m>[0m [90m2147 |[0m
  [90m     |[0m [31m[1m^[0m
[31m[1m>[0m [90m2148 |[0m [32m# --- Try to modify (will cause error!) ---[0m
  [90m     |[0m [31m[1m^^^^^^^^^^^^^^^^^^^^^^^^^^^^^^^^^^^^^^^^^^^[0m
[31m[1m>[0m [90m2149 |[0m [32mtry:[0m
  [90m     |[0m [31m[1m^^^^[0m
[31m[1m>[0m [90m2150 |[0m [32m    colors[0] = "yellow"[0m
  [90m     |[0m [31m[1m^^^^^^^^^^^^^^^^^^^^^^^^[0m
[31m[1m>[0m [90m2151 |[0m [32mexcept TypeError as e:[0m
  [90m     |[0m [31m[1m^^^^^^^^^^^^^^^^^^^^^^[0m
[31m[1m>[0m [90m2152 |[0m [32m    print(f"Error: {e}")[0m
  [90m     |[0m [31m[1m^^^^^^^^^^^^^^^^^^^^^^^^[0m
[31m[1m>[0m [90m2153 |[0m
  [90m     |[0m [31m[1m^[0m
[31m[1m>[0m [90m2154 |[0m [32m# --- Tuple Methods ---[0m
  [90m     |[0m [31m[1m^^^^^^^^^^^^^^^^^^^^^^^[0m
[31m[1m>[0m [90m2155 |[0m [32mprint(f"Count of 3: {numbers.count(3)}")[0m
  [90m     |[0m [31m[1m^^^^^^^^^^^^^^^^^^^^^^^^^^^^^^^^^^^^^^^^[0m
[31m[1m>[0m [90m2156 |[0m [32mprint(f"Index of 'blue': {colors.index('blue')}")[0m
  [90m     |[0m [31m[1m^^^^^^^^^^^^^^^^^^^^^^^^^^^^^^^^^^^^^^^^^^^^^^^^^[0m
[31m[1m>[0m [90m2157 |[0m
  [90m     |[0m [31m[1m^[0m
[31m[1m>[0m [90m2158 |[0m [32m# ============================================[0m
  [90m     |[0m [31m[1m^^^^^^^^^^^^^^^^^^^^^^^^^^^^^^^^^^^^^^^^^^^^^^[0m
[31m[1m>[0m [90m2159 |[0m [32m# Execution Trace:[0m
  [90m     |[0m [31m[1m^^^^^^^^^^^^^^^^^^[0m
[31m[1m>[0m [90m2160 |[0m [32m# colors = ("red", "green", "blue")[0m
  [90m     |[0m [31m[1m^^^^^^^^^^^^^^^^^^^^^^^^^^^^^^^^^^^[0m
[31m[1m>[0m [90m2161 |[0m [32m# colors[0] -> "red"[0m
  [90m     |[0m [31m[1m^^^^^^^^^^^^^^^^^^^^[0m
[31m[1m>[0m [90m2162 |[0m [32m# colors[-1] -> "blue"[0m
  [90m     |[0m [31m[1m^^^^^^^^^^^^^^^^^^^^^^[0m
[31m[1m>[0m [90m2163 |[0m [32m# colors[:2] -> ("red", "green")[0m
  [90m     |[0m [31m[1m^^^^^^^^^^^^^^^^^^^^^^^^^^^^^^^^[0m
[31m[1m>[0m [90m2164 |[0m [32m# numbers.count(3) -> 1[0m
  [90m     |[0m [31m[1m^^^^^^^^^^^^^^^^^^^^^^^[0m
[31m[1m>[0m [90m2165 |[0m [32m# ============================================[0m
  [90m     |[0m [31m[1m^^^^^^^^^^^^^^^^^^^^^^^^^^^^^^^^^^^^^^^^^^^^^^[0m
[31m[1m>[0m [90m2166 |[0m
  [90m     |[0m [31m[1m^[0m
[31m[1m>[0m [90m2167 |[0m [32m# TRY THIS: Create a tuple of your favorite numbers and print the sum[0m
  [90m     |[0m [31m[1m^^^^^^^^^^^^^^^^^^^^^^^^^^^^^^^^^^^^^^^^^^^^^^^^^^^^^^^^^^^^^^^^^^^^^[0m
[31m[1m>[0m [90m2168 |[0m [32m`[0m,
  [90m     |[0m [31m[1m^[0m
  [90m2169 |[0m     funFact: [32m"Tuples are faster than lists and use less memory ΓÇö Python prefers them 
int...[0m
  [90m2170 |[0m   },
  [90m2171 |[0m   {

Parsing ecmascript source code failed

Import traces:
  App Route:
    ./src/data/pythonPrograms.ts
    ./app/api/admin/users/import-teachers-csv/route.ts

  Client Component Browser:
    ./src/data/pythonPrograms.ts [Client Component Browser]
    ./src/sections/ProgramsSection.tsx [Client Component Browser]
    ./src/sections/ProgramsSection.tsx [Server Component]
    ./app/page.tsx [Server Component]

  Client Component SSR:
    ./src/data/pythonPrograms.ts [Client Component SSR]
    ./src/sections/ProgramsSection.tsx [Client Component SSR]
    ./src/sections/ProgramsSection.tsx [Server Component]
    ./app/page.tsx [Server Component]


./src/data/pythonPrograms.ts:2169:14
Cannot assign to this
  [90m2167 |[0m ...[33meate[0m a tuple [36mof[0m your favorite numbers and print the sum
  [90m2168 |[0m ...
[31m[1m>[0m [90m2169 |[0m ...[32mTuples are faster than lists and use less memory ΓÇö Python prefers them 
internally!"[0m
  [90m     |[0m    [31m[1m^^^^^^^^^^^^^^^^^^^^^^^^^^^^^^^^^^^^^^^^^^^^^^^^^^^^^^^^^^^^^^^^^^^^^^^^^^^^^^^^^^^^[0m
  [90m2170 |[0m ...
  [90m2171 |[0m ...
  [90m2172 |[0m ...[32m,[0m

Parsing ecmascript source code failed

Import traces:
  App Route:
    ./src/data/pythonPrograms.ts
    ./app/api/admin/users/import-teachers-csv/route.ts

  Client Component Browser:
    ./src/data/pythonPrograms.ts [Client Component Browser]
    ./src/sections/ProgramsSection.tsx [Client Component Browser]
    ./src/sections/ProgramsSection.tsx [Server Component]
    ./app/page.tsx [Server Component]

  Client Component SSR:
    ./src/data/pythonPrograms.ts [Client Component SSR]
    ./src/sections/ProgramsSection.tsx [Client Component SSR]
    ./src/sections/ProgramsSection.tsx [Server Component]
    ./app/page.tsx [Server Component]


./src/data/pythonPrograms.ts:2172:9
Cannot assign to this
  [90m2170 |[0m [32m  },[0m
  [90m2171 |[0m [32m  {[0m
[31m[1m>[0m [90m2172 |[0m [32m    id: "tp-2",[0m
  [90m     |[0m         [31m[1m^^^^^^[0m
  [90m2173 |[0m [32m    title: "Tuple Unpacking",[0m
  [90m2174 |[0m [32m    language: "python" as const,[0m
  [90m2175 |[0m [32m    category: "Tuples",[0m

Parsing ecmascript source code failed

Import traces:
  App Route:
    ./src/data/pythonPrograms.ts
    ./app/api/admin/users/import-teachers-csv/route.ts

  Client Component Browser:
    ./src/data/pythonPrograms.ts [Client Component Browser]
    ./src/sections/ProgramsSection.tsx [Client Component Browser]
    ./src/sections/ProgramsSection.tsx [Server Component]
    ./app/page.tsx [Server Component]

  Client Component SSR:
    ./src/data/pythonPrograms.ts [Client Component SSR]
    ./src/sections/ProgramsSection.tsx [Client Component SSR]
    ./src/sections/ProgramsSection.tsx [Server Component]
    ./app/page.tsx [Server Component]


./src/data/pythonPrograms.ts:2173:12
Cannot assign to this
  [90m2171 |[0m [32m  {[0m
  [90m2172 |[0m [32m    id: "tp-2",[0m
[31m[1m>[0m [90m2173 |[0m [32m    title: "Tuple Unpacking",[0m
  [90m     |[0m            [31m[1m^^^^^^^^^^^^^^^^^[0m
  [90m2174 |[0m [32m    language: "python" as const,[0m
  [90m2175 |[0m [32m    category: "Tuples",[0m
  [90m2176 |[0m [32m    difficulty: "Easy",[0m

Parsing ecmascript source code failed

Import traces:
  App Route:
    ./src/data/pythonPrograms.ts
    ./app/api/admin/users/import-teachers-csv/route.ts

  Client Component Browser:
    ./src/data/pythonPrograms.ts [Client Component Browser]
    ./src/sections/ProgramsSection.tsx [Client Component Browser]
    ./src/sections/ProgramsSection.tsx [Server Component]
    ./app/page.tsx [Server Component]

  Client Component SSR:
    ./src/data/pythonPrograms.ts [Client Component SSR]
    ./src/sections/ProgramsSection.tsx [Client Component SSR]
    ./src/sections/ProgramsSection.tsx [Server Component]
    ./app/page.tsx [Server Component]


./src/data/pythonPrograms.ts:2175:15
Cannot assign to this
  [90m2173 |[0m [32m    title: "Tuple Unpacking",[0m
  [90m2174 |[0m [32m    language: "python" as const,[0m
[31m[1m>[0m [90m2175 |[0m [32m    category: "Tuples",[0m
  [90m     |[0m               [31m[1m^^^^^^^^[0m
  [90m2176 |[0m [32m    difficulty: "Easy",[0m
  [90m2177 |[0m [32m    classLevel: "Class 9" as const,[0m
  [90m2178 |[0m [32m    description: "Assign tuple values to multiple variables in one line.",[0m

Parsing ecmascript source code failed

Import traces:
  App Route:
    ./src/data/pythonPrograms.ts
    ./app/api/admin/users/import-teachers-csv/route.ts

  Client Component Browser:
    ./src/data/pythonPrograms.ts [Client Component Browser]
    ./src/sections/ProgramsSection.tsx [Client Component Browser]
    ./src/sections/ProgramsSection.tsx [Server Component]
    ./app/page.tsx [Server Component]

  Client Component SSR:
    ./src/data/pythonPrograms.ts [Client Component SSR]
    ./src/sections/ProgramsSection.tsx [Client Component SSR]
    ./src/sections/ProgramsSection.tsx [Server Component]
    ./app/page.tsx [Server Component]


./src/data/pythonPrograms.ts:2176:17
Cannot assign to this
  [90m2174 |[0m [32m    language: "python" as const,[0m
  [90m2175 |[0m [32m    category: "Tuples",[0m
[31m[1m>[0m [90m2176 |[0m [32m    difficulty: "Easy",[0m
  [90m     |[0m                 [31m[1m^^^^^^[0m
  [90m2177 |[0m [32m    classLevel: "Class 9" as const,[0m
  [90m2178 |[0m [32m    description: "Assign tuple values to multiple variables in one line.",[0m
  [90m2179 |[0m [32m    code: `[0m# ============================================

Parsing ecmascript source code failed

Import traces:
  App Route:
    ./src/data/pythonPrograms.ts
    ./app/api/admin/users/import-teachers-csv/route.ts

  Client Component Browser:
    ./src/data/pythonPrograms.ts [Client Component Browser]
    ./src/sections/ProgramsSection.tsx [Client Component Browser]
    ./src/sections/ProgramsSection.tsx [Server Component]
    ./app/page.tsx [Server Component]

  Client Component SSR:
    ./src/data/pythonPrograms.ts [Client Component SSR]
    ./src/sections/ProgramsSection.tsx [Client Component SSR]
    ./src/sections/ProgramsSection.tsx [Server Component]
    ./app/page.tsx [Server Component]


./src/data/pythonPrograms.ts:2178:18
Cannot assign to this
  [90m2176 |[0m [32m    difficulty: "Easy",[0m
  [90m2177 |[0m [32m    classLevel: "Class 9" as const,[0m
[31m[1m>[0m [90m2178 |[0m [32m    description: "Assign tuple values to multiple variables in one line.",[0m
  [90m     |[0m                  [31m[1m^^^^^^^^^^^^^^^^^^^^^^^^^^^^^^^^^^^^^^^^^^^^^^^^^^^^^^^^[0m
  [90m2179 |[0m [32m    code: `[0m# ============================================
  [90m2180 |[0m # [33mTuple[0m [33mUnpacking[0m
  [90m2181 |[0m # ============================================

Parsing ecmascript source code failed

Import traces:
  App Route:
    ./src/data/pythonPrograms.ts
    ./app/api/admin/users/import-teachers-csv/route.ts

  Client Component Browser:
    ./src/data/pythonPrograms.ts [Client Component Browser]
    ./src/sections/ProgramsSection.tsx [Client Component Browser]
    ./src/sections/ProgramsSection.tsx [Server Component]
    ./app/page.tsx [Server Component]

  Client Component SSR:
    ./src/data/pythonPrograms.ts [Client Component SSR]
    ./src/sections/ProgramsSection.tsx [Client Component SSR]
    ./src/sections/ProgramsSection.tsx [Server Component]
    ./app/page.tsx [Server Component]


./src/data/pythonPrograms.ts:2179:11
Cannot assign to this
  [90m2177 |[0m [32m    classLevel: "Class 9" as const,[0m
  [90m2178 |[0m [32m    description: "Assign tuple values to multiple variables in one line.",[0m
[31m[1m>[0m [90m2179 |[0m [32m    code: `[0m# ============================================
  [90m     |[0m           [31m[1m^^^^^^^^^^^^^^^^^^^^^^^^^^^^^^^^^^^^^^^^^^^^^^[0m
[31m[1m>[0m [90m2180 |[0m # [33mTuple[0m [33mUnpacking[0m
  [90m     |[0m [31m[1m^^^^^^^^^^^^^^^^^[0m
[31m[1m>[0m [90m2181 |[0m # ============================================
  [90m     |[0m [31m[1m^^^^^^^^^^^^^^^^^^^^^^^^^^^^^^^^^^^^^^^^^^^^^^[0m
[31m[1m>[0m [90m2182 |[0m # [33mAssign[0m multiple values at once [36mfrom[0m a tuple
  [90m     |[0m [31m[1m^^^^^^^^^^^^^^^^^^^^^^^^^^^^^^^^^^^^^^^^^^^^^[0m
[31m[1m>[0m [90m2183 |[0m # ============================================
  [90m     |[0m [31m[1m^^^^^^^^^^^^^^^^^^^^^^^^^^^^^^^^^^^^^^^^^^^^^^[0m
[31m[1m>[0m [90m2184 |[0m
  [90m     |[0m [31m[1m^[0m
[31m[1m>[0m [90m2185 |[0m # --- [33mBasic[0m [33mUnpacking[0m ---
  [90m     |[0m [31m[1m^^^^^^^^^^^^^^^^^^^^^^^^^[0m
[31m[1m>[0m [90m2186 |[0m point = ([35m3[0m, [35m7[0m)
  [90m     |[0m [31m[1m^^^^^^^^^^^^^^[0m
[31m[1m>[0m [90m2187 |[0m x, y = point
  [90m     |[0m [31m[1m^^^^^^^^^^^^[0m
[31m[1m>[0m [90m2188 |[0m print(f[32m"Point: x={x}, y={y}"[0m)
  [90m     |[0m [31m[1m^^^^^^^^^^^^^^^^^^^^^^^^^^^^^[0m
[31m[1m>[0m [90m2189 |[0m
  [90m     |[0m [31m[1m^[0m
[31m[1m>[0m [90m2190 |[0m # --- [33mSwap[0m [33mVariables[0m ---
  [90m     |[0m [31m[1m^^^^^^^^^^^^^^^^^^^^^^^^[0m
[31m[1m>[0m [90m2191 |[0m a = [35m10[0m
  [90m     |[0m [31m[1m^^^^^^[0m
[31m[1m>[0m [90m2192 |[0m b = [35m20[0m
  [90m     |[0m [31m[1m^^^^^^[0m
[31m[1m>[0m [90m2193 |[0m print(f[32m"Before swap: a={a}, b={b}"[0m)
  [90m     |[0m [31m[1m^^^^^^^^^^^^^^^^^^^^^^^^^^^^^^^^^^^[0m
[31m[1m>[0m [90m2194 |[0m a, b = b, a  # [33mPythonic[0m swap!
  [90m     |[0m [31m[1m^^^^^^^^^^^^^^^^^^^^^^^^^^^^^[0m
[31m[1m>[0m [90m2195 |[0m print(f[32m"After swap:  a={a}, b={b}"[0m)
  [90m     |[0m [31m[1m^^^^^^^^^^^^^^^^^^^^^^^^^^^^^^^^^^^[0m
[31m[1m>[0m [90m2196 |[0m
  [90m     |[0m [31m[1m^[0m
[31m[1m>[0m [90m2197 |[0m # --- [33mUnpack[0m [36min[0m [33mLoop[0m ---
  [90m     |[0m [31m[1m^^^^^^^^^^^^^^^^^^^^^^^^[0m
[31m[1m>[0m [90m2198 |[0m students = [
  [90m     |[0m [31m[1m^^^^^^^^^^^^[0m
[31m[1m>[0m [90m2199 |[0m     ([32m"Alice"[0m, [35m15[0m, [32m"A"[0m),
  [90m     |[0m [31m[1m^^^^^^^^^^^^^^^^^^^^^^^[0m
[31m[1m>[0m [90m2200 |[0m     ([32m"Bob"[0m, [35m14[0m, [32m"B"[0m),
  [90m     |[0m [31m[1m^^^^^^^^^^^^^^^^^^^^^[0m
[31m[1m>[0m [90m2201 |[0m     ([32m"Charlie"[0m, [35m16[0m, [32m"A"[0m)
  [90m     |[0m [31m[1m^^^^^^^^^^^^^^^^^^^^^^^^[0m
[31m[1m>[0m [90m2202 |[0m ]
  [90m     |[0m [31m[1m^[0m
[31m[1m>[0m [90m2203 |[0m
  [90m     |[0m [31m[1m^[0m
[31m[1m>[0m [90m2204 |[0m [36mfor[0m name, age, grade [36min[0m students:
  [90m     |[0m [31m[1m^^^^^^^^^^^^^^^^^^^^^^^^^^^^^^^^^[0m
[31m[1m>[0m [90m2205 |[0m     print(f[32m"{name} is {age} years old, grade: {grade}"[0m)
  [90m     |[0m [31m[1m^^^^^^^^^^^^^^^^^^^^^^^^^^^^^^^^^^^^^^^^^^^^^^^^^^^^^^^[0m
[31m[1m>[0m [90m2206 |[0m
  [90m     |[0m [31m[1m^[0m
[31m[1m>[0m [90m2207 |[0m # --- [33mStar[0m [33mUnpacking[0m ---
  [90m     |[0m [31m[1m^^^^^^^^^^^^^^^^^^^^^^^^[0m
[31m[1m>[0m [90m2208 |[0m first, *rest = ([35m1[0m, [35m2[0m, [35m3[0m, [35m4[0m, [35m5[0m)
  [90m     |[0m [31m[1m^^^^^^^^^^^^^^^^^^^^^^^^^^^^^^[0m
[31m[1m>[0m [90m2209 |[0m print(f[32m"First: {first}"[0m)
  [90m     |[0m [31m[1m^^^^^^^^^^^^^^^^^^^^^^^^[0m
[31m[1m>[0m [90m2210 |[0m print(f[32m"Rest: {rest}"[0m)
  [90m     |[0m [31m[1m^^^^^^^^^^^^^^^^^^^^^^[0m
[31m[1m>[0m [90m2211 |[0m
  [90m     |[0m [31m[1m^[0m
[31m[1m>[0m [90m2212 |[0m first, *middle, last = ([35m1[0m, [35m2[0m, [35m3[0m, [35m4[0m, [35m5[0m)
  [90m     |[0m [31m[1m^^^^^^^^^^^^^^^^^^^^^^^^^^^^^^^^^^^^^^[0m
[31m[1m>[0m [90m2213 |[0m print(f[32m"First: {first}, Middle: {middle}, Last: {last}"[0m)
  [90m     |[0m [31m[1m^^^^^^^^^^^^^^^^^^^^^^^^^^^^^^^^^^^^^^^^^^^^^^^^^^^^^^^^[0m
[31m[1m>[0m [90m2214 |[0m
  [90m     |[0m [31m[1m^[0m
[31m[1m>[0m [90m2215 |[0m # ============================================
  [90m     |[0m [31m[1m^^^^^^^^^^^^^^^^^^^^^^^^^^^^^^^^^^^^^^^^^^^^^^[0m
[31m[1m>[0m [90m2216 |[0m # [33mExecution[0m [33mTrace[0m:
  [90m     |[0m [31m[1m^^^^^^^^^^^^^^^^^^[0m
[31m[1m>[0m [90m2217 |[0m # point = ([35m3[0m, [35m7[0m)
  [90m     |[0m [31m[1m^^^^^^^^^^^^^^^^[0m
[31m[1m>[0m [90m2218 |[0m # x, y = point -> x=[35m3[0m, y=[35m7[0m
  [90m     |[0m [31m[1m^^^^^^^^^^^^^^^^^^^^^^^^^^[0m
[31m[1m>[0m [90m2219 |[0m # a=[35m10[0m, b=[35m20[0m -> a, b = b, a -> a=[35m20[0m, b=[35m10[0m
  [90m     |[0m [31m[1m^^^^^^^^^^^^^^^^^^^^^^^^^^^^^^^^^^^^^^^^^[0m
[31m[1m>[0m [90m2220 |[0m # ([35m1[0m,[35m2[0m,[35m3[0m,[35m4[0m,[35m5[0m) -> first=[35m1[0m, 
*middle=[[35m2[0m,[35m3[0m,[35m4[0m], last=[35m5[0m
  [90m     |[0m [31m[1m^^^^^^^^^^^^^^^^^^^^^^^^^^^^^^^^^^^^^^^^^^^^^^^^^[0m
[31m[1m>[0m [90m2221 |[0m # ============================================
  [90m     |[0m [31m[1m^^^^^^^^^^^^^^^^^^^^^^^^^^^^^^^^^^^^^^^^^^^^^^[0m
[31m[1m>[0m [90m2222 |[0m
  [90m     |[0m [31m[1m^[0m
[31m[1m>[0m [90m2223 |[0m # [33mTRY[0m [33mTHIS[0m: [33mSwap[0m three variables: a=[35m1[0m, 
b=[35m2[0m, c=[35m3[0m -> a=[35m3[0m, b=[35m1[0m, c=[35m2[0m
  [90m     |[0m [31m[1m^^^^^^^^^^^^^^^^^^^^^^^^^^^^^^^^^^^^^^^^^^^^^^^^^^^^^^^^^^^^^^^^[0m
[31m[1m>[0m [90m2224 |[0m [32m`,[0m
  [90m     |[0m [31m[1m^[0m
  [90m2225 |[0m [32m    funFact: "Tuple unpacking is used in Python's for loops, function returns, and even ...[0m
  [90m2226 |[0m [32m  },[0m
  [90m2227 |[0m

Parsing ecmascript source code failed

Import traces:
  App Route:
    ./src/data/pythonPrograms.ts
    ./app/api/admin/users/import-teachers-csv/route.ts

  Client Component Browser:
    ./src/data/pythonPrograms.ts [Client Component Browser]
    ./src/sections/ProgramsSection.tsx [Client Component Browser]
    ./src/sections/ProgramsSection.tsx [Server Component]
    ./app/page.tsx [Server Component]

  Client Component SSR:
    ./src/data/pythonPrograms.ts [Client Component SSR]
    ./src/sections/ProgramsSection.tsx [Client Component SSR]
    ./src/sections/ProgramsSection.tsx [Server Component]
    ./app/page.tsx [Server Component]


./src/data/pythonPrograms.ts:2225:14
Cannot assign to this
  [90m2223 |[0m ... three variables: a=[35m1[0m, b=[35m2[0m, c=[35m3[0m -> a=[35m3[0m, b=[35m1[0m, 
c=[35m2[0m
  [90m2224 |[0m ...
[31m[1m>[0m [90m2225 |[0m ...[32mple unpacking is used in Python's for loops, function returns, and even error 
handling!"[0m
  [90m     |[0m    
[31m[1m^^^^^^^^^^^^^^^^^^^^^^^^^^^^^^^^^^^^^^^^^^^^^^^^^^^^^^^^^^^^^^^^^^^^^^^^^^^^^^^^^^^^^^^^[0m
  [90m2226 |[0m ...
  [90m2227 |[0m ...
  [90m2228 |[0m ...[32m========= DICTIONARIES ====================[0m

Parsing ecmascript source code failed

Import traces:
  App Route:
    ./src/data/pythonPrograms.ts
    ./app/api/admin/users/import-teachers-csv/route.ts

  Client Component Browser:
    ./src/data/pythonPrograms.ts [Client Component Browser]
    ./src/sections/ProgramsSection.tsx [Client Component Browser]
    ./src/sections/ProgramsSection.tsx [Server Component]
    ./app/page.tsx [Server Component]

  Client Component SSR:
    ./src/data/pythonPrograms.ts [Client Component SSR]
    ./src/sections/ProgramsSection.tsx [Client Component SSR]
    ./src/sections/ProgramsSection.tsx [Server Component]
    ./app/page.tsx [Server Component]


./src/data/pythonPrograms.ts:2230:9
Cannot assign to this
  [90m2228 |[0m   [90m// ==================== DICTIONARIES ====================[0m
  [90m2229 |[0m   {
[31m[1m>[0m [90m2230 |[0m     id: [32m"dc-1"[0m,
  [90m     |[0m         [31m[1m^^^^^^[0m
  [90m2231 |[0m     title: [32m"Dictionary Basics"[0m,
  [90m2232 |[0m     language: [32m"python"[0m [36mas[0m [36mconst[0m,
  [90m2233 |[0m     category: [32m"Dictionaries"[0m,

Parsing ecmascript source code failed

Import traces:
  App Route:
    ./src/data/pythonPrograms.ts
    ./app/api/admin/users/import-teachers-csv/route.ts

  Client Component Browser:
    ./src/data/pythonPrograms.ts [Client Component Browser]
    ./src/sections/ProgramsSection.tsx [Client Component Browser]
    ./src/sections/ProgramsSection.tsx [Server Component]
    ./app/page.tsx [Server Component]

  Client Component SSR:
    ./src/data/pythonPrograms.ts [Client Component SSR]
    ./src/sections/ProgramsSection.tsx [Client Component SSR]
    ./src/sections/ProgramsSection.tsx [Server Component]
    ./app/page.tsx [Server Component]


./src/data/pythonPrograms.ts:2231:12
Cannot assign to this
  [90m2229 |[0m   {
  [90m2230 |[0m     id: [32m"dc-1"[0m,
[31m[1m>[0m [90m2231 |[0m     title: [32m"Dictionary Basics"[0m,
  [90m     |[0m            [31m[1m^^^^^^^^^^^^^^^^^^^[0m
  [90m2232 |[0m     language: [32m"python"[0m [36mas[0m [36mconst[0m,
  [90m2233 |[0m     category: [32m"Dictionaries"[0m,
  [90m2234 |[0m     difficulty: [32m"Easy"[0m,

Parsing ecmascript source code failed

Import traces:
  App Route:
    ./src/data/pythonPrograms.ts
    ./app/api/admin/users/import-teachers-csv/route.ts

  Client Component Browser:
    ./src/data/pythonPrograms.ts [Client Component Browser]
    ./src/sections/ProgramsSection.tsx [Client Component Browser]
    ./src/sections/ProgramsSection.tsx [Server Component]
    ./app/page.tsx [Server Component]

  Client Component SSR:
    ./src/data/pythonPrograms.ts [Client Component SSR]
    ./src/sections/ProgramsSection.tsx [Client Component SSR]
    ./src/sections/ProgramsSection.tsx [Server Component]
    ./app/page.tsx [Server Component]


./src/data/pythonPrograms.ts:2233:15
Cannot assign to this
  [90m2231 |[0m     title: [32m"Dictionary Basics"[0m,
  [90m2232 |[0m     language: [32m"python"[0m [36mas[0m [36mconst[0m,
[31m[1m>[0m [90m2233 |[0m     category: [32m"Dictionaries"[0m,
  [90m     |[0m               [31m[1m^^^^^^^^^^^^^^[0m
  [90m2234 |[0m     difficulty: [32m"Easy"[0m,
  [90m2235 |[0m     classLevel: [32m"Class 9"[0m [36mas[0m [36mconst[0m,
  [90m2236 |[0m     description: [32m"Learn dictionary creation, access, and basic methods."[0m,

Parsing ecmascript source code failed

Import traces:
  App Route:
    ./src/data/pythonPrograms.ts
    ./app/api/admin/users/import-teachers-csv/route.ts

  Client Component Browser:
    ./src/data/pythonPrograms.ts [Client Component Browser]
    ./src/sections/ProgramsSection.tsx [Client Component Browser]
    ./src/sections/ProgramsSection.tsx [Server Component]
    ./app/page.tsx [Server Component]

  Client Component SSR:
    ./src/data/pythonPrograms.ts [Client Component SSR]
    ./src/sections/ProgramsSection.tsx [Client Component SSR]
    ./src/sections/ProgramsSection.tsx [Server Component]
    ./app/page.tsx [Server Component]


./src/data/pythonPrograms.ts:2234:17
Cannot assign to this
  [90m2232 |[0m     language: [32m"python"[0m [36mas[0m [36mconst[0m,
  [90m2233 |[0m     category: [32m"Dictionaries"[0m,
[31m[1m>[0m [90m2234 |[0m     difficulty: [32m"Easy"[0m,
  [90m     |[0m                 [31m[1m^^^^^^[0m
  [90m2235 |[0m     classLevel: [32m"Class 9"[0m [36mas[0m [36mconst[0m,
  [90m2236 |[0m     description: [32m"Learn dictionary creation, access, and basic methods."[0m,
  [90m2237 |[0m     code: [32m`# ============================================[0m

Parsing ecmascript source code failed

Import traces:
  App Route:
    ./src/data/pythonPrograms.ts
    ./app/api/admin/users/import-teachers-csv/route.ts

  Client Component Browser:
    ./src/data/pythonPrograms.ts [Client Component Browser]
    ./src/sections/ProgramsSection.tsx [Client Component Browser]
    ./src/sections/ProgramsSection.tsx [Server Component]
    ./app/page.tsx [Server Component]

  Client Component SSR:
    ./src/data/pythonPrograms.ts [Client Component SSR]
    ./src/sections/ProgramsSection.tsx [Client Component SSR]
    ./src/sections/ProgramsSection.tsx [Server Component]
    ./app/page.tsx [Server Component]


./src/data/pythonPrograms.ts:2236:18
Cannot assign to this
  [90m2234 |[0m     difficulty: [32m"Easy"[0m,
  [90m2235 |[0m     classLevel: [32m"Class 9"[0m [36mas[0m [36mconst[0m,
[31m[1m>[0m [90m2236 |[0m     description: [32m"Learn dictionary creation, access, and basic methods."[0m,
  [90m     |[0m                  [31m[1m^^^^^^^^^^^^^^^^^^^^^^^^^^^^^^^^^^^^^^^^^^^^^^^^^^^^^^^[0m
  [90m2237 |[0m     code: [32m`# ============================================[0m
  [90m2238 |[0m [32m# Dictionary Basics[0m
  [90m2239 |[0m [32m# ============================================[0m

Parsing ecmascript source code failed

Import traces:
  App Route:
    ./src/data/pythonPrograms.ts
    ./app/api/admin/users/import-teachers-csv/route.ts

  Client Component Browser:
    ./src/data/pythonPrograms.ts [Client Component Browser]
    ./src/sections/ProgramsSection.tsx [Client Component Browser]
    ./src/sections/ProgramsSection.tsx [Server Component]
    ./app/page.tsx [Server Component]

  Client Component SSR:
    ./src/data/pythonPrograms.ts [Client Component SSR]
    ./src/sections/ProgramsSection.tsx [Client Component SSR]
    ./src/sections/ProgramsSection.tsx [Server Component]
    ./app/page.tsx [Server Component]


./src/data/pythonPrograms.ts:2237:11
Cannot assign to this
  [90m2235 |[0m     classLevel: [32m"Class 9"[0m [36mas[0m [36mconst[0m,
  [90m2236 |[0m     description: [32m"Learn dictionary creation, access, and basic methods."[0m,
[31m[1m>[0m [90m2237 |[0m     code: [32m`# ============================================[0m
  [90m     |[0m           [31m[1m^^^^^^^^^^^^^^^^^^^^^^^^^^^^^^^^^^^^^^^^^^^^^^[0m
[31m[1m>[0m [90m2238 |[0m [32m# Dictionary Basics[0m
  [90m     |[0m [31m[1m^^^^^^^^^^^^^^^^^^^[0m
[31m[1m>[0m [90m2239 |[0m [32m# ============================================[0m
  [90m     |[0m [31m[1m^^^^^^^^^^^^^^^^^^^^^^^^^^^^^^^^^^^^^^^^^^^^^^[0m
[31m[1m>[0m [90m2240 |[0m [32m# Dictionaries store key-value pairs[0m
  [90m     |[0m [31m[1m^^^^^^^^^^^^^^^^^^^^^^^^^^^^^^^^^^^^[0m
[31m[1m>[0m [90m2241 |[0m [32m# Like a real dictionary: word -> definition[0m
  [90m     |[0m [31m[1m^^^^^^^^^^^^^^^^^^^^^^^^^^^^^^^^^^^^^^^^^^^^[0m
[31m[1m>[0m [90m2242 |[0m [32m# ============================================[0m
  [90m     |[0m [31m[1m^^^^^^^^^^^^^^^^^^^^^^^^^^^^^^^^^^^^^^^^^^^^^^[0m
[31m[1m>[0m [90m2243 |[0m
  [90m     |[0m [31m[1m^[0m
[31m[1m>[0m [90m2244 |[0m [32m# --- Create Dictionary ---[0m
  [90m     |[0m [31m[1m^^^^^^^^^^^^^^^^^^^^^^^^^^^[0m
[31m[1m>[0m [90m2245 |[0m [32mstudent = {[0m
  [90m     |[0m [31m[1m^^^^^^^^^^^[0m
[31m[1m>[0m [90m2246 |[0m [32m    "name": "Alice",[0m
  [90m     |[0m [31m[1m^^^^^^^^^^^^^^^^^^^^[0m
[31m[1m>[0m [90m2247 |[0m [32m    "age": 15,[0m
  [90m     |[0m [31m[1m^^^^^^^^^^^^^^[0m
[31m[1m>[0m [90m2248 |[0m [32m    "class": "9th",[0m
  [90m     |[0m [31m[1m^^^^^^^^^^^^^^^^^^^[0m
[31m[1m>[0m [90m2249 |[0m [32m    "grade": "A"[0m
  [90m     |[0m [31m[1m^^^^^^^^^^^^^^^^[0m
[31m[1m>[0m [90m2250 |[0m [32m}[0m
  [90m     |[0m [31m[1m^[0m
[31m[1m>[0m [90m2251 |[0m
  [90m     |[0m [31m[1m^[0m
[31m[1m>[0m [90m2252 |[0m [32mprint("Student:", student)[0m
  [90m     |[0m [31m[1m^^^^^^^^^^^^^^^^^^^^^^^^^^[0m
[31m[1m>[0m [90m2253 |[0m
  [90m     |[0m [31m[1m^[0m
[31m[1m>[0m [90m2254 |[0m [32m# --- Access Values ---[0m
  [90m     |[0m [31m[1m^^^^^^^^^^^^^^^^^^^^^^^[0m
[31m[1m>[0m [90m2255 |[0m [32mprint(f"Name: {student['name']}")[0m
  [90m     |[0m [31m[1m^^^^^^^^^^^^^^^^^^^^^^^^^^^^^^^^^[0m
[31m[1m>[0m [90m2256 |[0m [32mprint(f"Age: {student.get('age', 'Unknown')}")[0m
  [90m     |[0m [31m[1m^^^^^^^^^^^^^^^^^^^^^^^^^^^^^^^^^^^^^^^^^^^^^^[0m
[31m[1m>[0m [90m2257 |[0m [32mprint(f"Phone: {student.get('phone', 'Not provided')}")[0m
  [90m     |[0m [31m[1m^^^^^^^^^^^^^^^^^^^^^^^^^^^^^^^^^^^^^^^^^^^^^^^^^^^^^^^[0m
[31m[1m>[0m [90m2258 |[0m
  [90m     |[0m [31m[1m^[0m
[31m[1m>[0m [90m2259 |[0m [32m# --- Add/Update ---[0m
  [90m     |[0m [31m[1m^^^^^^^^^^^^^^^^^^^^[0m
[31m[1m>[0m [90m2260 |[0m [32mstudent["email"] = "alice@school.com"  # Add new[0m
  [90m     |[0m [31m[1m^^^^^^^^^^^^^^^^^^^^^^^^^^^^^^^^^^^^^^^^^^^^^^^^[0m
[31m[1m>[0m [90m2261 |[0m [32mstudent["age"] = 16                     # Update existing[0m
  [90m     |[0m [31m[1m^^^^^^^^^^^^^^^^^^^^^^^^^^^^^^^^^^^^^^^^^^^^^^^^^^^^^^^^^[0m
[31m[1m>[0m [90m2262 |[0m [32mprint("Updated:", student)[0m
  [90m     |[0m [31m[1m^^^^^^^^^^^^^^^^^^^^^^^^^^[0m
[31m[1m>[0m [90m2263 |[0m
  [90m     |[0m [31m[1m^[0m
[31m[1m>[0m [90m2264 |[0m [32m# --- Remove ---[0m
  [90m     |[0m [31m[1m^^^^^^^^^^^^^^^^[0m
[31m[1m>[0m [90m2265 |[0m [32mdel student["email"][0m
  [90m     |[0m [31m[1m^^^^^^^^^^^^^^^^^^^^[0m
[31m[1m>[0m [90m2266 |[0m [32mprint("After delete:", student)[0m
  [90m     |[0m [31m[1m^^^^^^^^^^^^^^^^^^^^^^^^^^^^^^^[0m
[31m[1m>[0m [90m2267 |[0m
  [90m     |[0m [31m[1m^[0m
[31m[1m>[0m [90m2268 |[0m [32m# --- Keys and Values ---[0m
  [90m     |[0m [31m[1m^^^^^^^^^^^^^^^^^^^^^^^^^[0m
[31m[1m>[0m [90m2269 |[0m [32mprint("Keys:", list(student.keys()))[0m
  [90m     |[0m [31m[1m^^^^^^^^^^^^^^^^^^^^^^^^^^^^^^^^^^^^[0m
[31m[1m>[0m [90m2270 |[0m [32mprint("Values:", list(student.values()))[0m
  [90m     |[0m [31m[1m^^^^^^^^^^^^^^^^^^^^^^^^^^^^^^^^^^^^^^^^[0m
[31m[1m>[0m [90m2271 |[0m [32mprint("Items:", list(student.items()))[0m
  [90m     |[0m [31m[1m^^^^^^^^^^^^^^^^^^^^^^^^^^^^^^^^^^^^^^[0m
[31m[1m>[0m [90m2272 |[0m
  [90m     |[0m [31m[1m^[0m
[31m[1m>[0m [90m2273 |[0m [32m# --- Check Key ---[0m
  [90m     |[0m [31m[1m^^^^^^^^^^^^^^^^^^^[0m
[31m[1m>[0m [90m2274 |[0m [32mprint("'name' in student:", "name" in student)[0m
  [90m     |[0m [31m[1m^^^^^^^^^^^^^^^^^^^^^^^^^^^^^^^^^^^^^^^^^^^^^^[0m
[31m[1m>[0m [90m2275 |[0m [32mprint("'phone' in student:", "phone" in student)[0m
  [90m     |[0m [31m[1m^^^^^^^^^^^^^^^^^^^^^^^^^^^^^^^^^^^^^^^^^^^^^^^^[0m
[31m[1m>[0m [90m2276 |[0m
  [90m     |[0m [31m[1m^[0m
[31m[1m>[0m [90m2277 |[0m [32m# ============================================[0m
  [90m     |[0m [31m[1m^^^^^^^^^^^^^^^^^^^^^^^^^^^^^^^^^^^^^^^^^^^^^^[0m
[31m[1m>[0m [90m2278 |[0m [32m# Execution Trace:[0m
  [90m     |[0m [31m[1m^^^^^^^^^^^^^^^^^^[0m
[31m[1m>[0m [90m2279 |[0m [32m# student = {"name": "Alice", "age": 15, "class": "9th", "grade": "A"}[0m
  [90m     |[0m [31m[1m^^^^^^^^^^^^^^^^^^^^^^^^^^^^^^^^^^^^^^^^^^^^^^^^^^^^^^^^^^^^^^^^^^^^^^[0m
[31m[1m>[0m [90m2280 |[0m [32m# student['name'] -> "Alice"[0m
  [90m     |[0m [31m[1m^^^^^^^^^^^^^^^^^^^^^^^^^^^^[0m
[31m[1m>[0m [90m2281 |[0m [32m# student.get('phone', 'Not provided') -> "Not provided"[0m
  [90m     |[0m [31m[1m^^^^^^^^^^^^^^^^^^^^^^^^^^^^^^^^^^^^^^^^^^^^^^^^^^^^^^^^[0m
[31m[1m>[0m [90m2282 |[0m [32m# student["email"] = "alice@school.com" -> adds new key[0m
  [90m     |[0m [31m[1m^^^^^^^^^^^^^^^^^^^^^^^^^^^^^^^^^^^^^^^^^^^^^^^^^^^^^^^[0m
[31m[1m>[0m [90m2283 |[0m [32m# del student["email"] -> removes key[0m
  [90m     |[0m [31m[1m^^^^^^^^^^^^^^^^^^^^^^^^^^^^^^^^^^^^^[0m
[31m[1m>[0m [90m2284 |[0m [32m# ============================================[0m
  [90m     |[0m [31m[1m^^^^^^^^^^^^^^^^^^^^^^^^^^^^^^^^^^^^^^^^^^^^^^[0m
[31m[1m>[0m [90m2285 |[0m
  [90m     |[0m [31m[1m^[0m
[31m[1m>[0m [90m2286 |[0m [32m# TRY THIS: Create a dictionary of 3 countries and their capitals[0m
  [90m     |[0m [31m[1m^^^^^^^^^^^^^^^^^^^^^^^^^^^^^^^^^^^^^^^^^^^^^^^^^^^^^^^^^^^^^^^^^[0m
[31m[1m>[0m [90m2287 |[0m [32m`[0m,
  [90m     |[0m [31m[1m^[0m
  [90m2288 |[0m     funFact: [32m"Dictionary keys can be any immutable type ΓÇö strings, numbers, even tuples!"[0m
  [90m2289 |[0m   },
  [90m2290 |[0m   {

Parsing ecmascript source code failed

Import traces:
  App Route:
    ./src/data/pythonPrograms.ts
    ./app/api/admin/users/import-teachers-csv/route.ts

  Client Component Browser:
    ./src/data/pythonPrograms.ts [Client Component Browser]
    ./src/sections/ProgramsSection.tsx [Client Component Browser]
    ./src/sections/ProgramsSection.tsx [Server Component]
    ./app/page.tsx [Server Component]

  Client Component SSR:
    ./src/data/pythonPrograms.ts [Client Component SSR]
    ./src/sections/ProgramsSection.tsx [Client Component SSR]
    ./src/sections/ProgramsSection.tsx [Server Component]
    ./app/page.tsx [Server Component]


./src/data/pythonPrograms.ts:2288:14
Cannot assign to this
  [90m2286 |[0m # [33mTRY[0m [33mTHIS[0m: [33mCreate[0m a dictionary [36mof[0m [35m3[0m countries and 
their capitals
  [90m2287 |[0m [32m`,[0m
[31m[1m>[0m [90m2288 |[0m [32m    funFact: "Dictionary keys can be any immutable type ΓÇö strings, numbers, even 
tuples!"[0m
  [90m     |[0m              
[31m[1m^^^^^^^^^^^^^^^^^^^^^^^^^^^^^^^^^^^^^^^^^^^^^^^^^^^^^^^^^^^^^^^^^^^^^^^^^^^^[0m
  [90m2289 |[0m [32m  },[0m
  [90m2290 |[0m [32m  {[0m
  [90m2291 |[0m [32m    id: "dc-2",[0m

Parsing ecmascript source code failed

Import traces:
  App Route:
    ./src/data/pythonPrograms.ts
    ./app/api/admin/users/import-teachers-csv/route.ts

  Client Component Browser:
    ./src/data/pythonPrograms.ts [Client Component Browser]
    ./src/sections/ProgramsSection.tsx [Client Component Browser]
    ./src/sections/ProgramsSection.tsx [Server Component]
    ./app/page.tsx [Server Component]

  Client Component SSR:
    ./src/data/pythonPrograms.ts [Client Component SSR]
    ./src/sections/ProgramsSection.tsx [Client Component SSR]
    ./src/sections/ProgramsSection.tsx [Server Component]
    ./app/page.tsx [Server Component]


./src/data/pythonPrograms.ts:2291:9
Cannot assign to this
  [90m2289 |[0m [32m  },[0m
  [90m2290 |[0m [32m  {[0m
[31m[1m>[0m [90m2291 |[0m [32m    id: "dc-2",[0m
  [90m     |[0m         [31m[1m^^^^^^[0m
  [90m2292 |[0m [32m    title: "Dictionary Iteration",[0m
  [90m2293 |[0m [32m    language: "python" as const,[0m
  [90m2294 |[0m [32m    category: "Dictionaries",[0m

Parsing ecmascript source code failed

Import traces:
  App Route:
    ./src/data/pythonPrograms.ts
    ./app/api/admin/users/import-teachers-csv/route.ts

  Client Component Browser:
    ./src/data/pythonPrograms.ts [Client Component Browser]
    ./src/sections/ProgramsSection.tsx [Client Component Browser]
    ./src/sections/ProgramsSection.tsx [Server Component]
    ./app/page.tsx [Server Component]

  Client Component SSR:
    ./src/data/pythonPrograms.ts [Client Component SSR]
    ./src/sections/ProgramsSection.tsx [Client Component SSR]
    ./src/sections/ProgramsSection.tsx [Server Component]
    ./app/page.tsx [Server Component]


./src/data/pythonPrograms.ts:2292:12
Cannot assign to this
  [90m2290 |[0m [32m  {[0m
  [90m2291 |[0m [32m    id: "dc-2",[0m
[31m[1m>[0m [90m2292 |[0m [32m    title: "Dictionary Iteration",[0m
  [90m     |[0m            [31m[1m^^^^^^^^^^^^^^^^^^^^^^[0m
  [90m2293 |[0m [32m    language: "python" as const,[0m
  [90m2294 |[0m [32m    category: "Dictionaries",[0m
  [90m2295 |[0m [32m    difficulty: "Medium",[0m

Parsing ecmascript source code failed

Import traces:
  App Route:
    ./src/data/pythonPrograms.ts
    ./app/api/admin/users/import-teachers-csv/route.ts

  Client Component Browser:
    ./src/data/pythonPrograms.ts [Client Component Browser]
    ./src/sections/ProgramsSection.tsx [Client Component Browser]
    ./src/sections/ProgramsSection.tsx [Server Component]
    ./app/page.tsx [Server Component]

  Client Component SSR:
    ./src/data/pythonPrograms.ts [Client Component SSR]
    ./src/sections/ProgramsSection.tsx [Client Component SSR]
    ./src/sections/ProgramsSection.tsx [Server Component]
    ./app/page.tsx [Server Component]


./src/data/pythonPrograms.ts:2294:15
Cannot assign to this
  [90m2292 |[0m [32m    title: "Dictionary Iteration",[0m
  [90m2293 |[0m [32m    language: "python" as const,[0m
[31m[1m>[0m [90m2294 |[0m [32m    category: "Dictionaries",[0m
  [90m     |[0m               [31m[1m^^^^^^^^^^^^^^[0m
  [90m2295 |[0m [32m    difficulty: "Medium",[0m
  [90m2296 |[0m [32m    classLevel: "Class 9" as const,[0m
  [90m2297 |[0m [32m    description: "Iterate through dictionaries using keys(), values(), and items().",[0m

Parsing ecmascript source code failed

Import traces:
  App Route:
    ./src/data/pythonPrograms.ts
    ./app/api/admin/users/import-teachers-csv/route.ts

  Client Component Browser:
    ./src/data/pythonPrograms.ts [Client Component Browser]
    ./src/sections/ProgramsSection.tsx [Client Component Browser]
    ./src/sections/ProgramsSection.tsx [Server Component]
    ./app/page.tsx [Server Component]

  Client Component SSR:
    ./src/data/pythonPrograms.ts [Client Component SSR]
    ./src/sections/ProgramsSection.tsx [Client Component SSR]
    ./src/sections/ProgramsSection.tsx [Server Component]
    ./app/page.tsx [Server Component]


./src/data/pythonPrograms.ts:2295:17
Cannot assign to this
  [90m2293 |[0m [32m    language: "python" as const,[0m
  [90m2294 |[0m [32m    category: "Dictionaries",[0m
[31m[1m>[0m [90m2295 |[0m [32m    difficulty: "Medium",[0m
  [90m     |[0m                 [31m[1m^^^^^^^^[0m
  [90m2296 |[0m [32m    classLevel: "Class 9" as const,[0m
  [90m2297 |[0m [32m    description: "Iterate through dictionaries using keys(), values(), and items().",[0m
  [90m2298 |[0m [32m    code: `[0m# ============================================

Parsing ecmascript source code failed

Import traces:
  App Route:
    ./src/data/pythonPrograms.ts
    ./app/api/admin/users/import-teachers-csv/route.ts

  Client Component Browser:
    ./src/data/pythonPrograms.ts [Client Component Browser]
    ./src/sections/ProgramsSection.tsx [Client Component Browser]
    ./src/sections/ProgramsSection.tsx [Server Component]
    ./app/page.tsx [Server Component]

  Client Component SSR:
    ./src/data/pythonPrograms.ts [Client Component SSR]
    ./src/sections/ProgramsSection.tsx [Client Component SSR]
    ./src/sections/ProgramsSection.tsx [Server Component]
    ./app/page.tsx [Server Component]


./src/data/pythonPrograms.ts:2297:18
Cannot assign to this
  [90m2295 |[0m [32m    difficulty: "Medium",[0m
  [90m2296 |[0m [32m    classLevel: "Class 9" as const,[0m
[31m[1m>[0m [90m2297 |[0m [32m    description: "Iterate through dictionaries using keys(), values(), and 
items().",[0m
  [90m     |[0m                  [31m[1m^^^^^^^^^^^^^^^^^^^^^^^^^^^^^^^^^^^^^^^^^^^^^^^^^^^^^^^^^^^^^^^^^^^[0m
  [90m2298 |[0m [32m    code: `[0m# ============================================
  [90m2299 |[0m # [33mDictionary[0m [33mIteration[0m
  [90m2300 |[0m # ============================================

Parsing ecmascript source code failed

Import traces:
  App Route:
    ./src/data/pythonPrograms.ts
    ./app/api/admin/users/import-teachers-csv/route.ts

  Client Component Browser:
    ./src/data/pythonPrograms.ts [Client Component Browser]
    ./src/sections/ProgramsSection.tsx [Client Component Browser]
    ./src/sections/ProgramsSection.tsx [Server Component]
    ./app/page.tsx [Server Component]

  Client Component SSR:
    ./src/data/pythonPrograms.ts [Client Component SSR]
    ./src/sections/ProgramsSection.tsx [Client Component SSR]
    ./src/sections/ProgramsSection.tsx [Server Component]
    ./app/page.tsx [Server Component]


./src/data/pythonPrograms.ts:2298:11
Cannot assign to this
  [90m2296 |[0m [32m    classLevel: "Class 9" as const,[0m
  [90m2297 |[0m [32m    description: "Iterate through dictionaries using keys(), values(), and items().",[0m
[31m[1m>[0m [90m2298 |[0m [32m    code: `[0m# ============================================
  [90m     |[0m           [31m[1m^^^^^^^^^^^^^^^^^^^^^^^^^^^^^^^^^^^^^^^^^^^^^^[0m
[31m[1m>[0m [90m2299 |[0m # [33mDictionary[0m [33mIteration[0m
  [90m     |[0m [31m[1m^^^^^^^^^^^^^^^^^^^^^^[0m
[31m[1m>[0m [90m2300 |[0m # ============================================
  [90m     |[0m [31m[1m^^^^^^^^^^^^^^^^^^^^^^^^^^^^^^^^^^^^^^^^^^^^^^[0m
[31m[1m>[0m [90m2301 |[0m # [33mThree[0m ways to loop through a dictionary
  [90m     |[0m [31m[1m^^^^^^^^^^^^^^^^^^^^^^^^^^^^^^^^^^^^^^^^^[0m
[31m[1m>[0m [90m2302 |[0m # ============================================
  [90m     |[0m [31m[1m^^^^^^^^^^^^^^^^^^^^^^^^^^^^^^^^^^^^^^^^^^^^^^[0m
[31m[1m>[0m [90m2303 |[0m
  [90m     |[0m [31m[1m^[0m
[31m[1m>[0m [90m2304 |[0m # --- [33mSample[0m [33mDictionary[0m ---
  [90m     |[0m [31m[1m^^^^^^^^^^^^^^^^^^^^^^^^^^^[0m
[31m[1m>[0m [90m2305 |[0m marks = {
  [90m     |[0m [31m[1m^^^^^^^^^[0m
[31m[1m>[0m [90m2306 |[0m     [32m"Math"[0m: [35m95[0m,
  [90m     |[0m [31m[1m^^^^^^^^^^^^^^^[0m
[31m[1m>[0m [90m2307 |[0m     [32m"Science"[0m: [35m88[0m,
  [90m     |[0m [31m[1m^^^^^^^^^^^^^^^^^^[0m
[31m[1m>[0m [90m2308 |[0m     [32m"English"[0m: [35m92[0m,
  [90m     |[0m [31m[1m^^^^^^^^^^^^^^^^^^[0m
[31m[1m>[0m [90m2309 |[0m     [32m"Hindi"[0m: [35m85[0m,
  [90m     |[0m [31m[1m^^^^^^^^^^^^^^^^[0m
[31m[1m>[0m [90m2310 |[0m     [32m"Computer"[0m: [35m98[0m
  [90m     |[0m [31m[1m^^^^^^^^^^^^^^^^^^[0m
[31m[1m>[0m [90m2311 |[0m }
  [90m     |[0m [31m[1m^[0m
[31m[1m>[0m [90m2312 |[0m
  [90m     |[0m [31m[1m^[0m
[31m[1m>[0m [90m2313 |[0m # --- [33mMethod[0m [35m1[0m: [33mIterate[0m [33mKeys[0m ---
  [90m     |[0m [31m[1m^^^^^^^^^^^^^^^^^^^^^^^^^^^^^^^^[0m
[31m[1m>[0m [90m2314 |[0m print([32m"Subjects:"[0m)
  [90m     |[0m [31m[1m^^^^^^^^^^^^^^^^^^[0m
[31m[1m>[0m [90m2315 |[0m [36mfor[0m subject [36min[0m marks:
  [90m     |[0m [31m[1m^^^^^^^^^^^^^^^^^^^^^[0m
[31m[1m>[0m [90m2316 |[0m     print(f[32m"  {subject}"[0m)
  [90m     |[0m [31m[1m^^^^^^^^^^^^^^^^^^^^^^^^^[0m
[31m[1m>[0m [90m2317 |[0m
  [90m     |[0m [31m[1m^[0m
[31m[1m>[0m [90m2318 |[0m # --- [33mMethod[0m [35m2[0m: [33mIterate[0m [33mValues[0m ---
  [90m     |[0m [31m[1m^^^^^^^^^^^^^^^^^^^^^^^^^^^^^^^^^^[0m
[31m[1m>[0m [90m2319 |[0m print([32m"\\nMarks:"[0m)
  [90m     |[0m [31m[1m^^^^^^^^^^^^^^^^^^[0m
[31m[1m>[0m [90m2320 |[0m [36mfor[0m mark [36min[0m marks.values():
  [90m     |[0m [31m[1m^^^^^^^^^^^^^^^^^^^^^^^^^^^[0m
[31m[1m>[0m [90m2321 |[0m     print(f[32m"  {mark}"[0m)
  [90m     |[0m [31m[1m^^^^^^^^^^^^^^^^^^^^^^[0m
[31m[1m>[0m [90m2322 |[0m
  [90m     |[0m [31m[1m^[0m
[31m[1m>[0m [90m2323 |[0m # --- [33mMethod[0m [35m3[0m: [33mIterate[0m [33mItems[0m (key-value pairs) ---
  [90m     |[0m [31m[1m^^^^^^^^^^^^^^^^^^^^^^^^^^^^^^^^^^^^^^^^^^^^^^^^^^^[0m
[31m[1m>[0m [90m2324 |[0m print([32m"\\nSubject-wise Marks:"[0m)
  [90m     |[0m [31m[1m^^^^^^^^^^^^^^^^^^^^^^^^^^^^^^^[0m
[31m[1m>[0m [90m2325 |[0m [36mfor[0m subject, mark [36min[0m marks.items():
  [90m     |[0m [31m[1m^^^^^^^^^^^^^^^^^^^^^^^^^^^^^^^^^^^[0m
[31m[1m>[0m [90m2326 |[0m     print(f[32m"  {subject}: {mark}"[0m)
  [90m     |[0m [31m[1m^^^^^^^^^^^^^^^^^^^^^^^^^^^^^^^^^[0m
[31m[1m>[0m [90m2327 |[0m
  [90m     |[0m [31m[1m^[0m
[31m[1m>[0m [90m2328 |[0m # --- [33mFind[0m [33mAverage[0m ---
  [90m     |[0m [31m[1m^^^^^^^^^^^^^^^^^^^^^^[0m
[31m[1m>[0m [90m2329 |[0m total = sum(marks.values())
  [90m     |[0m [31m[1m^^^^^^^^^^^^^^^^^^^^^^^^^^^[0m
[31m[1m>[0m [90m2330 |[0m average = total / len(marks)
  [90m     |[0m [31m[1m^^^^^^^^^^^^^^^^^^^^^^^^^^^^[0m
[31m[1m>[0m [90m2331 |[0m print(f[32m"\\nAverage: {average:.1f}"[0m)
  [90m     |[0m [31m[1m^^^^^^^^^^^^^^^^^^^^^^^^^^^^^^^^^^^[0m
[31m[1m>[0m [90m2332 |[0m print(f[32m"Total: {total}"[0m)
  [90m     |[0m [31m[1m^^^^^^^^^^^^^^^^^^^^^^^^[0m
[31m[1m>[0m [90m2333 |[0m
  [90m     |[0m [31m[1m^[0m
[31m[1m>[0m [90m2334 |[0m # --- [33mFind[0m [33mHighest[0m ---
  [90m     |[0m [31m[1m^^^^^^^^^^^^^^^^^^^^^^[0m
[31m[1m>[0m [90m2335 |[0m best_subject = max(marks, key=marks.get)
  [90m     |[0m [31m[1m^^^^^^^^^^^^^^^^^^^^^^^^^^^^^^^^^^^^^^^^[0m
[31m[1m>[0m [90m2336 |[0m print(f[32m"Best subject: {best_subject} ({marks[best_subject]})"[0m)
  [90m     |[0m [31m[1m^^^^^^^^^^^^^^^^^^^^^^^^^^^^^^^^^^^^^^^^^^^^^^^^^^^^^^^^^^^^^^[0m
[31m[1m>[0m [90m2337 |[0m
  [90m     |[0m [31m[1m^[0m
[31m[1m>[0m [90m2338 |[0m # ============================================
  [90m     |[0m [31m[1m^^^^^^^^^^^^^^^^^^^^^^^^^^^^^^^^^^^^^^^^^^^^^^[0m
[31m[1m>[0m [90m2339 |[0m # [33mExecution[0m [33mTrace[0m:
  [90m     |[0m [31m[1m^^^^^^^^^^^^^^^^^^[0m
[31m[1m>[0m [90m2340 |[0m # marks = {[32m"Math"[0m: [35m95[0m, [32m"Science"[0m: [35m88[0m, 
[32m"English"[0m: [35m92[0m, ...}
  [90m     |[0m [31m[1m^^^^^^^^^^^^^^^^^^^^^^^^^^^^^^^^^^^^^^^^^^^^^^^^^^^^^^^^^[0m
[31m[1m>[0m [90m2341 |[0m # [36mfor[0m subject [36min[0m marks -> iterates keys
  [90m     |[0m [31m[1m^^^^^^^^^^^^^^^^^^^^^^^^^^^^^^^^^^^^^^^[0m
[31m[1m>[0m [90m2342 |[0m # [36mfor[0m mark [36min[0m marks.values() -> iterates values
  [90m     |[0m [31m[1m^^^^^^^^^^^^^^^^^^^^^^^^^^^^^^^^^^^^^^^^^^^^^^^[0m
[31m[1m>[0m [90m2343 |[0m # [36mfor[0m subject, mark [36min[0m marks.items() -> both
  [90m     |[0m [31m[1m^^^^^^^^^^^^^^^^^^^^^^^^^^^^^^^^^^^^^^^^^^^^[0m
[31m[1m>[0m [90m2344 |[0m # [33mAverage[0m: [35m91.6[0m, [33mBest[0m: [33mComputer[0m ([35m98[0m)
  [90m     |[0m [31m[1m^^^^^^^^^^^^^^^^^^^^^^^^^^^^^^^^^^^^[0m
[31m[1m>[0m [90m2345 |[0m # ============================================
  [90m     |[0m [31m[1m^^^^^^^^^^^^^^^^^^^^^^^^^^^^^^^^^^^^^^^^^^^^^^[0m
[31m[1m>[0m [90m2346 |[0m
  [90m     |[0m [31m[1m^[0m
[31m[1m>[0m [90m2347 |[0m # [33mTRY[0m [33mTHIS[0m: [33mFind[0m all subjects where marks are above 
[35m90[0m
  [90m     |[0m [31m[1m^^^^^^^^^^^^^^^^^^^^^^^^^^^^^^^^^^^^^^^^^^^^^^^^^^^^^^[0m
[31m[1m>[0m [90m2348 |[0m [32m`,[0m
  [90m     |[0m [31m[1m^[0m
  [90m2349 |[0m [32m    funFact: "Dictionary iteration order is guaranteed in Python 3.7+ (insertion order)!"[0m
  [90m2350 |[0m [32m  },[0m
  [90m2351 |[0m [32m  {[0m

Parsing ecmascript source code failed

Import traces:
  App Route:
    ./src/data/pythonPrograms.ts
    ./app/api/admin/users/import-teachers-csv/route.ts

  Client Component Browser:
    ./src/data/pythonPrograms.ts [Client Component Browser]
    ./src/sections/ProgramsSection.tsx [Client Component Browser]
    ./src/sections/ProgramsSection.tsx [Server Component]
    ./app/page.tsx [Server Component]

  Client Component SSR:
    ./src/data/pythonPrograms.ts [Client Component SSR]
    ./src/sections/ProgramsSection.tsx [Client Component SSR]
    ./src/sections/ProgramsSection.tsx [Server Component]
    ./app/page.tsx [Server Component]


./src/data/pythonPrograms.ts:2349:14
Cannot assign to this
  [90m2347 |[0m # [33mTRY[0m [33mTHIS[0m: [33mFind[0m all subjects where marks are above [35m90[0m
  [90m2348 |[0m [32m`,[0m
[31m[1m>[0m [90m2349 |[0m [32m    funFact: "Dictionary iteration order is guaranteed in Python 3.7+ (insertion 
order)!"[0m
  [90m     |[0m              
[31m[1m^^^^^^^^^^^^^^^^^^^^^^^^^^^^^^^^^^^^^^^^^^^^^^^^^^^^^^^^^^^^^^^^^^^^^^^^^^^^[0m
  [90m2350 |[0m [32m  },[0m
  [90m2351 |[0m [32m  {[0m
  [90m2352 |[0m [32m    id: "dc-3",[0m

Parsing ecmascript source code failed

Import traces:
  App Route:
    ./src/data/pythonPrograms.ts
    ./app/api/admin/users/import-teachers-csv/route.ts

  Client Component Browser:
    ./src/data/pythonPrograms.ts [Client Component Browser]
    ./src/sections/ProgramsSection.tsx [Client Component Browser]
    ./src/sections/ProgramsSection.tsx [Server Component]
    ./app/page.tsx [Server Component]

  Client Component SSR:
    ./src/data/pythonPrograms.ts [Client Component SSR]
    ./src/sections/ProgramsSection.tsx [Client Component SSR]
    ./src/sections/ProgramsSection.tsx [Server Component]
    ./app/page.tsx [Server Component]


./src/data/pythonPrograms.ts:2352:9
Cannot assign to this
  [90m2350 |[0m [32m  },[0m
  [90m2351 |[0m [32m  {[0m
[31m[1m>[0m [90m2352 |[0m [32m    id: "dc-3",[0m
  [90m     |[0m         [31m[1m^^^^^^[0m
  [90m2353 |[0m [32m    title: "Word Counter",[0m
  [90m2354 |[0m [32m    language: "python" as const,[0m
  [90m2355 |[0m [32m    category: "Dictionaries",[0m

Parsing ecmascript source code failed

Import traces:
  App Route:
    ./src/data/pythonPrograms.ts
    ./app/api/admin/users/import-teachers-csv/route.ts

  Client Component Browser:
    ./src/data/pythonPrograms.ts [Client Component Browser]
    ./src/sections/ProgramsSection.tsx [Client Component Browser]
    ./src/sections/ProgramsSection.tsx [Server Component]
    ./app/page.tsx [Server Component]

  Client Component SSR:
    ./src/data/pythonPrograms.ts [Client Component SSR]
    ./src/sections/ProgramsSection.tsx [Client Component SSR]
    ./src/sections/ProgramsSection.tsx [Server Component]
    ./app/page.tsx [Server Component]


./src/data/pythonPrograms.ts:2353:12
Cannot assign to this
  [90m2351 |[0m [32m  {[0m
  [90m2352 |[0m [32m    id: "dc-3",[0m
[31m[1m>[0m [90m2353 |[0m [32m    title: "Word Counter",[0m
  [90m     |[0m            [31m[1m^^^^^^^^^^^^^^[0m
  [90m2354 |[0m [32m    language: "python" as const,[0m
  [90m2355 |[0m [32m    category: "Dictionaries",[0m
  [90m2356 |[0m [32m    difficulty: "Medium",[0m

Parsing ecmascript source code failed

Import traces:
  App Route:
    ./src/data/pythonPrograms.ts
    ./app/api/admin/users/import-teachers-csv/route.ts

  Client Component Browser:
    ./src/data/pythonPrograms.ts [Client Component Browser]
    ./src/sections/ProgramsSection.tsx [Client Component Browser]
    ./src/sections/ProgramsSection.tsx [Server Component]
    ./app/page.tsx [Server Component]

  Client Component SSR:
    ./src/data/pythonPrograms.ts [Client Component SSR]
    ./src/sections/ProgramsSection.tsx [Client Component SSR]
    ./src/sections/ProgramsSection.tsx [Server Component]
    ./app/page.tsx [Server Component]


./src/data/pythonPrograms.ts:2355:15
Cannot assign to this
  [90m2353 |[0m [32m    title: "Word Counter",[0m
  [90m2354 |[0m [32m    language: "python" as const,[0m
[31m[1m>[0m [90m2355 |[0m [32m    category: "Dictionaries",[0m
  [90m     |[0m               [31m[1m^^^^^^^^^^^^^^[0m
  [90m2356 |[0m [32m    difficulty: "Medium",[0m
  [90m2357 |[0m [32m    classLevel: "Class 9" as const,[0m
  [90m2358 |[0m [32m    description: "Count word frequencies in text using dictionary counting technique.",[0m

Parsing ecmascript source code failed

Import traces:
  App Route:
    ./src/data/pythonPrograms.ts
    ./app/api/admin/users/import-teachers-csv/route.ts

  Client Component Browser:
    ./src/data/pythonPrograms.ts [Client Component Browser]
    ./src/sections/ProgramsSection.tsx [Client Component Browser]
    ./src/sections/ProgramsSection.tsx [Server Component]
    ./app/page.tsx [Server Component]

  Client Component SSR:
    ./src/data/pythonPrograms.ts [Client Component SSR]
    ./src/sections/ProgramsSection.tsx [Client Component SSR]
    ./src/sections/ProgramsSection.tsx [Server Component]
    ./app/page.tsx [Server Component]


./src/data/pythonPrograms.ts:2356:17
Cannot assign to this
  [90m2354 |[0m [32m    language: "python" as const,[0m
  [90m2355 |[0m [32m    category: "Dictionaries",[0m
[31m[1m>[0m [90m2356 |[0m [32m    difficulty: "Medium",[0m
  [90m     |[0m                 [31m[1m^^^^^^^^[0m
  [90m2357 |[0m [32m    classLevel: "Class 9" as const,[0m
  [90m2358 |[0m [32m    description: "Count word frequencies in text using dictionary counting technique.",[0m
  [90m2359 |[0m [32m    code: `[0m# ============================================

Parsing ecmascript source code failed

Import traces:
  App Route:
    ./src/data/pythonPrograms.ts
    ./app/api/admin/users/import-teachers-csv/route.ts

  Client Component Browser:
    ./src/data/pythonPrograms.ts [Client Component Browser]
    ./src/sections/ProgramsSection.tsx [Client Component Browser]
    ./src/sections/ProgramsSection.tsx [Server Component]
    ./app/page.tsx [Server Component]

  Client Component SSR:
    ./src/data/pythonPrograms.ts [Client Component SSR]
    ./src/sections/ProgramsSection.tsx [Client Component SSR]
    ./src/sections/ProgramsSection.tsx [Server Component]
    ./app/page.tsx [Server Component]


./src/data/pythonPrograms.ts:2358:18
Cannot assign to this
  [90m2356 |[0m [32m    difficulty: "Medium",[0m
  [90m2357 |[0m [32m    classLevel: "Class 9" as const,[0m
[31m[1m>[0m [90m2358 |[0m [32m    description: "Count word frequencies in text using dictionary counting 
technique.",[0m
  [90m     |[0m                  [31m[1m^^^^^^^^^^^^^^^^^^^^^^^^^^^^^^^^^^^^^^^^^^^^^^^^^^^^^^^^^^^^^^^^^^^^^[0m
  [90m2359 |[0m [32m    code: `[0m# ============================================
  [90m2360 |[0m # [33mWord[0m [33mCounter[0m
  [90m2361 |[0m # ============================================

Parsing ecmascript source code failed

Import traces:
  App Route:
    ./src/data/pythonPrograms.ts
    ./app/api/admin/users/import-teachers-csv/route.ts

  Client Component Browser:
    ./src/data/pythonPrograms.ts [Client Component Browser]
    ./src/sections/ProgramsSection.tsx [Client Component Browser]
    ./src/sections/ProgramsSection.tsx [Server Component]
    ./app/page.tsx [Server Component]

  Client Component SSR:
    ./src/data/pythonPrograms.ts [Client Component SSR]
    ./src/sections/ProgramsSection.tsx [Client Component SSR]
    ./src/sections/ProgramsSection.tsx [Server Component]
    ./app/page.tsx [Server Component]


./src/data/pythonPrograms.ts:2359:11
Cannot assign to this
  [90m2357 |[0m [32m    classLevel: "Class 9" as const,[0m
  [90m2358 |[0m [32m    description: "Count word frequencies in text using dictionary counting technique.",[0m
[31m[1m>[0m [90m2359 |[0m [32m    code: `[0m# ============================================
  [90m     |[0m           [31m[1m^^^^^^^^^^^^^^^^^^^^^^^^^^^^^^^^^^^^^^^^^^^^^^[0m
[31m[1m>[0m [90m2360 |[0m # [33mWord[0m [33mCounter[0m
  [90m     |[0m [31m[1m^^^^^^^^^^^^^^[0m
[31m[1m>[0m [90m2361 |[0m # ============================================
  [90m     |[0m [31m[1m^^^^^^^^^^^^^^^^^^^^^^^^^^^^^^^^^^^^^^^^^^^^^^[0m
[31m[1m>[0m [90m2362 |[0m # [33mCount[0m how many times each word appears [36min[0m text
  [90m     |[0m [31m[1m^^^^^^^^^^^^^^^^^^^^^^^^^^^^^^^^^^^^^^^^^^^^^^^^[0m
[31m[1m>[0m [90m2363 |[0m # [33mClassic[0m dictionary counting pattern!
  [90m     |[0m [31m[1m^^^^^^^^^^^^^^^^^^^^^^^^^^^^^^^^^^^^^^[0m
[31m[1m>[0m [90m2364 |[0m # ============================================
  [90m     |[0m [31m[1m^^^^^^^^^^^^^^^^^^^^^^^^^^^^^^^^^^^^^^^^^^^^^^[0m
[31m[1m>[0m [90m2365 |[0m
  [90m     |[0m [31m[1m^[0m
[31m[1m>[0m [90m2366 |[0m # --- [33mInput[0m [33mText[0m ---
  [90m     |[0m [31m[1m^^^^^^^^^^^^^^^^^^^^[0m
[31m[1m>[0m [90m2367 |[0m text = [32m"the cat sat on the mat the cat ate the rat"[0m
  [90m     |[0m [31m[1m^^^^^^^^^^^^^^^^^^^^^^^^^^^^^^^^^^^^^^^^^^^^^^^^^^^[0m
[31m[1m>[0m [90m2368 |[0m
  [90m     |[0m [31m[1m^[0m
[31m[1m>[0m [90m2369 |[0m # --- [33mSplit[0m into [33mWords[0m ---
  [90m     |[0m [31m[1m^^^^^^^^^^^^^^^^^^^^^^^^^^[0m
[31m[1m>[0m [90m2370 |[0m words = text.split()
  [90m     |[0m [31m[1m^^^^^^^^^^^^^^^^^^^^[0m
[31m[1m>[0m [90m2371 |[0m print([32m"Words:"[0m, words)
  [90m     |[0m [31m[1m^^^^^^^^^^^^^^^^^^^^^^[0m
[31m[1m>[0m [90m2372 |[0m
  [90m     |[0m [31m[1m^[0m
[31m[1m>[0m [90m2373 |[0m # --- [33mCount[0m [33mUsing[0m [33mDictionary[0m ---
  [90m     |[0m [31m[1m^^^^^^^^^^^^^^^^^^^^^^^^^^^^^^^^[0m
[31m[1m>[0m [90m2374 |[0m word_count = {}
  [90m     |[0m [31m[1m^^^^^^^^^^^^^^^[0m
[31m[1m>[0m [90m2375 |[0m
  [90m     |[0m [31m[1m^[0m
[31m[1m>[0m [90m2376 |[0m [36mfor[0m word [36min[0m words:
  [90m     |[0m [31m[1m^^^^^^^^^^^^^^^^^^[0m
[31m[1m>[0m [90m2377 |[0m     [36mif[0m word [36min[0m word_count:
  [90m     |[0m [31m[1m^^^^^^^^^^^^^^^^^^^^^^^^^^[0m
[31m[1m>[0m [90m2378 |[0m         word_count[word] += [35m1[0m  # [33mAlready[0m seen, increment
  [90m     |[0m [31m[1m^^^^^^^^^^^^^^^^^^^^^^^^^^^^^^^^^^^^^^^^^^^^^^^^^^^^^^^^[0m
[31m[1m>[0m [90m2379 |[0m     [36melse[0m:
  [90m     |[0m [31m[1m^^^^^^^^^[0m
[31m[1m>[0m [90m2380 |[0m         word_count[word] = [35m1[0m   # [33mFirst[0m time, set to [35m1[0m
  [90m     |[0m [31m[1m^^^^^^^^^^^^^^^^^^^^^^^^^^^^^^^^^^^^^^^^^^^^^^^^^^^^^[0m
[31m[1m>[0m [90m2381 |[0m
  [90m     |[0m [31m[1m^[0m
[31m[1m>[0m [90m2382 |[0m # --- [33mOutput[0m ---
  [90m     |[0m [31m[1m^^^^^^^^^^^^^^^^[0m
[31m[1m>[0m [90m2383 |[0m print([32m"\\nWord Frequencies:"[0m)
  [90m     |[0m [31m[1m^^^^^^^^^^^^^^^^^^^^^^^^^^^^^[0m
[31m[1m>[0m [90m2384 |[0m [36mfor[0m word, count [36min[0m sorted(word_count.items()):
  [90m     |[0m [31m[1m^^^^^^^^^^^^^^^^^^^^^^^^^^^^^^^^^^^^^^^^^^^^^^[0m
[31m[1m>[0m [90m2385 |[0m     print(f[32m"  '{word}': {count} times"[0m)
  [90m     |[0m [31m[1m^^^^^^^^^^^^^^^^^^^^^^^^^^^^^^^^^^^^^^^[0m
[31m[1m>[0m [90m2386 |[0m
  [90m     |[0m [31m[1m^[0m
[31m[1m>[0m [90m2387 |[0m # --- [33mFind[0m [33mMost[0m [33mCommon[0m ---
  [90m     |[0m [31m[1m^^^^^^^^^^^^^^^^^^^^^^^^^^[0m
[31m[1m>[0m [90m2388 |[0m most_common = max(word_count, key=word_count.get)
  [90m     |[0m [31m[1m^^^^^^^^^^^^^^^^^^^^^^^^^^^^^^^^^^^^^^^^^^^^^^^^^[0m
[31m[1m>[0m [90m2389 |[0m print(f[32m"\\nMost common word: '{most_common}' ({word_count[most_common]} 
times)"[0m)
  [90m     |[0m [31m[1m^^^^^^^^^^^^^^^^^^^^^^^^^^^^^^^^^^^^^^^^^^^^^^^^^^^^^^^^^^^^^^^^^^^^^^^^^^^^^^^^[0m
[31m[1m>[0m [90m2390 |[0m
  [90m     |[0m [31m[1m^[0m
[31m[1m>[0m [90m2391 |[0m # --- [33mAlternative[0m: [33mUsing[0m .get() ---
  [90m     |[0m [31m[1m^^^^^^^^^^^^^^^^^^^^^^^^^^^^^^^^^^^[0m
[31m[1m>[0m [90m2392 |[0m print([32m"\\nUsing .get() method:"[0m)
  [90m     |[0m [31m[1m^^^^^^^^^^^^^^^^^^^^^^^^^^^^^^^^[0m
[31m[1m>[0m [90m2393 |[0m word_count2 = {}
  [90m     |[0m [31m[1m^^^^^^^^^^^^^^^^[0m
[31m[1m>[0m [90m2394 |[0m [36mfor[0m word [36min[0m words:
  [90m     |[0m [31m[1m^^^^^^^^^^^^^^^^^^[0m
[31m[1m>[0m [90m2395 |[0m     word_count2[word] = word_count2.get(word, [35m0[0m) + [35m1[0m
  [90m     |[0m [31m[1m^^^^^^^^^^^^^^^^^^^^^^^^^^^^^^^^^^^^^^^^^^^^^^^^^^^^[0m
[31m[1m>[0m [90m2396 |[0m print(word_count2)
  [90m     |[0m [31m[1m^^^^^^^^^^^^^^^^^^[0m
[31m[1m>[0m [90m2397 |[0m
  [90m     |[0m [31m[1m^[0m
[31m[1m>[0m [90m2398 |[0m # ============================================
  [90m     |[0m [31m[1m^^^^^^^^^^^^^^^^^^^^^^^^^^^^^^^^^^^^^^^^^^^^^^[0m
[31m[1m>[0m [90m2399 |[0m # [33mExecution[0m [33mTrace[0m:
  [90m     |[0m [31m[1m^^^^^^^^^^^^^^^^^^[0m
[31m[1m>[0m [90m2400 |[0m # text = [32m"the cat sat on the mat the cat ate the rat"[0m
  [90m     |[0m [31m[1m^^^^^^^^^^^^^^^^^^^^^^^^^^^^^^^^^^^^^^^^^^^^^^^^^^^^^[0m
[31m[1m>[0m [90m2401 |[0m # words = [[32m'the'[0m,[32m'cat'[0m,[32m'sat'[0m,[32m'on'[0m,[32m'the'[0m,[3
2m'mat'[0m,[32m'the'[0m,[32m'cat'[0m,[32m'ate'[0m,[32m'the'[0m,[32m'rat'[0m]
  [90m     |[0m [31m[1m^^^^^^^^^^^^^^^^^^^^^^^^^^^^^^^^^^^^^^^^^^^^^^^^^^^^^^^^^^^^^^^^^^^^^^^^^^^^[0m
[31m[1m>[0m [90m2402 |[0m # [33mCounting[0m: [32m'the'[0m:[35m4[0m, [32m'cat'[0m:[35m2[0m, 
[32m'sat'[0m:[35m1[0m, [32m'on'[0m:[35m1[0m, [32m'mat'[0m:[35m1[0m, [32m'ate'[0m:[35m1[0m, 
[32m'rat'[0m:[35m1[0m
  [90m     |[0m [31m[1m^^^^^^^^^^^^^^^^^^^^^^^^^^^^^^^^^^^^^^^^^^^^^^^^^^^^^^^^^^^^^^^^^^^^^^^^[0m
[31m[1m>[0m [90m2403 |[0m # [33mMost[0m common: [32m'the'[0m ([35m4[0m times)
  [90m     |[0m [31m[1m^^^^^^^^^^^^^^^^^^^^^^^^^^^^^^[0m
[31m[1m>[0m [90m2404 |[0m # ============================================
  [90m     |[0m [31m[1m^^^^^^^^^^^^^^^^^^^^^^^^^^^^^^^^^^^^^^^^^^^^^^[0m
[31m[1m>[0m [90m2405 |[0m
  [90m     |[0m [31m[1m^[0m
[31m[1m>[0m [90m2406 |[0m # [33mTRY[0m [33mTHIS[0m: [33mModify[0m to count characters instead [36mof[0m 
words
  [90m     |[0m [31m[1m^^^^^^^^^^^^^^^^^^^^^^^^^^^^^^^^^^^^^^^^^^^^^^^^^^^^^^^[0m
[31m[1m>[0m [90m2407 |[0m [32m`,[0m
  [90m     |[0m [31m[1m^[0m
  [90m2408 |[0m [32m    funFact: "This word counting technique is used in search engines and text analysis!"[0m
  [90m2409 |[0m [32m  },[0m
  [90m2410 |[0m

Parsing ecmascript source code failed

Import traces:
  App Route:
    ./src/data/pythonPrograms.ts
    ./app/api/admin/users/import-teachers-csv/route.ts

  Client Component Browser:
    ./src/data/pythonPrograms.ts [Client Component Browser]
    ./src/sections/ProgramsSection.tsx [Client Component Browser]
    ./src/sections/ProgramsSection.tsx [Server Component]
    ./app/page.tsx [Server Component]

  Client Component SSR:
    ./src/data/pythonPrograms.ts [Client Component SSR]
    ./src/sections/ProgramsSection.tsx [Client Component SSR]
    ./src/sections/ProgramsSection.tsx [Server Component]
    ./app/page.tsx [Server Component]


./src/data/pythonPrograms.ts:2408:14
Cannot assign to this
  [90m2406 |[0m # [33mTRY[0m [33mTHIS[0m: [33mModify[0m to count characters instead [36mof[0m words
  [90m2407 |[0m [32m`,[0m
[31m[1m>[0m [90m2408 |[0m [32m    funFact: "This word counting technique is used in search engines and text 
analysis!"[0m
  [90m     |[0m              [31m[1m^^^^^^^^^^^^^^^^^^^^^^^^^^^^^^^^^^^^^^^^^^^^^^^^^^^^^^^^^^^^^^^^^^^^^^^^^^^[0m
  [90m2409 |[0m [32m  },[0m
  [90m2410 |[0m
  [90m2411 |[0m [32m  // ==================== FUNCTIONS ====================[0m

Parsing ecmascript source code failed

Import traces:
  App Route:
    ./src/data/pythonPrograms.ts
    ./app/api/admin/users/import-teachers-csv/route.ts

  Client Component Browser:
    ./src/data/pythonPrograms.ts [Client Component Browser]
    ./src/sections/ProgramsSection.tsx [Client Component Browser]
    ./src/sections/ProgramsSection.tsx [Server Component]
    ./app/page.tsx [Server Component]

  Client Component SSR:
    ./src/data/pythonPrograms.ts [Client Component SSR]
    ./src/sections/ProgramsSection.tsx [Client Component SSR]
    ./src/sections/ProgramsSection.tsx [Server Component]
    ./app/page.tsx [Server Component]


./src/data/pythonPrograms.ts:2413:9
Cannot assign to this
  [90m2411 |[0m   [90m// ==================== FUNCTIONS ====================[0m
  [90m2412 |[0m   {
[31m[1m>[0m [90m2413 |[0m     id: [32m"fn-1"[0m,
  [90m     |[0m         [31m[1m^^^^^^[0m
  [90m2414 |[0m     title: [32m"What is a Function"[0m,
  [90m2415 |[0m     language: [32m"python"[0m [36mas[0m [36mconst[0m,
  [90m2416 |[0m     category: [32m"Functions"[0m,

Parsing ecmascript source code failed

Import traces:
  App Route:
    ./src/data/pythonPrograms.ts
    ./app/api/admin/users/import-teachers-csv/route.ts

  Client Component Browser:
    ./src/data/pythonPrograms.ts [Client Component Browser]
    ./src/sections/ProgramsSection.tsx [Client Component Browser]
    ./src/sections/ProgramsSection.tsx [Server Component]
    ./app/page.tsx [Server Component]

  Client Component SSR:
    ./src/data/pythonPrograms.ts [Client Component SSR]
    ./src/sections/ProgramsSection.tsx [Client Component SSR]
    ./src/sections/ProgramsSection.tsx [Server Component]
    ./app/page.tsx [Server Component]


./src/data/pythonPrograms.ts:2414:12
Cannot assign to this
  [90m2412 |[0m   {
  [90m2413 |[0m     id: [32m"fn-1"[0m,
[31m[1m>[0m [90m2414 |[0m     title: [32m"What is a Function"[0m,
  [90m     |[0m            [31m[1m^^^^^^^^^^^^^^^^^^^^[0m
  [90m2415 |[0m     language: [32m"python"[0m [36mas[0m [36mconst[0m,
  [90m2416 |[0m     category: [32m"Functions"[0m,
  [90m2417 |[0m     difficulty: [32m"Easy"[0m,

Parsing ecmascript source code failed

Import traces:
  App Route:
    ./src/data/pythonPrograms.ts
    ./app/api/admin/users/import-teachers-csv/route.ts

  Client Component Browser:
    ./src/data/pythonPrograms.ts [Client Component Browser]
    ./src/sections/ProgramsSection.tsx [Client Component Browser]
    ./src/sections/ProgramsSection.tsx [Server Component]
    ./app/page.tsx [Server Component]

  Client Component SSR:
    ./src/data/pythonPrograms.ts [Client Component SSR]
    ./src/sections/ProgramsSection.tsx [Client Component SSR]
    ./src/sections/ProgramsSection.tsx [Server Component]
    ./app/page.tsx [Server Component]


./src/data/pythonPrograms.ts:2416:15
Cannot assign to this
  [90m2414 |[0m     title: [32m"What is a Function"[0m,
  [90m2415 |[0m     language: [32m"python"[0m [36mas[0m [36mconst[0m,
[31m[1m>[0m [90m2416 |[0m     category: [32m"Functions"[0m,
  [90m     |[0m               [31m[1m^^^^^^^^^^^[0m
  [90m2417 |[0m     difficulty: [32m"Easy"[0m,
  [90m2418 |[0m     classLevel: [32m"Class 9"[0m [36mas[0m [36mconst[0m,
  [90m2419 |[0m     description: [32m"Understand functions ΓÇö reusable blocks of code defined with 'def'."[0m,

Parsing ecmascript source code failed

Import traces:
  App Route:
    ./src/data/pythonPrograms.ts
    ./app/api/admin/users/import-teachers-csv/route.ts

  Client Component Browser:
    ./src/data/pythonPrograms.ts [Client Component Browser]
    ./src/sections/ProgramsSection.tsx [Client Component Browser]
    ./src/sections/ProgramsSection.tsx [Server Component]
    ./app/page.tsx [Server Component]

  Client Component SSR:
    ./src/data/pythonPrograms.ts [Client Component SSR]
    ./src/sections/ProgramsSection.tsx [Client Component SSR]
    ./src/sections/ProgramsSection.tsx [Server Component]
    ./app/page.tsx [Server Component]


./src/data/pythonPrograms.ts:2417:17
Cannot assign to this
  [90m2415 |[0m     language: [32m"python"[0m [36mas[0m [36mconst[0m,
  [90m2416 |[0m     category: [32m"Functions"[0m,
[31m[1m>[0m [90m2417 |[0m     difficulty: [32m"Easy"[0m,
  [90m     |[0m                 [31m[1m^^^^^^[0m
  [90m2418 |[0m     classLevel: [32m"Class 9"[0m [36mas[0m [36mconst[0m,
  [90m2419 |[0m     description: [32m"Understand functions ΓÇö reusable blocks of code defined with 'def'."[0m,
  [90m2420 |[0m     code: [32m`# ============================================[0m

Parsing ecmascript source code failed

Import traces:
  App Route:
    ./src/data/pythonPrograms.ts
    ./app/api/admin/users/import-teachers-csv/route.ts

  Client Component Browser:
    ./src/data/pythonPrograms.ts [Client Component Browser]
    ./src/sections/ProgramsSection.tsx [Client Component Browser]
    ./src/sections/ProgramsSection.tsx [Server Component]
    ./app/page.tsx [Server Component]

  Client Component SSR:
    ./src/data/pythonPrograms.ts [Client Component SSR]
    ./src/sections/ProgramsSection.tsx [Client Component SSR]
    ./src/sections/ProgramsSection.tsx [Server Component]
    ./app/page.tsx [Server Component]


./src/data/pythonPrograms.ts:2419:18
Cannot assign to this
  [90m2417 |[0m     difficulty: [32m"Easy"[0m,
  [90m2418 |[0m     classLevel: [32m"Class 9"[0m [36mas[0m [36mconst[0m,
[31m[1m>[0m [90m2419 |[0m     description: [32m"Understand functions ΓÇö reusable blocks of code defined with 
'def'."[0m,
  [90m     |[0m                  [31m[1m^^^^^^^^^^^^^^^^^^^^^^^^^^^^^^^^^^^^^^^^^^^^^^^^^^^^^^^^^^^^^^^^^^^^[0m
  [90m2420 |[0m     code: [32m`# ============================================[0m
  [90m2421 |[0m [32m# What is a Function?[0m
  [90m2422 |[0m [32m# ============================================[0m

Parsing ecmascript source code failed

Import traces:
  App Route:
    ./src/data/pythonPrograms.ts
    ./app/api/admin/users/import-teachers-csv/route.ts

  Client Component Browser:
    ./src/data/pythonPrograms.ts [Client Component Browser]
    ./src/sections/ProgramsSection.tsx [Client Component Browser]
    ./src/sections/ProgramsSection.tsx [Server Component]
    ./app/page.tsx [Server Component]

  Client Component SSR:
    ./src/data/pythonPrograms.ts [Client Component SSR]
    ./src/sections/ProgramsSection.tsx [Client Component SSR]
    ./src/sections/ProgramsSection.tsx [Server Component]
    ./app/page.tsx [Server Component]


./src/data/pythonPrograms.ts:2420:11
Cannot assign to this
  [90m2418 |[0m     classLevel: [32m"Class 9"[0m [36mas[0m [36mconst[0m,
  [90m2419 |[0m     description: [32m"Understand functions ΓÇö reusable blocks of code defined with 'def'."[0m,
[31m[1m>[0m [90m2420 |[0m     code: [32m`# ============================================[0m
  [90m     |[0m           [31m[1m^^^^^^^^^^^^^^^^^^^^^^^^^^^^^^^^^^^^^^^^^^^^^^[0m
[31m[1m>[0m [90m2421 |[0m [32m# What is a Function?[0m
  [90m     |[0m [31m[1m^^^^^^^^^^^^^^^^^^^^^[0m
[31m[1m>[0m [90m2422 |[0m [32m# ============================================[0m
  [90m     |[0m [31m[1m^^^^^^^^^^^^^^^^^^^^^^^^^^^^^^^^^^^^^^^^^^^^^^[0m
[31m[1m>[0m [90m2423 |[0m [32m# A function is a reusable block of code[0m
  [90m     |[0m [31m[1m^^^^^^^^^^^^^^^^^^^^^^^^^^^^^^^^^^^^^^^^[0m
[31m[1m>[0m [90m2424 |[0m [32m# that performs a specific task.[0m
  [90m     |[0m [31m[1m^^^^^^^^^^^^^^^^^^^^^^^^^^^^^^^^[0m
[31m[1m>[0m [90m2425 |[0m [32m# Think of it like a recipe: define once, use many times![0m
  [90m     |[0m [31m[1m^^^^^^^^^^^^^^^^^^^^^^^^^^^^^^^^^^^^^^^^^^^^^^^^^^^^^^^^^[0m
[31m[1m>[0m [90m2426 |[0m [32m# ============================================[0m
  [90m     |[0m [31m[1m^^^^^^^^^^^^^^^^^^^^^^^^^^^^^^^^^^^^^^^^^^^^^^[0m
[31m[1m>[0m [90m2427 |[0m
  [90m     |[0m [31m[1m^[0m
[31m[1m>[0m [90m2428 |[0m [32m# --- Define a Function ---[0m
  [90m     |[0m [31m[1m^^^^^^^^^^^^^^^^^^^^^^^^^^^[0m
[31m[1m>[0m [90m2429 |[0m [32mdef greet():[0m
  [90m     |[0m [31m[1m^^^^^^^^^^^^[0m
[31m[1m>[0m [90m2430 |[0m [32m    """This function prints a greeting."""[0m
  [90m     |[0m [31m[1m^^^^^^^^^^^^^^^^^^^^^^^^^^^^^^^^^^^^^^^^^^[0m
[31m[1m>[0m [90m2431 |[0m [32m    print("Hello! Welcome to Python Functions!")[0m
  [90m     |[0m [31m[1m^^^^^^^^^^^^^^^^^^^^^^^^^^^^^^^^^^^^^^^^^^^^^^^^[0m
[31m[1m>[0m [90m2432 |[0m [32m    print("Functions make code reusable!")[0m
  [90m     |[0m [31m[1m^^^^^^^^^^^^^^^^^^^^^^^^^^^^^^^^^^^^^^^^^^[0m
[31m[1m>[0m [90m2433 |[0m
  [90m     |[0m [31m[1m^[0m
[31m[1m>[0m [90m2434 |[0m [32m# --- Call the Function ---[0m
  [90m     |[0m [31m[1m^^^^^^^^^^^^^^^^^^^^^^^^^^^[0m
[31m[1m>[0m [90m2435 |[0m [32mgreet()   # First call[0m
  [90m     |[0m [31m[1m^^^^^^^^^^^^^^^^^^^^^^[0m
[31m[1m>[0m [90m2436 |[0m [32mprint()   # Blank line[0m
  [90m     |[0m [31m[1m^^^^^^^^^^^^^^^^^^^^^^[0m
[31m[1m>[0m [90m2437 |[0m [32mgreet()   # Second call (reuse!)[0m
  [90m     |[0m [31m[1m^^^^^^^^^^^^^^^^^^^^^^^^^^^^^^^^[0m
[31m[1m>[0m [90m2438 |[0m
  [90m     |[0m [31m[1m^[0m
[31m[1m>[0m [90m2439 |[0m [32m# --- Function with Return ---[0m
  [90m     |[0m [31m[1m^^^^^^^^^^^^^^^^^^^^^^^^^^^^^^[0m
[31m[1m>[0m [90m2440 |[0m [32mdef get_pi():[0m
  [90m     |[0m [31m[1m^^^^^^^^^^^^^[0m
[31m[1m>[0m [90m2441 |[0m [32m    """Returns the value of Pi."""[0m
  [90m     |[0m [31m[1m^^^^^^^^^^^^^^^^^^^^^^^^^^^^^^^^^^[0m
[31m[1m>[0m [90m2442 |[0m [32m    return 3.14159[0m
  [90m     |[0m [31m[1m^^^^^^^^^^^^^^^^^^[0m
[31m[1m>[0m [90m2443 |[0m
  [90m     |[0m [31m[1m^[0m
[31m[1m>[0m [90m2444 |[0m [32mpi_value = get_pi()[0m
  [90m     |[0m [31m[1m^^^^^^^^^^^^^^^^^^^[0m
[31m[1m>[0m [90m2445 |[0m [32mprint(f"Pi = {pi_value}")[0m
  [90m     |[0m [31m[1m^^^^^^^^^^^^^^^^^^^^^^^^^[0m
[31m[1m>[0m [90m2446 |[0m
  [90m     |[0m [31m[1m^[0m
[31m[1m>[0m [90m2447 |[0m [32m# --- Anatomy of a Function ---[0m
  [90m     |[0m [31m[1m^^^^^^^^^^^^^^^^^^^^^^^^^^^^^^^[0m
[31m[1m>[0m [90m2448 |[0m [32m# def keyword:  Tells Python you're defining a function[0m
  [90m     |[0m [31m[1m^^^^^^^^^^^^^^^^^^^^^^^^^^^^^^^^^^^^^^^^^^^^^^^^^^^^^^^[0m
[31m[1m>[0m [90m2449 |[0m [32m# function_name: What you call it (use descriptive names!)[0m
  [90m     |[0m [31m[1m^^^^^^^^^^^^^^^^^^^^^^^^^^^^^^^^^^^^^^^^^^^^^^^^^^^^^^^^^^[0m
[31m[1m>[0m [90m2450 |[0m [32m# ():           Parentheses (can hold parameters)[0m
  [90m     |[0m [31m[1m^^^^^^^^^^^^^^^^^^^^^^^^^^^^^^^^^^^^^^^^^^^^^^^^^[0m
[31m[1m>[0m [90m2451 |[0m [32m# docstring:    Optional documentation (""" """)[0m
  [90m     |[0m [31m[1m^^^^^^^^^^^^^^^^^^^^^^^^^^^^^^^^^^^^^^^^^^^^^^^^[0m
[31m[1m>[0m [90m2452 |[0m [32m# body:         The code that runs when called[0m
  [90m     |[0m [31m[1m^^^^^^^^^^^^^^^^^^^^^^^^^^^^^^^^^^^^^^^^^^^^^^[0m
[31m[1m>[0m [90m2453 |[0m [32m# return:       Optional - sends a value back[0m
  [90m     |[0m [31m[1m^^^^^^^^^^^^^^^^^^^^^^^^^^^^^^^^^^^^^^^^^^^^^[0m
[31m[1m>[0m [90m2454 |[0m
  [90m     |[0m [31m[1m^[0m
[31m[1m>[0m [90m2455 |[0m [32mprint("\\nFunction anatomy:")[0m
  [90m     |[0m [31m[1m^^^^^^^^^^^^^^^^^^^^^^^^^^^^^[0m
[31m[1m>[0m [90m2456 |[0m [32mprint("def function_name():")[0m
  [90m     |[0m [31m[1m^^^^^^^^^^^^^^^^^^^^^^^^^^^^^[0m
[31m[1m>[0m [90m2457 |[0m [32mprint("    \\"Optional docstring\\"")[0m
  [90m     |[0m [31m[1m^^^^^^^^^^^^^^^^^^^^^^^^^^^^^^^^^^^^^[0m
[31m[1m>[0m [90m2458 |[0m [32mprint("    # code here")[0m
  [90m     |[0m [31m[1m^^^^^^^^^^^^^^^^^^^^^^^^[0m
[31m[1m>[0m [90m2459 |[0m [32mprint("    return value  # optional")[0m
  [90m     |[0m [31m[1m^^^^^^^^^^^^^^^^^^^^^^^^^^^^^^^^^^^^^[0m
[31m[1m>[0m [90m2460 |[0m
  [90m     |[0m [31m[1m^[0m
[31m[1m>[0m [90m2461 |[0m [32m# ============================================[0m
  [90m     |[0m [31m[1m^^^^^^^^^^^^^^^^^^^^^^^^^^^^^^^^^^^^^^^^^^^^^^[0m
[31m[1m>[0m [90m2462 |[0m [32m# Execution Trace:[0m
  [90m     |[0m [31m[1m^^^^^^^^^^^^^^^^^^[0m
[31m[1m>[0m [90m2463 |[0m [32m# def greet(): defines a function (doesn't run yet!)[0m
  [90m     |[0m [31m[1m^^^^^^^^^^^^^^^^^^^^^^^^^^^^^^^^^^^^^^^^^^^^^^^^^^^^[0m
[31m[1m>[0m [90m2464 |[0m [32m# greet() calls the function -> prints greeting[0m
  [90m     |[0m [31m[1m^^^^^^^^^^^^^^^^^^^^^^^^^^^^^^^^^^^^^^^^^^^^^^^[0m
[31m[1m>[0m [90m2465 |[0m [32m# greet() again -> same output (reusable!)[0m
  [90m     |[0m [31m[1m^^^^^^^^^^^^^^^^^^^^^^^^^^^^^^^^^^^^^^^^^^[0m
[31m[1m>[0m [90m2466 |[0m [32m# get_pi() returns 3.14159 -> stored in pi_value[0m
  [90m     |[0m [31m[1m^^^^^^^^^^^^^^^^^^^^^^^^^^^^^^^^^^^^^^^^^^^^^^^^[0m
[31m[1m>[0m [90m2467 |[0m [32m# ============================================[0m
  [90m     |[0m [31m[1m^^^^^^^^^^^^^^^^^^^^^^^^^^^^^^^^^^^^^^^^^^^^^^[0m
[31m[1m>[0m [90m2468 |[0m
  [90m     |[0m [31m[1m^[0m
[31m[1m>[0m [90m2469 |[0m [32m# TRY THIS: Create a function that prints your name and age, then call it twice[0m
  [90m     |[0m [31m[1m^^^^^^^^^^^^^^^^^^^^^^^^^^^^^^^^^^^^^^^^^^^^^^^^^^^^^^^^^^^^^^^^^^^^^^^^^^^^^^^[0m
[31m[1m>[0m [90m2470 |[0m [32m`[0m,
  [90m     |[0m [31m[1m^[0m
  [90m2471 |[0m     funFact: [32m"Functions were invented to avoid writing the same code twice ΓÇö the DRY 
pri...[0m
  [90m2472 |[0m   },
  [90m2473 |[0m   {

Parsing ecmascript source code failed

Import traces:
  App Route:
    ./src/data/pythonPrograms.ts
    ./app/api/admin/users/import-teachers-csv/route.ts

  Client Component Browser:
    ./src/data/pythonPrograms.ts [Client Component Browser]
    ./src/sections/ProgramsSection.tsx [Client Component Browser]
    ./src/sections/ProgramsSection.tsx [Server Component]
    ./app/page.tsx [Server Component]

  Client Component SSR:
    ./src/data/pythonPrograms.ts [Client Component SSR]
    ./src/sections/ProgramsSection.tsx [Client Component SSR]
    ./src/sections/ProgramsSection.tsx [Server Component]
    ./app/page.tsx [Server Component]


./src/data/pythonPrograms.ts:2471:14
Cannot assign to this
  [90m2469 |[0m ...[33mreate[0m a [36mfunction[0m that prints your name and age, then call it twice
  [90m2470 |[0m ...
[31m[1m>[0m [90m2471 |[0m ...[32m"Functions were invented to avoid writing the same code twice ΓÇö the DRY 
principle!"[0m
  [90m     |[0m    [31m[1m^^^^^^^^^^^^^^^^^^^^^^^^^^^^^^^^^^^^^^^^^^^^^^^^^^^^^^^^^^^^^^^^^^^^^^^^^^^^^^^^^^^[0m
  [90m2472 |[0m ...
  [90m2473 |[0m ...
  [90m2474 |[0m ...[32m",[0m

Parsing ecmascript source code failed

Import traces:
  App Route:
    ./src/data/pythonPrograms.ts
    ./app/api/admin/users/import-teachers-csv/route.ts

  Client Component Browser:
    ./src/data/pythonPrograms.ts [Client Component Browser]
    ./src/sections/ProgramsSection.tsx [Client Component Browser]
    ./src/sections/ProgramsSection.tsx [Server Component]
    ./app/page.tsx [Server Component]

  Client Component SSR:
    ./src/data/pythonPrograms.ts [Client Component SSR]
    ./src/sections/ProgramsSection.tsx [Client Component SSR]
    ./src/sections/ProgramsSection.tsx [Server Component]
    ./app/page.tsx [Server Component]


./src/data/pythonPrograms.ts:2474:9
Cannot assign to this
  [90m2472 |[0m [32m  },[0m
  [90m2473 |[0m [32m  {[0m
[31m[1m>[0m [90m2474 |[0m [32m    id: "fn-2",[0m
  [90m     |[0m         [31m[1m^^^^^^[0m
  [90m2475 |[0m [32m    title: "Function with Arguments",[0m
  [90m2476 |[0m [32m    language: "python" as const,[0m
  [90m2477 |[0m [32m    category: "Functions",[0m

Parsing ecmascript source code failed

Import traces:
  App Route:
    ./src/data/pythonPrograms.ts
    ./app/api/admin/users/import-teachers-csv/route.ts

  Client Component Browser:
    ./src/data/pythonPrograms.ts [Client Component Browser]
    ./src/sections/ProgramsSection.tsx [Client Component Browser]
    ./src/sections/ProgramsSection.tsx [Server Component]
    ./app/page.tsx [Server Component]

  Client Component SSR:
    ./src/data/pythonPrograms.ts [Client Component SSR]
    ./src/sections/ProgramsSection.tsx [Client Component SSR]
    ./src/sections/ProgramsSection.tsx [Server Component]
    ./app/page.tsx [Server Component]


./src/data/pythonPrograms.ts:2475:12
Cannot assign to this
  [90m2473 |[0m [32m  {[0m
  [90m2474 |[0m [32m    id: "fn-2",[0m
[31m[1m>[0m [90m2475 |[0m [32m    title: "Function with Arguments",[0m
  [90m     |[0m            [31m[1m^^^^^^^^^^^^^^^^^^^^^^^^^[0m
  [90m2476 |[0m [32m    language: "python" as const,[0m
  [90m2477 |[0m [32m    category: "Functions",[0m
  [90m2478 |[0m [32m    difficulty: "Easy",[0m

Parsing ecmascript source code failed

Import traces:
  App Route:
    ./src/data/pythonPrograms.ts
    ./app/api/admin/users/import-teachers-csv/route.ts

  Client Component Browser:
    ./src/data/pythonPrograms.ts [Client Component Browser]
    ./src/sections/ProgramsSection.tsx [Client Component Browser]
    ./src/sections/ProgramsSection.tsx [Server Component]
    ./app/page.tsx [Server Component]

  Client Component SSR:
    ./src/data/pythonPrograms.ts [Client Component SSR]
    ./src/sections/ProgramsSection.tsx [Client Component SSR]
    ./src/sections/ProgramsSection.tsx [Server Component]
    ./app/page.tsx [Server Component]


./src/data/pythonPrograms.ts:2477:15
Cannot assign to this
  [90m2475 |[0m [32m    title: "Function with Arguments",[0m
  [90m2476 |[0m [32m    language: "python" as const,[0m
[31m[1m>[0m [90m2477 |[0m [32m    category: "Functions",[0m
  [90m     |[0m               [31m[1m^^^^^^^^^^^[0m
  [90m2478 |[0m [32m    difficulty: "Easy",[0m
  [90m2479 |[0m [32m    classLevel: "Class 9" as const,[0m
  [90m2480 |[0m [32m    description: "Pass data into functions using parameters and arguments.",[0m

Parsing ecmascript source code failed

Import traces:
  App Route:
    ./src/data/pythonPrograms.ts
    ./app/api/admin/users/import-teachers-csv/route.ts

  Client Component Browser:
    ./src/data/pythonPrograms.ts [Client Component Browser]
    ./src/sections/ProgramsSection.tsx [Client Component Browser]
    ./src/sections/ProgramsSection.tsx [Server Component]
    ./app/page.tsx [Server Component]

  Client Component SSR:
    ./src/data/pythonPrograms.ts [Client Component SSR]
    ./src/sections/ProgramsSection.tsx [Client Component SSR]
    ./src/sections/ProgramsSection.tsx [Server Component]
    ./app/page.tsx [Server Component]


./src/data/pythonPrograms.ts:2478:17
Cannot assign to this
  [90m2476 |[0m [32m    language: "python" as const,[0m
  [90m2477 |[0m [32m    category: "Functions",[0m
[31m[1m>[0m [90m2478 |[0m [32m    difficulty: "Easy",[0m
  [90m     |[0m                 [31m[1m^^^^^^[0m
  [90m2479 |[0m [32m    classLevel: "Class 9" as const,[0m
  [90m2480 |[0m [32m    description: "Pass data into functions using parameters and arguments.",[0m
  [90m2481 |[0m [32m    code: `[0m# ============================================

Parsing ecmascript source code failed

Import traces:
  App Route:
    ./src/data/pythonPrograms.ts
    ./app/api/admin/users/import-teachers-csv/route.ts

  Client Component Browser:
    ./src/data/pythonPrograms.ts [Client Component Browser]
    ./src/sections/ProgramsSection.tsx [Client Component Browser]
    ./src/sections/ProgramsSection.tsx [Server Component]
    ./app/page.tsx [Server Component]

  Client Component SSR:
    ./src/data/pythonPrograms.ts [Client Component SSR]
    ./src/sections/ProgramsSection.tsx [Client Component SSR]
    ./src/sections/ProgramsSection.tsx [Server Component]
    ./app/page.tsx [Server Component]


./src/data/pythonPrograms.ts:2480:18
Cannot assign to this
  [90m2478 |[0m [32m    difficulty: "Easy",[0m
  [90m2479 |[0m [32m    classLevel: "Class 9" as const,[0m
[31m[1m>[0m [90m2480 |[0m [32m    description: "Pass data into functions using parameters and arguments.",[0m
  [90m     |[0m                  [31m[1m^^^^^^^^^^^^^^^^^^^^^^^^^^^^^^^^^^^^^^^^^^^^^^^^^^^^^^^^^^[0m
  [90m2481 |[0m [32m    code: `[0m# ============================================
  [90m2482 |[0m # [33mFunction[0m [36mwith[0m [33mArguments[0m
  [90m2483 |[0m # ============================================

Parsing ecmascript source code failed

Import traces:
  App Route:
    ./src/data/pythonPrograms.ts
    ./app/api/admin/users/import-teachers-csv/route.ts

  Client Component Browser:
    ./src/data/pythonPrograms.ts [Client Component Browser]
    ./src/sections/ProgramsSection.tsx [Client Component Browser]
    ./src/sections/ProgramsSection.tsx [Server Component]
    ./app/page.tsx [Server Component]

  Client Component SSR:
    ./src/data/pythonPrograms.ts [Client Component SSR]
    ./src/sections/ProgramsSection.tsx [Client Component SSR]
    ./src/sections/ProgramsSection.tsx [Server Component]
    ./app/page.tsx [Server Component]


./src/data/pythonPrograms.ts:2481:11
Cannot assign to this
  [90m2479 |[0m [32m    classLevel: "Class 9" as const,[0m
  [90m2480 |[0m [32m    description: "Pass data into functions using parameters and arguments.",[0m
[31m[1m>[0m [90m2481 |[0m [32m    code: `[0m# ============================================
  [90m     |[0m           [31m[1m^^^^^^^^^^^^^^^^^^^^^^^^^^^^^^^^^^^^^^^^^^^^^^[0m
[31m[1m>[0m [90m2482 |[0m # [33mFunction[0m [36mwith[0m [33mArguments[0m
  [90m     |[0m [31m[1m^^^^^^^^^^^^^^^^^^^^^^^^^[0m
[31m[1m>[0m [90m2483 |[0m # ============================================
  [90m     |[0m [31m[1m^^^^^^^^^^^^^^^^^^^^^^^^^^^^^^^^^^^^^^^^^^^^^^[0m
[31m[1m>[0m [90m2484 |[0m # [33mParameters[0m: [33mVariables[0m [36min[0m [36mfunction[0m definition
  [90m     |[0m [31m[1m^^^^^^^^^^^^^^^^^^^^^^^^^^^^^^^^^^^^^^^^^^^^^^[0m
[31m[1m>[0m [90m2485 |[0m # [33mArguments[0m: [33mActual[0m values passed when calling
  [90m     |[0m [31m[1m^^^^^^^^^^^^^^^^^^^^^^^^^^^^^^^^^^^^^^^^^^^^^^[0m
[31m[1m>[0m [90m2486 |[0m # ============================================
  [90m     |[0m [31m[1m^^^^^^^^^^^^^^^^^^^^^^^^^^^^^^^^^^^^^^^^^^^^^^[0m
[31m[1m>[0m [90m2487 |[0m
  [90m     |[0m [31m[1m^[0m
[31m[1m>[0m [90m2488 |[0m # --- [33mFunction[0m [36mwith[0m [33mParameters[0m ---
  [90m     |[0m [31m[1m^^^^^^^^^^^^^^^^^^^^^^^^^^^^^^^^^^[0m
[31m[1m>[0m [90m2489 |[0m def greet_person(name, age):
  [90m     |[0m [31m[1m^^^^^^^^^^^^^^^^^^^^^^^^^^^^[0m
[31m[1m>[0m [90m2490 |[0m     [32m""[0m[32m"Greets a person with their name and age."[0m[32m""[0m
  [90m     |[0m [31m[1m^^^^^^^^^^^^^^^^^^^^^^^^^^^^^^^^^^^^^^^^^^^^^^^^^^[0m
[31m[1m>[0m [90m2491 |[0m     print(f[32m"Hello, {name}! You are {age} years old."[0m)
  [90m     |[0m [31m[1m^^^^^^^^^^^^^^^^^^^^^^^^^^^^^^^^^^^^^^^^^^^^^^^^^^^^^[0m
[31m[1m>[0m [90m2492 |[0m
  [90m     |[0m [31m[1m^[0m
[31m[1m>[0m [90m2493 |[0m # --- [33mCall[0m [36mwith[0m [33mArguments[0m ---
  [90m     |[0m [31m[1m^^^^^^^^^^^^^^^^^^^^^^^^^^^^^[0m
[31m[1m>[0m [90m2494 |[0m greet_person([32m"Alice"[0m, [35m15[0m)
  [90m     |[0m [31m[1m^^^^^^^^^^^^^^^^^^^^^^^^^[0m
[31m[1m>[0m [90m2495 |[0m greet_person([32m"Bob"[0m, [35m14[0m)
  [90m     |[0m [31m[1m^^^^^^^^^^^^^^^^^^^^^^^[0m
[31m[1m>[0m [90m2496 |[0m
  [90m     |[0m [31m[1m^[0m
[31m[1m>[0m [90m2497 |[0m # --- [33mMultiple[0m [33mArguments[0m ---
  [90m     |[0m [31m[1m^^^^^^^^^^^^^^^^^^^^^^^^^^^^[0m
[31m[1m>[0m [90m2498 |[0m def add_numbers(a, b, c):
  [90m     |[0m [31m[1m^^^^^^^^^^^^^^^^^^^^^^^^^[0m
[31m[1m>[0m [90m2499 |[0m     [32m""[0m[32m"Adds three numbers."[0m[32m""[0m
  [90m     |[0m [31m[1m^^^^^^^^^^^^^^^^^^^^^^^^^^^^^[0m
[31m[1m>[0m [90m2500 |[0m     result = a + b + c
  [90m     |[0m [31m[1m^^^^^^^^^^^^^^^^^^^^^^[0m
[31m[1m>[0m [90m2501 |[0m     [36mreturn[0m result
  [90m     |[0m [31m[1m^^^^^^^^^^^^^^^^^[0m
[31m[1m>[0m [90m2502 |[0m
  [90m     |[0m [31m[1m^[0m
[31m[1m>[0m [90m2503 |[0m total = add_numbers([35m10[0m, [35m20[0m, [35m30[0m)
  [90m     |[0m [31m[1m^^^^^^^^^^^^^^^^^^^^^^^^^^^^^^^[0m
[31m[1m>[0m [90m2504 |[0m print(f[32m"\\nSum: {total}"[0m)
  [90m     |[0m [31m[1m^^^^^^^^^^^^^^^^^^^^^^^^^[0m
[31m[1m>[0m [90m2505 |[0m
  [90m     |[0m [31m[1m^[0m
[31m[1m>[0m [90m2506 |[0m # --- [33mKeyword[0m [33mArguments[0m ---
  [90m     |[0m [31m[1m^^^^^^^^^^^^^^^^^^^^^^^^^^^[0m
[31m[1m>[0m [90m2507 |[0m def student_info(name, grade, subject):
  [90m     |[0m [31m[1m^^^^^^^^^^^^^^^^^^^^^^^^^^^^^^^^^^^^^^^[0m
[31m[1m>[0m [90m2508 |[0m     [32m""[0m[32m"Display student information."[0m[32m""[0m
  [90m     |[0m [31m[1m^^^^^^^^^^^^^^^^^^^^^^^^^^^^^^^^^^^^^^[0m
[31m[1m>[0m [90m2509 |[0m     print(f[32m"{name} | Grade: {grade} | Subject: {subject}"[0m)
  [90m     |[0m [31m[1m^^^^^^^^^^^^^^^^^^^^^^^^^^^^^^^^^^^^^^^^^^^^^^^^^^^^^^^^^^[0m
[31m[1m>[0m [90m2510 |[0m
  [90m     |[0m [31m[1m^[0m
[31m[1m>[0m [90m2511 |[0m # [33mPositional[0m (order matters):
  [90m     |[0m [31m[1m^^^^^^^^^^^^^^^^^^^^^^^^^^^^^[0m
[31m[1m>[0m [90m2512 |[0m student_info([32m"Alice"[0m, [32m"A"[0m, [32m"Math"[0m)
  [90m     |[0m [31m[1m^^^^^^^^^^^^^^^^^^^^^^^^^^^^^^^^^^[0m
[31m[1m>[0m [90m2513 |[0m # [33mKeyword[0m (order doesn[32m't matter):[0m
  [90m     |[0m [31m[1m^^^^^^^^^^^^^^^^^^^^^^^^^^^^^^^^^[0m
[31m[1m>[0m [90m2514 |[0m [32mstudent_info(grade="B", subject="Science", name="Bob")[0m
  [90m     |[0m [31m[1m^^^^^^^^^^^^^^^^^^^^^^^^^^^^^^^^^^^^^^^^^^^^^^^^^^^^^^[0m
[31m[1m>[0m [90m2515 |[0m
  [90m     |[0m [31m[1m^[0m
[31m[1m>[0m [90m2516 |[0m [32m# --- Return Multiple Values ---[0m
  [90m     |[0m [31m[1m^^^^^^^^^^^^^^^^^^^^^^^^^^^^^^^^[0m
[31m[1m>[0m [90m2517 |[0m [32mdef min_max(numbers):[0m
  [90m     |[0m [31m[1m^^^^^^^^^^^^^^^^^^^^^[0m
[31m[1m>[0m [90m2518 |[0m [32m    """Returns minimum and maximum."""[0m
  [90m     |[0m [31m[1m^^^^^^^^^^^^^^^^^^^^^^^^^^^^^^^^^^^^^^[0m
[31m[1m>[0m [90m2519 |[0m [32m    return min(numbers), max(numbers)[0m
  [90m     |[0m [31m[1m^^^^^^^^^^^^^^^^^^^^^^^^^^^^^^^^^^^^^[0m
[31m[1m>[0m [90m2520 |[0m
  [90m     |[0m [31m[1m^[0m
[31m[1m>[0m [90m2521 |[0m [32mlowest, highest = min_max([5, 2, 8, 1, 9])[0m
  [90m     |[0m [31m[1m^^^^^^^^^^^^^^^^^^^^^^^^^^^^^^^^^^^^^^^^^^[0m
[31m[1m>[0m [90m2522 |[0m [32mprint(f"\\nMin: {lowest}, Max: {highest}")[0m
  [90m     |[0m [31m[1m^^^^^^^^^^^^^^^^^^^^^^^^^^^^^^^^^^^^^^^^^^[0m
[31m[1m>[0m [90m2523 |[0m
  [90m     |[0m [31m[1m^[0m
[31m[1m>[0m [90m2524 |[0m [32m# ============================================[0m
  [90m     |[0m [31m[1m^^^^^^^^^^^^^^^^^^^^^^^^^^^^^^^^^^^^^^^^^^^^^^[0m
[31m[1m>[0m [90m2525 |[0m [32m# Execution Trace:[0m
  [90m     |[0m [31m[1m^^^^^^^^^^^^^^^^^^[0m
[31m[1m>[0m [90m2526 |[0m [32m# greet_person("Alice", 15) -> name="Alice", age=15[0m
  [90m     |[0m [31m[1m^^^^^^^^^^^^^^^^^^^^^^^^^^^^^^^^^^^^^^^^^^^^^^^^^^^[0m
[31m[1m>[0m [90m2527 |[0m [32m# add_numbers(10, 20, 30) -> a=10, b=20, c=30, returns 60[0m
  [90m     |[0m [31m[1m^^^^^^^^^^^^^^^^^^^^^^^^^^^^^^^^^^^^^^^^^^^^^^^^^^^^^^^^^[0m
[31m[1m>[0m [90m2528 |[0m [32m# min_max([5,2,8,1,9]) -> returns (1, 9)[0m
  [90m     |[0m [31m[1m^^^^^^^^^^^^^^^^^^^^^^^^^^^^^^^^^^^^^^^^[0m
[31m[1m>[0m [90m2529 |[0m [32m# ============================================[0m
  [90m     |[0m [31m[1m^^^^^^^^^^^^^^^^^^^^^^^^^^^^^^^^^^^^^^^^^^^^^^[0m
[31m[1m>[0m [90m2530 |[0m
  [90m     |[0m [31m[1m^[0m
[31m[1m>[0m [90m2531 |[0m [32m# TRY THIS: Create a function that takes 3 numbers and returns their average[0m
  [90m     |[0m [31m[1m^^^^^^^^^^^^^^^^^^^^^^^^^^^^^^^^^^^^^^^^^^^^^^^^^^^^^^^^^^^^^^^^^^^^^^^^^^^^[0m
[31m[1m>[0m [90m2532 |[0m [32m`,[0m
  [90m     |[0m [31m[1m^[0m
  [90m2533 |[0m [32m    funFact: "Parameters are like slots; arguments are the values you fill them with!"[0m
  [90m2534 |[0m [32m  },[0m
  [90m2535 |[0m [32m  {[0m

Parsing ecmascript source code failed

Import traces:
  App Route:
    ./src/data/pythonPrograms.ts
    ./app/api/admin/users/import-teachers-csv/route.ts

  Client Component Browser:
    ./src/data/pythonPrograms.ts [Client Component Browser]
    ./src/sections/ProgramsSection.tsx [Client Component Browser]
    ./src/sections/ProgramsSection.tsx [Server Component]
    ./app/page.tsx [Server Component]

  Client Component SSR:
    ./src/data/pythonPrograms.ts [Client Component SSR]
    ./src/sections/ProgramsSection.tsx [Client Component SSR]
    ./src/sections/ProgramsSection.tsx [Server Component]
    ./app/page.tsx [Server Component]


./src/data/pythonPrograms.ts:2533:14
Cannot assign to this
  [90m2531 |[0m # [33mTRY[0m [33mTHIS[0m: [33mCreate[0m a [36mfunction[0m that takes [35m3[0m numbers and 
returns their average
  [90m2532 |[0m [32m`,[0m
[31m[1m>[0m [90m2533 |[0m [32m    funFact: "Parameters are like slots; arguments are the values you fill them 
with!"[0m
  [90m     |[0m              [31m[1m^^^^^^^^^^^^^^^^^^^^^^^^^^^^^^^^^^^^^^^^^^^^^^^^^^^^^^^^^^^^^^^^^^^^^^^^^[0m
  [90m2534 |[0m [32m  },[0m
  [90m2535 |[0m [32m  {[0m
  [90m2536 |[0m [32m    id: "fn-3",[0m

Parsing ecmascript source code failed

Import traces:
  App Route:
    ./src/data/pythonPrograms.ts
    ./app/api/admin/users/import-teachers-csv/route.ts

  Client Component Browser:
    ./src/data/pythonPrograms.ts [Client Component Browser]
    ./src/sections/ProgramsSection.tsx [Client Component Browser]
    ./src/sections/ProgramsSection.tsx [Server Component]
    ./app/page.tsx [Server Component]

  Client Component SSR:
    ./src/data/pythonPrograms.ts [Client Component SSR]
    ./src/sections/ProgramsSection.tsx [Client Component SSR]
    ./src/sections/ProgramsSection.tsx [Server Component]
    ./app/page.tsx [Server Component]


./src/data/pythonPrograms.ts:2536:9
Cannot assign to this
  [90m2534 |[0m [32m  },[0m
  [90m2535 |[0m [32m  {[0m
[31m[1m>[0m [90m2536 |[0m [32m    id: "fn-3",[0m
  [90m     |[0m         [31m[1m^^^^^^[0m
  [90m2537 |[0m [32m    title: "Default Parameters",[0m
  [90m2538 |[0m [32m    language: "python" as const,[0m
  [90m2539 |[0m [32m    category: "Functions",[0m

Parsing ecmascript source code failed

Import traces:
  App Route:
    ./src/data/pythonPrograms.ts
    ./app/api/admin/users/import-teachers-csv/route.ts

  Client Component Browser:
    ./src/data/pythonPrograms.ts [Client Component Browser]
    ./src/sections/ProgramsSection.tsx [Client Component Browser]
    ./src/sections/ProgramsSection.tsx [Server Component]
    ./app/page.tsx [Server Component]

  Client Component SSR:
    ./src/data/pythonPrograms.ts [Client Component SSR]
    ./src/sections/ProgramsSection.tsx [Client Component SSR]
    ./src/sections/ProgramsSection.tsx [Server Component]
    ./app/page.tsx [Server Component]


./src/data/pythonPrograms.ts:2537:12
Cannot assign to this
  [90m2535 |[0m [32m  {[0m
  [90m2536 |[0m [32m    id: "fn-3",[0m
[31m[1m>[0m [90m2537 |[0m [32m    title: "Default Parameters",[0m
  [90m     |[0m            [31m[1m^^^^^^^^^^^^^^^^^^^^[0m
  [90m2538 |[0m [32m    language: "python" as const,[0m
  [90m2539 |[0m [32m    category: "Functions",[0m
  [90m2540 |[0m [32m    difficulty: "Easy",[0m

Parsing ecmascript source code failed

Import traces:
  App Route:
    ./src/data/pythonPrograms.ts
    ./app/api/admin/users/import-teachers-csv/route.ts

  Client Component Browser:
    ./src/data/pythonPrograms.ts [Client Component Browser]
    ./src/sections/ProgramsSection.tsx [Client Component Browser]
    ./src/sections/ProgramsSection.tsx [Server Component]
    ./app/page.tsx [Server Component]

  Client Component SSR:
    ./src/data/pythonPrograms.ts [Client Component SSR]
    ./src/sections/ProgramsSection.tsx [Client Component SSR]
    ./src/sections/ProgramsSection.tsx [Server Component]
    ./app/page.tsx [Server Component]


./src/data/pythonPrograms.ts:2539:15
Cannot assign to this
  [90m2537 |[0m [32m    title: "Default Parameters",[0m
  [90m2538 |[0m [32m    language: "python" as const,[0m
[31m[1m>[0m [90m2539 |[0m [32m    category: "Functions",[0m
  [90m     |[0m               [31m[1m^^^^^^^^^^^[0m
  [90m2540 |[0m [32m    difficulty: "Easy",[0m
  [90m2541 |[0m [32m    classLevel: "Class 9" as const,[0m
  [90m2542 |[0m [32m    description: "Set default values for parameters so functions work with fewer argumen...[0m

Parsing ecmascript source code failed

Import traces:
  App Route:
    ./src/data/pythonPrograms.ts
    ./app/api/admin/users/import-teachers-csv/route.ts

  Client Component Browser:
    ./src/data/pythonPrograms.ts [Client Component Browser]
    ./src/sections/ProgramsSection.tsx [Client Component Browser]
    ./src/sections/ProgramsSection.tsx [Server Component]
    ./app/page.tsx [Server Component]

  Client Component SSR:
    ./src/data/pythonPrograms.ts [Client Component SSR]
    ./src/sections/ProgramsSection.tsx [Client Component SSR]
    ./src/sections/ProgramsSection.tsx [Server Component]
    ./app/page.tsx [Server Component]


./src/data/pythonPrograms.ts:2540:17
Cannot assign to this
  [90m2538 |[0m [32m    language: "[0mpython[32m" as const,[0m
  [90m2539 |[0m [32m    category: "[0m[33mFunctions[0m[32m",[0m
[31m[1m>[0m [90m2540 |[0m [32m    difficulty: "[0m[33mEasy[0m[32m",[0m
  [90m     |[0m                 [31m[1m^^^^^^[0m
  [90m2541 |[0m [32m    classLevel: "[0m[33mClass[0m [35m9[0m[32m" as const,[0m
  [90m2542 |[0m [32m    description: "[0m[33mSet[0m [36mdefault[0m values [36mfor[0m parameters so functions 
work [36mwith[0m fewer argumen...
  [90m2543 |[0m [32m    code: `# ============================================[0m

Parsing ecmascript source code failed

Import traces:
  App Route:
    ./src/data/pythonPrograms.ts
    ./app/api/admin/users/import-teachers-csv/route.ts

  Client Component Browser:
    ./src/data/pythonPrograms.ts [Client Component Browser]
    ./src/sections/ProgramsSection.tsx [Client Component Browser]
    ./src/sections/ProgramsSection.tsx [Server Component]
    ./app/page.tsx [Server Component]

  Client Component SSR:
    ./src/data/pythonPrograms.ts [Client Component SSR]
    ./src/sections/ProgramsSection.tsx [Client Component SSR]
    ./src/sections/ProgramsSection.tsx [Server Component]
    ./app/page.tsx [Server Component]


./src/data/pythonPrograms.ts:2542:18
Cannot assign to this
  [90m2540 |[0m ...[32mty: "[0m[33mEasy[0m[32m",[0m
  [90m2541 |[0m ...[32mel: "[0m[33mClass[0m [35m9[0m[32m" as const,[0m
[31m[1m>[0m [90m2542 |[0m ...[32mion: "[0m[33mSet[0m [36mdefault[0m values [36mfor[0m parameters so 
functions work [36mwith[0m fewer arguments.[32m",[0m
  [90m     |[0m         [31m[1m^^^^^^^^^^^^^^^^^^^^^^^^^^^^^^^^^^^^^^^^^^^^^^^^^^^^^^^^^^^^^^^^^^^^^^^^^^^[0m
  [90m2543 |[0m ...[32m ============================================[0m
  [90m2544 |[0m ...[32mrameters[0m
  [90m2545 |[0m ...[32m==================================[0m

Parsing ecmascript source code failed

Import traces:
  App Route:
    ./src/data/pythonPrograms.ts
    ./app/api/admin/users/import-teachers-csv/route.ts

  Client Component Browser:
    ./src/data/pythonPrograms.ts [Client Component Browser]
    ./src/sections/ProgramsSection.tsx [Client Component Browser]
    ./src/sections/ProgramsSection.tsx [Server Component]
    ./app/page.tsx [Server Component]

  Client Component SSR:
    ./src/data/pythonPrograms.ts [Client Component SSR]
    ./src/sections/ProgramsSection.tsx [Client Component SSR]
    ./src/sections/ProgramsSection.tsx [Server Component]
    ./app/page.tsx [Server Component]


./src/data/pythonPrograms.ts:2543:11
Cannot assign to this
  [90m2541 |[0m [32m    classLevel: "[0m[33mClass[0m [35m9[0m[32m" as const,[0m
  [90m2542 |[0m [32m    description: "[0m[33mSet[0m [36mdefault[0m values [36mfor[0m parameters so functions 
work [36mwith[0m fewer argumen...
[31m[1m>[0m [90m2543 |[0m [32m    code: `# ============================================[0m
  [90m     |[0m           [31m[1m^^^^^^^^^^^^^^^^^^^^^^^^^^^^^^^^^^^^^^^^^^^^^^[0m
[31m[1m>[0m [90m2544 |[0m [32m# Default Parameters[0m
  [90m     |[0m [31m[1m^^^^^^^^^^^^^^^^^^^^[0m
[31m[1m>[0m [90m2545 |[0m [32m# ============================================[0m
  [90m     |[0m [31m[1m^^^^^^^^^^^^^^^^^^^^^^^^^^^^^^^^^^^^^^^^^^^^^^[0m
[31m[1m>[0m [90m2546 |[0m [32m# Give parameters default values[0m
  [90m     |[0m [31m[1m^^^^^^^^^^^^^^^^^^^^^^^^^^^^^^^^[0m
[31m[1m>[0m [90m2547 |[0m [32m# Caller can skip them if the default is fine[0m
  [90m     |[0m [31m[1m^^^^^^^^^^^^^^^^^^^^^^^^^^^^^^^^^^^^^^^^^^^^^[0m
[31m[1m>[0m [90m2548 |[0m [32m# ============================================[0m
  [90m     |[0m [31m[1m^^^^^^^^^^^^^^^^^^^^^^^^^^^^^^^^^^^^^^^^^^^^^^[0m
[31m[1m>[0m [90m2549 |[0m
  [90m     |[0m [31m[1m^[0m
[31m[1m>[0m [90m2550 |[0m [32m# --- Function with Default Parameter ---[0m
  [90m     |[0m [31m[1m^^^^^^^^^^^^^^^^^^^^^^^^^^^^^^^^^^^^^^^^^[0m
[31m[1m>[0m [90m2551 |[0m [32mdef greet(name, greeting="[0m[33mHello[0m[32m"):[0m
  [90m     |[0m [31m[1m^^^^^^^^^^^^^^^^^^^^^^^^^^^^^^^^^^[0m
[31m[1m>[0m [90m2552 |[0m [32m    "[0m[32m""[0m[33mGreets[0m [36mwith[0m customizable 
greeting.[32m""[0m[32m"[0m
  [90m     |[0m [31m[1m^^^^^^^^^^^^^^^^^^^^^^^^^^^^^^^^^^^^^^^^^^^^[0m
[31m[1m>[0m [90m2553 |[0m [32m    print(f"[0m{greeting}, {name}![32m")[0m
  [90m     |[0m [31m[1m^^^^^^^^^^^^^^^^^^^^^^^^^^^^^^^^^[0m
[31m[1m>[0m [90m2554 |[0m
  [90m     |[0m [31m[1m^[0m
[31m[1m>[0m [90m2555 |[0m [32mgreet("[0m[33mAlice[0m[32m")                  # Uses default 
"[0m[33mHello[0m[32m"[0m
  [90m     |[0m [31m[1m^^^^^^^^^^^^^^^^^^^^^^^^^^^^^^^^^^^^^^^^^^^^^^^^^^^^^^[0m
[31m[1m>[0m [90m2556 |[0m [32mgreet("[0m[33mBob[0m[32m", "[0m[33mGood[0m [33mMorning[0m[32m")    # 
Overrides default[0m
  [90m     |[0m [31m[1m^^^^^^^^^^^^^^^^^^^^^^^^^^^^^^^^^^^^^^^^^^^^^^^^^^^[0m
[31m[1m>[0m [90m2557 |[0m
  [90m     |[0m [31m[1m^[0m
[31m[1m>[0m [90m2558 |[0m [32m# --- Multiple Defaults ---[0m
  [90m     |[0m [31m[1m^^^^^^^^^^^^^^^^^^^^^^^^^^^[0m
[31m[1m>[0m [90m2559 |[0m [32mdef power(base, exponent=2):[0m
  [90m     |[0m [31m[1m^^^^^^^^^^^^^^^^^^^^^^^^^^^^[0m
[31m[1m>[0m [90m2560 |[0m [32m    "[0m[32m""[0m[33mRaises[0m base to exponent ([36mdefault[0m: 
square).[32m""[0m[32m"[0m
  [90m     |[0m [31m[1m^^^^^^^^^^^^^^^^^^^^^^^^^^^^^^^^^^^^^^^^^^^^^^^^^^^^[0m
[31m[1m>[0m [90m2561 |[0m [32m    return base ** exponent[0m
  [90m     |[0m [31m[1m^^^^^^^^^^^^^^^^^^^^^^^^^^^[0m
[31m[1m>[0m [90m2562 |[0m
  [90m     |[0m [31m[1m^[0m
[31m[1m>[0m [90m2563 |[0m [32mprint(f"[0m\\n5^[35m2[0m = {power([35m5[0m)}[32m")      # Default 
exponent=2[0m
  [90m     |[0m [31m[1m^^^^^^^^^^^^^^^^^^^^^^^^^^^^^^^^^^^^^^^^^^^^^^^^^^^^^^^[0m
[31m[1m>[0m [90m2564 |[0m [32mprint(f"[0m[35m5[0m^[35m3[0m = {power([35m5[0m, [35m3[0m)}[32m")    # 
Override exponent=3[0m
  [90m     |[0m [31m[1m^^^^^^^^^^^^^^^^^^^^^^^^^^^^^^^^^^^^^^^^^^^^^^^^^^^^^^[0m
[31m[1m>[0m [90m2565 |[0m [32mprint(f"[0m[35m2[0m^[35m10[0m = {power([35m2[0m, [35m10[0m)}[32m")  # 
Override exponent=10[0m
  [90m     |[0m [31m[1m^^^^^^^^^^^^^^^^^^^^^^^^^^^^^^^^^^^^^^^^^^^^^^^^^^^^^^^[0m
[31m[1m>[0m [90m2566 |[0m
  [90m     |[0m [31m[1m^[0m
[31m[1m>[0m [90m2567 |[0m [32m# --- Practical Example ---[0m
  [90m     |[0m [31m[1m^^^^^^^^^^^^^^^^^^^^^^^^^^^[0m
[31m[1m>[0m [90m2568 |[0m [32mdef calculate_price(quantity, price_per_item, discount=0):[0m
  [90m     |[0m [31m[1m^^^^^^^^^^^^^^^^^^^^^^^^^^^^^^^^^^^^^^^^^^^^^^^^^^^^^^^^^^[0m
[31m[1m>[0m [90m2569 |[0m [32m    "[0m[32m""[0m[33mCalculates[0m total price [36mwith[0m optional 
discount.[32m""[0m[32m"[0m
  [90m     |[0m [31m[1m^^^^^^^^^^^^^^^^^^^^^^^^^^^^^^^^^^^^^^^^^^^^^^^^^^^^^^^^[0m
[31m[1m>[0m [90m2570 |[0m [32m    total = quantity * price_per_item[0m
  [90m     |[0m [31m[1m^^^^^^^^^^^^^^^^^^^^^^^^^^^^^^^^^^^^^[0m
[31m[1m>[0m [90m2571 |[0m [32m    discount_amount = total * (discount / 100)[0m
  [90m     |[0m [31m[1m^^^^^^^^^^^^^^^^^^^^^^^^^^^^^^^^^^^^^^^^^^^^^^[0m
[31m[1m>[0m [90m2572 |[0m [32m    final = total - discount_amount[0m
  [90m     |[0m [31m[1m^^^^^^^^^^^^^^^^^^^^^^^^^^^^^^^^^^^[0m
[31m[1m>[0m [90m2573 |[0m [32m    return total, discount_amount, final[0m
  [90m     |[0m [31m[1m^^^^^^^^^^^^^^^^^^^^^^^^^^^^^^^^^^^^^^^^[0m
[31m[1m>[0m [90m2574 |[0m
  [90m     |[0m [31m[1m^[0m
[31m[1m>[0m [90m2575 |[0m [32m# Without discount:[0m
  [90m     |[0m [31m[1m^^^^^^^^^^^^^^^^^^^[0m
[31m[1m>[0m [90m2576 |[0m [32mt, d, f = calculate_price(5, 100)[0m
  [90m     |[0m [31m[1m^^^^^^^^^^^^^^^^^^^^^^^^^^^^^^^^^[0m
[31m[1m>[0m [90m2577 |[0m [32mprint(f"[0m\\nNo discount: [33mTotal[0m={t}, [33mFinal[0m={f}[32m")[0m
  [90m     |[0m [31m[1m^^^^^^^^^^^^^^^^^^^^^^^^^^^^^^^^^^^^^^^^^^^^^^[0m
[31m[1m>[0m [90m2578 |[0m
  [90m     |[0m [31m[1m^[0m
[31m[1m>[0m [90m2579 |[0m [32m# With discount:[0m
  [90m     |[0m [31m[1m^^^^^^^^^^^^^^^^[0m
[31m[1m>[0m [90m2580 |[0m [32mt, d, f = calculate_price(5, 100, discount=20)[0m
  [90m     |[0m [31m[1m^^^^^^^^^^^^^^^^^^^^^^^^^^^^^^^^^^^^^^^^^^^^^^[0m
[31m[1m>[0m [90m2581 |[0m [32mprint(f"[0m[35m20[0m% discount: [33mTotal[0m={t}, [33mDiscount[0m={d}, 
[33mFinal[0m={f}[32m")[0m
  [90m     |[0m [31m[1m^^^^^^^^^^^^^^^^^^^^^^^^^^^^^^^^^^^^^^^^^^^^^^^^^^^^^^^^^^[0m
[31m[1m>[0m [90m2582 |[0m
  [90m     |[0m [31m[1m^[0m
[31m[1m>[0m [90m2583 |[0m [32m# ============================================[0m
  [90m     |[0m [31m[1m^^^^^^^^^^^^^^^^^^^^^^^^^^^^^^^^^^^^^^^^^^^^^^[0m
[31m[1m>[0m [90m2584 |[0m [32m# Execution Trace:[0m
  [90m     |[0m [31m[1m^^^^^^^^^^^^^^^^^^[0m
[31m[1m>[0m [90m2585 |[0m [32m# greet("[0m[33mAlice[0m[32m") -> greeting="[0m[33mHello[0m[32m" 
(default)[0m
  [90m     |[0m [31m[1m^^^^^^^^^^^^^^^^^^^^^^^^^^^^^^^^^^^^^^^^^^^^^^[0m
[31m[1m>[0m [90m2586 |[0m [32m# greet("[0m[33mBob[0m[32m", "[0m[33mGood[0m [33mMorning[0m[32m") -> 
greeting="[0m[33mGood[0m [33mMorning[0m[32m"[0m
  [90m     |[0m [31m[1m^^^^^^^^^^^^^^^^^^^^^^^^^^^^^^^^^^^^^^^^^^^^^^^^^^^^^^^^^[0m
[31m[1m>[0m [90m2587 |[0m [32m# power(5) -> exponent=2, returns 25[0m
  [90m     |[0m [31m[1m^^^^^^^^^^^^^^^^^^^^^^^^^^^^^^^^^^^^[0m
[31m[1m>[0m [90m2588 |[0m [32m# power(5, 3) -> exponent=3, returns 125[0m
  [90m     |[0m [31m[1m^^^^^^^^^^^^^^^^^^^^^^^^^^^^^^^^^^^^^^^^[0m
[31m[1m>[0m [90m2589 |[0m [32m# ============================================[0m
  [90m     |[0m [31m[1m^^^^^^^^^^^^^^^^^^^^^^^^^^^^^^^^^^^^^^^^^^^^^^[0m
[31m[1m>[0m [90m2590 |[0m
  [90m     |[0m [31m[1m^[0m
[31m[1m>[0m [90m2591 |[0m [32m# TRY THIS: Create a function greet(name, language="[0m[33mEnglish[0m[32m") 
that prints greetings in 3...[0m
  [90m     |[0m 
[31m[1m^^^^^^^^^^^^^^^^^^^^^^^^^^^^^^^^^^^^^^^^^^^^^^^^^^^^^^^^^^^^^^^^^^^^^^^^^^^^^^^^^^^^^^^^^^^[0m
[31m[1m>[0m [90m2592 |[0m [32m`,[0m
  [90m     |[0m [31m[1m^[0m
  [90m2593 |[0m [32m    funFact: "[0m[33mDefault[0m parameters must come [33mAFTER[0m non-[36mdefault[0m 
parameters [36min[0m the [36mfunction[0m ...
  [90m2594 |[0m [32m  },[0m
  [90m2595 |[0m [32m  {[0m

Parsing ecmascript source code failed

Import traces:
  App Route:
    ./src/data/pythonPrograms.ts
    ./app/api/admin/users/import-teachers-csv/route.ts

  Client Component Browser:
    ./src/data/pythonPrograms.ts [Client Component Browser]
    ./src/sections/ProgramsSection.tsx [Client Component Browser]
    ./src/sections/ProgramsSection.tsx [Server Component]
    ./app/page.tsx [Server Component]

  Client Component SSR:
    ./src/data/pythonPrograms.ts [Client Component SSR]
    ./src/sections/ProgramsSection.tsx [Client Component SSR]
    ./src/sections/ProgramsSection.tsx [Server Component]
    ./app/page.tsx [Server Component]


./src/data/pythonPrograms.ts:2593:14
Cannot assign to this
  [90m2591 |[0m ...[33meate[0m a [36mfunction[0m greet(name, language=[32m"English"[0m) that prints greetings 
[36min[0m [35m3[0m languages
  [90m2592 |[0m ...
[31m[1m>[0m [90m2593 |[0m ...[32mDefault parameters must come AFTER non-default parameters in the function 
definition!"[0m
  [90m     |[0m    
[31m[1m^^^^^^^^^^^^^^^^^^^^^^^^^^^^^^^^^^^^^^^^^^^^^^^^^^^^^^^^^^^^^^^^^^^^^^^^^^^^^^^^^^^^^^^[0m
  [90m2594 |[0m ...
  [90m2595 |[0m ...
  [90m2596 |[0m ...[32m,[0m

Parsing ecmascript source code failed

Import traces:
  App Route:
    ./src/data/pythonPrograms.ts
    ./app/api/admin/users/import-teachers-csv/route.ts

  Client Component Browser:
    ./src/data/pythonPrograms.ts [Client Component Browser]
    ./src/sections/ProgramsSection.tsx [Client Component Browser]
    ./src/sections/ProgramsSection.tsx [Server Component]
    ./app/page.tsx [Server Component]

  Client Component SSR:
    ./src/data/pythonPrograms.ts [Client Component SSR]
    ./src/sections/ProgramsSection.tsx [Client Component SSR]
    ./src/sections/ProgramsSection.tsx [Server Component]
    ./app/page.tsx [Server Component]


./src/data/pythonPrograms.ts:2596:9
Cannot assign to this
  [90m2594 |[0m [32m  },[0m
  [90m2595 |[0m [32m  {[0m
[31m[1m>[0m [90m2596 |[0m [32m    id: "fn-4",[0m
  [90m     |[0m         [31m[1m^^^^^^[0m
  [90m2597 |[0m [32m    title: "Return vs Print",[0m
  [90m2598 |[0m [32m    language: "python" as const,[0m
  [90m2599 |[0m [32m    category: "Functions",[0m

Parsing ecmascript source code failed

Import traces:
  App Route:
    ./src/data/pythonPrograms.ts
    ./app/api/admin/users/import-teachers-csv/route.ts

  Client Component Browser:
    ./src/data/pythonPrograms.ts [Client Component Browser]
    ./src/sections/ProgramsSection.tsx [Client Component Browser]
    ./src/sections/ProgramsSection.tsx [Server Component]
    ./app/page.tsx [Server Component]

  Client Component SSR:
    ./src/data/pythonPrograms.ts [Client Component SSR]
    ./src/sections/ProgramsSection.tsx [Client Component SSR]
    ./src/sections/ProgramsSection.tsx [Server Component]
    ./app/page.tsx [Server Component]


./src/data/pythonPrograms.ts:2597:12
Cannot assign to this
  [90m2595 |[0m [32m  {[0m
  [90m2596 |[0m [32m    id: "fn-4",[0m
[31m[1m>[0m [90m2597 |[0m [32m    title: "Return vs Print",[0m
  [90m     |[0m            [31m[1m^^^^^^^^^^^^^^^^^[0m
  [90m2598 |[0m [32m    language: "python" as const,[0m
  [90m2599 |[0m [32m    category: "Functions",[0m
  [90m2600 |[0m [32m    difficulty: "Easy",[0m

Parsing ecmascript source code failed

Import traces:
  App Route:
    ./src/data/pythonPrograms.ts
    ./app/api/admin/users/import-teachers-csv/route.ts

  Client Component Browser:
    ./src/data/pythonPrograms.ts [Client Component Browser]
    ./src/sections/ProgramsSection.tsx [Client Component Browser]
    ./src/sections/ProgramsSection.tsx [Server Component]
    ./app/page.tsx [Server Component]

  Client Component SSR:
    ./src/data/pythonPrograms.ts [Client Component SSR]
    ./src/sections/ProgramsSection.tsx [Client Component SSR]
    ./src/sections/ProgramsSection.tsx [Server Component]
    ./app/page.tsx [Server Component]


./src/data/pythonPrograms.ts:2599:15
Cannot assign to this
  [90m2597 |[0m [32m    title: "Return vs Print",[0m
  [90m2598 |[0m [32m    language: "python" as const,[0m
[31m[1m>[0m [90m2599 |[0m [32m    category: "Functions",[0m
  [90m     |[0m               [31m[1m^^^^^^^^^^^[0m
  [90m2600 |[0m [32m    difficulty: "Easy",[0m
  [90m2601 |[0m [32m    classLevel: "Class 9" as const,[0m
  [90m2602 |[0m [32m    description: "Understand the critical difference between return and print in functio...[0m

Parsing ecmascript source code failed

Import traces:
  App Route:
    ./src/data/pythonPrograms.ts
    ./app/api/admin/users/import-teachers-csv/route.ts

  Client Component Browser:
    ./src/data/pythonPrograms.ts [Client Component Browser]
    ./src/sections/ProgramsSection.tsx [Client Component Browser]
    ./src/sections/ProgramsSection.tsx [Server Component]
    ./app/page.tsx [Server Component]

  Client Component SSR:
    ./src/data/pythonPrograms.ts [Client Component SSR]
    ./src/sections/ProgramsSection.tsx [Client Component SSR]
    ./src/sections/ProgramsSection.tsx [Server Component]
    ./app/page.tsx [Server Component]


./src/data/pythonPrograms.ts:2600:17
Cannot assign to this
  [90m2598 |[0m [32m    language: "python" as const,[0m
  [90m2599 |[0m [32m    category: "Functions",[0m
[31m[1m>[0m [90m2600 |[0m [32m    difficulty: "Easy",[0m
  [90m     |[0m                 [31m[1m^^^^^^[0m
  [90m2601 |[0m [32m    classLevel: "Class 9" as const,[0m
  [90m2602 |[0m [32m    description: "Understand the critical difference between return and print in functio...[0m
  [90m2603 |[0m [32m    code: `[0m# ============================================

Parsing ecmascript source code failed

Import traces:
  App Route:
    ./src/data/pythonPrograms.ts
    ./app/api/admin/users/import-teachers-csv/route.ts

  Client Component Browser:
    ./src/data/pythonPrograms.ts [Client Component Browser]
    ./src/sections/ProgramsSection.tsx [Client Component Browser]
    ./src/sections/ProgramsSection.tsx [Server Component]
    ./app/page.tsx [Server Component]

  Client Component SSR:
    ./src/data/pythonPrograms.ts [Client Component SSR]
    ./src/sections/ProgramsSection.tsx [Client Component SSR]
    ./src/sections/ProgramsSection.tsx [Server Component]
    ./app/page.tsx [Server Component]


./src/data/pythonPrograms.ts:2602:18
Cannot assign to this
  [90m2600 |[0m ...[32mty: "Easy",[0m
  [90m2601 |[0m ...[32mel: "Class 9" as const,[0m
[31m[1m>[0m [90m2602 |[0m ...[32mion: "Understand the critical difference between return and print in 
functions.",[0m
  [90m     |[0m         [31m[1m^^^^^^^^^^^^^^^^^^^^^^^^^^^^^^^^^^^^^^^^^^^^^^^^^^^^^^^^^^^^^^^^^^^^^^^^^^^[0m
  [90m2603 |[0m ... ============================================
  [90m2604 |[0m ...[33mPrint[0m ΓÇö [33mCRITICAL[0m [33mDIFFERENCE[0m!
  [90m2605 |[0m ...==================================

Parsing ecmascript source code failed

Import traces:
  App Route:
    ./src/data/pythonPrograms.ts
    ./app/api/admin/users/import-teachers-csv/route.ts

  Client Component Browser:
    ./src/data/pythonPrograms.ts [Client Component Browser]
    ./src/sections/ProgramsSection.tsx [Client Component Browser]
    ./src/sections/ProgramsSection.tsx [Server Component]
    ./app/page.tsx [Server Component]

  Client Component SSR:
    ./src/data/pythonPrograms.ts [Client Component SSR]
    ./src/sections/ProgramsSection.tsx [Client Component SSR]
    ./src/sections/ProgramsSection.tsx [Server Component]
    ./app/page.tsx [Server Component]


./src/data/pythonPrograms.ts:2603:11
Cannot assign to this
  [90m2601 |[0m [32m    classLevel: "Class 9" as const,[0m
  [90m2602 |[0m [32m    description: "Understand the critical difference between return and print in functio...[0m
[31m[1m>[0m [90m2603 |[0m [32m    code: `[0m# ============================================
  [90m     |[0m           [31m[1m^^^^^^^^^^^^^^^^^^^^^^^^^^^^^^^^^^^^^^^^^^^^^^[0m
[31m[1m>[0m [90m2604 |[0m # [33mReturn[0m vs [33mPrint[0m ΓÇö [33mCRITICAL[0m [33mDIFFERENCE[0m!
  [90m     |[0m [31m[1m^^^^^^^^^^^^^^^^^^^^^^^^^^^^^^^^^^^^^^^^[0m
[31m[1m>[0m [90m2605 |[0m # ============================================
  [90m     |[0m [31m[1m^^^^^^^^^^^^^^^^^^^^^^^^^^^^^^^^^^^^^^^^^^^^^^[0m
[31m[1m>[0m [90m2606 |[0m # print(): [33mDisplays[0m output on screen ([36mfor[0m user)
  [90m     |[0m [31m[1m^^^^^^^^^^^^^^^^^^^^^^^^^^^^^^^^^^^^^^^^^^^^^^^[0m
[31m[1m>[0m [90m2607 |[0m # [36mreturn[0m: [33mSends[0m a value back to the caller ([36mfor[0m code)
  [90m     |[0m [31m[1m^^^^^^^^^^^^^^^^^^^^^^^^^^^^^^^^^^^^^^^^^^^^^^^^^^^^^[0m
[31m[1m>[0m [90m2608 |[0m # ============================================
  [90m     |[0m [31m[1m^^^^^^^^^^^^^^^^^^^^^^^^^^^^^^^^^^^^^^^^^^^^^^[0m
[31m[1m>[0m [90m2609 |[0m
  [90m     |[0m [31m[1m^[0m
[31m[1m>[0m [90m2610 |[0m # --- [33mFunction[0m [36mwith[0m [33mPRINT[0m ---
  [90m     |[0m [31m[1m^^^^^^^^^^^^^^^^^^^^^^^^^^^^^[0m
[31m[1m>[0m [90m2611 |[0m def add_print(a, b):
  [90m     |[0m [31m[1m^^^^^^^^^^^^^^^^^^^^[0m
[31m[1m>[0m [90m2612 |[0m     [32m""[0m[32m"Adds and prints result."[0m[32m""[0m
  [90m     |[0m [31m[1m^^^^^^^^^^^^^^^^^^^^^^^^^^^^^^^^^[0m
[31m[1m>[0m [90m2613 |[0m     result = a + b
  [90m     |[0m [31m[1m^^^^^^^^^^^^^^^^^^[0m
[31m[1m>[0m [90m2614 |[0m     print(f[32m"Sum is: {result}"[0m)  # [33mJust[0m shows on screen
  [90m     |[0m [31m[1m^^^^^^^^^^^^^^^^^^^^^^^^^^^^^^^^^^^^^^^^^^^^^^^^^^^^^^[0m
[31m[1m>[0m [90m2615 |[0m
  [90m     |[0m [31m[1m^[0m
[31m[1m>[0m [90m2616 |[0m # --- [33mFunction[0m [36mwith[0m [33mRETURN[0m ---
  [90m     |[0m [31m[1m^^^^^^^^^^^^^^^^^^^^^^^^^^^^^^[0m
[31m[1m>[0m [90m2617 |[0m def add_return(a, b):
  [90m     |[0m [31m[1m^^^^^^^^^^^^^^^^^^^^^[0m
[31m[1m>[0m [90m2618 |[0m     [32m""[0m[32m"Adds and returns result."[0m[32m""[0m
  [90m     |[0m [31m[1m^^^^^^^^^^^^^^^^^^^^^^^^^^^^^^^^^^[0m
[31m[1m>[0m [90m2619 |[0m     result = a + b
  [90m     |[0m [31m[1m^^^^^^^^^^^^^^^^^^[0m
[31m[1m>[0m [90m2620 |[0m     [36mreturn[0m result  # [33mSends[0m value back!
  [90m     |[0m [31m[1m^^^^^^^^^^^^^^^^^^^^^^^^^^^^^^^^^^^^^^[0m
[31m[1m>[0m [90m2621 |[0m
  [90m     |[0m [31m[1m^[0m
[31m[1m>[0m [90m2622 |[0m # --- [33mThe[0m [33mDifference[0m ---
  [90m     |[0m [31m[1m^^^^^^^^^^^^^^^^^^^^^^^^[0m
[31m[1m>[0m [90m2623 |[0m print([32m"Using print():"[0m)
  [90m     |[0m [31m[1m^^^^^^^^^^^^^^^^^^^^^^^[0m
[31m[1m>[0m [90m2624 |[0m output1 = add_print([35m5[0m, [35m3[0m)  # [33mPrints[0m [32m"Sum is: 8"[0m
  [90m     |[0m [31m[1m^^^^^^^^^^^^^^^^^^^^^^^^^^^^^^^^^^^^^^^^^^^^^^^[0m
[31m[1m>[0m [90m2625 |[0m print(f[32m"Output1 value: {output1}"[0m)  # [33mNone[0m! print doesn[32m't return 
anything[0m
  [90m     |[0m [31m[1m^^^^^^^^^^^^^^^^^^^^^^^^^^^^^^^^^^^^^^^^^^^^^^^^^^^^^^^^^^^^^^^^^^^^^^^^^[0m
[31m[1m>[0m [90m2626 |[0m
  [90m     |[0m [31m[1m^[0m
[31m[1m>[0m [90m2627 |[0m [32mprint("\\nUsing return:")[0m
  [90m     |[0m [31m[1m^^^^^^^^^^^^^^^^^^^^^^^^^[0m
[31m[1m>[0m [90m2628 |[0m [32moutput2 = add_return(5, 3)  # Returns 8[0m
  [90m     |[0m [31m[1m^^^^^^^^^^^^^^^^^^^^^^^^^^^^^^^^^^^^^^^[0m
[31m[1m>[0m [90m2629 |[0m [32mprint(f"Output2 value: {output2}")  # 8! return sends value back[0m
  [90m     |[0m [31m[1m^^^^^^^^^^^^^^^^^^^^^^^^^^^^^^^^^^^^^^^^^^^^^^^^^^^^^^^^^^^^^^^^[0m
[31m[1m>[0m [90m2630 |[0m
  [90m     |[0m [31m[1m^[0m
[31m[1m>[0m [90m2631 |[0m [32m# --- Why Return is More Useful ---[0m
  [90m     |[0m [31m[1m^^^^^^^^^^^^^^^^^^^^^^^^^^^^^^^^^^^[0m
[31m[1m>[0m [90m2632 |[0m [32mtotal = add_return(10, 20)[0m
  [90m     |[0m [31m[1m^^^^^^^^^^^^^^^^^^^^^^^^^^[0m
[31m[1m>[0m [90m2633 |[0m [32mdoubled = total * 2[0m
  [90m     |[0m [31m[1m^^^^^^^^^^^^^^^^^^^[0m
[31m[1m>[0m [90m2634 |[0m [32mprint(f"\\nTotal: {total}, Doubled: {doubled}")[0m
  [90m     |[0m [31m[1m^^^^^^^^^^^^^^^^^^^^^^^^^^^^^^^^^^^^^^^^^^^^^^^[0m
[31m[1m>[0m [90m2635 |[0m
  [90m     |[0m [31m[1m^[0m
[31m[1m>[0m [90m2636 |[0m [32m# Can'[0mt [36mdo[0m [36mthis[0m [36mwith[0m print():
  [90m     |[0m [31m[1m^^^^^^^^^^^^^^^^^^^^^^^^^^^^^[0m
[31m[1m>[0m [90m2637 |[0m # total = add_print([35m10[0m, [35m20[0m)
  [90m     |[0m [31m[1m^^^^^^^^^^^^^^^^^^^^^^^^^^^[0m
[31m[1m>[0m [90m2638 |[0m # doubled = total * [35m2[0m  # [33mError[0m! total is [33mNone[0m
  [90m     |[0m [31m[1m^^^^^^^^^^^^^^^^^^^^^^^^^^^^^^^^^^^^^^^^^^^^^[0m
[31m[1m>[0m [90m2639 |[0m
  [90m     |[0m [31m[1m^[0m
[31m[1m>[0m [90m2640 |[0m # --- [33mSide[0m by [33mSide[0m ---
  [90m     |[0m [31m[1m^^^^^^^^^^^^^^^^^^^^^^[0m
[31m[1m>[0m [90m2641 |[0m def square_print(x):
  [90m     |[0m [31m[1m^^^^^^^^^^^^^^^^^^^^[0m
[31m[1m>[0m [90m2642 |[0m     print(x ** [35m2[0m)     # [33mShows[0m result
  [90m     |[0m [31m[1m^^^^^^^^^^^^^^^^^^^^^^^^^^^^^^^^^^^^[0m
[31m[1m>[0m [90m2643 |[0m
  [90m     |[0m [31m[1m^[0m
[31m[1m>[0m [90m2644 |[0m def square_return(x):
  [90m     |[0m [31m[1m^^^^^^^^^^^^^^^^^^^^^[0m
[31m[1m>[0m [90m2645 |[0m     [36mreturn[0m x ** [35m2[0m     # [33mSends[0m result back
  [90m     |[0m [31m[1m^^^^^^^^^^^^^^^^^^^^^^^^^^^^^^^^^^^^^^^^^[0m
[31m[1m>[0m [90m2646 |[0m
  [90m     |[0m [31m[1m^[0m
[31m[1m>[0m [90m2647 |[0m square_print([35m4[0m)       # [33mPrints[0m: [35m16[0m
  [90m     |[0m [31m[1m^^^^^^^^^^^^^^^^^^^^^^^^^^^^^^^^^^[0m
[31m[1m>[0m [90m2648 |[0m result = square_return([35m4[0m)  # [33mReturns[0m: [35m16[0m
  [90m     |[0m [31m[1m^^^^^^^^^^^^^^^^^^^^^^^^^^^^^^^^^^^^^^^^[0m
[31m[1m>[0m [90m2649 |[0m print(f[32m"Returned: {result}"[0m)
  [90m     |[0m [31m[1m^^^^^^^^^^^^^^^^^^^^^^^^^^^^[0m
[31m[1m>[0m [90m2650 |[0m
  [90m     |[0m [31m[1m^[0m
[31m[1m>[0m [90m2651 |[0m # ============================================
  [90m     |[0m [31m[1m^^^^^^^^^^^^^^^^^^^^^^^^^^^^^^^^^^^^^^^^^^^^^^[0m
[31m[1m>[0m [90m2652 |[0m # [33mExecution[0m [33mTrace[0m:
  [90m     |[0m [31m[1m^^^^^^^^^^^^^^^^^^[0m
[31m[1m>[0m [90m2653 |[0m # add_print([35m5[0m,[35m3[0m) -> prints [32m"Sum is: 8"[0m, returns [33mNone[0m
  [90m     |[0m [31m[1m^^^^^^^^^^^^^^^^^^^^^^^^^^^^^^^^^^^^^^^^^^^^^^^^^^^^[0m
[31m[1m>[0m [90m2654 |[0m # add_return([35m5[0m,[35m3[0m) -> returns [35m8[0m (no print!)
  [90m     |[0m [31m[1m^^^^^^^^^^^^^^^^^^^^^^^^^^^^^^^^^^^^^^^^^^[0m
[31m[1m>[0m [90m2655 |[0m # output1 = [33mNone[0m, output2 = [35m8[0m
  [90m     |[0m [31m[1m^^^^^^^^^^^^^^^^^^^^^^^^^^^^^[0m
[31m[1m>[0m [90m2656 |[0m # [33mTotal[0m: [35m30[0m, [33mDoubled[0m: [35m60[0m
  [90m     |[0m [31m[1m^^^^^^^^^^^^^^^^^^^^^^^^[0m
[31m[1m>[0m [90m2657 |[0m # ============================================
  [90m     |[0m [31m[1m^^^^^^^^^^^^^^^^^^^^^^^^^^^^^^^^^^^^^^^^^^^^^^[0m
[31m[1m>[0m [90m2658 |[0m
  [90m     |[0m [31m[1m^[0m
[31m[1m>[0m [90m2659 |[0m # [33mTRY[0m [33mTHIS[0m: [33mRewrite[0m a [36mfunction[0m that both prints 
[33mAND[0m returns the result
  [90m     |[0m [31m[1m^^^^^^^^^^^^^^^^^^^^^^^^^^^^^^^^^^^^^^^^^^^^^^^^^^^^^^^^^^^^^^^^^^^^^^[0m
[31m[1m>[0m [90m2660 |[0m [32m`,[0m
  [90m     |[0m [31m[1m^[0m
  [90m2661 |[0m [32m    funFact: "Using return makes functions more flexible and testable ΓÇö it's a best 
prac...[0m
  [90m2662 |[0m [32m  },[0m
  [90m2663 |[0m [32m  {[0m

Parsing ecmascript source code failed

Import traces:
  App Route:
    ./src/data/pythonPrograms.ts
    ./app/api/admin/users/import-teachers-csv/route.ts

  Client Component Browser:
    ./src/data/pythonPrograms.ts [Client Component Browser]
    ./src/sections/ProgramsSection.tsx [Client Component Browser]
    ./src/sections/ProgramsSection.tsx [Server Component]
    ./app/page.tsx [Server Component]

  Client Component SSR:
    ./src/data/pythonPrograms.ts [Client Component SSR]
    ./src/sections/ProgramsSection.tsx [Client Component SSR]
    ./src/sections/ProgramsSection.tsx [Server Component]
    ./app/page.tsx [Server Component]


./src/data/pythonPrograms.ts:2661:14
Cannot assign to this
  [90m2659 |[0m ...[33mRewrite[0m a [36mfunction[0m that both prints [33mAND[0m returns the result
  [90m2660 |[0m ...
[31m[1m>[0m [90m2661 |[0m ...[32m "Using return makes functions more flexible and testable ΓÇö it's a best 
practice!"[0m
  [90m     |[0m     [31m[1m^^^^^^^^^^^^^^^^^^^^^^^^^^^^^^^^^^^^^^^^^^^^^^^^^^^^^^^^^^^^^^^^^^^^^^^^^^^^^^^^^[0m
  [90m2662 |[0m ...
  [90m2663 |[0m ...
  [90m2664 |[0m ...[32m5",[0m

Parsing ecmascript source code failed

Import traces:
  App Route:
    ./src/data/pythonPrograms.ts
    ./app/api/admin/users/import-teachers-csv/route.ts

  Client Component Browser:
    ./src/data/pythonPrograms.ts [Client Component Browser]
    ./src/sections/ProgramsSection.tsx [Client Component Browser]
    ./src/sections/ProgramsSection.tsx [Server Component]
    ./app/page.tsx [Server Component]

  Client Component SSR:
    ./src/data/pythonPrograms.ts [Client Component SSR]
    ./src/sections/ProgramsSection.tsx [Client Component SSR]
    ./src/sections/ProgramsSection.tsx [Server Component]
    ./app/page.tsx [Server Component]


./src/data/pythonPrograms.ts:2664:9
Cannot assign to this
  [90m2662 |[0m [32m  },[0m
  [90m2663 |[0m [32m  {[0m
[31m[1m>[0m [90m2664 |[0m [32m    id: "fn-5",[0m
  [90m     |[0m         [31m[1m^^^^^^[0m
  [90m2665 |[0m [32m    title: "Lambda One-Liner",[0m
  [90m2666 |[0m [32m    language: "python" as const,[0m
  [90m2667 |[0m [32m    category: "Functions",[0m

Parsing ecmascript source code failed

Import traces:
  App Route:
    ./src/data/pythonPrograms.ts
    ./app/api/admin/users/import-teachers-csv/route.ts

  Client Component Browser:
    ./src/data/pythonPrograms.ts [Client Component Browser]
    ./src/sections/ProgramsSection.tsx [Client Component Browser]
    ./src/sections/ProgramsSection.tsx [Server Component]
    ./app/page.tsx [Server Component]

  Client Component SSR:
    ./src/data/pythonPrograms.ts [Client Component SSR]
    ./src/sections/ProgramsSection.tsx [Client Component SSR]
    ./src/sections/ProgramsSection.tsx [Server Component]
    ./app/page.tsx [Server Component]


./src/data/pythonPrograms.ts:2665:12
Cannot assign to this
  [90m2663 |[0m [32m  {[0m
  [90m2664 |[0m [32m    id: "fn-5",[0m
[31m[1m>[0m [90m2665 |[0m [32m    title: "Lambda One-Liner",[0m
  [90m     |[0m            [31m[1m^^^^^^^^^^^^^^^^^^[0m
  [90m2666 |[0m [32m    language: "python" as const,[0m
  [90m2667 |[0m [32m    category: "Functions",[0m
  [90m2668 |[0m [32m    difficulty: "Medium",[0m

Parsing ecmascript source code failed

Import traces:
  App Route:
    ./src/data/pythonPrograms.ts
    ./app/api/admin/users/import-teachers-csv/route.ts

  Client Component Browser:
    ./src/data/pythonPrograms.ts [Client Component Browser]
    ./src/sections/ProgramsSection.tsx [Client Component Browser]
    ./src/sections/ProgramsSection.tsx [Server Component]
    ./app/page.tsx [Server Component]

  Client Component SSR:
    ./src/data/pythonPrograms.ts [Client Component SSR]
    ./src/sections/ProgramsSection.tsx [Client Component SSR]
    ./src/sections/ProgramsSection.tsx [Server Component]
    ./app/page.tsx [Server Component]


./src/data/pythonPrograms.ts:2667:15
Cannot assign to this
  [90m2665 |[0m [32m    title: "Lambda One-Liner",[0m
  [90m2666 |[0m [32m    language: "python" as const,[0m
[31m[1m>[0m [90m2667 |[0m [32m    category: "Functions",[0m
  [90m     |[0m               [31m[1m^^^^^^^^^^^[0m
  [90m2668 |[0m [32m    difficulty: "Medium",[0m
  [90m2669 |[0m [32m    classLevel: "Class 9" as const,[0m
  [90m2670 |[0m [32m    description: "Create small anonymous functions using the lambda keyword.",[0m

Parsing ecmascript source code failed

Import traces:
  App Route:
    ./src/data/pythonPrograms.ts
    ./app/api/admin/users/import-teachers-csv/route.ts

  Client Component Browser:
    ./src/data/pythonPrograms.ts [Client Component Browser]
    ./src/sections/ProgramsSection.tsx [Client Component Browser]
    ./src/sections/ProgramsSection.tsx [Server Component]
    ./app/page.tsx [Server Component]

  Client Component SSR:
    ./src/data/pythonPrograms.ts [Client Component SSR]
    ./src/sections/ProgramsSection.tsx [Client Component SSR]
    ./src/sections/ProgramsSection.tsx [Server Component]
    ./app/page.tsx [Server Component]


./src/data/pythonPrograms.ts:2668:17
Cannot assign to this
  [90m2666 |[0m [32m    language: "python" as const,[0m
  [90m2667 |[0m [32m    category: "Functions",[0m
[31m[1m>[0m [90m2668 |[0m [32m    difficulty: "Medium",[0m
  [90m     |[0m                 [31m[1m^^^^^^^^[0m
  [90m2669 |[0m [32m    classLevel: "Class 9" as const,[0m
  [90m2670 |[0m [32m    description: "Create small anonymous functions using the lambda keyword.",[0m
  [90m2671 |[0m [32m    code: `[0m# ============================================

Parsing ecmascript source code failed

Import traces:
  App Route:
    ./src/data/pythonPrograms.ts
    ./app/api/admin/users/import-teachers-csv/route.ts

  Client Component Browser:
    ./src/data/pythonPrograms.ts [Client Component Browser]
    ./src/sections/ProgramsSection.tsx [Client Component Browser]
    ./src/sections/ProgramsSection.tsx [Server Component]
    ./app/page.tsx [Server Component]

  Client Component SSR:
    ./src/data/pythonPrograms.ts [Client Component SSR]
    ./src/sections/ProgramsSection.tsx [Client Component SSR]
    ./src/sections/ProgramsSection.tsx [Server Component]
    ./app/page.tsx [Server Component]


./src/data/pythonPrograms.ts:2670:18
Cannot assign to this
  [90m2668 |[0m [32m    difficulty: "Medium",[0m
  [90m2669 |[0m [32m    classLevel: "Class 9" as const,[0m
[31m[1m>[0m [90m2670 |[0m [32m    description: "Create small anonymous functions using the lambda keyword.",[0m
  [90m     |[0m                  [31m[1m^^^^^^^^^^^^^^^^^^^^^^^^^^^^^^^^^^^^^^^^^^^^^^^^^^^^^^^^^^^^[0m
  [90m2671 |[0m [32m    code: `[0m# ============================================
  [90m2672 |[0m # [33mLambda[0m [33mOne[0m-[33mLiner[0m [33mFunctions[0m
  [90m2673 |[0m # ============================================

Parsing ecmascript source code failed

Import traces:
  App Route:
    ./src/data/pythonPrograms.ts
    ./app/api/admin/users/import-teachers-csv/route.ts

  Client Component Browser:
    ./src/data/pythonPrograms.ts [Client Component Browser]
    ./src/sections/ProgramsSection.tsx [Client Component Browser]
    ./src/sections/ProgramsSection.tsx [Server Component]
    ./app/page.tsx [Server Component]

  Client Component SSR:
    ./src/data/pythonPrograms.ts [Client Component SSR]
    ./src/sections/ProgramsSection.tsx [Client Component SSR]
    ./src/sections/ProgramsSection.tsx [Server Component]
    ./app/page.tsx [Server Component]


./src/data/pythonPrograms.ts:2671:11
Cannot assign to this
  [90m2669 |[0m [32m    classLevel: "Class 9" as const,[0m
  [90m2670 |[0m [32m    description: "Create small anonymous functions using the lambda keyword.",[0m
[31m[1m>[0m [90m2671 |[0m [32m    code: `[0m# ============================================
  [90m     |[0m           [31m[1m^^^^^^^^^^^^^^^^^^^^^^^^^^^^^^^^^^^^^^^^^^^^^^[0m
[31m[1m>[0m [90m2672 |[0m # [33mLambda[0m [33mOne[0m-[33mLiner[0m [33mFunctions[0m
  [90m     |[0m [31m[1m^^^^^^^^^^^^^^^^^^^^^^^^^^^^[0m
[31m[1m>[0m [90m2673 |[0m # ============================================
  [90m     |[0m [31m[1m^^^^^^^^^^^^^^^^^^^^^^^^^^^^^^^^^^^^^^^^^^^^^^[0m
[31m[1m>[0m [90m2674 |[0m # [33mLambda[0m creates tiny, anonymous functions
  [90m     |[0m [31m[1m^^^^^^^^^^^^^^^^^^^^^^^^^^^^^^^^^^^^^^^^^^[0m
[31m[1m>[0m [90m2675 |[0m # [33mSyntax[0m: lambda parameters: expression
  [90m     |[0m [31m[1m^^^^^^^^^^^^^^^^^^^^^^^^^^^^^^^^^^^^^^^[0m
[31m[1m>[0m [90m2676 |[0m # ============================================
  [90m     |[0m [31m[1m^^^^^^^^^^^^^^^^^^^^^^^^^^^^^^^^^^^^^^^^^^^^^^[0m
[31m[1m>[0m [90m2677 |[0m
  [90m     |[0m [31m[1m^[0m
[31m[1m>[0m [90m2678 |[0m # --- [33mRegular[0m [33mFunction[0m vs [33mLambda[0m ---
  [90m     |[0m [31m[1m^^^^^^^^^^^^^^^^^^^^^^^^^^^^^^^^^^^^[0m
[31m[1m>[0m [90m2679 |[0m def double(x):
  [90m     |[0m [31m[1m^^^^^^^^^^^^^^[0m
[31m[1m>[0m [90m2680 |[0m     [36mreturn[0m x * [35m2[0m
  [90m     |[0m [31m[1m^^^^^^^^^^^^^^^^[0m
[31m[1m>[0m [90m2681 |[0m
  [90m     |[0m [31m[1m^[0m
[31m[1m>[0m [90m2682 |[0m double_lambda = lambda x: x * [35m2[0m
  [90m     |[0m [31m[1m^^^^^^^^^^^^^^^^^^^^^^^^^^^^^^^[0m
[31m[1m>[0m [90m2683 |[0m
  [90m     |[0m [31m[1m^[0m
[31m[1m>[0m [90m2684 |[0m print(f[32m"Regular: {double(5)}"[0m)
  [90m     |[0m [31m[1m^^^^^^^^^^^^^^^^^^^^^^^^^^^^^^[0m
[31m[1m>[0m [90m2685 |[0m print(f[32m"Lambda:  {double_lambda(5)}"[0m)
  [90m     |[0m [31m[1m^^^^^^^^^^^^^^^^^^^^^^^^^^^^^^^^^^^^^[0m
[31m[1m>[0m [90m2686 |[0m
  [90m     |[0m [31m[1m^[0m
[31m[1m>[0m [90m2687 |[0m # --- [33mLambda[0m [36mwith[0m [33mMultiple[0m [33mArguments[0m ---
  [90m     |[0m [31m[1m^^^^^^^^^^^^^^^^^^^^^^^^^^^^^^^^^^^^^^^^[0m
[31m[1m>[0m [90m2688 |[0m add = lambda a, b: a + b
  [90m     |[0m [31m[1m^^^^^^^^^^^^^^^^^^^^^^^^[0m
[31m[1m>[0m [90m2689 |[0m print(f[32m"\\nAdd: {add(3, 4)}"[0m)
  [90m     |[0m [31m[1m^^^^^^^^^^^^^^^^^^^^^^^^^^^^^[0m
[31m[1m>[0m [90m2690 |[0m
  [90m     |[0m [31m[1m^[0m
[31m[1m>[0m [90m2691 |[0m multiply = lambda a, b: a * b
  [90m     |[0m [31m[1m^^^^^^^^^^^^^^^^^^^^^^^^^^^^^[0m
[31m[1m>[0m [90m2692 |[0m print(f[32m"Multiply: {multiply(3, 4)}"[0m)
  [90m     |[0m [31m[1m^^^^^^^^^^^^^^^^^^^^^^^^^^^^^^^^^^^^[0m
[31m[1m>[0m [90m2693 |[0m
  [90m     |[0m [31m[1m^[0m
[31m[1m>[0m [90m2694 |[0m # --- [33mLambda[0m [36mfor[0m [33mQuick[0m [33mSorting[0m ---
  [90m     |[0m [31m[1m^^^^^^^^^^^^^^^^^^^^^^^^^^^^^^^^^^[0m
[31m[1m>[0m [90m2695 |[0m students = [([32m"Alice"[0m, [35m15[0m), ([32m"Bob"[0m, [35m14[0m), 
([32m"Charlie"[0m, [35m16[0m)]
  [90m     |[0m [31m[1m^^^^^^^^^^^^^^^^^^^^^^^^^^^^^^^^^^^^^^^^^^^^^^^^^^^^^^^^[0m
[31m[1m>[0m [90m2696 |[0m students.sort(key=lambda student: student[[35m1[0m])
  [90m     |[0m [31m[1m^^^^^^^^^^^^^^^^^^^^^^^^^^^^^^^^^^^^^^^^^^^^^[0m
[31m[1m>[0m [90m2697 |[0m print(f[32m"\\nSorted by age: {students}"[0m)
  [90m     |[0m [31m[1m^^^^^^^^^^^^^^^^^^^^^^^^^^^^^^^^^^^^^^[0m
[31m[1m>[0m [90m2698 |[0m
  [90m     |[0m [31m[1m^[0m
[31m[1m>[0m [90m2699 |[0m # --- [33mLambda[0m [36min[0m a [33mList[0m ---
  [90m     |[0m [31m[1m^^^^^^^^^^^^^^^^^^^^^^^^^^[0m
[31m[1m>[0m [90m2700 |[0m operations = {
  [90m     |[0m [31m[1m^^^^^^^^^^^^^^[0m
[31m[1m>[0m [90m2701 |[0m     [32m"square"[0m: lambda x: x ** [35m2[0m,
  [90m     |[0m [31m[1m^^^^^^^^^^^^^^^^^^^^^^^^^^^^^^^[0m
[31m[1m>[0m [90m2702 |[0m     [32m"cube"[0m: lambda x: x ** [35m3[0m,
  [90m     |[0m [31m[1m^^^^^^^^^^^^^^^^^^^^^^^^^^^^^[0m
[31m[1m>[0m [90m2703 |[0m     [32m"double"[0m: lambda x: x * [35m2[0m,
  [90m     |[0m [31m[1m^^^^^^^^^^^^^^^^^^^^^^^^^^^^^^[0m
[31m[1m>[0m [90m2704 |[0m }
  [90m     |[0m [31m[1m^[0m
[31m[1m>[0m [90m2705 |[0m
  [90m     |[0m [31m[1m^[0m
[31m[1m>[0m [90m2706 |[0m print(f[32m"\\nSquare of 5: {operations['square'](5)}"[0m)
  [90m     |[0m [31m[1m^^^^^^^^^^^^^^^^^^^^^^^^^^^^^^^^^^^^^^^^^^^^^^^^^^^[0m
[31m[1m>[0m [90m2707 |[0m print(f[32m"Cube of 5: {operations['cube'](5)}"[0m)
  [90m     |[0m [31m[1m^^^^^^^^^^^^^^^^^^^^^^^^^^^^^^^^^^^^^^^^^^^^[0m
[31m[1m>[0m [90m2708 |[0m
  [90m     |[0m [31m[1m^[0m
[31m[1m>[0m [90m2709 |[0m # --- [33mWhen[0m to [33mUse[0m [33mLambda[0m ---
  [90m     |[0m [31m[1m^^^^^^^^^^^^^^^^^^^^^^^^^^^^[0m
[31m[1m>[0m [90m2710 |[0m # [33mGood[0m [36mfor[0m: [33mShort[0m, one-time operations
  [90m     |[0m [31m[1m^^^^^^^^^^^^^^^^^^^^^^^^^^^^^^^^^^^^^^[0m
[31m[1m>[0m [90m2711 |[0m # [33mBad[0m [36mfor[0m: [33mComplex[0m logic (use regular functions instead)
  [90m     |[0m [31m[1m^^^^^^^^^^^^^^^^^^^^^^^^^^^^^^^^^^^^^^^^^^^^^^^^^^^^^^^^[0m
[31m[1m>[0m [90m2712 |[0m
  [90m     |[0m [31m[1m^[0m
[31m[1m>[0m [90m2713 |[0m # ============================================
  [90m     |[0m [31m[1m^^^^^^^^^^^^^^^^^^^^^^^^^^^^^^^^^^^^^^^^^^^^^^[0m
[31m[1m>[0m [90m2714 |[0m # [33mExecution[0m [33mTrace[0m:
  [90m     |[0m [31m[1m^^^^^^^^^^^^^^^^^^[0m
[31m[1m>[0m [90m2715 |[0m # double_lambda = lambda x: x * [35m2[0m
  [90m     |[0m [31m[1m^^^^^^^^^^^^^^^^^^^^^^^^^^^^^^^^^[0m
[31m[1m>[0m [90m2716 |[0m # double_lambda([35m5[0m) -> [35m5[0m * [35m2[0m = [35m10[0m
  [90m     |[0m [31m[1m^^^^^^^^^^^^^^^^^^^^^^^^^^^^^^^^[0m
[31m[1m>[0m [90m2717 |[0m # add = lambda a, b: a + b -> add([35m3[0m, [35m4[0m) = [35m7[0m
  [90m     |[0m [31m[1m^^^^^^^^^^^^^^^^^^^^^^^^^^^^^^^^^^^^^^^^^^^[0m
[31m[1m>[0m [90m2718 |[0m # students sorted by age -> [([33mBob[0m,[35m14[0m), ([33mAlice[0m,[35m15[0m), 
([33mCharlie[0m,[35m16[0m)]
  [90m     |[0m [31m[1m^^^^^^^^^^^^^^^^^^^^^^^^^^^^^^^^^^^^^^^^^^^^^^^^^^^^^^^^^^^^^^^^[0m
[31m[1m>[0m [90m2719 |[0m # ============================================
  [90m     |[0m [31m[1m^^^^^^^^^^^^^^^^^^^^^^^^^^^^^^^^^^^^^^^^^^^^^^[0m
[31m[1m>[0m [90m2720 |[0m
  [90m     |[0m [31m[1m^[0m
[31m[1m>[0m [90m2721 |[0m # [33mTRY[0m [33mTHIS[0m: [33mCreate[0m a lambda that checks [36mif[0m a number 
is even, [36mreturn[0m [33mTrue[0m/[33mFalse[0m
  [90m     |[0m [31m[1m^^^^^^^^^^^^^^^^^^^^^^^^^^^^^^^^^^^^^^^^^^^^^^^^^^^^^^^^^^^^^^^^^^^^^^^^^^^^^^[0m
[31m[1m>[0m [90m2722 |[0m [32m`,[0m
  [90m     |[0m [31m[1m^[0m
  [90m2723 |[0m [32m    funFact: "Lambda functions are named after the Greek letter ╬╗ (lambda) in mathematics!"[0m
  [90m2724 |[0m [32m  },[0m
  [90m2725 |[0m [32m  {[0m

Parsing ecmascript source code failed

Import traces:
  App Route:
    ./src/data/pythonPrograms.ts
    ./app/api/admin/users/import-teachers-csv/route.ts

  Client Component Browser:
    ./src/data/pythonPrograms.ts [Client Component Browser]
    ./src/sections/ProgramsSection.tsx [Client Component Browser]
    ./src/sections/ProgramsSection.tsx [Server Component]
    ./app/page.tsx [Server Component]

  Client Component SSR:
    ./src/data/pythonPrograms.ts [Client Component SSR]
    ./src/sections/ProgramsSection.tsx [Client Component SSR]
    ./src/sections/ProgramsSection.tsx [Server Component]
    ./app/page.tsx [Server Component]


./src/data/pythonPrograms.ts:2723:14
Cannot assign to this
  [90m2721 |[0m # [33mTRY[0m [33mTHIS[0m: [33mCreate[0m a lambda that checks [36mif[0m a number is even, 
[36mreturn[0m [33mTrue[0m/[33mFalse[0m
  [90m2722 |[0m [32m`,[0m
[31m[1m>[0m [90m2723 |[0m [32m    funFact: "Lambda functions are named after the Greek letter ╬╗ (lambda) in 
mathematics!"[0m
  [90m     |[0m              
[31m[1m^^^^^^^^^^^^^^^^^^^^^^^^^^^^^^^^^^^^^^^^^^^^^^^^^^^^^^^^^^^^^^^^^^^^^^^^^^^^^^[0m
  [90m2724 |[0m [32m  },[0m
  [90m2725 |[0m [32m  {[0m
  [90m2726 |[0m [32m    id: "fn-6",[0m

Parsing ecmascript source code failed

Import traces:
  App Route:
    ./src/data/pythonPrograms.ts
    ./app/api/admin/users/import-teachers-csv/route.ts

  Client Component Browser:
    ./src/data/pythonPrograms.ts [Client Component Browser]
    ./src/sections/ProgramsSection.tsx [Client Component Browser]
    ./src/sections/ProgramsSection.tsx [Server Component]
    ./app/page.tsx [Server Component]

  Client Component SSR:
    ./src/data/pythonPrograms.ts [Client Component SSR]
    ./src/sections/ProgramsSection.tsx [Client Component SSR]
    ./src/sections/ProgramsSection.tsx [Server Component]
    ./app/page.tsx [Server Component]


./src/data/pythonPrograms.ts:2726:9
Cannot assign to this
  [90m2724 |[0m [32m  },[0m
  [90m2725 |[0m [32m  {[0m
[31m[1m>[0m [90m2726 |[0m [32m    id: "fn-6",[0m
  [90m     |[0m         [31m[1m^^^^^^[0m
  [90m2727 |[0m [32m    title: "Map and Filter",[0m
  [90m2728 |[0m [32m    language: "python" as const,[0m
  [90m2729 |[0m [32m    category: "Functions",[0m

Parsing ecmascript source code failed

Import traces:
  App Route:
    ./src/data/pythonPrograms.ts
    ./app/api/admin/users/import-teachers-csv/route.ts

  Client Component Browser:
    ./src/data/pythonPrograms.ts [Client Component Browser]
    ./src/sections/ProgramsSection.tsx [Client Component Browser]
    ./src/sections/ProgramsSection.tsx [Server Component]
    ./app/page.tsx [Server Component]

  Client Component SSR:
    ./src/data/pythonPrograms.ts [Client Component SSR]
    ./src/sections/ProgramsSection.tsx [Client Component SSR]
    ./src/sections/ProgramsSection.tsx [Server Component]
    ./app/page.tsx [Server Component]


./src/data/pythonPrograms.ts:2727:12
Cannot assign to this
  [90m2725 |[0m [32m  {[0m
  [90m2726 |[0m [32m    id: "fn-6",[0m
[31m[1m>[0m [90m2727 |[0m [32m    title: "Map and Filter",[0m
  [90m     |[0m            [31m[1m^^^^^^^^^^^^^^^^[0m
  [90m2728 |[0m [32m    language: "python" as const,[0m
  [90m2729 |[0m [32m    category: "Functions",[0m
  [90m2730 |[0m [32m    difficulty: "Medium",[0m

Parsing ecmascript source code failed

Import traces:
  App Route:
    ./src/data/pythonPrograms.ts
    ./app/api/admin/users/import-teachers-csv/route.ts

  Client Component Browser:
    ./src/data/pythonPrograms.ts [Client Component Browser]
    ./src/sections/ProgramsSection.tsx [Client Component Browser]
    ./src/sections/ProgramsSection.tsx [Server Component]
    ./app/page.tsx [Server Component]

  Client Component SSR:
    ./src/data/pythonPrograms.ts [Client Component SSR]
    ./src/sections/ProgramsSection.tsx [Client Component SSR]
    ./src/sections/ProgramsSection.tsx [Server Component]
    ./app/page.tsx [Server Component]


./src/data/pythonPrograms.ts:2729:15
Cannot assign to this
  [90m2727 |[0m [32m    title: "Map and Filter",[0m
  [90m2728 |[0m [32m    language: "python" as const,[0m
[31m[1m>[0m [90m2729 |[0m [32m    category: "Functions",[0m
  [90m     |[0m               [31m[1m^^^^^^^^^^^[0m
  [90m2730 |[0m [32m    difficulty: "Medium",[0m
  [90m2731 |[0m [32m    classLevel: "Class 9" as const,[0m
  [90m2732 |[0m [32m    description: "Transform and filter lists using map() and filter() functions.",[0m

Parsing ecmascript source code failed

Import traces:
  App Route:
    ./src/data/pythonPrograms.ts
    ./app/api/admin/users/import-teachers-csv/route.ts

  Client Component Browser:
    ./src/data/pythonPrograms.ts [Client Component Browser]
    ./src/sections/ProgramsSection.tsx [Client Component Browser]
    ./src/sections/ProgramsSection.tsx [Server Component]
    ./app/page.tsx [Server Component]

  Client Component SSR:
    ./src/data/pythonPrograms.ts [Client Component SSR]
    ./src/sections/ProgramsSection.tsx [Client Component SSR]
    ./src/sections/ProgramsSection.tsx [Server Component]
    ./app/page.tsx [Server Component]


./src/data/pythonPrograms.ts:2730:17
Cannot assign to this
  [90m2728 |[0m [32m    language: "python" as const,[0m
  [90m2729 |[0m [32m    category: "Functions",[0m
[31m[1m>[0m [90m2730 |[0m [32m    difficulty: "Medium",[0m
  [90m     |[0m                 [31m[1m^^^^^^^^[0m
  [90m2731 |[0m [32m    classLevel: "Class 9" as const,[0m
  [90m2732 |[0m [32m    description: "Transform and filter lists using map() and filter() functions.",[0m
  [90m2733 |[0m [32m    code: `[0m# ============================================

Parsing ecmascript source code failed

Import traces:
  App Route:
    ./src/data/pythonPrograms.ts
    ./app/api/admin/users/import-teachers-csv/route.ts

  Client Component Browser:
    ./src/data/pythonPrograms.ts [Client Component Browser]
    ./src/sections/ProgramsSection.tsx [Client Component Browser]
    ./src/sections/ProgramsSection.tsx [Server Component]
    ./app/page.tsx [Server Component]

  Client Component SSR:
    ./src/data/pythonPrograms.ts [Client Component SSR]
    ./src/sections/ProgramsSection.tsx [Client Component SSR]
    ./src/sections/ProgramsSection.tsx [Server Component]
    ./app/page.tsx [Server Component]


./src/data/pythonPrograms.ts:2732:18
Cannot assign to this
  [90m2730 |[0m [32m    difficulty: "Medium",[0m
  [90m2731 |[0m [32m    classLevel: "Class 9" as const,[0m
[31m[1m>[0m [90m2732 |[0m [32m    description: "Transform and filter lists using map() and filter() 
functions.",[0m
  [90m     |[0m                  [31m[1m^^^^^^^^^^^^^^^^^^^^^^^^^^^^^^^^^^^^^^^^^^^^^^^^^^^^^^^^^^^^^^^^[0m
  [90m2733 |[0m [32m    code: `[0m# ============================================
  [90m2734 |[0m # [33mMap[0m and [33mFilter[0m
  [90m2735 |[0m # ============================================

Parsing ecmascript source code failed

Import traces:
  App Route:
    ./src/data/pythonPrograms.ts
    ./app/api/admin/users/import-teachers-csv/route.ts

  Client Component Browser:
    ./src/data/pythonPrograms.ts [Client Component Browser]
    ./src/sections/ProgramsSection.tsx [Client Component Browser]
    ./src/sections/ProgramsSection.tsx [Server Component]
    ./app/page.tsx [Server Component]

  Client Component SSR:
    ./src/data/pythonPrograms.ts [Client Component SSR]
    ./src/sections/ProgramsSection.tsx [Client Component SSR]
    ./src/sections/ProgramsSection.tsx [Server Component]
    ./app/page.tsx [Server Component]


./src/data/pythonPrograms.ts:2733:11
Cannot assign to this
  [90m2731 |[0m [32m    classLevel: "Class 9" as const,[0m
  [90m2732 |[0m [32m    description: "Transform and filter lists using map() and filter() functions.",[0m
[31m[1m>[0m [90m2733 |[0m [32m    code: `[0m# ============================================
  [90m     |[0m           [31m[1m^^^^^^^^^^^^^^^^^^^^^^^^^^^^^^^^^^^^^^^^^^^^^^[0m
[31m[1m>[0m [90m2734 |[0m # [33mMap[0m and [33mFilter[0m
  [90m     |[0m [31m[1m^^^^^^^^^^^^^^^^[0m
[31m[1m>[0m [90m2735 |[0m # ============================================
  [90m     |[0m [31m[1m^^^^^^^^^^^^^^^^^^^^^^^^^^^^^^^^^^^^^^^^^^^^^^[0m
[31m[1m>[0m [90m2736 |[0m # map(): [33mApply[0m a [36mfunction[0m to every element
  [90m     |[0m [31m[1m^^^^^^^^^^^^^^^^^^^^^^^^^^^^^^^^^^^^^^^^^^[0m
[31m[1m>[0m [90m2737 |[0m # filter(): [33mKeep[0m only elements that pass a test
  [90m     |[0m [31m[1m^^^^^^^^^^^^^^^^^^^^^^^^^^^^^^^^^^^^^^^^^^^^^^^[0m
[31m[1m>[0m [90m2738 |[0m # ============================================
  [90m     |[0m [31m[1m^^^^^^^^^^^^^^^^^^^^^^^^^^^^^^^^^^^^^^^^^^^^^^[0m
[31m[1m>[0m [90m2739 |[0m
  [90m     |[0m [31m[1m^[0m
[31m[1m>[0m [90m2740 |[0m # --- [33mSample[0m [33mData[0m ---
  [90m     |[0m [31m[1m^^^^^^^^^^^^^^^^^^^^^[0m
[31m[1m>[0m [90m2741 |[0m numbers = [[35m1[0m, [35m2[0m, [35m3[0m, [35m4[0m, [35m5[0m, [35m6[0m, 
[35m7[0m, [35m8[0m, [35m9[0m, [35m10[0m]
  [90m     |[0m [31m[1m^^^^^^^^^^^^^^^^^^^^^^^^^^^^^^^^^^^^^^^^^[0m
[31m[1m>[0m [90m2742 |[0m
  [90m     |[0m [31m[1m^[0m
[31m[1m>[0m [90m2743 |[0m # --- [33mMap[0m: [33mTransform[0m [33mEach[0m [33mElement[0m ---
  [90m     |[0m [31m[1m^^^^^^^^^^^^^^^^^^^^^^^^^^^^^^^^^^^^^[0m
[31m[1m>[0m [90m2744 |[0m # [33mDouble[0m every number
  [90m     |[0m [31m[1m^^^^^^^^^^^^^^^^^^^^^[0m
[31m[1m>[0m [90m2745 |[0m doubled = list(map(lambda x: x * [35m2[0m, numbers))
  [90m     |[0m [31m[1m^^^^^^^^^^^^^^^^^^^^^^^^^^^^^^^^^^^^^^^^^^^^^[0m
[31m[1m>[0m [90m2746 |[0m print([32m"Doubled:"[0m, doubled)
  [90m     |[0m [31m[1m^^^^^^^^^^^^^^^^^^^^^^^^^^[0m
[31m[1m>[0m [90m2747 |[0m
  [90m     |[0m [31m[1m^[0m
[31m[1m>[0m [90m2748 |[0m # [33mConvert[0m to strings
  [90m     |[0m [31m[1m^^^^^^^^^^^^^^^^^^^^[0m
[31m[1m>[0m [90m2749 |[0m string_nums = list(map(str, numbers))
  [90m     |[0m [31m[1m^^^^^^^^^^^^^^^^^^^^^^^^^^^^^^^^^^^^^[0m
[31m[1m>[0m [90m2750 |[0m print([32m"As strings:"[0m, string_nums)
  [90m     |[0m [31m[1m^^^^^^^^^^^^^^^^^^^^^^^^^^^^^^^^^[0m
[31m[1m>[0m [90m2751 |[0m
  [90m     |[0m [31m[1m^[0m
[31m[1m>[0m [90m2752 |[0m # [33mSquare[0m every number
  [90m     |[0m [31m[1m^^^^^^^^^^^^^^^^^^^^^[0m
[31m[1m>[0m [90m2753 |[0m squared = list(map(lambda x: x**[35m2[0m, numbers))
  [90m     |[0m [31m[1m^^^^^^^^^^^^^^^^^^^^^^^^^^^^^^^^^^^^^^^^^^^^[0m
[31m[1m>[0m [90m2754 |[0m print([32m"Squared:"[0m, squared)
  [90m     |[0m [31m[1m^^^^^^^^^^^^^^^^^^^^^^^^^^[0m
[31m[1m>[0m [90m2755 |[0m
  [90m     |[0m [31m[1m^[0m
[31m[1m>[0m [90m2756 |[0m # --- [33mFilter[0m: [33mKeep[0m [33mCertain[0m [33mElements[0m ---
  [90m     |[0m [31m[1m^^^^^^^^^^^^^^^^^^^^^^^^^^^^^^^^^^^^^^^[0m
[31m[1m>[0m [90m2757 |[0m # [33mKeep[0m only even numbers
  [90m     |[0m [31m[1m^^^^^^^^^^^^^^^^^^^^^^^^[0m
[31m[1m>[0m [90m2758 |[0m evens = list(filter(lambda x: x % [35m2[0m == [35m0[0m, numbers))
  [90m     |[0m [31m[1m^^^^^^^^^^^^^^^^^^^^^^^^^^^^^^^^^^^^^^^^^^^^^^^^^^^[0m
[31m[1m>[0m [90m2759 |[0m print([32m"\\nEvens:"[0m, evens)
  [90m     |[0m [31m[1m^^^^^^^^^^^^^^^^^^^^^^^^^[0m
[31m[1m>[0m [90m2760 |[0m
  [90m     |[0m [31m[1m^[0m
[31m[1m>[0m [90m2761 |[0m # [33mKeep[0m numbers greater than [35m5[0m
  [90m     |[0m [31m[1m^^^^^^^^^^^^^^^^^^^^^^^^^^^^^[0m
[31m[1m>[0m [90m2762 |[0m big_numbers = list(filter(lambda x: x > [35m5[0m, numbers))
  [90m     |[0m [31m[1m^^^^^^^^^^^^^^^^^^^^^^^^^^^^^^^^^^^^^^^^^^^^^^^^^^^^[0m
[31m[1m>[0m [90m2763 |[0m print([32m"Greater than 5:"[0m, big_numbers)
  [90m     |[0m [31m[1m^^^^^^^^^^^^^^^^^^^^^^^^^^^^^^^^^^^^^[0m
[31m[1m>[0m [90m2764 |[0m
  [90m     |[0m [31m[1m^[0m
[31m[1m>[0m [90m2765 |[0m # --- [33mCombine[0m [33mMap[0m and [33mFilter[0m ---
  [90m     |[0m [31m[1m^^^^^^^^^^^^^^^^^^^^^^^^^^^^^^^^[0m
[31m[1m>[0m [90m2766 |[0m # [33mSquare[0m only even numbers
  [90m     |[0m [31m[1m^^^^^^^^^^^^^^^^^^^^^^^^^^[0m
[31m[1m>[0m [90m2767 |[0m result = list(map(lambda x: x**[35m2[0m, filter(lambda x: x % [35m2[0m == 
[35m0[0m, numbers)))
  [90m     |[0m [31m[1m^^^^^^^^^^^^^^^^^^^^^^^^^^^^^^^^^^^^^^^^^^^^^^^^^^^^^^^^^^^^^^^^^^^^^^^^^[0m
[31m[1m>[0m [90m2768 |[0m print([32m"\\nSquared evens:"[0m, result)
  [90m     |[0m [31m[1m^^^^^^^^^^^^^^^^^^^^^^^^^^^^^^^^^^[0m
[31m[1m>[0m [90m2769 |[0m
  [90m     |[0m [31m[1m^[0m
[31m[1m>[0m [90m2770 |[0m # --- [33mPractical[0m [33mExample[0m ---
  [90m     |[0m [31m[1m^^^^^^^^^^^^^^^^^^^^^^^^^^^[0m
[31m[1m>[0m [90m2771 |[0m words = [[32m"hello"[0m, [32m"world"[0m, [32m"python"[0m, [32m"is"[0m, 
[32m"awesome"[0m]
  [90m     |[0m [31m[1m^^^^^^^^^^^^^^^^^^^^^^^^^^^^^^^^^^^^^^^^^^^^^^^^^^^^^[0m
[31m[1m>[0m [90m2772 |[0m long_words = list(filter(lambda w: len(w) > [35m3[0m, words))
  [90m     |[0m [31m[1m^^^^^^^^^^^^^^^^^^^^^^^^^^^^^^^^^^^^^^^^^^^^^^^^^^^^^^[0m
[31m[1m>[0m [90m2773 |[0m upper_words = list(map(lambda w: w.upper(), long_words))
  [90m     |[0m [31m[1m^^^^^^^^^^^^^^^^^^^^^^^^^^^^^^^^^^^^^^^^^^^^^^^^^^^^^^^^[0m
[31m[1m>[0m [90m2774 |[0m print(f[32m"\\nLong words (upper): {upper_words}"[0m)
  [90m     |[0m [31m[1m^^^^^^^^^^^^^^^^^^^^^^^^^^^^^^^^^^^^^^^^^^^^^^[0m
[31m[1m>[0m [90m2775 |[0m
  [90m     |[0m [31m[1m^[0m
[31m[1m>[0m [90m2776 |[0m # ============================================
  [90m     |[0m [31m[1m^^^^^^^^^^^^^^^^^^^^^^^^^^^^^^^^^^^^^^^^^^^^^^[0m
[31m[1m>[0m [90m2777 |[0m # [33mExecution[0m [33mTrace[0m:
  [90m     |[0m [31m[1m^^^^^^^^^^^^^^^^^^[0m
[31m[1m>[0m [90m2778 |[0m # numbers = 
[[35m1[0m,[35m2[0m,[35m3[0m,[35m4[0m,[35m5[0m,[35m6[0m,[35m7[0m,[35m8[0m,[35m9[0m,[35m10[0m]
  [90m     |[0m [31m[1m^^^^^^^^^^^^^^^^^^^^^^^^^^^^^^^^^^[0m
[31m[1m>[0m [90m2779 |[0m # map(x*[35m2[0m) -> 
[[35m2[0m,[35m4[0m,[35m6[0m,[35m8[0m,[35m10[0m,[35m12[0m,[35m14[0m,[35m16[0m,[35m18[0m,[35m20[0m]
  [90m     |[0m [31m[1m^^^^^^^^^^^^^^^^^^^^^^^^^^^^^^^^^^^^^^^^^[0m
[31m[1m>[0m [90m2780 |[0m # filter(x%[35m2[0m==[35m0[0m) -> 
[[35m2[0m,[35m4[0m,[35m6[0m,[35m8[0m,[35m10[0m]
  [90m     |[0m [31m[1m^^^^^^^^^^^^^^^^^^^^^^^^^^^^^^^^[0m
[31m[1m>[0m [90m2781 |[0m # filter(len>[35m3[0m) on words -> 
[[32m'hello'[0m,[32m'world'[0m,[32m'python'[0m,[32m'awesome'[0m]
  [90m     |[0m [31m[1m^^^^^^^^^^^^^^^^^^^^^^^^^^^^^^^^^^^^^^^^^^^^^^^^^^^^^^^^^^^^^^^^[0m
[31m[1m>[0m [90m2782 |[0m # ============================================
  [90m     |[0m [31m[1m^^^^^^^^^^^^^^^^^^^^^^^^^^^^^^^^^^^^^^^^^^^^^^[0m
[31m[1m>[0m [90m2783 |[0m
  [90m     |[0m [31m[1m^[0m
[31m[1m>[0m [90m2784 |[0m # [33mTRY[0m [33mTHIS[0m: [33mFrom[0m numbers [35m1[0m-[35m20[0m, find the 
sum [36mof[0m all numbers divisible by [35m3[0m
  [90m     |[0m [31m[1m^^^^^^^^^^^^^^^^^^^^^^^^^^^^^^^^^^^^^^^^^^^^^^^^^^^^^^^^^^^^^^^^^^^^^^^^^[0m
[31m[1m>[0m [90m2785 |[0m [32m`,[0m
  [90m     |[0m [31m[1m^[0m
  [90m2786 |[0m [32m    funFact: "Map and filter are functional programming concepts used in many languages!"[0m
  [90m2787 |[0m [32m  },[0m
  [90m2788 |[0m

Parsing ecmascript source code failed

Import traces:
  App Route:
    ./src/data/pythonPrograms.ts
    ./app/api/admin/users/import-teachers-csv/route.ts

  Client Component Browser:
    ./src/data/pythonPrograms.ts [Client Component Browser]
    ./src/sections/ProgramsSection.tsx [Client Component Browser]
    ./src/sections/ProgramsSection.tsx [Server Component]
    ./app/page.tsx [Server Component]

  Client Component SSR:
    ./src/data/pythonPrograms.ts [Client Component SSR]
    ./src/sections/ProgramsSection.tsx [Client Component SSR]
    ./src/sections/ProgramsSection.tsx [Server Component]
    ./app/page.tsx [Server Component]


./src/data/pythonPrograms.ts:2786:14
Cannot assign to this
  [90m2784 |[0m # [33mTRY[0m [33mTHIS[0m: [33mFrom[0m numbers [35m1[0m-[35m20[0m, find the sum [36mof[0m 
all numbers divisible by [35m3[0m
  [90m2785 |[0m [32m`,[0m
[31m[1m>[0m [90m2786 |[0m [32m    funFact: "Map and filter are functional programming concepts used in many 
languages!"[0m
  [90m     |[0m              
[31m[1m^^^^^^^^^^^^^^^^^^^^^^^^^^^^^^^^^^^^^^^^^^^^^^^^^^^^^^^^^^^^^^^^^^^^^^^^^^^^[0m
  [90m2787 |[0m [32m  },[0m
  [90m2788 |[0m
  [90m2789 |[0m [32m  // ==================== FILE HANDLING ====================[0m

Parsing ecmascript source code failed

Import traces:
  App Route:
    ./src/data/pythonPrograms.ts
    ./app/api/admin/users/import-teachers-csv/route.ts

  Client Component Browser:
    ./src/data/pythonPrograms.ts [Client Component Browser]
    ./src/sections/ProgramsSection.tsx [Client Component Browser]
    ./src/sections/ProgramsSection.tsx [Server Component]
    ./app/page.tsx [Server Component]

  Client Component SSR:
    ./src/data/pythonPrograms.ts [Client Component SSR]
    ./src/sections/ProgramsSection.tsx [Client Component SSR]
    ./src/sections/ProgramsSection.tsx [Server Component]
    ./app/page.tsx [Server Component]


./src/data/pythonPrograms.ts:2791:9
Cannot assign to this
  [90m2789 |[0m   [90m// ==================== FILE HANDLING ====================[0m
  [90m2790 |[0m   {
[31m[1m>[0m [90m2791 |[0m     id: [32m"fh-1"[0m,
  [90m     |[0m         [31m[1m^^^^^^[0m
  [90m2792 |[0m     title: [32m"File Write"[0m,
  [90m2793 |[0m     language: [32m"python"[0m [36mas[0m [36mconst[0m,
  [90m2794 |[0m     category: [32m"File Handling"[0m,

Parsing ecmascript source code failed

Import traces:
  App Route:
    ./src/data/pythonPrograms.ts
    ./app/api/admin/users/import-teachers-csv/route.ts

  Client Component Browser:
    ./src/data/pythonPrograms.ts [Client Component Browser]
    ./src/sections/ProgramsSection.tsx [Client Component Browser]
    ./src/sections/ProgramsSection.tsx [Server Component]
    ./app/page.tsx [Server Component]

  Client Component SSR:
    ./src/data/pythonPrograms.ts [Client Component SSR]
    ./src/sections/ProgramsSection.tsx [Client Component SSR]
    ./src/sections/ProgramsSection.tsx [Server Component]
    ./app/page.tsx [Server Component]


./src/data/pythonPrograms.ts:2792:12
Cannot assign to this
  [90m2790 |[0m   {
  [90m2791 |[0m     id: [32m"fh-1"[0m,
[31m[1m>[0m [90m2792 |[0m     title: [32m"File Write"[0m,
  [90m     |[0m            [31m[1m^^^^^^^^^^^^[0m
  [90m2793 |[0m     language: [32m"python"[0m [36mas[0m [36mconst[0m,
  [90m2794 |[0m     category: [32m"File Handling"[0m,
  [90m2795 |[0m     difficulty: [32m"Easy"[0m,

Parsing ecmascript source code failed

Import traces:
  App Route:
    ./src/data/pythonPrograms.ts
    ./app/api/admin/users/import-teachers-csv/route.ts

  Client Component Browser:
    ./src/data/pythonPrograms.ts [Client Component Browser]
    ./src/sections/ProgramsSection.tsx [Client Component Browser]
    ./src/sections/ProgramsSection.tsx [Server Component]
    ./app/page.tsx [Server Component]

  Client Component SSR:
    ./src/data/pythonPrograms.ts [Client Component SSR]
    ./src/sections/ProgramsSection.tsx [Client Component SSR]
    ./src/sections/ProgramsSection.tsx [Server Component]
    ./app/page.tsx [Server Component]


./src/data/pythonPrograms.ts:2794:15
Cannot assign to this
  [90m2792 |[0m     title: [32m"File Write"[0m,
  [90m2793 |[0m     language: [32m"python"[0m [36mas[0m [36mconst[0m,
[31m[1m>[0m [90m2794 |[0m     category: [32m"File Handling"[0m,
  [90m     |[0m               [31m[1m^^^^^^^^^^^^^^^[0m
  [90m2795 |[0m     difficulty: [32m"Easy"[0m,
  [90m2796 |[0m     classLevel: [32m"Class 9"[0m [36mas[0m [36mconst[0m,
  [90m2797 |[0m     description: [32m"Create and write content to files using open() and write()."[0m,

Parsing ecmascript source code failed

Import traces:
  App Route:
    ./src/data/pythonPrograms.ts
    ./app/api/admin/users/import-teachers-csv/route.ts

  Client Component Browser:
    ./src/data/pythonPrograms.ts [Client Component Browser]
    ./src/sections/ProgramsSection.tsx [Client Component Browser]
    ./src/sections/ProgramsSection.tsx [Server Component]
    ./app/page.tsx [Server Component]

  Client Component SSR:
    ./src/data/pythonPrograms.ts [Client Component SSR]
    ./src/sections/ProgramsSection.tsx [Client Component SSR]
    ./src/sections/ProgramsSection.tsx [Server Component]
    ./app/page.tsx [Server Component]


./src/data/pythonPrograms.ts:2795:17
Cannot assign to this
  [90m2793 |[0m     language: [32m"python"[0m [36mas[0m [36mconst[0m,
  [90m2794 |[0m     category: [32m"File Handling"[0m,
[31m[1m>[0m [90m2795 |[0m     difficulty: [32m"Easy"[0m,
  [90m     |[0m                 [31m[1m^^^^^^[0m
  [90m2796 |[0m     classLevel: [32m"Class 9"[0m [36mas[0m [36mconst[0m,
  [90m2797 |[0m     description: [32m"Create and write content to files using open() and write()."[0m,
  [90m2798 |[0m     code: [32m`# ============================================[0m

Parsing ecmascript source code failed

Import traces:
  App Route:
    ./src/data/pythonPrograms.ts
    ./app/api/admin/users/import-teachers-csv/route.ts

  Client Component Browser:
    ./src/data/pythonPrograms.ts [Client Component Browser]
    ./src/sections/ProgramsSection.tsx [Client Component Browser]
    ./src/sections/ProgramsSection.tsx [Server Component]
    ./app/page.tsx [Server Component]

  Client Component SSR:
    ./src/data/pythonPrograms.ts [Client Component SSR]
    ./src/sections/ProgramsSection.tsx [Client Component SSR]
    ./src/sections/ProgramsSection.tsx [Server Component]
    ./app/page.tsx [Server Component]


./src/data/pythonPrograms.ts:2797:18
Cannot assign to this
  [90m2795 |[0m     difficulty: [32m"Easy"[0m,
  [90m2796 |[0m     classLevel: [32m"Class 9"[0m [36mas[0m [36mconst[0m,
[31m[1m>[0m [90m2797 |[0m     description: [32m"Create and write content to files using open() and write()."[0m,
  [90m     |[0m                  [31m[1m^^^^^^^^^^^^^^^^^^^^^^^^^^^^^^^^^^^^^^^^^^^^^^^^^^^^^^^^^^^^^[0m
  [90m2798 |[0m     code: [32m`# ============================================[0m
  [90m2799 |[0m [32m# File Write Operations[0m
  [90m2800 |[0m [32m# ============================================[0m

Parsing ecmascript source code failed

Import traces:
  App Route:
    ./src/data/pythonPrograms.ts
    ./app/api/admin/users/import-teachers-csv/route.ts

  Client Component Browser:
    ./src/data/pythonPrograms.ts [Client Component Browser]
    ./src/sections/ProgramsSection.tsx [Client Component Browser]
    ./src/sections/ProgramsSection.tsx [Server Component]
    ./app/page.tsx [Server Component]

  Client Component SSR:
    ./src/data/pythonPrograms.ts [Client Component SSR]
    ./src/sections/ProgramsSection.tsx [Client Component SSR]
    ./src/sections/ProgramsSection.tsx [Server Component]
    ./app/page.tsx [Server Component]


./src/data/pythonPrograms.ts:2798:11
Cannot assign to this
  [90m2796 |[0m     classLevel: [32m"Class 9"[0m [36mas[0m [36mconst[0m,
  [90m2797 |[0m     description: [32m"Create and write content to files using open() and write()."[0m,
[31m[1m>[0m [90m2798 |[0m     code: [32m`# ============================================[0m
  [90m     |[0m           [31m[1m^^^^^^^^^^^^^^^^^^^^^^^^^^^^^^^^^^^^^^^^^^^^^^[0m
[31m[1m>[0m [90m2799 |[0m [32m# File Write Operations[0m
  [90m     |[0m [31m[1m^^^^^^^^^^^^^^^^^^^^^^^[0m
[31m[1m>[0m [90m2800 |[0m [32m# ============================================[0m
  [90m     |[0m [31m[1m^^^^^^^^^^^^^^^^^^^^^^^^^^^^^^^^^^^^^^^^^^^^^^[0m
[31m[1m>[0m [90m2801 |[0m [32m# Use open() to create/write files[0m
  [90m     |[0m [31m[1m^^^^^^^^^^^^^^^^^^^^^^^^^^^^^^^^^^[0m
[31m[1m>[0m [90m2802 |[0m [32m# Modes: 'w' (write), 'a' (append), 'r' (read)[0m
  [90m     |[0m [31m[1m^^^^^^^^^^^^^^^^^^^^^^^^^^^^^^^^^^^^^^^^^^^^^^[0m
[31m[1m>[0m [90m2803 |[0m [32m# ============================================[0m
  [90m     |[0m [31m[1m^^^^^^^^^^^^^^^^^^^^^^^^^^^^^^^^^^^^^^^^^^^^^^[0m
[31m[1m>[0m [90m2804 |[0m
  [90m     |[0m [31m[1m^[0m
[31m[1m>[0m [90m2805 |[0m [32m# --- Write to a File (creates/overwrites) ---[0m
  [90m     |[0m [31m[1m^^^^^^^^^^^^^^^^^^^^^^^^^^^^^^^^^^^^^^^^^^^^^^[0m
[31m[1m>[0m [90m2806 |[0m [32mfilename = "sample_output.txt"[0m
  [90m     |[0m [31m[1m^^^^^^^^^^^^^^^^^^^^^^^^^^^^^^[0m
[31m[1m>[0m [90m2807 |[0m
  [90m     |[0m [31m[1m^[0m
[31m[1m>[0m [90m2808 |[0m [32m# Method 1: Using write()[0m
  [90m     |[0m [31m[1m^^^^^^^^^^^^^^^^^^^^^^^^^[0m
[31m[1m>[0m [90m2809 |[0m [32mfile = open(filename, "w")[0m
  [90m     |[0m [31m[1m^^^^^^^^^^^^^^^^^^^^^^^^^^[0m
[31m[1m>[0m [90m2810 |[0m [32mfile.write("Hello, File!\\n")[0m
  [90m     |[0m [31m[1m^^^^^^^^^^^^^^^^^^^^^^^^^^^^^[0m
[31m[1m>[0m [90m2811 |[0m [32mfile.write("This is line 2.\\n")[0m
  [90m     |[0m [31m[1m^^^^^^^^^^^^^^^^^^^^^^^^^^^^^^^^[0m
[31m[1m>[0m [90m2812 |[0m [32mfile.write("This is line 3.\\n")[0m
  [90m     |[0m [31m[1m^^^^^^^^^^^^^^^^^^^^^^^^^^^^^^^^[0m
[31m[1m>[0m [90m2813 |[0m [32mfile.close()  # Always close the file![0m
  [90m     |[0m [31m[1m^^^^^^^^^^^^^^^^^^^^^^^^^^^^^^^^^^^^^^[0m
[31m[1m>[0m [90m2814 |[0m
  [90m     |[0m [31m[1m^[0m
[31m[1m>[0m [90m2815 |[0m [32m# --- Append to File ---[0m
  [90m     |[0m [31m[1m^^^^^^^^^^^^^^^^^^^^^^^^[0m
[31m[1m>[0m [90m2816 |[0m [32mfile = open(filename, "a")  # 'a' for append[0m
  [90m     |[0m [31m[1m^^^^^^^^^^^^^^^^^^^^^^^^^^^^^^^^^^^^^^^^^^^^[0m
[31m[1m>[0m [90m2817 |[0m [32mfile.write("This line was appended!\\n")[0m
  [90m     |[0m [31m[1m^^^^^^^^^^^^^^^^^^^^^^^^^^^^^^^^^^^^^^^^[0m
[31m[1m>[0m [90m2818 |[0m [32mfile.close()[0m
  [90m     |[0m [31m[1m^^^^^^^^^^^^[0m
[31m[1m>[0m [90m2819 |[0m
  [90m     |[0m [31m[1m^[0m
[31m[1m>[0m [90m2820 |[0m [32m# --- Read Back to Verify ---[0m
  [90m     |[0m [31m[1m^^^^^^^^^^^^^^^^^^^^^^^^^^^^^[0m
[31m[1m>[0m [90m2821 |[0m [32mfile = open(filename, "r")[0m
  [90m     |[0m [31m[1m^^^^^^^^^^^^^^^^^^^^^^^^^^[0m
[31m[1m>[0m [90m2822 |[0m [32mcontent = file.read()[0m
  [90m     |[0m [31m[1m^^^^^^^^^^^^^^^^^^^^^[0m
[31m[1m>[0m [90m2823 |[0m [32mfile.close()[0m
  [90m     |[0m [31m[1m^^^^^^^^^^^^[0m
[31m[1m>[0m [90m2824 |[0m
  [90m     |[0m [31m[1m^[0m
[31m[1m>[0m [90m2825 |[0m [32mprint("File content:")[0m
  [90m     |[0m [31m[1m^^^^^^^^^^^^^^^^^^^^^^[0m
[31m[1m>[0m [90m2826 |[0m [32mprint(content)[0m
  [90m     |[0m [31m[1m^^^^^^^^^^^^^^[0m
[31m[1m>[0m [90m2827 |[0m
  [90m     |[0m [31m[1m^[0m
[31m[1m>[0m [90m2828 |[0m [32m# --- Better Way: Using 'with' statement ---[0m
  [90m     |[0m [31m[1m^^^^^^^^^^^^^^^^^^^^^^^^^^^^^^^^^^^^^^^^^^^^[0m
[31m[1m>[0m [90m2829 |[0m [32m# Auto-closes the file even if error occurs![0m
  [90m     |[0m [31m[1m^^^^^^^^^^^^^^^^^^^^^^^^^^^^^^^^^^^^^^^^^^^^[0m
[31m[1m>[0m [90m2830 |[0m [32mwith open("data_output.txt", "w") as f:[0m
  [90m     |[0m [31m[1m^^^^^^^^^^^^^^^^^^^^^^^^^^^^^^^^^^^^^^^[0m
[31m[1m>[0m [90m2831 |[0m [32m    f.write("Using 'with' statement\\n")[0m
  [90m     |[0m [31m[1m^^^^^^^^^^^^^^^^^^^^^^^^^^^^^^^^^^^^^^^^[0m
[31m[1m>[0m [90m2832 |[0m [32m    f.write("File auto-closes!\\n")[0m
  [90m     |[0m [31m[1m^^^^^^^^^^^^^^^^^^^^^^^^^^^^^^^^^^^[0m
[31m[1m>[0m [90m2833 |[0m [32m    f.write(f"Written at line 3\\n")[0m
  [90m     |[0m [31m[1m^^^^^^^^^^^^^^^^^^^^^^^^^^^^^^^^^^^^[0m
[31m[1m>[0m [90m2834 |[0m
  [90m     |[0m [31m[1m^[0m
[31m[1m>[0m [90m2835 |[0m [32m# Read and display[0m
  [90m     |[0m [31m[1m^^^^^^^^^^^^^^^^^^[0m
[31m[1m>[0m [90m2836 |[0m [32mwith open("data_output.txt", "r") as f:[0m
  [90m     |[0m [31m[1m^^^^^^^^^^^^^^^^^^^^^^^^^^^^^^^^^^^^^^^[0m
[31m[1m>[0m [90m2837 |[0m [32m    print("\\n'with' statement output:")[0m
  [90m     |[0m [31m[1m^^^^^^^^^^^^^^^^^^^^^^^^^^^^^^^^^^^^^^^^[0m
[31m[1m>[0m [90m2838 |[0m [32m    print(f.read())[0m
  [90m     |[0m [31m[1m^^^^^^^^^^^^^^^^^^^[0m
[31m[1m>[0m [90m2839 |[0m
  [90m     |[0m [31m[1m^[0m
[31m[1m>[0m [90m2840 |[0m [32m# ============================================[0m
  [90m     |[0m [31m[1m^^^^^^^^^^^^^^^^^^^^^^^^^^^^^^^^^^^^^^^^^^^^^^[0m
[31m[1m>[0m [90m2841 |[0m [32m# Execution Trace:[0m
  [90m     |[0m [31m[1m^^^^^^^^^^^^^^^^^^[0m
[31m[1m>[0m [90m2842 |[0m [32m# open("sample_output.txt", "w") -> creates file[0m
  [90m     |[0m [31m[1m^^^^^^^^^^^^^^^^^^^^^^^^^^^^^^^^^^^^^^^^^^^^^^^^[0m
[31m[1m>[0m [90m2843 |[0m [32m# file.write("Hello, File!\\n") -> writes text[0m
  [90m     |[0m [31m[1m^^^^^^^^^^^^^^^^^^^^^^^^^^^^^^^^^^^^^^^^^^^^^^[0m
[31m[1m>[0m [90m2844 |[0m [32m# file.close() -> saves and closes[0m
  [90m     |[0m [31m[1m^^^^^^^^^^^^^^^^^^^^^^^^^^^^^^^^^^[0m
[31m[1m>[0m [90m2845 |[0m [32m# open("data_output.txt", "w") -> new file[0m
  [90m     |[0m [31m[1m^^^^^^^^^^^^^^^^^^^^^^^^^^^^^^^^^^^^^^^^^^[0m
[31m[1m>[0m [90m2846 |[0m [32m# with statement -> auto-closes on exit[0m
  [90m     |[0m [31m[1m^^^^^^^^^^^^^^^^^^^^^^^^^^^^^^^^^^^^^^^[0m
[31m[1m>[0m [90m2847 |[0m [32m# ============================================[0m
  [90m     |[0m [31m[1m^^^^^^^^^^^^^^^^^^^^^^^^^^^^^^^^^^^^^^^^^^^^^^[0m
[31m[1m>[0m [90m2848 |[0m
  [90m     |[0m [31m[1m^[0m
[31m[1m>[0m [90m2849 |[0m [32m# TRY THIS: Write a program that saves a student's name, age, and grade to a 
file[0m
  [90m     |[0m [31m[1m^^^^^^^^^^^^^^^^^^^^^^^^^^^^^^^^^^^^^^^^^^^^^^^^^^^^^^^^^^^^^^^^^^^^^^^^^^^^^^^^^[0m
[31m[1m>[0m [90m2850 |[0m [32m`[0m,
  [90m     |[0m [31m[1m^[0m
  [90m2851 |[0m     funFact: [32m"The 'with' statement uses Python's context manager ΓÇö it's the recommended 
...[0m
  [90m2852 |[0m   },
  [90m2853 |[0m

Parsing ecmascript source code failed

Import traces:
  App Route:
    ./src/data/pythonPrograms.ts
    ./app/api/admin/users/import-teachers-csv/route.ts

  Client Component Browser:
    ./src/data/pythonPrograms.ts [Client Component Browser]
    ./src/sections/ProgramsSection.tsx [Client Component Browser]
    ./src/sections/ProgramsSection.tsx [Server Component]
    ./app/page.tsx [Server Component]

  Client Component SSR:
    ./src/data/pythonPrograms.ts [Client Component SSR]
    ./src/sections/ProgramsSection.tsx [Client Component SSR]
    ./src/sections/ProgramsSection.tsx [Server Component]
    ./app/page.tsx [Server Component]


./src/data/pythonPrograms.ts:2851:14
Cannot assign to this
  [90m2849 |[0m ...[33mWrite[0m a program that saves a student[32m's name, age, and grade to a file[0m
  [90m2850 |[0m ...
[31m[1m>[0m [90m2851 |[0m ...[32m "The '[0m[36mwith[0m[32m' statement uses Python'[0ms context manager ΓÇö 
it[32m's the recommended way!"[0m
  [90m     |[0m     [31m[1m^^^^^^^^^^^^^^^^^^^^^^^^^^^^^^^^^^^^^^^^^^^^^^^^^^^^^^^^^^^^^^^^^^^^^^^^^^^^^^^^[0m
  [90m2852 |[0m ...
  [90m2853 |[0m ...
  [90m2854 |[0m ...[32m============= MODULES & PROJECTS ====================[0m

Parsing ecmascript source code failed

Import traces:
  App Route:
    ./src/data/pythonPrograms.ts
    ./app/api/admin/users/import-teachers-csv/route.ts

  Client Component Browser:
    ./src/data/pythonPrograms.ts [Client Component Browser]
    ./src/sections/ProgramsSection.tsx [Client Component Browser]
    ./src/sections/ProgramsSection.tsx [Server Component]
    ./app/page.tsx [Server Component]

  Client Component SSR:
    ./src/data/pythonPrograms.ts [Client Component SSR]
    ./src/sections/ProgramsSection.tsx [Client Component SSR]
    ./src/sections/ProgramsSection.tsx [Server Component]
    ./app/page.tsx [Server Component]


./src/data/pythonPrograms.ts:2856:9
Cannot assign to this
  [90m2854 |[0m   [90m// ==================== MODULES & PROJECTS ====================[0m
  [90m2855 |[0m   {
[31m[1m>[0m [90m2856 |[0m     id: [32m"mp-3"[0m,
  [90m     |[0m         [31m[1m^^^^^^[0m
  [90m2857 |[0m     title: [32m"Datetime Program"[0m,
  [90m2858 |[0m     language: [32m"python"[0m [36mas[0m [36mconst[0m,
  [90m2859 |[0m     category: [32m"Modules & Projects"[0m,

Parsing ecmascript source code failed

Import traces:
  App Route:
    ./src/data/pythonPrograms.ts
    ./app/api/admin/users/import-teachers-csv/route.ts

  Client Component Browser:
    ./src/data/pythonPrograms.ts [Client Component Browser]
    ./src/sections/ProgramsSection.tsx [Client Component Browser]
    ./src/sections/ProgramsSection.tsx [Server Component]
    ./app/page.tsx [Server Component]

  Client Component SSR:
    ./src/data/pythonPrograms.ts [Client Component SSR]
    ./src/sections/ProgramsSection.tsx [Client Component SSR]
    ./src/sections/ProgramsSection.tsx [Server Component]
    ./app/page.tsx [Server Component]


./src/data/pythonPrograms.ts:2857:12
Cannot assign to this
  [90m2855 |[0m   {
  [90m2856 |[0m     id: [32m"mp-3"[0m,
[31m[1m>[0m [90m2857 |[0m     title: [32m"Datetime Program"[0m,
  [90m     |[0m            [31m[1m^^^^^^^^^^^^^^^^^^[0m
  [90m2858 |[0m     language: [32m"python"[0m [36mas[0m [36mconst[0m,
  [90m2859 |[0m     category: [32m"Modules & Projects"[0m,
  [90m2860 |[0m     difficulty: [32m"Easy"[0m,

Parsing ecmascript source code failed

Import traces:
  App Route:
    ./src/data/pythonPrograms.ts
    ./app/api/admin/users/import-teachers-csv/route.ts

  Client Component Browser:
    ./src/data/pythonPrograms.ts [Client Component Browser]
    ./src/sections/ProgramsSection.tsx [Client Component Browser]
    ./src/sections/ProgramsSection.tsx [Server Component]
    ./app/page.tsx [Server Component]

  Client Component SSR:
    ./src/data/pythonPrograms.ts [Client Component SSR]
    ./src/sections/ProgramsSection.tsx [Client Component SSR]
    ./src/sections/ProgramsSection.tsx [Server Component]
    ./app/page.tsx [Server Component]


./src/data/pythonPrograms.ts:2859:15
Cannot assign to this
  [90m2857 |[0m     title: [32m"Datetime Program"[0m,
  [90m2858 |[0m     language: [32m"python"[0m [36mas[0m [36mconst[0m,
[31m[1m>[0m [90m2859 |[0m     category: [32m"Modules & Projects"[0m,
  [90m     |[0m               [31m[1m^^^^^^^^^^^^^^^^^^^^[0m
  [90m2860 |[0m     difficulty: [32m"Easy"[0m,
  [90m2861 |[0m     classLevel: [32m"Class 9"[0m [36mas[0m [36mconst[0m,
  [90m2862 |[0m     description: [32m"Work with dates and times using Python's datetime module."[0m,

Parsing ecmascript source code failed

Import traces:
  App Route:
    ./src/data/pythonPrograms.ts
    ./app/api/admin/users/import-teachers-csv/route.ts

  Client Component Browser:
    ./src/data/pythonPrograms.ts [Client Component Browser]
    ./src/sections/ProgramsSection.tsx [Client Component Browser]
    ./src/sections/ProgramsSection.tsx [Server Component]
    ./app/page.tsx [Server Component]

  Client Component SSR:
    ./src/data/pythonPrograms.ts [Client Component SSR]
    ./src/sections/ProgramsSection.tsx [Client Component SSR]
    ./src/sections/ProgramsSection.tsx [Server Component]
    ./app/page.tsx [Server Component]


./src/data/pythonPrograms.ts:2860:17
Cannot assign to this
  [90m2858 |[0m     language: [32m"python"[0m [36mas[0m [36mconst[0m,
  [90m2859 |[0m     category: [32m"Modules & Projects"[0m,
[31m[1m>[0m [90m2860 |[0m     difficulty: [32m"Easy"[0m,
  [90m     |[0m                 [31m[1m^^^^^^[0m
  [90m2861 |[0m     classLevel: [32m"Class 9"[0m [36mas[0m [36mconst[0m,
  [90m2862 |[0m     description: [32m"Work with dates and times using Python's datetime module."[0m,
  [90m2863 |[0m     code: [32m`# ============================================[0m

Parsing ecmascript source code failed

Import traces:
  App Route:
    ./src/data/pythonPrograms.ts
    ./app/api/admin/users/import-teachers-csv/route.ts

  Client Component Browser:
    ./src/data/pythonPrograms.ts [Client Component Browser]
    ./src/sections/ProgramsSection.tsx [Client Component Browser]
    ./src/sections/ProgramsSection.tsx [Server Component]
    ./app/page.tsx [Server Component]

  Client Component SSR:
    ./src/data/pythonPrograms.ts [Client Component SSR]
    ./src/sections/ProgramsSection.tsx [Client Component SSR]
    ./src/sections/ProgramsSection.tsx [Server Component]
    ./app/page.tsx [Server Component]


./src/data/pythonPrograms.ts:2862:18
Cannot assign to this
  [90m2860 |[0m     difficulty: [32m"Easy"[0m,
  [90m2861 |[0m     classLevel: [32m"Class 9"[0m [36mas[0m [36mconst[0m,
[31m[1m>[0m [90m2862 |[0m     description: [32m"Work with dates and times using Python's datetime module."[0m,
  [90m     |[0m                  [31m[1m^^^^^^^^^^^^^^^^^^^^^^^^^^^^^^^^^^^^^^^^^^^^^^^^^^^^^^^^^^^[0m
  [90m2863 |[0m     code: [32m`# ============================================[0m
  [90m2864 |[0m [32m# Datetime Program[0m
  [90m2865 |[0m [32m# ============================================[0m

Parsing ecmascript source code failed

Import traces:
  App Route:
    ./src/data/pythonPrograms.ts
    ./app/api/admin/users/import-teachers-csv/route.ts

  Client Component Browser:
    ./src/data/pythonPrograms.ts [Client Component Browser]
    ./src/sections/ProgramsSection.tsx [Client Component Browser]
    ./src/sections/ProgramsSection.tsx [Server Component]
    ./app/page.tsx [Server Component]

  Client Component SSR:
    ./src/data/pythonPrograms.ts [Client Component SSR]
    ./src/sections/ProgramsSection.tsx [Client Component SSR]
    ./src/sections/ProgramsSection.tsx [Server Component]
    ./app/page.tsx [Server Component]


./src/data/pythonPrograms.ts:2863:11
Cannot assign to this
  [90m2861 |[0m     classLevel: [32m"Class 9"[0m [36mas[0m [36mconst[0m,
  [90m2862 |[0m     description: [32m"Work with dates and times using Python's datetime module."[0m,
[31m[1m>[0m [90m2863 |[0m     code: [32m`# ============================================[0m
  [90m     |[0m           [31m[1m^^^^^^^^^^^^^^^^^^^^^^^^^^^^^^^^^^^^^^^^^^^^^^[0m
[31m[1m>[0m [90m2864 |[0m [32m# Datetime Program[0m
  [90m     |[0m [31m[1m^^^^^^^^^^^^^^^^^^[0m
[31m[1m>[0m [90m2865 |[0m [32m# ============================================[0m
  [90m     |[0m [31m[1m^^^^^^^^^^^^^^^^^^^^^^^^^^^^^^^^^^^^^^^^^^^^^^[0m
[31m[1m>[0m [90m2866 |[0m [32m# Python's datetime module handles dates & times[0m
  [90m     |[0m [31m[1m^^^^^^^^^^^^^^^^^^^^^^^^^^^^^^^^^^^^^^^^^^^^^^^^[0m
[31m[1m>[0m [90m2867 |[0m [32m# ============================================[0m
  [90m     |[0m [31m[1m^^^^^^^^^^^^^^^^^^^^^^^^^^^^^^^^^^^^^^^^^^^^^^[0m
[31m[1m>[0m [90m2868 |[0m
  [90m     |[0m [31m[1m^[0m
[31m[1m>[0m [90m2869 |[0m [32mimport datetime[0m
  [90m     |[0m [31m[1m^^^^^^^^^^^^^^^[0m
[31m[1m>[0m [90m2870 |[0m
  [90m     |[0m [31m[1m^[0m
[31m[1m>[0m [90m2871 |[0m [32m# --- Current Date and Time ---[0m
  [90m     |[0m [31m[1m^^^^^^^^^^^^^^^^^^^^^^^^^^^^^^^[0m
[31m[1m>[0m [90m2872 |[0m [32mnow = datetime.datetime.now()[0m
  [90m     |[0m [31m[1m^^^^^^^^^^^^^^^^^^^^^^^^^^^^^[0m
[31m[1m>[0m [90m2873 |[0m [32mprint("Current date and time:", now)[0m
  [90m     |[0m [31m[1m^^^^^^^^^^^^^^^^^^^^^^^^^^^^^^^^^^^^[0m
[31m[1m>[0m [90m2874 |[0m [32mprint("Date:", now.date())[0m
  [90m     |[0m [31m[1m^^^^^^^^^^^^^^^^^^^^^^^^^^[0m
[31m[1m>[0m [90m2875 |[0m [32mprint("Time:", now.time())[0m
  [90m     |[0m [31m[1m^^^^^^^^^^^^^^^^^^^^^^^^^^[0m
[31m[1m>[0m [90m2876 |[0m
  [90m     |[0m [31m[1m^[0m
[31m[1m>[0m [90m2877 |[0m [32m# --- Individual Components ---[0m
  [90m     |[0m [31m[1m^^^^^^^^^^^^^^^^^^^^^^^^^^^^^^^[0m
[31m[1m>[0m [90m2878 |[0m [32mprint(f"\\nYear: {now.year}")[0m
  [90m     |[0m [31m[1m^^^^^^^^^^^^^^^^^^^^^^^^^^^^^[0m
[31m[1m>[0m [90m2879 |[0m [32mprint(f"Month: {now.month}")[0m
  [90m     |[0m [31m[1m^^^^^^^^^^^^^^^^^^^^^^^^^^^^[0m
[31m[1m>[0m [90m2880 |[0m [32mprint(f"Day: {now.day}")[0m
  [90m     |[0m [31m[1m^^^^^^^^^^^^^^^^^^^^^^^^[0m
[31m[1m>[0m [90m2881 |[0m [32mprint(f"Hour: {now.hour}")[0m
  [90m     |[0m [31m[1m^^^^^^^^^^^^^^^^^^^^^^^^^^[0m
[31m[1m>[0m [90m2882 |[0m [32mprint(f"Minute: {now.minute}")[0m
  [90m     |[0m [31m[1m^^^^^^^^^^^^^^^^^^^^^^^^^^^^^^[0m
[31m[1m>[0m [90m2883 |[0m [32mprint(f"Second: {now.second}")[0m
  [90m     |[0m [31m[1m^^^^^^^^^^^^^^^^^^^^^^^^^^^^^^[0m
[31m[1m>[0m [90m2884 |[0m
  [90m     |[0m [31m[1m^[0m
[31m[1m>[0m [90m2885 |[0m [32m# --- Format the Date ---[0m
  [90m     |[0m [31m[1m^^^^^^^^^^^^^^^^^^^^^^^^^[0m
[31m[1m>[0m [90m2886 |[0m [32mprint(f"\\nFormatted: {now.strftime('%d/%m/%Y')}")[0m
  [90m     |[0m [31m[1m^^^^^^^^^^^^^^^^^^^^^^^^^^^^^^^^^^^^^^^^^^^^^^^^^^[0m
[31m[1m>[0m [90m2887 |[0m [32mprint(f"Day name: {now.strftime('%A')}")[0m
  [90m     |[0m [31m[1m^^^^^^^^^^^^^^^^^^^^^^^^^^^^^^^^^^^^^^^^[0m
[31m[1m>[0m [90m2888 |[0m [32mprint(f"Month name: {now.strftime('%B')}")[0m
  [90m     |[0m [31m[1m^^^^^^^^^^^^^^^^^^^^^^^^^^^^^^^^^^^^^^^^^^[0m
[31m[1m>[0m [90m2889 |[0m [32mprint(f"Full: {now.strftime('%A, %d %B %Y')}")[0m
  [90m     |[0m [31m[1m^^^^^^^^^^^^^^^^^^^^^^^^^^^^^^^^^^^^^^^^^^^^^^[0m
[31m[1m>[0m [90m2890 |[0m
  [90m     |[0m [31m[1m^[0m
[31m[1m>[0m [90m2891 |[0m [32m# --- Time Difference ---[0m
  [90m     |[0m [31m[1m^^^^^^^^^^^^^^^^^^^^^^^^^[0m
[31m[1m>[0m [90m2892 |[0m [32mbirthday = datetime.date(2010, 5, 15)[0m
  [90m     |[0m [31m[1m^^^^^^^^^^^^^^^^^^^^^^^^^^^^^^^^^^^^^[0m
[31m[1m>[0m [90m2893 |[0m [32mtoday = datetime.date.today()[0m
  [90m     |[0m [31m[1m^^^^^^^^^^^^^^^^^^^^^^^^^^^^^[0m
[31m[1m>[0m [90m2894 |[0m [32mage_days = (today - birthday).days[0m
  [90m     |[0m [31m[1m^^^^^^^^^^^^^^^^^^^^^^^^^^^^^^^^^^[0m
[31m[1m>[0m [90m2895 |[0m [32mage_years = age_days // 365[0m
  [90m     |[0m [31m[1m^^^^^^^^^^^^^^^^^^^^^^^^^^^[0m
[31m[1m>[0m [90m2896 |[0m [32mprint(f"\\nDays since birthday: {age_days}")[0m
  [90m     |[0m [31m[1m^^^^^^^^^^^^^^^^^^^^^^^^^^^^^^^^^^^^^^^^^^^^[0m
[31m[1m>[0m [90m2897 |[0m [32mprint(f"Approximate age: {age_years} years")[0m
  [90m     |[0m [31m[1m^^^^^^^^^^^^^^^^^^^^^^^^^^^^^^^^^^^^^^^^^^^^[0m
[31m[1m>[0m [90m2898 |[0m
  [90m     |[0m [31m[1m^[0m
[31m[1m>[0m [90m2899 |[0m [32m# --- Create Specific Date ---[0m
  [90m     |[0m [31m[1m^^^^^^^^^^^^^^^^^^^^^^^^^^^^^^[0m
[31m[1m>[0m [90m2900 |[0m [32mexam_date = datetime.date(2026, 3, 15)[0m
  [90m     |[0m [31m[1m^^^^^^^^^^^^^^^^^^^^^^^^^^^^^^^^^^^^^^[0m
[31m[1m>[0m [90m2901 |[0m [32mdays_until_exam = (exam_date - today).days[0m
  [90m     |[0m [31m[1m^^^^^^^^^^^^^^^^^^^^^^^^^^^^^^^^^^^^^^^^^^[0m
[31m[1m>[0m [90m2902 |[0m [32mprint(f"\\nExam date: {exam_date}")[0m
  [90m     |[0m [31m[1m^^^^^^^^^^^^^^^^^^^^^^^^^^^^^^^^^^^[0m
[31m[1m>[0m [90m2903 |[0m [32mprint(f"Days until exam: {days_until_exam}")[0m
  [90m     |[0m [31m[1m^^^^^^^^^^^^^^^^^^^^^^^^^^^^^^^^^^^^^^^^^^^^[0m
[31m[1m>[0m [90m2904 |[0m
  [90m     |[0m [31m[1m^[0m
[31m[1m>[0m [90m2905 |[0m [32m# ============================================[0m
  [90m     |[0m [31m[1m^^^^^^^^^^^^^^^^^^^^^^^^^^^^^^^^^^^^^^^^^^^^^^[0m
[31m[1m>[0m [90m2906 |[0m [32m# Execution Trace:[0m
  [90m     |[0m [31m[1m^^^^^^^^^^^^^^^^^^[0m
[31m[1m>[0m [90m2907 |[0m [32m# datetime.datetime.now() -> current timestamp[0m
  [90m     |[0m [31m[1m^^^^^^^^^^^^^^^^^^^^^^^^^^^^^^^^^^^^^^^^^^^^^^[0m
[31m[1m>[0m [90m2908 |[0m [32m# now.strftime('%d/%m/%Y') -> "26/06/2026"[0m
  [90m     |[0m [31m[1m^^^^^^^^^^^^^^^^^^^^^^^^^^^^^^^^^^^^^^^^^^[0m
[31m[1m>[0m [90m2909 |[0m [32m# (today - birthday).days -> calculates difference[0m
  [90m     |[0m [31m[1m^^^^^^^^^^^^^^^^^^^^^^^^^^^^^^^^^^^^^^^^^^^^^^^^^^[0m
[31m[1m>[0m [90m2910 |[0m [32m# ============================================[0m
  [90m     |[0m [31m[1m^^^^^^^^^^^^^^^^^^^^^^^^^^^^^^^^^^^^^^^^^^^^^^[0m
[31m[1m>[0m [90m2911 |[0m
  [90m     |[0m [31m[1m^[0m
[31m[1m>[0m [90m2912 |[0m [32m# TRY THIS: Create a countdown timer to a specific event date[0m
  [90m     |[0m [31m[1m^^^^^^^^^^^^^^^^^^^^^^^^^^^^^^^^^^^^^^^^^^^^^^^^^^^^^^^^^^^^^[0m
[31m[1m>[0m [90m2913 |[0m [32m`[0m,
  [90m     |[0m [31m[1m^[0m
  [90m2914 |[0m     funFact: [32m"Python's datetime module can even handle time zones and leap years!"[0m
  [90m2915 |[0m   },
  [90m2916 |[0m   {

Parsing ecmascript source code failed

Import traces:
  App Route:
    ./src/data/pythonPrograms.ts
    ./app/api/admin/users/import-teachers-csv/route.ts

  Client Component Browser:
    ./src/data/pythonPrograms.ts [Client Component Browser]
    ./src/sections/ProgramsSection.tsx [Client Component Browser]
    ./src/sections/ProgramsSection.tsx [Server Component]
    ./app/page.tsx [Server Component]

  Client Component SSR:
    ./src/data/pythonPrograms.ts [Client Component SSR]
    ./src/sections/ProgramsSection.tsx [Client Component SSR]
    ./src/sections/ProgramsSection.tsx [Server Component]
    ./app/page.tsx [Server Component]


./src/data/pythonPrograms.ts:2914:14
Cannot assign to this
  [90m2912 |[0m # [33mTRY[0m [33mTHIS[0m: [33mCreate[0m a countdown timer to a specific event date
  [90m2913 |[0m [32m`,[0m
[31m[1m>[0m [90m2914 |[0m [32m    funFact: "Python's datetime module can even handle time zones and leap 
years!"[0m
  [90m     |[0m              [31m[1m^^^^^^^^^^^^^^^^^^^^^^^^^^^^^^^^^^^^^^^^^^^^^^^^^^^^^^^^^^^^^^^^^^^^^[0m
  [90m2915 |[0m [32m  },[0m
  [90m2916 |[0m [32m  {[0m
  [90m2917 |[0m [32m    id: "mp-4",[0m

Parsing ecmascript source code failed

Import traces:
  App Route:
    ./src/data/pythonPrograms.ts
    ./app/api/admin/users/import-teachers-csv/route.ts

  Client Component Browser:
    ./src/data/pythonPrograms.ts [Client Component Browser]
    ./src/sections/ProgramsSection.tsx [Client Component Browser]
    ./src/sections/ProgramsSection.tsx [Server Component]
    ./app/page.tsx [Server Component]

  Client Component SSR:
    ./src/data/pythonPrograms.ts [Client Component SSR]
    ./src/sections/ProgramsSection.tsx [Client Component SSR]
    ./src/sections/ProgramsSection.tsx [Server Component]
    ./app/page.tsx [Server Component]


./src/data/pythonPrograms.ts:2917:9
Cannot assign to this
  [90m2915 |[0m [32m  },[0m
  [90m2916 |[0m [32m  {[0m
[31m[1m>[0m [90m2917 |[0m [32m    id: "mp-4",[0m
  [90m     |[0m         [31m[1m^^^^^^[0m
  [90m2918 |[0m [32m    title: "Random Password Generator",[0m
  [90m2919 |[0m [32m    language: "python" as const,[0m
  [90m2920 |[0m [32m    category: "Modules & Projects",[0m

Parsing ecmascript source code failed

Import traces:
  App Route:
    ./src/data/pythonPrograms.ts
    ./app/api/admin/users/import-teachers-csv/route.ts

  Client Component Browser:
    ./src/data/pythonPrograms.ts [Client Component Browser]
    ./src/sections/ProgramsSection.tsx [Client Component Browser]
    ./src/sections/ProgramsSection.tsx [Server Component]
    ./app/page.tsx [Server Component]

  Client Component SSR:
    ./src/data/pythonPrograms.ts [Client Component SSR]
    ./src/sections/ProgramsSection.tsx [Client Component SSR]
    ./src/sections/ProgramsSection.tsx [Server Component]
    ./app/page.tsx [Server Component]


./src/data/pythonPrograms.ts:2918:12
Cannot assign to this
  [90m2916 |[0m [32m  {[0m
  [90m2917 |[0m [32m    id: "mp-4",[0m
[31m[1m>[0m [90m2918 |[0m [32m    title: "Random Password Generator",[0m
  [90m     |[0m            [31m[1m^^^^^^^^^^^^^^^^^^^^^^^^^^^[0m
  [90m2919 |[0m [32m    language: "python" as const,[0m
  [90m2920 |[0m [32m    category: "Modules & Projects",[0m
  [90m2921 |[0m [32m    difficulty: "Medium",[0m

Parsing ecmascript source code failed

Import traces:
  App Route:
    ./src/data/pythonPrograms.ts
    ./app/api/admin/users/import-teachers-csv/route.ts

  Client Component Browser:
    ./src/data/pythonPrograms.ts [Client Component Browser]
    ./src/sections/ProgramsSection.tsx [Client Component Browser]
    ./src/sections/ProgramsSection.tsx [Server Component]
    ./app/page.tsx [Server Component]

  Client Component SSR:
    ./src/data/pythonPrograms.ts [Client Component SSR]
    ./src/sections/ProgramsSection.tsx [Client Component SSR]
    ./src/sections/ProgramsSection.tsx [Server Component]
    ./app/page.tsx [Server Component]


./src/data/pythonPrograms.ts:2920:15
Cannot assign to this
  [90m2918 |[0m [32m    title: "Random Password Generator",[0m
  [90m2919 |[0m [32m    language: "python" as const,[0m
[31m[1m>[0m [90m2920 |[0m [32m    category: "Modules & Projects",[0m
  [90m     |[0m               [31m[1m^^^^^^^^^^^^^^^^^^^^[0m
  [90m2921 |[0m [32m    difficulty: "Medium",[0m
  [90m2922 |[0m [32m    classLevel: "Class 9" as const,[0m
  [90m2923 |[0m [32m    description: "Generate secure random passwords using the random module.",[0m

Parsing ecmascript source code failed

Import traces:
  App Route:
    ./src/data/pythonPrograms.ts
    ./app/api/admin/users/import-teachers-csv/route.ts

  Client Component Browser:
    ./src/data/pythonPrograms.ts [Client Component Browser]
    ./src/sections/ProgramsSection.tsx [Client Component Browser]
    ./src/sections/ProgramsSection.tsx [Server Component]
    ./app/page.tsx [Server Component]

  Client Component SSR:
    ./src/data/pythonPrograms.ts [Client Component SSR]
    ./src/sections/ProgramsSection.tsx [Client Component SSR]
    ./src/sections/ProgramsSection.tsx [Server Component]
    ./app/page.tsx [Server Component]


./src/data/pythonPrograms.ts:2921:17
Cannot assign to this
  [90m2919 |[0m [32m    language: "python" as const,[0m
  [90m2920 |[0m [32m    category: "Modules & Projects",[0m
[31m[1m>[0m [90m2921 |[0m [32m    difficulty: "Medium",[0m
  [90m     |[0m                 [31m[1m^^^^^^^^[0m
  [90m2922 |[0m [32m    classLevel: "Class 9" as const,[0m
  [90m2923 |[0m [32m    description: "Generate secure random passwords using the random module.",[0m
  [90m2924 |[0m [32m    code: `[0m# ============================================

Parsing ecmascript source code failed

Import traces:
  App Route:
    ./src/data/pythonPrograms.ts
    ./app/api/admin/users/import-teachers-csv/route.ts

  Client Component Browser:
    ./src/data/pythonPrograms.ts [Client Component Browser]
    ./src/sections/ProgramsSection.tsx [Client Component Browser]
    ./src/sections/ProgramsSection.tsx [Server Component]
    ./app/page.tsx [Server Component]

  Client Component SSR:
    ./src/data/pythonPrograms.ts [Client Component SSR]
    ./src/sections/ProgramsSection.tsx [Client Component SSR]
    ./src/sections/ProgramsSection.tsx [Server Component]
    ./app/page.tsx [Server Component]


./src/data/pythonPrograms.ts:2923:18
Cannot assign to this
  [90m2921 |[0m [32m    difficulty: "Medium",[0m
  [90m2922 |[0m [32m    classLevel: "Class 9" as const,[0m
[31m[1m>[0m [90m2923 |[0m [32m    description: "Generate secure random passwords using the random module.",[0m
  [90m     |[0m                  [31m[1m^^^^^^^^^^^^^^^^^^^^^^^^^^^^^^^^^^^^^^^^^^^^^^^^^^^^^^^^^^^[0m
  [90m2924 |[0m [32m    code: `[0m# ============================================
  [90m2925 |[0m # [33mRandom[0m [33mPassword[0m [33mGenerator[0m
  [90m2926 |[0m # ============================================

Parsing ecmascript source code failed

Import traces:
  App Route:
    ./src/data/pythonPrograms.ts
    ./app/api/admin/users/import-teachers-csv/route.ts

  Client Component Browser:
    ./src/data/pythonPrograms.ts [Client Component Browser]
    ./src/sections/ProgramsSection.tsx [Client Component Browser]
    ./src/sections/ProgramsSection.tsx [Server Component]
    ./app/page.tsx [Server Component]

  Client Component SSR:
    ./src/data/pythonPrograms.ts [Client Component SSR]
    ./src/sections/ProgramsSection.tsx [Client Component SSR]
    ./src/sections/ProgramsSection.tsx [Server Component]
    ./app/page.tsx [Server Component]


./src/data/pythonPrograms.ts:2924:11
Cannot assign to this
  [90m2922 |[0m [32m    classLevel: "Class 9" as const,[0m
  [90m2923 |[0m [32m    description: "Generate secure random passwords using the random module.",[0m
[31m[1m>[0m [90m2924 |[0m [32m    code: `[0m# ============================================
  [90m     |[0m           [31m[1m^^^^^^^^^^^^^^^^^^^^^^^^^^^^^^^^^^^^^^^^^^^^^^[0m
[31m[1m>[0m [90m2925 |[0m # [33mRandom[0m [33mPassword[0m [33mGenerator[0m
  [90m     |[0m [31m[1m^^^^^^^^^^^^^^^^^^^^^^^^^^^[0m
[31m[1m>[0m [90m2926 |[0m # ============================================
  [90m     |[0m [31m[1m^^^^^^^^^^^^^^^^^^^^^^^^^^^^^^^^^^^^^^^^^^^^^^[0m
[31m[1m>[0m [90m2927 |[0m # [33mUses[0m random.choice() to pick random characters
  [90m     |[0m [31m[1m^^^^^^^^^^^^^^^^^^^^^^^^^^^^^^^^^^^^^^^^^^^^^^^^[0m
[31m[1m>[0m [90m2928 |[0m # ============================================
  [90m     |[0m [31m[1m^^^^^^^^^^^^^^^^^^^^^^^^^^^^^^^^^^^^^^^^^^^^^^[0m
[31m[1m>[0m [90m2929 |[0m
  [90m     |[0m [31m[1m^[0m
[31m[1m>[0m [90m2930 |[0m [36mimport[0m random
  [90m     |[0m [31m[1m^^^^^^^^^^^^^[0m
[31m[1m>[0m [90m2931 |[0m [36mimport[0m string
  [90m     |[0m [31m[1m^^^^^^^^^^^^^[0m
[31m[1m>[0m [90m2932 |[0m
  [90m     |[0m [31m[1m^[0m
[31m[1m>[0m [90m2933 |[0m # --- [33mCharacters[0m to [33mUse[0m ---
  [90m     |[0m [31m[1m^^^^^^^^^^^^^^^^^^^^^^^^^^^[0m
[31m[1m>[0m [90m2934 |[0m letters = string.ascii_letters  # a-z, [33mA[0m-[33mZ[0m
  [90m     |[0m [31m[1m^^^^^^^^^^^^^^^^^^^^^^^^^^^^^^^^^^^^^^^^^^[0m
[31m[1m>[0m [90m2935 |[0m digits = string.digits          # [35m0[0m-[35m9[0m
  [90m     |[0m [31m[1m^^^^^^^^^^^^^^^^^^^^^^^^^^^^^^^^^^^^^[0m
[31m[1m>[0m [90m2936 |[0m special = [32m"!@#$%^&*"[0m
  [90m     |[0m [31m[1m^^^^^^^^^^^^^^^^^^^^[0m
[31m[1m>[0m [90m2937 |[0m all_chars = letters + digits + special
  [90m     |[0m [31m[1m^^^^^^^^^^^^^^^^^^^^^^^^^^^^^^^^^^^^^^[0m
[31m[1m>[0m [90m2938 |[0m
  [90m     |[0m [31m[1m^[0m
[31m[1m>[0m [90m2939 |[0m # --- [33mGenerate[0m [33mPassword[0m ---
  [90m     |[0m [31m[1m^^^^^^^^^^^^^^^^^^^^^^^^^^^[0m
[31m[1m>[0m [90m2940 |[0m def generate_password(length=[35m12[0m):
  [90m     |[0m [31m[1m^^^^^^^^^^^^^^^^^^^^^^^^^^^^^^^^^[0m
[31m[1m>[0m [90m2941 |[0m     [32m""[0m[32m"Generates a random password of given length."[0m[32m""[0m
  [90m     |[0m [31m[1m^^^^^^^^^^^^^^^^^^^^^^^^^^^^^^^^^^^^^^^^^^^^^^^^^^^^^^[0m
[31m[1m>[0m [90m2942 |[0m     password = [32m""[0m
  [90m     |[0m [31m[1m^^^^^^^^^^^^^^^^^[0m
[31m[1m>[0m [90m2943 |[0m     [36mfor[0m _ [36min[0m range(length):
  [90m     |[0m [31m[1m^^^^^^^^^^^^^^^^^^^^^^^^^^^[0m
[31m[1m>[0m [90m2944 |[0m         password += random.choice(all_chars)
  [90m     |[0m [31m[1m^^^^^^^^^^^^^^^^^^^^^^^^^^^^^^^^^^^^^^^^^^^^[0m
[31m[1m>[0m [90m2945 |[0m     [36mreturn[0m password
  [90m     |[0m [31m[1m^^^^^^^^^^^^^^^^^^^[0m
[31m[1m>[0m [90m2946 |[0m
  [90m     |[0m [31m[1m^[0m
[31m[1m>[0m [90m2947 |[0m # --- [33mGenerate[0m [33mMultiple[0m [33mPasswords[0m ---
  [90m     |[0m [31m[1m^^^^^^^^^^^^^^^^^^^^^^^^^^^^^^^^^^^^^[0m
[31m[1m>[0m [90m2948 |[0m print([32m"Generated Passwords:"[0m)
  [90m     |[0m [31m[1m^^^^^^^^^^^^^^^^^^^^^^^^^^^^^[0m
[31m[1m>[0m [90m2949 |[0m print([32m"-"[0m * [35m30[0m)
  [90m     |[0m [31m[1m^^^^^^^^^^^^^^^[0m
[31m[1m>[0m [90m2950 |[0m [36mfor[0m i [36min[0m range([35m5[0m):
  [90m     |[0m [31m[1m^^^^^^^^^^^^^^^^^^[0m
[31m[1m>[0m [90m2951 |[0m     pwd = generate_password([35m12[0m)
  [90m     |[0m [31m[1m^^^^^^^^^^^^^^^^^^^^^^^^^^^^^^^[0m
[31m[1m>[0m [90m2952 |[0m     print(f[32m"  {i+1}. {pwd}"[0m)
  [90m     |[0m [31m[1m^^^^^^^^^^^^^^^^^^^^^^^^^^^^[0m
[31m[1m>[0m [90m2953 |[0m
  [90m     |[0m [31m[1m^[0m
[31m[1m>[0m [90m2954 |[0m # --- [33mGenerate[0m [36mwith[0m [33mGuaranteed[0m [33mCharacters[0m ---
  [90m     |[0m [31m[1m^^^^^^^^^^^^^^^^^^^^^^^^^^^^^^^^^^^^^^^^^^^^^[0m
[31m[1m>[0m [90m2955 |[0m def generate_strong_password(length=[35m12[0m):
  [90m     |[0m [31m[1m^^^^^^^^^^^^^^^^^^^^^^^^^^^^^^^^^^^^^^^^[0m
[31m[1m>[0m [90m2956 |[0m     [32m""[0m[32m"Ensures at least one of each type."[0m[32m""[0m
  [90m     |[0m [31m[1m^^^^^^^^^^^^^^^^^^^^^^^^^^^^^^^^^^^^^^^^^^^^[0m
[31m[1m>[0m [90m2957 |[0m     [36mif[0m length < [35m4[0m:
  [90m     |[0m [31m[1m^^^^^^^^^^^^^^^^^^[0m
[31m[1m>[0m [90m2958 |[0m         length = [35m4[0m  # [33mMinimum[0m length
  [90m     |[0m [31m[1m^^^^^^^^^^^^^^^^^^^^^^^^^^^^^^^^^^^^[0m
[31m[1m>[0m [90m2959 |[0m
  [90m     |[0m [31m[1m^[0m
[31m[1m>[0m [90m2960 |[0m     # [33mStart[0m [36mwith[0m one [36mof[0m each [36mtype[0m
  [90m     |[0m [31m[1m^^^^^^^^^^^^^^^^^^^^^^^^^^^^^^^^^[0m
[31m[1m>[0m [90m2961 |[0m     password = [
  [90m     |[0m [31m[1m^^^^^^^^^^^^^^^^[0m
[31m[1m>[0m [90m2962 |[0m         random.choice(string.ascii_lowercase),
  [90m     |[0m [31m[1m^^^^^^^^^^^^^^^^^^^^^^^^^^^^^^^^^^^^^^^^^^^^^^[0m
[31m[1m>[0m [90m2963 |[0m         random.choice(string.ascii_uppercase),
  [90m     |[0m [31m[1m^^^^^^^^^^^^^^^^^^^^^^^^^^^^^^^^^^^^^^^^^^^^^^[0m
[31m[1m>[0m [90m2964 |[0m         random.choice(string.digits),
  [90m     |[0m [31m[1m^^^^^^^^^^^^^^^^^^^^^^^^^^^^^^^^^^^^^[0m
[31m[1m>[0m [90m2965 |[0m         random.choice(special)
  [90m     |[0m [31m[1m^^^^^^^^^^^^^^^^^^^^^^^^^^^^^^[0m
[31m[1m>[0m [90m2966 |[0m     ]
  [90m     |[0m [31m[1m^^^^^[0m
[31m[1m>[0m [90m2967 |[0m
  [90m     |[0m [31m[1m^[0m
[31m[1m>[0m [90m2968 |[0m     # [33mFill[0m the rest randomly
  [90m     |[0m [31m[1m^^^^^^^^^^^^^^^^^^^^^^^^^^^^[0m
[31m[1m>[0m [90m2969 |[0m     [36mfor[0m _ [36min[0m range(length - [35m4[0m):
  [90m     |[0m [31m[1m^^^^^^^^^^^^^^^^^^^^^^^^^^^^^^^[0m
[31m[1m>[0m [90m2970 |[0m         password.append(random.choice(all_chars))
  [90m     |[0m [31m[1m^^^^^^^^^^^^^^^^^^^^^^^^^^^^^^^^^^^^^^^^^^^^^^^^^[0m
[31m[1m>[0m [90m2971 |[0m
  [90m     |[0m [31m[1m^[0m
[31m[1m>[0m [90m2972 |[0m     # [33mShuffle[0m to mix positions
  [90m     |[0m [31m[1m^^^^^^^^^^^^^^^^^^^^^^^^^^^^^^[0m
[31m[1m>[0m [90m2973 |[0m     random.shuffle(password)
  [90m     |[0m [31m[1m^^^^^^^^^^^^^^^^^^^^^^^^^^^^[0m
[31m[1m>[0m [90m2974 |[0m     [36mreturn[0m [32m""[0m.join(password)
  [90m     |[0m [31m[1m^^^^^^^^^^^^^^^^^^^^^^^^^^^^[0m
[31m[1m>[0m [90m2975 |[0m
  [90m     |[0m [31m[1m^[0m
[31m[1m>[0m [90m2976 |[0m print([32m"\\nStrong Passwords (guaranteed variety):"[0m)
  [90m     |[0m [31m[1m^^^^^^^^^^^^^^^^^^^^^^^^^^^^^^^^^^^^^^^^^^^^^^^^^^[0m
[31m[1m>[0m [90m2977 |[0m print([32m"-"[0m * [35m40[0m)
  [90m     |[0m [31m[1m^^^^^^^^^^^^^^^[0m
[31m[1m>[0m [90m2978 |[0m [36mfor[0m i [36min[0m range([35m3[0m):
  [90m     |[0m [31m[1m^^^^^^^^^^^^^^^^^^[0m
[31m[1m>[0m [90m2979 |[0m     pwd = generate_strong_password([35m16[0m)
  [90m     |[0m [31m[1m^^^^^^^^^^^^^^^^^^^^^^^^^^^^^^^^^^^^^^[0m
[31m[1m>[0m [90m2980 |[0m     print(f[32m"  {i+1}. {pwd}"[0m)
  [90m     |[0m [31m[1m^^^^^^^^^^^^^^^^^^^^^^^^^^^^[0m
[31m[1m>[0m [90m2981 |[0m
  [90m     |[0m [31m[1m^[0m
[31m[1m>[0m [90m2982 |[0m # ============================================
  [90m     |[0m [31m[1m^^^^^^^^^^^^^^^^^^^^^^^^^^^^^^^^^^^^^^^^^^^^^^[0m
[31m[1m>[0m [90m2983 |[0m # [33mExecution[0m [33mTrace[0m:
  [90m     |[0m [31m[1m^^^^^^^^^^^^^^^^^^[0m
[31m[1m>[0m [90m2984 |[0m # random.choice([32m"!@#$%^&*0123..."[0m) -> picks one character
  [90m     |[0m [31m[1m^^^^^^^^^^^^^^^^^^^^^^^^^^^^^^^^^^^^^^^^^^^^^^^^^^^^^^^^^[0m
[31m[1m>[0m [90m2985 |[0m # [33mLoop[0m [35m12[0m times -> builds password string
  [90m     |[0m [31m[1m^^^^^^^^^^^^^^^^^^^^^^^^^^^^^^^^^^^^^^^^^[0m
[31m[1m>[0m [90m2986 |[0m # random.shuffle() -> mixes character positions
  [90m     |[0m [31m[1m^^^^^^^^^^^^^^^^^^^^^^^^^^^^^^^^^^^^^^^^^^^^^^^[0m
[31m[1m>[0m [90m2987 |[0m # [33mOutput[0m: [33mRandom[0m [35m12[0m-[35m16[0m character passwords
  [90m     |[0m [31m[1m^^^^^^^^^^^^^^^^^^^^^^^^^^^^^^^^^^^^^^^^^^[0m
[31m[1m>[0m [90m2988 |[0m # ============================================
  [90m     |[0m [31m[1m^^^^^^^^^^^^^^^^^^^^^^^^^^^^^^^^^^^^^^^^^^^^^^[0m
[31m[1m>[0m [90m2989 |[0m
  [90m     |[0m [31m[1m^[0m
[31m[1m>[0m [90m2990 |[0m # [33mTRY[0m [33mTHIS[0m: [33mAdd[0m a [36mfunction[0m that checks password 
strength (weak/medium/strong)
  [90m     |[0m [31m[1m^^^^^^^^^^^^^^^^^^^^^^^^^^^^^^^^^^^^^^^^^^^^^^^^^^^^^^^^^^^^^^^^^^^^^^^^^^^^^[0m
[31m[1m>[0m [90m2991 |[0m [32m`,[0m
  [90m     |[0m [31m[1m^[0m
  [90m2992 |[0m [32m    funFact: "Never use random passwords for real accounts ΓÇö use a password manager 
inst...[0m
  [90m2993 |[0m [32m  },[0m
  [90m2994 |[0m

Parsing ecmascript source code failed

Import traces:
  App Route:
    ./src/data/pythonPrograms.ts
    ./app/api/admin/users/import-teachers-csv/route.ts

  Client Component Browser:
    ./src/data/pythonPrograms.ts [Client Component Browser]
    ./src/sections/ProgramsSection.tsx [Client Component Browser]
    ./src/sections/ProgramsSection.tsx [Server Component]
    ./app/page.tsx [Server Component]

  Client Component SSR:
    ./src/data/pythonPrograms.ts [Client Component SSR]
    ./src/sections/ProgramsSection.tsx [Client Component SSR]
    ./src/sections/ProgramsSection.tsx [Server Component]
    ./app/page.tsx [Server Component]


./src/data/pythonPrograms.ts:2992:14
Cannot assign to this
  [90m2990 |[0m ...[33mAdd[0m a [36mfunction[0m that checks password strength (weak/medium/strong)
  [90m2991 |[0m ...
[31m[1m>[0m [90m2992 |[0m ...[32m "Never use random passwords for real accounts ΓÇö use a password manager 
instead!"[0m
  [90m     |[0m     [31m[1m^^^^^^^^^^^^^^^^^^^^^^^^^^^^^^^^^^^^^^^^^^^^^^^^^^^^^^^^^^^^^^^^^^^^^^^^^^^^^^^^[0m
  [90m2993 |[0m ...
  [90m2994 |[0m ...
  [90m2995 |[0m ...[32m============= FUNCTIONS (OOP PREVIEW) ====================[0m

Parsing ecmascript source code failed

Import traces:
  App Route:
    ./src/data/pythonPrograms.ts
    ./app/api/admin/users/import-teachers-csv/route.ts

  Client Component Browser:
    ./src/data/pythonPrograms.ts [Client Component Browser]
    ./src/sections/ProgramsSection.tsx [Client Component Browser]
    ./src/sections/ProgramsSection.tsx [Server Component]
    ./app/page.tsx [Server Component]

  Client Component SSR:
    ./src/data/pythonPrograms.ts [Client Component SSR]
    ./src/sections/ProgramsSection.tsx [Client Component SSR]
    ./src/sections/ProgramsSection.tsx [Server Component]
    ./app/page.tsx [Server Component]


./src/data/pythonPrograms.ts:2997:9
Cannot assign to this
  [90m2995 |[0m   [90m// ==================== FUNCTIONS (OOP PREVIEW) ====================[0m
  [90m2996 |[0m   {
[31m[1m>[0m [90m2997 |[0m     id: [32m"fn-7"[0m,
  [90m     |[0m         [31m[1m^^^^^^[0m
  [90m2998 |[0m     title: [32m"Calculator Class Preview"[0m,
  [90m2999 |[0m     language: [32m"python"[0m [36mas[0m [36mconst[0m,
  [90m3000 |[0m     category: [32m"Functions"[0m,

Parsing ecmascript source code failed

Import traces:
  App Route:
    ./src/data/pythonPrograms.ts
    ./app/api/admin/users/import-teachers-csv/route.ts

  Client Component Browser:
    ./src/data/pythonPrograms.ts [Client Component Browser]
    ./src/sections/ProgramsSection.tsx [Client Component Browser]
    ./src/sections/ProgramsSection.tsx [Server Component]
    ./app/page.tsx [Server Component]

  Client Component SSR:
    ./src/data/pythonPrograms.ts [Client Component SSR]
    ./src/sections/ProgramsSection.tsx [Client Component SSR]
    ./src/sections/ProgramsSection.tsx [Server Component]
    ./app/page.tsx [Server Component]


./src/data/pythonPrograms.ts:2998:12
Cannot assign to this
  [90m2996 |[0m   {
  [90m2997 |[0m     id: [32m"fn-7"[0m,
[31m[1m>[0m [90m2998 |[0m     title: [32m"Calculator Class Preview"[0m,
  [90m     |[0m            [31m[1m^^^^^^^^^^^^^^^^^^^^^^^^^^[0m
  [90m2999 |[0m     language: [32m"python"[0m [36mas[0m [36mconst[0m,
  [90m3000 |[0m     category: [32m"Functions"[0m,
  [90m3001 |[0m     difficulty: [32m"Medium"[0m,

Parsing ecmascript source code failed

Import traces:
  App Route:
    ./src/data/pythonPrograms.ts
    ./app/api/admin/users/import-teachers-csv/route.ts

  Client Component Browser:
    ./src/data/pythonPrograms.ts [Client Component Browser]
    ./src/sections/ProgramsSection.tsx [Client Component Browser]
    ./src/sections/ProgramsSection.tsx [Server Component]
    ./app/page.tsx [Server Component]

  Client Component SSR:
    ./src/data/pythonPrograms.ts [Client Component SSR]
    ./src/sections/ProgramsSection.tsx [Client Component SSR]
    ./src/sections/ProgramsSection.tsx [Server Component]
    ./app/page.tsx [Server Component]


./src/data/pythonPrograms.ts:3000:15
Cannot assign to this
  [90m2998 |[0m     title: [32m"Calculator Class Preview"[0m,
  [90m2999 |[0m     language: [32m"python"[0m [36mas[0m [36mconst[0m,
[31m[1m>[0m [90m3000 |[0m     category: [32m"Functions"[0m,
  [90m     |[0m               [31m[1m^^^^^^^^^^^[0m
  [90m3001 |[0m     difficulty: [32m"Medium"[0m,
  [90m3002 |[0m     classLevel: [32m"Class 9"[0m [36mas[0m [36mconst[0m,
  [90m3003 |[0m     description: [32m"Introduction to classes and objects ΓÇö the foundation of 
Object-Oriente.[0m..

Parsing ecmascript source code failed

Import traces:
  App Route:
    ./src/data/pythonPrograms.ts
    ./app/api/admin/users/import-teachers-csv/route.ts

  Client Component Browser:
    ./src/data/pythonPrograms.ts [Client Component Browser]
    ./src/sections/ProgramsSection.tsx [Client Component Browser]
    ./src/sections/ProgramsSection.tsx [Server Component]
    ./app/page.tsx [Server Component]

  Client Component SSR:
    ./src/data/pythonPrograms.ts [Client Component SSR]
    ./src/sections/ProgramsSection.tsx [Client Component SSR]
    ./src/sections/ProgramsSection.tsx [Server Component]
    ./app/page.tsx [Server Component]


./src/data/pythonPrograms.ts:3001:17
Cannot assign to this
  [90m2999 |[0m     language: [32m"python"[0m [36mas[0m [36mconst[0m,
  [90m3000 |[0m     category: [32m"Functions"[0m,
[31m[1m>[0m [90m3001 |[0m     difficulty: [32m"Medium"[0m,
  [90m     |[0m                 [31m[1m^^^^^^^^[0m
  [90m3002 |[0m     classLevel: [32m"Class 9"[0m [36mas[0m [36mconst[0m,
  [90m3003 |[0m     description: [32m"Introduction to classes and objects ΓÇö the foundation of 
Object-Oriente...[0m
  [90m3004 |[0m     code: [32m`# ============================================[0m

Parsing ecmascript source code failed

Import traces:
  App Route:
    ./src/data/pythonPrograms.ts
    ./app/api/admin/users/import-teachers-csv/route.ts

  Client Component Browser:
    ./src/data/pythonPrograms.ts [Client Component Browser]
    ./src/sections/ProgramsSection.tsx [Client Component Browser]
    ./src/sections/ProgramsSection.tsx [Server Component]
    ./app/page.tsx [Server Component]

  Client Component SSR:
    ./src/data/pythonPrograms.ts [Client Component SSR]
    ./src/sections/ProgramsSection.tsx [Client Component SSR]
    ./src/sections/ProgramsSection.tsx [Server Component]
    ./app/page.tsx [Server Component]


./src/data/pythonPrograms.ts:3003:18
Cannot assign to this
  [90m3001 |[0m ...[32mdium"[0m,
  [90m3002 |[0m ...[32mass 9"[0m [36mas[0m [36mconst[0m,
[31m[1m>[0m [90m3003 |[0m ...[32mntroduction to classes and objects ΓÇö the foundation of Object-Oriented 
Programming."[0m,
  [90m     |[0m    
[31m[1m^^^^^^^^^^^^^^^^^^^^^^^^^^^^^^^^^^^^^^^^^^^^^^^^^^^^^^^^^^^^^^^^^^^^^^^^^^^^^^^^^^^^^^[0m
  [90m3004 |[0m ...[32m======================================[0m
  [90m3005 |[0m ...[32mPreview (OOP Introduction)[0m
  [90m3006 |[0m ...[32m===========================[0m

Parsing ecmascript source code failed

Import traces:
  App Route:
    ./src/data/pythonPrograms.ts
    ./app/api/admin/users/import-teachers-csv/route.ts

  Client Component Browser:
    ./src/data/pythonPrograms.ts [Client Component Browser]
    ./src/sections/ProgramsSection.tsx [Client Component Browser]
    ./src/sections/ProgramsSection.tsx [Server Component]
    ./app/page.tsx [Server Component]

  Client Component SSR:
    ./src/data/pythonPrograms.ts [Client Component SSR]
    ./src/sections/ProgramsSection.tsx [Client Component SSR]
    ./src/sections/ProgramsSection.tsx [Server Component]
    ./app/page.tsx [Server Component]


./src/data/pythonPrograms.ts:3004:11
Cannot assign to this
  [90m3002 |[0m     classLevel: [32m"Class 9"[0m [36mas[0m [36mconst[0m,
  [90m3003 |[0m     description: [32m"Introduction to classes and objects ΓÇö the foundation of 
Object-Oriente...[0m
[31m[1m>[0m [90m3004 |[0m     code: [32m`# ============================================[0m
  [90m     |[0m           [31m[1m^^^^^^^^^^^^^^^^^^^^^^^^^^^^^^^^^^^^^^^^^^^^^^[0m
[31m[1m>[0m [90m3005 |[0m [32m# Calculator Class Preview (OOP Introduction)[0m
  [90m     |[0m [31m[1m^^^^^^^^^^^^^^^^^^^^^^^^^^^^^^^^^^^^^^^^^^^^^[0m
[31m[1m>[0m [90m3006 |[0m [32m# ============================================[0m
  [90m     |[0m [31m[1m^^^^^^^^^^^^^^^^^^^^^^^^^^^^^^^^^^^^^^^^^^^^^^[0m
[31m[1m>[0m [90m3007 |[0m [32m# Classes are blueprints for creating objects[0m
  [90m     |[0m [31m[1m^^^^^^^^^^^^^^^^^^^^^^^^^^^^^^^^^^^^^^^^^^^^^[0m
[31m[1m>[0m [90m3008 |[0m [32m# They bundle data (attributes) and behavior (methods)[0m
  [90m     |[0m [31m[1m^^^^^^^^^^^^^^^^^^^^^^^^^^^^^^^^^^^^^^^^^^^^^^^^^^^^^^[0m
[31m[1m>[0m [90m3009 |[0m [32m# ============================================[0m
  [90m     |[0m [31m[1m^^^^^^^^^^^^^^^^^^^^^^^^^^^^^^^^^^^^^^^^^^^^^^[0m
[31m[1m>[0m [90m3010 |[0m
  [90m     |[0m [31m[1m^[0m
[31m[1m>[0m [90m3011 |[0m [32m# --- Define a Class ---[0m
  [90m     |[0m [31m[1m^^^^^^^^^^^^^^^^^^^^^^^^[0m
[31m[1m>[0m [90m3012 |[0m [32mclass Calculator:[0m
  [90m     |[0m [31m[1m^^^^^^^^^^^^^^^^^[0m
[31m[1m>[0m [90m3013 |[0m [32m    """A simple calculator class."""[0m
  [90m     |[0m [31m[1m^^^^^^^^^^^^^^^^^^^^^^^^^^^^^^^^^^^^[0m
[31m[1m>[0m [90m3014 |[0m
  [90m     |[0m [31m[1m^[0m
[31m[1m>[0m [90m3015 |[0m [32m    # Constructor: runs when object is created[0m
  [90m     |[0m [31m[1m^^^^^^^^^^^^^^^^^^^^^^^^^^^^^^^^^^^^^^^^^^^^^^[0m
[31m[1m>[0m [90m3016 |[0m [32m    def __init__(self):[0m
  [90m     |[0m [31m[1m^^^^^^^^^^^^^^^^^^^^^^^[0m
[31m[1m>[0m [90m3017 |[0m [32m        self.history = []  # Store calculation history[0m
  [90m     |[0m [31m[1m^^^^^^^^^^^^^^^^^^^^^^^^^^^^^^^^^^^^^^^^^^^^^^^^^^^^^^[0m
[31m[1m>[0m [90m3018 |[0m
  [90m     |[0m [31m[1m^[0m
[31m[1m>[0m [90m3019 |[0m [32m    # Methods (functions inside a class)[0m
  [90m     |[0m [31m[1m^^^^^^^^^^^^^^^^^^^^^^^^^^^^^^^^^^^^^^^^[0m
[31m[1m>[0m [90m3020 |[0m [32m    def add(self, a, b):[0m
  [90m     |[0m [31m[1m^^^^^^^^^^^^^^^^^^^^^^^^[0m
[31m[1m>[0m [90m3021 |[0m [32m        result = a + b[0m
  [90m     |[0m [31m[1m^^^^^^^^^^^^^^^^^^^^^^[0m
[31m[1m>[0m [90m3022 |[0m [32m        self.history.append(f"{a} + {b} = {result}")[0m
  [90m     |[0m [31m[1m^^^^^^^^^^^^^^^^^^^^^^^^^^^^^^^^^^^^^^^^^^^^^^^^^^^^[0m
[31m[1m>[0m [90m3023 |[0m [32m        return result[0m
  [90m     |[0m [31m[1m^^^^^^^^^^^^^^^^^^^^^[0m
[31m[1m>[0m [90m3024 |[0m
  [90m     |[0m [31m[1m^[0m
[31m[1m>[0m [90m3025 |[0m [32m    def subtract(self, a, b):[0m
  [90m     |[0m [31m[1m^^^^^^^^^^^^^^^^^^^^^^^^^^^^^[0m
[31m[1m>[0m [90m3026 |[0m [32m        result = a - b[0m
  [90m     |[0m [31m[1m^^^^^^^^^^^^^^^^^^^^^^[0m
[31m[1m>[0m [90m3027 |[0m [32m        self.history.append(f"{a} - {b} = {result}")[0m
  [90m     |[0m [31m[1m^^^^^^^^^^^^^^^^^^^^^^^^^^^^^^^^^^^^^^^^^^^^^^^^^^^^[0m
[31m[1m>[0m [90m3028 |[0m [32m        return result[0m
  [90m     |[0m [31m[1m^^^^^^^^^^^^^^^^^^^^^[0m
[31m[1m>[0m [90m3029 |[0m
  [90m     |[0m [31m[1m^[0m
[31m[1m>[0m [90m3030 |[0m [32m    def multiply(self, a, b):[0m
  [90m     |[0m [31m[1m^^^^^^^^^^^^^^^^^^^^^^^^^^^^^[0m
[31m[1m>[0m [90m3031 |[0m [32m        result = a * b[0m
  [90m     |[0m [31m[1m^^^^^^^^^^^^^^^^^^^^^^[0m
[31m[1m>[0m [90m3032 |[0m [32m        self.history.append(f"{a} ├ù {b} = {result}")[0m
  [90m     |[0m [31m[1m^^^^^^^^^^^^^^^^^^^^^^^^^^^^^^^^^^^^^^^^^^^^^^^^^^^^[0m
[31m[1m>[0m [90m3033 |[0m [32m        return result[0m
  [90m     |[0m [31m[1m^^^^^^^^^^^^^^^^^^^^^[0m
[31m[1m>[0m [90m3034 |[0m
  [90m     |[0m [31m[1m^[0m
[31m[1m>[0m [90m3035 |[0m [32m    def divide(self, a, b):[0m
  [90m     |[0m [31m[1m^^^^^^^^^^^^^^^^^^^^^^^^^^^[0m
[31m[1m>[0m [90m3036 |[0m [32m        if b == 0:[0m
  [90m     |[0m [31m[1m^^^^^^^^^^^^^^^^^^[0m
[31m[1m>[0m [90m3037 |[0m [32m            return "Error: Division by zero!"[0m
  [90m     |[0m [31m[1m^^^^^^^^^^^^^^^^^^^^^^^^^^^^^^^^^^^^^^^^^^^^^[0m
[31m[1m>[0m [90m3038 |[0m [32m        result = a / b[0m
  [90m     |[0m [31m[1m^^^^^^^^^^^^^^^^^^^^^^[0m
[31m[1m>[0m [90m3039 |[0m [32m        self.history.append(f"{a} ├╖ {b} = {result:.2f}")[0m
  [90m     |[0m [31m[1m^^^^^^^^^^^^^^^^^^^^^^^^^^^^^^^^^^^^^^^^^^^^^^^^^^^^^^^^[0m
[31m[1m>[0m [90m3040 |[0m [32m        return result[0m
  [90m     |[0m [31m[1m^^^^^^^^^^^^^^^^^^^^^[0m
[31m[1m>[0m [90m3041 |[0m
  [90m     |[0m [31m[1m^[0m
[31m[1m>[0m [90m3042 |[0m [32m    def show_history(self):[0m
  [90m     |[0m [31m[1m^^^^^^^^^^^^^^^^^^^^^^^^^^^[0m
[31m[1m>[0m [90m3043 |[0m [32m        print("\\nCalculation History:")[0m
  [90m     |[0m [31m[1m^^^^^^^^^^^^^^^^^^^^^^^^^^^^^^^^^^^^^^^^[0m
[31m[1m>[0m [90m3044 |[0m [32m        for calc in self.history:[0m
  [90m     |[0m [31m[1m^^^^^^^^^^^^^^^^^^^^^^^^^^^^^^^^^[0m
[31m[1m>[0m [90m3045 |[0m [32m            print(f"  {calc}")[0m
  [90m     |[0m [31m[1m^^^^^^^^^^^^^^^^^^^^^^^^^^^^^^[0m
[31m[1m>[0m [90m3046 |[0m
  [90m     |[0m [31m[1m^[0m
[31m[1m>[0m [90m3047 |[0m [32m# --- Create an Object ---[0m
  [90m     |[0m [31m[1m^^^^^^^^^^^^^^^^^^^^^^^^^^[0m
[31m[1m>[0m [90m3048 |[0m [32mcalc = Calculator()  # Creates a Calculator object[0m
  [90m     |[0m [31m[1m^^^^^^^^^^^^^^^^^^^^^^^^^^^^^^^^^^^^^^^^^^^^^^^^^^[0m
[31m[1m>[0m [90m3049 |[0m
  [90m     |[0m [31m[1m^[0m
[31m[1m>[0m [90m3050 |[0m [32m# --- Use Methods ---[0m
  [90m     |[0m [31m[1m^^^^^^^^^^^^^^^^^^^^^[0m
[31m[1m>[0m [90m3051 |[0m [32mprint("5 + 3 =", calc.add(5, 3))[0m
  [90m     |[0m [31m[1m^^^^^^^^^^^^^^^^^^^^^^^^^^^^^^^^[0m
[31m[1m>[0m [90m3052 |[0m [32mprint("10 - 4 =", calc.subtract(10, 4))[0m
  [90m     |[0m [31m[1m^^^^^^^^^^^^^^^^^^^^^^^^^^^^^^^^^^^^^^^[0m
[31m[1m>[0m [90m3053 |[0m [32mprint("6 ├ù 7 =", calc.multiply(6, 7))[0m
  [90m     |[0m [31m[1m^^^^^^^^^^^^^^^^^^^^^^^^^^^^^^^^^^^^^[0m
[31m[1m>[0m [90m3054 |[0m [32mprint("15 ├╖ 3 =", calc.divide(15, 3))[0m
  [90m     |[0m [31m[1m^^^^^^^^^^^^^^^^^^^^^^^^^^^^^^^^^^^^^[0m
[31m[1m>[0m [90m3055 |[0m
  [90m     |[0m [31m[1m^[0m
[31m[1m>[0m [90m3056 |[0m [32m# --- See History ---[0m
  [90m     |[0m [31m[1m^^^^^^^^^^^^^^^^^^^^^[0m
[31m[1m>[0m [90m3057 |[0m [32mcalc.show_history()[0m
  [90m     |[0m [31m[1m^^^^^^^^^^^^^^^^^^^[0m
[31m[1m>[0m [90m3058 |[0m
  [90m     |[0m [31m[1m^[0m
[31m[1m>[0m [90m3059 |[0m [32m# --- What Happened Behind the Scenes ---[0m
  [90m     |[0m [31m[1m^^^^^^^^^^^^^^^^^^^^^^^^^^^^^^^^^^^^^^^^^[0m
[31m[1m>[0m [90m3060 |[0m [32m# calc = Calculator()  -> creates object, calls __init__[0m
  [90m     |[0m [31m[1m^^^^^^^^^^^^^^^^^^^^^^^^^^^^^^^^^^^^^^^^^^^^^^^^^^^^^^^^[0m
[31m[1m>[0m [90m3061 |[0m [32m# calc.add(5, 3)       -> calls add method on the object[0m
  [90m     |[0m [31m[1m^^^^^^^^^^^^^^^^^^^^^^^^^^^^^^^^^^^^^^^^^^^^^^^^^^^^^^^^[0m
[31m[1m>[0m [90m3062 |[0m [32m# self.history         -> each object has its own history![0m
  [90m     |[0m [31m[1m^^^^^^^^^^^^^^^^^^^^^^^^^^^^^^^^^^^^^^^^^^^^^^^^^^^^^^^^^^[0m
[31m[1m>[0m [90m3063 |[0m
  [90m     |[0m [31m[1m^[0m
[31m[1m>[0m [90m3064 |[0m [32m# ============================================[0m
  [90m     |[0m [31m[1m^^^^^^^^^^^^^^^^^^^^^^^^^^^^^^^^^^^^^^^^^^^^^^[0m
[31m[1m>[0m [90m3065 |[0m [32m# Execution Trace:[0m
  [90m     |[0m [31m[1m^^^^^^^^^^^^^^^^^^[0m
[31m[1m>[0m [90m3066 |[0m [32m# calc = Calculator() -> history = [][0m
  [90m     |[0m [31m[1m^^^^^^^^^^^^^^^^^^^^^^^^^^^^^^^^^^^^^[0m
[31m[1m>[0m [90m3067 |[0m [32m# calc.add(5, 3) -> result=8, history=["5 + 3 = 8"][0m
  [90m     |[0m [31m[1m^^^^^^^^^^^^^^^^^^^^^^^^^^^^^^^^^^^^^^^^^^^^^^^^^^^[0m
[31m[1m>[0m [90m3068 |[0m [32m# calc.subtract(10, 4) -> result=6, history=[..., "10 - 4 = 6"][0m
  [90m     |[0m [31m[1m^^^^^^^^^^^^^^^^^^^^^^^^^^^^^^^^^^^^^^^^^^^^^^^^^^^^^^^^^^^^^^^[0m
[31m[1m>[0m [90m3069 |[0m [32m# Output: 8, 6, 42, 5.0[0m
  [90m     |[0m [31m[1m^^^^^^^^^^^^^^^^^^^^^^^[0m
[31m[1m>[0m [90m3070 |[0m [32m# ============================================[0m
  [90m     |[0m [31m[1m^^^^^^^^^^^^^^^^^^^^^^^^^^^^^^^^^^^^^^^^^^^^^^[0m
[31m[1m>[0m [90m3071 |[0m
  [90m     |[0m [31m[1m^[0m
[31m[1m>[0m [90m3072 |[0m [32m# TRY THIS: Add a 'power' method that raises a to the power of b[0m
  [90m     |[0m [31m[1m^^^^^^^^^^^^^^^^^^^^^^^^^^^^^^^^^^^^^^^^^^^^^^^^^^^^^^^^^^^^^^^^[0m
[31m[1m>[0m [90m3073 |[0m [32m`[0m,
  [90m     |[0m [31m[1m^[0m
  [90m3074 |[0m     funFact: [32m"Python was designed to make OOP accessible ΓÇö even beginners can learn 
clas...[0m
  [90m3075 |[0m   },] = [
  [90m3076 |[0m   {

Parsing ecmascript source code failed

Import traces:
  App Route:
    ./src/data/pythonPrograms.ts
    ./app/api/admin/users/import-teachers-csv/route.ts

  Client Component Browser:
    ./src/data/pythonPrograms.ts [Client Component Browser]
    ./src/sections/ProgramsSection.tsx [Client Component Browser]
    ./src/sections/ProgramsSection.tsx [Server Component]
    ./app/page.tsx [Server Component]

  Client Component SSR:
    ./src/data/pythonPrograms.ts [Client Component SSR]
    ./src/sections/ProgramsSection.tsx [Client Component SSR]
    ./src/sections/ProgramsSection.tsx [Server Component]
    ./app/page.tsx [Server Component]


./src/data/pythonPrograms.ts:3074:14
Cannot assign to this
  [90m3072 |[0m ...[33mAdd[0m a [32m'power'[0m method that raises a to the power [36mof[0m b
  [90m3073 |[0m ...
[31m[1m>[0m [90m3074 |[0m ...[32m "Python was designed to make OOP accessible ΓÇö even beginners can learn 
classes!"[0m
  [90m     |[0m     [31m[1m^^^^^^^^^^^^^^^^^^^^^^^^^^^^^^^^^^^^^^^^^^^^^^^^^^^^^^^^^^^^^^^^^^^^^^^^^^^^^^^^[0m
  [90m3075 |[0m ...
  [90m3076 |[0m ...
  [90m3077 |[0m ...[32m",[0m

Parsing ecmascript source code failed

Import traces:
  App Route:
    ./src/data/pythonPrograms.ts
    ./app/api/admin/users/import-teachers-csv/route.ts

  Client Component Browser:
    ./src/data/pythonPrograms.ts [Client Component Browser]
    ./src/sections/ProgramsSection.tsx [Client Component Browser]
    ./src/sections/ProgramsSection.tsx [Server Component]
    ./app/page.tsx [Server Component]

  Client Component SSR:
    ./src/data/pythonPrograms.ts [Client Component SSR]
    ./src/sections/ProgramsSection.tsx [Client Component SSR]
    ./src/sections/ProgramsSection.tsx [Server Component]
    ./app/page.tsx [Server Component]


./src/data/pythonPrograms.ts:3077:9
Cannot assign to this
  [90m3075 |[0m [32m  },] = [[0m
  [90m3076 |[0m [32m  {[0m
[31m[1m>[0m [90m3077 |[0m [32m    id: "s-8",[0m
  [90m     |[0m         [31m[1m^^^^^[0m
  [90m3078 |[0m [32m    title: "String Methods Exam",[0m
  [90m3079 |[0m [32m    language: "python" as const,[0m
  [90m3080 |[0m [32m    category: "Strings" as const,[0m

Parsing ecmascript source code failed

Import traces:
  App Route:
    ./src/data/pythonPrograms.ts
    ./app/api/admin/users/import-teachers-csv/route.ts

  Client Component Browser:
    ./src/data/pythonPrograms.ts [Client Component Browser]
    ./src/sections/ProgramsSection.tsx [Client Component Browser]
    ./src/sections/ProgramsSection.tsx [Server Component]
    ./app/page.tsx [Server Component]

  Client Component SSR:
    ./src/data/pythonPrograms.ts [Client Component SSR]
    ./src/sections/ProgramsSection.tsx [Client Component SSR]
    ./src/sections/ProgramsSection.tsx [Server Component]
    ./app/page.tsx [Server Component]


./src/data/pythonPrograms.ts:3078:12
Cannot assign to this
  [90m3076 |[0m [32m  {[0m
  [90m3077 |[0m [32m    id: "s-8",[0m
[31m[1m>[0m [90m3078 |[0m [32m    title: "String Methods Exam",[0m
  [90m     |[0m            [31m[1m^^^^^^^^^^^^^^^^^^^^^[0m
  [90m3079 |[0m [32m    language: "python" as const,[0m
  [90m3080 |[0m [32m    category: "Strings" as const,[0m
  [90m3081 |[0m [32m    difficulty: "Medium",[0m

Parsing ecmascript source code failed

Import traces:
  App Route:
    ./src/data/pythonPrograms.ts
    ./app/api/admin/users/import-teachers-csv/route.ts

  Client Component Browser:
    ./src/data/pythonPrograms.ts [Client Component Browser]
    ./src/sections/ProgramsSection.tsx [Client Component Browser]
    ./src/sections/ProgramsSection.tsx [Server Component]
    ./app/page.tsx [Server Component]

  Client Component SSR:
    ./src/data/pythonPrograms.ts [Client Component SSR]
    ./src/sections/ProgramsSection.tsx [Client Component SSR]
    ./src/sections/ProgramsSection.tsx [Server Component]
    ./app/page.tsx [Server Component]


./src/data/pythonPrograms.ts:3081:17
Cannot assign to this
  [90m3079 |[0m [32m    language: "python" as const,[0m
  [90m3080 |[0m [32m    category: "Strings" as const,[0m
[31m[1m>[0m [90m3081 |[0m [32m    difficulty: "Medium",[0m
  [90m     |[0m                 [31m[1m^^^^^^^^[0m
  [90m3082 |[0m [32m    classLevel: "Class 10" as const,[0m
  [90m3083 |[0m [32m    description: "Combine split, join, and replace to manipulate strings in creative way...[0m
  [90m3084 |[0m [32m    code: `[0m# [33mString[0m [33mMethods[0m [33mExam[0m [33mProgram[0m

Parsing ecmascript source code failed

Import traces:
  App Route:
    ./src/data/pythonPrograms.ts
    ./app/api/admin/users/import-teachers-csv/route.ts

  Client Component Browser:
    ./src/data/pythonPrograms.ts [Client Component Browser]
    ./src/sections/ProgramsSection.tsx [Client Component Browser]
    ./src/sections/ProgramsSection.tsx [Server Component]
    ./app/page.tsx [Server Component]

  Client Component SSR:
    ./src/data/pythonPrograms.ts [Client Component SSR]
    ./src/sections/ProgramsSection.tsx [Client Component SSR]
    ./src/sections/ProgramsSection.tsx [Server Component]
    ./app/page.tsx [Server Component]


./src/data/pythonPrograms.ts:3083:18
Cannot assign to this
  [90m3081 |[0m ...[32mty: "Medium",[0m
  [90m3082 |[0m ...[32mel: "Class 10" as const,[0m
[31m[1m>[0m [90m3083 |[0m ...[32mion: "Combine split, join, and replace to manipulate strings in creative 
ways.",[0m
  [90m     |[0m         [31m[1m^^^^^^^^^^^^^^^^^^^^^^^^^^^^^^^^^^^^^^^^^^^^^^^^^^^^^^^^^^^^^^^^^^^^^^^^^^[0m
  [90m3084 |[0m ... [33mString[0m [33mMethods[0m [33mExam[0m [33mProgram[0m
  [90m3085 |[0m ...================
  [90m3086 |[0m ...ombine split, join, and replace [36mfor[0m string manipulation

Parsing ecmascript source code failed

Import traces:
  App Route:
    ./src/data/pythonPrograms.ts
    ./app/api/admin/users/import-teachers-csv/route.ts

  Client Component Browser:
    ./src/data/pythonPrograms.ts [Client Component Browser]
    ./src/sections/ProgramsSection.tsx [Client Component Browser]
    ./src/sections/ProgramsSection.tsx [Server Component]
    ./app/page.tsx [Server Component]

  Client Component SSR:
    ./src/data/pythonPrograms.ts [Client Component SSR]
    ./src/sections/ProgramsSection.tsx [Client Component SSR]
    ./src/sections/ProgramsSection.tsx [Server Component]
    ./app/page.tsx [Server Component]


./src/data/pythonPrograms.ts:3084:11
Cannot assign to this
  [90m3082 |[0m [32m    classLevel: "Class 10" as const,[0m
  [90m3083 |[0m [32m    description: "Combine split, join, and replace to manipulate strings in creative way...[0m
[31m[1m>[0m [90m3084 |[0m [32m    code: `[0m# [33mString[0m [33mMethods[0m [33mExam[0m [33mProgram[0m
  [90m     |[0m           [31m[1m^^^^^^^^^^^^^^^^^^^^^^^^^^^^^[0m
[31m[1m>[0m [90m3085 |[0m # ==========================
  [90m     |[0m [31m[1m^^^^^^^^^^^^^^^^^^^^^^^^^^^^[0m
[31m[1m>[0m [90m3086 |[0m # [33mLearn[0m to combine split, join, and replace [36mfor[0m string manipulation
  [90m     |[0m [31m[1m^^^^^^^^^^^^^^^^^^^^^^^^^^^^^^^^^^^^^^^^^^^^^^^^^^^^^^^^^^^^^^^^^^^[0m
[31m[1m>[0m [90m3087 |[0m
  [90m     |[0m [31m[1m^[0m
[31m[1m>[0m [90m3088 |[0m def process_sentence(sentence):
  [90m     |[0m [31m[1m^^^^^^^^^^^^^^^^^^^^^^^^^^^^^^^[0m
[31m[1m>[0m [90m3089 |[0m     # [33mReplace[0m all spaces [36mwith[0m hyphens
  [90m     |[0m [31m[1m^^^^^^^^^^^^^^^^^^^^^^^^^^^^^^^^^^^^^[0m
[31m[1m>[0m [90m3090 |[0m     hyphenated = sentence.replace([32m" "[0m, [32m"-"[0m)
  [90m     |[0m [31m[1m^^^^^^^^^^^^^^^^^^^^^^^^^^^^^^^^^^^^^^^^^^^[0m
[31m[1m>[0m [90m3091 |[0m     print(f[32m"Step 1 - Replace spaces: {hyphenated}"[0m)
  [90m     |[0m [31m[1m^^^^^^^^^^^^^^^^^^^^^^^^^^^^^^^^^^^^^^^^^^^^^^^^^^^[0m
[31m[1m>[0m [90m3092 |[0m
  [90m     |[0m [31m[1m^[0m
[31m[1m>[0m [90m3093 |[0m     # [33mSplit[0m the sentence into words using hyphen [36mas[0m delimiter
  [90m     |[0m [31m[1m^^^^^^^^^^^^^^^^^^^^^^^^^^^^^^^^^^^^^^^^^^^^^^^^^^^^^^^^^^^^^[0m
[31m[1m>[0m [90m3094 |[0m     words = hyphenated.split([32m"-"[0m)
  [90m     |[0m [31m[1m^^^^^^^^^^^^^^^^^^^^^^^^^^^^^^^^^[0m
[31m[1m>[0m [90m3095 |[0m     print(f[32m"Step 2 - Split into words: {words}"[0m)
  [90m     |[0m [31m[1m^^^^^^^^^^^^^^^^^^^^^^^^^^^^^^^^^^^^^^^^^^^^^^^^[0m
[31m[1m>[0m [90m3096 |[0m
  [90m     |[0m [31m[1m^[0m
[31m[1m>[0m [90m3097 |[0m     # [33mJoin[0m words [36mwith[0m a comma
  [90m     |[0m [31m[1m^^^^^^^^^^^^^^^^^^^^^^^^^^^^^[0m
[31m[1m>[0m [90m3098 |[0m     joined = [32m", "[0m.join(words)
  [90m     |[0m [31m[1m^^^^^^^^^^^^^^^^^^^^^^^^^^^^^[0m
[31m[1m>[0m [90m3099 |[0m     print(f[32m"Step 3 - Join with comma: {joined}"[0m)
  [90m     |[0m [31m[1m^^^^^^^^^^^^^^^^^^^^^^^^^^^^^^^^^^^^^^^^^^^^^^^^[0m
[31m[1m>[0m [90m3100 |[0m
  [90m     |[0m [31m[1m^[0m
[31m[1m>[0m [90m3101 |[0m     [36mreturn[0m joined
  [90m     |[0m [31m[1m^^^^^^^^^^^^^^^^^[0m
[31m[1m>[0m [90m3102 |[0m
  [90m     |[0m [31m[1m^[0m
[31m[1m>[0m [90m3103 |[0m # [33mMain[0m program
  [90m     |[0m [31m[1m^^^^^^^^^^^^^^[0m
[31m[1m>[0m [90m3104 |[0m text = [32m"Python is a powerful programming language"[0m
  [90m     |[0m [31m[1m^^^^^^^^^^^^^^^^^^^^^^^^^^^^^^^^^^^^^^^^^^^^^^^^^^[0m
[31m[1m>[0m [90m3105 |[0m print(f[32m"Original: {text}"[0m)
  [90m     |[0m [31m[1m^^^^^^^^^^^^^^^^^^^^^^^^^^[0m
[31m[1m>[0m [90m3106 |[0m print([32m"-"[0m * [35m40[0m)
  [90m     |[0m [31m[1m^^^^^^^^^^^^^^^[0m
[31m[1m>[0m [90m3107 |[0m result = process_sentence(text)
  [90m     |[0m [31m[1m^^^^^^^^^^^^^^^^^^^^^^^^^^^^^^^[0m
[31m[1m>[0m [90m3108 |[0m
  [90m     |[0m [31m[1m^[0m
[31m[1m>[0m [90m3109 |[0m # [33mExecution[0m trace:
  [90m     |[0m [31m[1m^^^^^^^^^^^^^^^^^^[0m
[31m[1m>[0m [90m3110 |[0m # [33mOriginal[0m: [32m"Python is a powerful programming language"[0m
  [90m     |[0m [31m[1m^^^^^^^^^^^^^^^^^^^^^^^^^^^^^^^^^^^^^^^^^^^^^^^^^^^^^^^[0m
[31m[1m>[0m [90m3111 |[0m # [33mStep[0m [35m1[0m - [33mReplace[0m spaces: 
[32m"Python-is-a-powerful-programming-language"[0m
  [90m     |[0m [31m[1m^^^^^^^^^^^^^^^^^^^^^^^^^^^^^^^^^^^^^^^^^^^^^^^^^^^^^^^^^^^^^^^^^^^^^^[0m
[31m[1m>[0m [90m3112 |[0m # [33mStep[0m [35m2[0m - [33mSplit[0m into words: [[32m"Python"[0m, 
[32m"is"[0m, [32m"a"[0m, [32m"powerful"[0m, [32m"programming"[0m, [32m"language"[0m]
  [90m     |[0m 
[31m[1m^^^^^^^^^^^^^^^^^^^^^^^^^^^^^^^^^^^^^^^^^^^^^^^^^^^^^^^^^^^^^^^^^^^^^^^^^^^^^^^^^^^^^^^^^[0m
[31m[1m>[0m [90m3113 |[0m # [33mStep[0m [35m3[0m - [33mJoin[0m [36mwith[0m comma: [32m"Python, is, a, 
powerful, programming, language"[0m
  [90m     |[0m [31m[1m^^^^^^^^^^^^^^^^^^^^^^^^^^^^^^^^^^^^^^^^^^^^^^^^^^^^^^^^^^^^^^^^^^^^^^^^^^^^[0m
[31m[1m>[0m [90m3114 |[0m
  [90m     |[0m [31m[1m^[0m
[31m[1m>[0m [90m3115 |[0m # [33mTRY[0m [33mTHIS[0m: [33mWrite[0m a [36mfunction[0m that reverses the word 
order [36min[0m a sentence
  [90m     |[0m [31m[1m^^^^^^^^^^^^^^^^^^^^^^^^^^^^^^^^^^^^^^^^^^^^^^^^^^^^^^^^^^^^^^^^^^^^^^^[0m
[31m[1m>[0m [90m3116 |[0m # [33mExample[0m: [32m"I love Python"[0m -> [32m"Python love I"[0m
  [90m     |[0m [31m[1m^^^^^^^^^^^^^^^^^^^^^^^^^^^^^^^^^^^^^^^^^^^^^[0m
[31m[1m>[0m [90m3117 |[0m [32m`,[0m
  [90m     |[0m [31m[1m^[0m
  [90m3118 |[0m [32m    funFact: "Python's string methods are chainable and can transform text in powerful w...[0m
  [90m3119 |[0m [32m  },[0m
  [90m3120 |[0m [32m  {[0m

Parsing ecmascript source code failed

Import traces:
  App Route:
    ./src/data/pythonPrograms.ts
    ./app/api/admin/users/import-teachers-csv/route.ts

  Client Component Browser:
    ./src/data/pythonPrograms.ts [Client Component Browser]
    ./src/sections/ProgramsSection.tsx [Client Component Browser]
    ./src/sections/ProgramsSection.tsx [Server Component]
    ./app/page.tsx [Server Component]

  Client Component SSR:
    ./src/data/pythonPrograms.ts [Client Component SSR]
    ./src/sections/ProgramsSection.tsx [Client Component SSR]
    ./src/sections/ProgramsSection.tsx [Server Component]
    ./app/page.tsx [Server Component]


./src/data/pythonPrograms.ts:3118:14
Cannot assign to this
  [90m3116 |[0m ...[32m"I love Python"[0m -> [32m"Python love I"[0m
  [90m3117 |[0m ...
[31m[1m>[0m [90m3118 |[0m ...[32m: "Python's string methods are chainable and can transform text in powerful 
ways!"[0m
  [90m     |[0m      [31m[1m^^^^^^^^^^^^^^^^^^^^^^^^^^^^^^^^^^^^^^^^^^^^^^^^^^^^^^^^^^^^^^^^^^^^^^^^^^^^^^^^[0m
  [90m3119 |[0m ...
  [90m3120 |[0m ...
  [90m3121 |[0m ...[32m9",[0m

Parsing ecmascript source code failed

Import traces:
  App Route:
    ./src/data/pythonPrograms.ts
    ./app/api/admin/users/import-teachers-csv/route.ts

  Client Component Browser:
    ./src/data/pythonPrograms.ts [Client Component Browser]
    ./src/sections/ProgramsSection.tsx [Client Component Browser]
    ./src/sections/ProgramsSection.tsx [Server Component]
    ./app/page.tsx [Server Component]

  Client Component SSR:
    ./src/data/pythonPrograms.ts [Client Component SSR]
    ./src/sections/ProgramsSection.tsx [Client Component SSR]
    ./src/sections/ProgramsSection.tsx [Server Component]
    ./app/page.tsx [Server Component]


./src/data/pythonPrograms.ts:3121:9
Cannot assign to this
  [90m3119 |[0m [32m  },[0m
  [90m3120 |[0m [32m  {[0m
[31m[1m>[0m [90m3121 |[0m [32m    id: "s-9",[0m
  [90m     |[0m         [31m[1m^^^^^[0m
  [90m3122 |[0m [32m    title: "Anagram Check",[0m
  [90m3123 |[0m [32m    language: "python" as const,[0m
  [90m3124 |[0m [32m    category: "Strings" as const,[0m

Parsing ecmascript source code failed

Import traces:
  App Route:
    ./src/data/pythonPrograms.ts
    ./app/api/admin/users/import-teachers-csv/route.ts

  Client Component Browser:
    ./src/data/pythonPrograms.ts [Client Component Browser]
    ./src/sections/ProgramsSection.tsx [Client Component Browser]
    ./src/sections/ProgramsSection.tsx [Server Component]
    ./app/page.tsx [Server Component]

  Client Component SSR:
    ./src/data/pythonPrograms.ts [Client Component SSR]
    ./src/sections/ProgramsSection.tsx [Client Component SSR]
    ./src/sections/ProgramsSection.tsx [Server Component]
    ./app/page.tsx [Server Component]


./src/data/pythonPrograms.ts:3122:12
Cannot assign to this
  [90m3120 |[0m [32m  {[0m
  [90m3121 |[0m [32m    id: "s-9",[0m
[31m[1m>[0m [90m3122 |[0m [32m    title: "Anagram Check",[0m
  [90m     |[0m            [31m[1m^^^^^^^^^^^^^^^[0m
  [90m3123 |[0m [32m    language: "python" as const,[0m
  [90m3124 |[0m [32m    category: "Strings" as const,[0m
  [90m3125 |[0m [32m    difficulty: "Medium",[0m

Parsing ecmascript source code failed

Import traces:
  App Route:
    ./src/data/pythonPrograms.ts
    ./app/api/admin/users/import-teachers-csv/route.ts

  Client Component Browser:
    ./src/data/pythonPrograms.ts [Client Component Browser]
    ./src/sections/ProgramsSection.tsx [Client Component Browser]
    ./src/sections/ProgramsSection.tsx [Server Component]
    ./app/page.tsx [Server Component]

  Client Component SSR:
    ./src/data/pythonPrograms.ts [Client Component SSR]
    ./src/sections/ProgramsSection.tsx [Client Component SSR]
    ./src/sections/ProgramsSection.tsx [Server Component]
    ./app/page.tsx [Server Component]


./src/data/pythonPrograms.ts:3125:17
Cannot assign to this
  [90m3123 |[0m [32m    language: "python" as const,[0m
  [90m3124 |[0m [32m    category: "Strings" as const,[0m
[31m[1m>[0m [90m3125 |[0m [32m    difficulty: "Medium",[0m
  [90m     |[0m                 [31m[1m^^^^^^^^[0m
  [90m3126 |[0m [32m    classLevel: "Class 10" as const,[0m
  [90m3127 |[0m [32m    description: "Check if two words are anagrams using sorted() comparison.",[0m
  [90m3128 |[0m [32m    code: `[0m# [33mAnagram[0m [33mCheck[0m [33mProgram[0m

Parsing ecmascript source code failed

Import traces:
  App Route:
    ./src/data/pythonPrograms.ts
    ./app/api/admin/users/import-teachers-csv/route.ts

  Client Component Browser:
    ./src/data/pythonPrograms.ts [Client Component Browser]
    ./src/sections/ProgramsSection.tsx [Client Component Browser]
    ./src/sections/ProgramsSection.tsx [Server Component]
    ./app/page.tsx [Server Component]

  Client Component SSR:
    ./src/data/pythonPrograms.ts [Client Component SSR]
    ./src/sections/ProgramsSection.tsx [Client Component SSR]
    ./src/sections/ProgramsSection.tsx [Server Component]
    ./app/page.tsx [Server Component]


./src/data/pythonPrograms.ts:3127:18
Cannot assign to this
  [90m3125 |[0m [32m    difficulty: "Medium",[0m
  [90m3126 |[0m [32m    classLevel: "Class 10" as const,[0m
[31m[1m>[0m [90m3127 |[0m [32m    description: "Check if two words are anagrams using sorted() comparison.",[0m
  [90m     |[0m                  [31m[1m^^^^^^^^^^^^^^^^^^^^^^^^^^^^^^^^^^^^^^^^^^^^^^^^^^^^^^^^^^^^[0m
  [90m3128 |[0m [32m    code: `[0m# [33mAnagram[0m [33mCheck[0m [33mProgram[0m
  [90m3129 |[0m # =====================
  [90m3130 |[0m # [33mTwo[0m words are anagrams [36mif[0m they have the same characters [36min[0m different 
order

Parsing ecmascript source code failed

Import traces:
  App Route:
    ./src/data/pythonPrograms.ts
    ./app/api/admin/users/import-teachers-csv/route.ts

  Client Component Browser:
    ./src/data/pythonPrograms.ts [Client Component Browser]
    ./src/sections/ProgramsSection.tsx [Client Component Browser]
    ./src/sections/ProgramsSection.tsx [Server Component]
    ./app/page.tsx [Server Component]

  Client Component SSR:
    ./src/data/pythonPrograms.ts [Client Component SSR]
    ./src/sections/ProgramsSection.tsx [Client Component SSR]
    ./src/sections/ProgramsSection.tsx [Server Component]
    ./app/page.tsx [Server Component]


./src/data/pythonPrograms.ts:3128:11
Cannot assign to this
  [90m3126 |[0m [32m    classLevel: "Class 10" as const,[0m
  [90m3127 |[0m [32m    description: "Check if two words are anagrams using sorted() comparison.",[0m
[31m[1m>[0m [90m3128 |[0m [32m    code: `[0m# [33mAnagram[0m [33mCheck[0m [33mProgram[0m
  [90m     |[0m           [31m[1m^^^^^^^^^^^^^^^^^^^^^^^[0m
[31m[1m>[0m [90m3129 |[0m # =====================
  [90m     |[0m [31m[1m^^^^^^^^^^^^^^^^^^^^^^^[0m
[31m[1m>[0m [90m3130 |[0m # [33mTwo[0m words are anagrams [36mif[0m they have the same characters [36min[0m 
different order
  [90m     |[0m [31m[1m^^^^^^^^^^^^^^^^^^^^^^^^^^^^^^^^^^^^^^^^^^^^^^^^^^^^^^^^^^^^^^^^^^^^^^^^^^^^[0m
[31m[1m>[0m [90m3131 |[0m
  [90m     |[0m [31m[1m^[0m
[31m[1m>[0m [90m3132 |[0m def is_anagram(word1, word2):
  [90m     |[0m [31m[1m^^^^^^^^^^^^^^^^^^^^^^^^^^^^^[0m
[31m[1m>[0m [90m3133 |[0m     # [33mConvert[0m both to lowercase and remove spaces
  [90m     |[0m [31m[1m^^^^^^^^^^^^^^^^^^^^^^^^^^^^^^^^^^^^^^^^^^^^^^^^^[0m
[31m[1m>[0m [90m3134 |[0m     w1 = word1.lower().replace([32m" "[0m, [32m""[0m)
  [90m     |[0m [31m[1m^^^^^^^^^^^^^^^^^^^^^^^^^^^^^^^^^^^^^^^[0m
[31m[1m>[0m [90m3135 |[0m     w2 = word2.lower().replace([32m" "[0m, [32m""[0m)
  [90m     |[0m [31m[1m^^^^^^^^^^^^^^^^^^^^^^^^^^^^^^^^^^^^^^^[0m
[31m[1m>[0m [90m3136 |[0m
  [90m     |[0m [31m[1m^[0m
[31m[1m>[0m [90m3137 |[0m     # [33mSort[0m characters and compare
  [90m     |[0m [31m[1m^^^^^^^^^^^^^^^^^^^^^^^^^^^^^^^^^[0m
[31m[1m>[0m [90m3138 |[0m     sorted_w1 = sorted(w1)
  [90m     |[0m [31m[1m^^^^^^^^^^^^^^^^^^^^^^^^^^[0m
[31m[1m>[0m [90m3139 |[0m     sorted_w2 = sorted(w2)
  [90m     |[0m [31m[1m^^^^^^^^^^^^^^^^^^^^^^^^^^[0m
[31m[1m>[0m [90m3140 |[0m
  [90m     |[0m [31m[1m^[0m
[31m[1m>[0m [90m3141 |[0m     print(f[32m"  '{word1}' sorted: {sorted_w1}"[0m)
  [90m     |[0m [31m[1m^^^^^^^^^^^^^^^^^^^^^^^^^^^^^^^^^^^^^^^^^^^^^[0m
[31m[1m>[0m [90m3142 |[0m     print(f[32m"  '{word2}' sorted: {sorted_w2}"[0m)
  [90m     |[0m [31m[1m^^^^^^^^^^^^^^^^^^^^^^^^^^^^^^^^^^^^^^^^^^^^^[0m
[31m[1m>[0m [90m3143 |[0m
  [90m     |[0m [31m[1m^[0m
[31m[1m>[0m [90m3144 |[0m     [36mreturn[0m sorted_w1 == sorted_w2
  [90m     |[0m [31m[1m^^^^^^^^^^^^^^^^^^^^^^^^^^^^^^^^^[0m
[31m[1m>[0m [90m3145 |[0m
  [90m     |[0m [31m[1m^[0m
[31m[1m>[0m [90m3146 |[0m # [33mTest[0m cases
  [90m     |[0m [31m[1m^^^^^^^^^^^^[0m
[31m[1m>[0m [90m3147 |[0m word_pairs = [
  [90m     |[0m [31m[1m^^^^^^^^^^^^^^[0m
[31m[1m>[0m [90m3148 |[0m     ([32m"listen"[0m, [32m"silent"[0m),
  [90m     |[0m [31m[1m^^^^^^^^^^^^^^^^^^^^^^^^^[0m
[31m[1m>[0m [90m3149 |[0m     ([32m"hello"[0m, [32m"world"[0m),
  [90m     |[0m [31m[1m^^^^^^^^^^^^^^^^^^^^^^^[0m
[31m[1m>[0m [90m3150 |[0m     ([32m"Dormitory"[0m, [32m"Dirty Room"[0m),
  [90m     |[0m [31m[1m^^^^^^^^^^^^^^^^^^^^^^^^^^^^^^^^[0m
[31m[1m>[0m [90m3151 |[0m     ([32m"python"[0m, [32m"typhon"[0m)
  [90m     |[0m [31m[1m^^^^^^^^^^^^^^^^^^^^^^^^[0m
[31m[1m>[0m [90m3152 |[0m ]
  [90m     |[0m [31m[1m^[0m
[31m[1m>[0m [90m3153 |[0m
  [90m     |[0m [31m[1m^[0m
[31m[1m>[0m [90m3154 |[0m [36mfor[0m w1, w2 [36min[0m word_pairs:
  [90m     |[0m [31m[1m^^^^^^^^^^^^^^^^^^^^^^^^^[0m
[31m[1m>[0m [90m3155 |[0m     print(f[32m"Checking '{w1}' and '{w2}':"[0m)
  [90m     |[0m [31m[1m^^^^^^^^^^^^^^^^^^^^^^^^^^^^^^^^^^^^^^^^^[0m
[31m[1m>[0m [90m3156 |[0m     [36mif[0m is_anagram(w1, w2):
  [90m     |[0m [31m[1m^^^^^^^^^^^^^^^^^^^^^^^^^^[0m
[31m[1m>[0m [90m3157 |[0m         print(f[32m"  Result: Anagrams!"[0m)
  [90m     |[0m [31m[1m^^^^^^^^^^^^^^^^^^^^^^^^^^^^^^^^^^^^^[0m
[31m[1m>[0m [90m3158 |[0m     [36melse[0m:
  [90m     |[0m [31m[1m^^^^^^^^^[0m
[31m[1m>[0m [90m3159 |[0m         print(f[32m"  Result: Not anagrams"[0m)
  [90m     |[0m [31m[1m^^^^^^^^^^^^^^^^^^^^^^^^^^^^^^^^^^^^^^^^[0m
[31m[1m>[0m [90m3160 |[0m     print()
  [90m     |[0m [31m[1m^^^^^^^^^^^[0m
[31m[1m>[0m [90m3161 |[0m
  [90m     |[0m [31m[1m^[0m
[31m[1m>[0m [90m3162 |[0m # [33mExecution[0m trace:
  [90m     |[0m [31m[1m^^^^^^^^^^^^^^^^^^[0m
[31m[1m>[0m [90m3163 |[0m # [32m'listen'[0m sorted: [[32m'e'[0m, [32m'i'[0m, [32m'l'[0m, [32m'n'[0m, 
[32m's'[0m, [32m't'[0m]
  [90m     |[0m [31m[1m^^^^^^^^^^^^^^^^^^^^^^^^^^^^^^^^^^^^^^^^^^^^^^^^^[0m
[31m[1m>[0m [90m3164 |[0m # [32m'silent'[0m sorted: [[32m'e'[0m, [32m'i'[0m, [32m'l'[0m, [32m'n'[0m, 
[32m's'[0m, [32m't'[0m]
  [90m     |[0m [31m[1m^^^^^^^^^^^^^^^^^^^^^^^^^^^^^^^^^^^^^^^^^^^^^^^^^[0m
[31m[1m>[0m [90m3165 |[0m # [33mResult[0m: [33mAnagrams[0m!
  [90m     |[0m [31m[1m^^^^^^^^^^^^^^^^^^^[0m
[31m[1m>[0m [90m3166 |[0m
  [90m     |[0m [31m[1m^[0m
[31m[1m>[0m [90m3167 |[0m # [33mTRY[0m [33mTHIS[0m: [33mCount[0m how many character swaps are needed to 
make two strings equal
  [90m     |[0m [31m[1m^^^^^^^^^^^^^^^^^^^^^^^^^^^^^^^^^^^^^^^^^^^^^^^^^^^^^^^^^^^^^^^^^^^^^^^^^^^^^^^[0m
[31m[1m>[0m [90m3168 |[0m [32m`,[0m
  [90m     |[0m [31m[1m^[0m
  [90m3169 |[0m [32m    funFact: "The longest known anagram is 'Florence Nightingale' which rearranges to 'F...[0m
  [90m3170 |[0m [32m  },[0m
  [90m3171 |[0m [32m  {[0m

Parsing ecmascript source code failed

Import traces:
  App Route:
    ./src/data/pythonPrograms.ts
    ./app/api/admin/users/import-teachers-csv/route.ts

  Client Component Browser:
    ./src/data/pythonPrograms.ts [Client Component Browser]
    ./src/sections/ProgramsSection.tsx [Client Component Browser]
    ./src/sections/ProgramsSection.tsx [Server Component]
    ./app/page.tsx [Server Component]

  Client Component SSR:
    ./src/data/pythonPrograms.ts [Client Component SSR]
    ./src/sections/ProgramsSection.tsx [Client Component SSR]
    ./src/sections/ProgramsSection.tsx [Server Component]
    ./app/page.tsx [Server Component]


./src/data/pythonPrograms.ts:3169:14
Cannot assign to this
  [90m3167 |[0m ... many character swaps are needed to make two strings equal
  [90m3168 |[0m ...
[31m[1m>[0m [90m3169 |[0m ...[32mgest known anagram is 'Florence Nightingale' which rearranges to 'Flit on, 
cheering A...[0m
  [90m     |[0m    
[31m[1m^^^^^^^^^^^^^^^^^^^^^^^^^^^^^^^^^^^^^^^^^^^^^^^^^^^^^^^^^^^^^^^^^^^^^^^^^^^^^^^^^^^^^^^^[0m
  [90m3170 |[0m ...
  [90m3171 |[0m ...
  [90m3172 |[0m ...

Parsing ecmascript source code failed

Import traces:
  App Route:
    ./src/data/pythonPrograms.ts
    ./app/api/admin/users/import-teachers-csv/route.ts

  Client Component Browser:
    ./src/data/pythonPrograms.ts [Client Component Browser]
    ./src/sections/ProgramsSection.tsx [Client Component Browser]
    ./src/sections/ProgramsSection.tsx [Server Component]
    ./app/page.tsx [Server Component]

  Client Component SSR:
    ./src/data/pythonPrograms.ts [Client Component SSR]
    ./src/sections/ProgramsSection.tsx [Client Component SSR]
    ./src/sections/ProgramsSection.tsx [Server Component]
    ./app/page.tsx [Server Component]


./src/data/pythonPrograms.ts:3172:9
Cannot assign to this
  [90m3170 |[0m [32m  },[0m
  [90m3171 |[0m [32m  {[0m
[31m[1m>[0m [90m3172 |[0m [32m    id: "lt-5",[0m
  [90m     |[0m         [31m[1m^^^^^^[0m
  [90m3173 |[0m [32m    title: "Matrix Addition",[0m
  [90m3174 |[0m [32m    language: "python" as const,[0m
  [90m3175 |[0m [32m    category: "Lists" as const,[0m

Parsing ecmascript source code failed

Import traces:
  App Route:
    ./src/data/pythonPrograms.ts
    ./app/api/admin/users/import-teachers-csv/route.ts

  Client Component Browser:
    ./src/data/pythonPrograms.ts [Client Component Browser]
    ./src/sections/ProgramsSection.tsx [Client Component Browser]
    ./src/sections/ProgramsSection.tsx [Server Component]
    ./app/page.tsx [Server Component]

  Client Component SSR:
    ./src/data/pythonPrograms.ts [Client Component SSR]
    ./src/sections/ProgramsSection.tsx [Client Component SSR]
    ./src/sections/ProgramsSection.tsx [Server Component]
    ./app/page.tsx [Server Component]


./src/data/pythonPrograms.ts:3173:12
Cannot assign to this
  [90m3171 |[0m [32m  {[0m
  [90m3172 |[0m [32m    id: "lt-5",[0m
[31m[1m>[0m [90m3173 |[0m [32m    title: "Matrix Addition",[0m
  [90m     |[0m            [31m[1m^^^^^^^^^^^^^^^^^[0m
  [90m3174 |[0m [32m    language: "python" as const,[0m
  [90m3175 |[0m [32m    category: "Lists" as const,[0m
  [90m3176 |[0m [32m    difficulty: "Medium",[0m

Parsing ecmascript source code failed

Import traces:
  App Route:
    ./src/data/pythonPrograms.ts
    ./app/api/admin/users/import-teachers-csv/route.ts

  Client Component Browser:
    ./src/data/pythonPrograms.ts [Client Component Browser]
    ./src/sections/ProgramsSection.tsx [Client Component Browser]
    ./src/sections/ProgramsSection.tsx [Server Component]
    ./app/page.tsx [Server Component]

  Client Component SSR:
    ./src/data/pythonPrograms.ts [Client Component SSR]
    ./src/sections/ProgramsSection.tsx [Client Component SSR]
    ./src/sections/ProgramsSection.tsx [Server Component]
    ./app/page.tsx [Server Component]


./src/data/pythonPrograms.ts:3176:17
Cannot assign to this
  [90m3174 |[0m [32m    language: "python" as const,[0m
  [90m3175 |[0m [32m    category: "Lists" as const,[0m
[31m[1m>[0m [90m3176 |[0m [32m    difficulty: "Medium",[0m
  [90m     |[0m                 [31m[1m^^^^^^^^[0m
  [90m3177 |[0m [32m    classLevel: "Class 10" as const,[0m
  [90m3178 |[0m [32m    description: "Add two matrices using nested loops to traverse rows and columns.",[0m
  [90m3179 |[0m [32m    code: `[0m# [33mMatrix[0m [33mAddition[0m [33mProgram[0m

Parsing ecmascript source code failed

Import traces:
  App Route:
    ./src/data/pythonPrograms.ts
    ./app/api/admin/users/import-teachers-csv/route.ts

  Client Component Browser:
    ./src/data/pythonPrograms.ts [Client Component Browser]
    ./src/sections/ProgramsSection.tsx [Client Component Browser]
    ./src/sections/ProgramsSection.tsx [Server Component]
    ./app/page.tsx [Server Component]

  Client Component SSR:
    ./src/data/pythonPrograms.ts [Client Component SSR]
    ./src/sections/ProgramsSection.tsx [Client Component SSR]
    ./src/sections/ProgramsSection.tsx [Server Component]
    ./app/page.tsx [Server Component]


./src/data/pythonPrograms.ts:3178:18
Cannot assign to this
  [90m3176 |[0m [32m    difficulty: "Medium",[0m
  [90m3177 |[0m [32m    classLevel: "Class 10" as const,[0m
[31m[1m>[0m [90m3178 |[0m [32m    description: "Add two matrices using nested loops to traverse rows and 
columns.",[0m
  [90m     |[0m                  [31m[1m^^^^^^^^^^^^^^^^^^^^^^^^^^^^^^^^^^^^^^^^^^^^^^^^^^^^^^^^^^^^^^^^^^^[0m
  [90m3179 |[0m [32m    code: `[0m# [33mMatrix[0m [33mAddition[0m [33mProgram[0m
  [90m3180 |[0m # ======================
  [90m3181 |[0m # [33mAdd[0m two matrices element by element using nested loops

Parsing ecmascript source code failed

Import traces:
  App Route:
    ./src/data/pythonPrograms.ts
    ./app/api/admin/users/import-teachers-csv/route.ts

  Client Component Browser:
    ./src/data/pythonPrograms.ts [Client Component Browser]
    ./src/sections/ProgramsSection.tsx [Client Component Browser]
    ./src/sections/ProgramsSection.tsx [Server Component]
    ./app/page.tsx [Server Component]

  Client Component SSR:
    ./src/data/pythonPrograms.ts [Client Component SSR]
    ./src/sections/ProgramsSection.tsx [Client Component SSR]
    ./src/sections/ProgramsSection.tsx [Server Component]
    ./app/page.tsx [Server Component]


./src/data/pythonPrograms.ts:3179:11
Cannot assign to this
  [90m3177 |[0m [32m    classLevel: "Class 10" as const,[0m
  [90m3178 |[0m [32m    description: "Add two matrices using nested loops to traverse rows and columns.",[0m
[31m[1m>[0m [90m3179 |[0m [32m    code: `[0m# [33mMatrix[0m [33mAddition[0m [33mProgram[0m
  [90m     |[0m           [31m[1m^^^^^^^^^^^^^^^^^^^^^^^^^[0m
[31m[1m>[0m [90m3180 |[0m # ======================
  [90m     |[0m [31m[1m^^^^^^^^^^^^^^^^^^^^^^^^[0m
[31m[1m>[0m [90m3181 |[0m # [33mAdd[0m two matrices element by element using nested loops
  [90m     |[0m [31m[1m^^^^^^^^^^^^^^^^^^^^^^^^^^^^^^^^^^^^^^^^^^^^^^^^^^^^^^^^[0m
[31m[1m>[0m [90m3182 |[0m
  [90m     |[0m [31m[1m^[0m
[31m[1m>[0m [90m3183 |[0m def add_matrices(matrix1, matrix2):
  [90m     |[0m [31m[1m^^^^^^^^^^^^^^^^^^^^^^^^^^^^^^^^^^^[0m
[31m[1m>[0m [90m3184 |[0m     rows = len(matrix1)
  [90m     |[0m [31m[1m^^^^^^^^^^^^^^^^^^^^^^^[0m
[31m[1m>[0m [90m3185 |[0m     cols = len(matrix1[[35m0[0m])
  [90m     |[0m [31m[1m^^^^^^^^^^^^^^^^^^^^^^^^^^[0m
[31m[1m>[0m [90m3186 |[0m
  [90m     |[0m [31m[1m^[0m
[31m[1m>[0m [90m3187 |[0m     # [33mCreate[0m result matrix filled [36mwith[0m zeros
  [90m     |[0m [31m[1m^^^^^^^^^^^^^^^^^^^^^^^^^^^^^^^^^^^^^^^^^^^^[0m
[31m[1m>[0m [90m3188 |[0m     result = [[[35m0[0m [36mfor[0m _ [36min[0m range(cols)] [36mfor[0m _ 
[36min[0m range(rows)]
  [90m     |[0m [31m[1m^^^^^^^^^^^^^^^^^^^^^^^^^^^^^^^^^^^^^^^^^^^^^^^^^^^^^^^^^^^^[0m
[31m[1m>[0m [90m3189 |[0m
  [90m     |[0m [31m[1m^[0m
[31m[1m>[0m [90m3190 |[0m     # [33mAdd[0m corresponding elements
  [90m     |[0m [31m[1m^^^^^^^^^^^^^^^^^^^^^^^^^^^^^^^^[0m
[31m[1m>[0m [90m3191 |[0m     [36mfor[0m i [36min[0m range(rows):
  [90m     |[0m [31m[1m^^^^^^^^^^^^^^^^^^^^^^^^^[0m
[31m[1m>[0m [90m3192 |[0m         [36mfor[0m j [36min[0m range(cols):
  [90m     |[0m [31m[1m^^^^^^^^^^^^^^^^^^^^^^^^^^^^^[0m
[31m[1m>[0m [90m3193 |[0m             result[i][j] = matrix1[i][j] + matrix2[i][j]
  [90m     |[0m [31m[1m^^^^^^^^^^^^^^^^^^^^^^^^^^^^^^^^^^^^^^^^^^^^^^^^^^^^^^^^[0m
[31m[1m>[0m [90m3194 |[0m
  [90m     |[0m [31m[1m^[0m
[31m[1m>[0m [90m3195 |[0m     [36mreturn[0m result
  [90m     |[0m [31m[1m^^^^^^^^^^^^^^^^^[0m
[31m[1m>[0m [90m3196 |[0m
  [90m     |[0m [31m[1m^[0m
[31m[1m>[0m [90m3197 |[0m def print_matrix(matrix, name):
  [90m     |[0m [31m[1m^^^^^^^^^^^^^^^^^^^^^^^^^^^^^^^[0m
[31m[1m>[0m [90m3198 |[0m     print(f[32m"{name}:"[0m)
  [90m     |[0m [31m[1m^^^^^^^^^^^^^^^^^^^^^[0m
[31m[1m>[0m [90m3199 |[0m     [36mfor[0m row [36min[0m matrix:
  [90m     |[0m [31m[1m^^^^^^^^^^^^^^^^^^^^^^[0m
[31m[1m>[0m [90m3200 |[0m         print(f[32m"  {row}"[0m)
  [90m     |[0m [31m[1m^^^^^^^^^^^^^^^^^^^^^^^^^[0m
[31m[1m>[0m [90m3201 |[0m
  [90m     |[0m [31m[1m^[0m
[31m[1m>[0m [90m3202 |[0m # [33mDefine[0m two [35m3[0mx3 matrices
  [90m     |[0m [31m[1m^^^^^^^^^^^^^^^^^^^^^^^^^[0m
[31m[1m>[0m [90m3203 |[0m matrix_a = [
  [90m     |[0m [31m[1m^^^^^^^^^^^^[0m
[31m[1m>[0m [90m3204 |[0m     [[35m1[0m, [35m2[0m, [35m3[0m],
  [90m     |[0m [31m[1m^^^^^^^^^^^^^^[0m
[31m[1m>[0m [90m3205 |[0m     [[35m4[0m, [35m5[0m, [35m6[0m],
  [90m     |[0m [31m[1m^^^^^^^^^^^^^^[0m
[31m[1m>[0m [90m3206 |[0m     [[35m7[0m, [35m8[0m, [35m9[0m]
  [90m     |[0m [31m[1m^^^^^^^^^^^^^[0m
[31m[1m>[0m [90m3207 |[0m ]
  [90m     |[0m [31m[1m^[0m
[31m[1m>[0m [90m3208 |[0m
  [90m     |[0m [31m[1m^[0m
[31m[1m>[0m [90m3209 |[0m matrix_b = [
  [90m     |[0m [31m[1m^^^^^^^^^^^^[0m
[31m[1m>[0m [90m3210 |[0m     [[35m9[0m, [35m8[0m, [35m7[0m],
  [90m     |[0m [31m[1m^^^^^^^^^^^^^^[0m
[31m[1m>[0m [90m3211 |[0m     [[35m6[0m, [35m5[0m, [35m4[0m],
  [90m     |[0m [31m[1m^^^^^^^^^^^^^^[0m
[31m[1m>[0m [90m3212 |[0m     [[35m3[0m, [35m2[0m, [35m1[0m]
  [90m     |[0m [31m[1m^^^^^^^^^^^^^[0m
[31m[1m>[0m [90m3213 |[0m ]
  [90m     |[0m [31m[1m^[0m
[31m[1m>[0m [90m3214 |[0m
  [90m     |[0m [31m[1m^[0m
[31m[1m>[0m [90m3215 |[0m print_matrix(matrix_a, [32m"Matrix A"[0m)
  [90m     |[0m [31m[1m^^^^^^^^^^^^^^^^^^^^^^^^^^^^^^^^^^[0m
[31m[1m>[0m [90m3216 |[0m print()
  [90m     |[0m [31m[1m^^^^^^^[0m
[31m[1m>[0m [90m3217 |[0m print_matrix(matrix_b, [32m"Matrix B"[0m)
  [90m     |[0m [31m[1m^^^^^^^^^^^^^^^^^^^^^^^^^^^^^^^^^^[0m
[31m[1m>[0m [90m3218 |[0m print()
  [90m     |[0m [31m[1m^^^^^^^[0m
[31m[1m>[0m [90m3219 |[0m
  [90m     |[0m [31m[1m^[0m
[31m[1m>[0m [90m3220 |[0m result = add_matrices(matrix_a, matrix_b)
  [90m     |[0m [31m[1m^^^^^^^^^^^^^^^^^^^^^^^^^^^^^^^^^^^^^^^^^[0m
[31m[1m>[0m [90m3221 |[0m print_matrix(result, [32m"Sum (A + B)"[0m)
  [90m     |[0m [31m[1m^^^^^^^^^^^^^^^^^^^^^^^^^^^^^^^^^^^[0m
[31m[1m>[0m [90m3222 |[0m
  [90m     |[0m [31m[1m^[0m
[31m[1m>[0m [90m3223 |[0m # [33mExecution[0m trace:
  [90m     |[0m [31m[1m^^^^^^^^^^^^^^^^^^[0m
[31m[1m>[0m [90m3224 |[0m # [33mMatrix[0m [33mA[0m: [[35m1[0m,[35m2[0m,[35m3[0m]    [33mMatrix[0m 
[33mB[0m: [[35m9[0m,[35m8[0m,[35m7[0m]
  [90m     |[0m [31m[1m^^^^^^^^^^^^^^^^^^^^^^^^^^^^^^^^^^^^^^^^[0m
[31m[1m>[0m [90m3225 |[0m #           [[35m4[0m,[35m5[0m,[35m6[0m]              
[[35m6[0m,[35m5[0m,[35m4[0m]
  [90m     |[0m [31m[1m^^^^^^^^^^^^^^^^^^^^^^^^^^^^^^^^^^^^^^^^[0m
[31m[1m>[0m [90m3226 |[0m #           [[35m7[0m,[35m8[0m,[35m9[0m]              
[[35m3[0m,[35m2[0m,[35m1[0m]
  [90m     |[0m [31m[1m^^^^^^^^^^^^^^^^^^^^^^^^^^^^^^^^^^^^^^^^[0m
[31m[1m>[0m [90m3227 |[0m # [33mSum[0m:      [[35m10[0m,[35m10[0m,[35m10[0m]
  [90m     |[0m [31m[1m^^^^^^^^^^^^^^^^^^^^^^[0m
[31m[1m>[0m [90m3228 |[0m #           [[35m10[0m,[35m10[0m,[35m10[0m]
  [90m     |[0m [31m[1m^^^^^^^^^^^^^^^^^^^^^^[0m
[31m[1m>[0m [90m3229 |[0m #           [[35m10[0m,[35m10[0m,[35m10[0m]
  [90m     |[0m [31m[1m^^^^^^^^^^^^^^^^^^^^^^[0m
[31m[1m>[0m [90m3230 |[0m
  [90m     |[0m [31m[1m^[0m
[31m[1m>[0m [90m3231 |[0m # [33mTRY[0m [33mTHIS[0m: [33mWrite[0m a [36mfunction[0m to multiply two 
matrices
  [90m     |[0m [31m[1m^^^^^^^^^^^^^^^^^^^^^^^^^^^^^^^^^^^^^^^^^^^^^^^^^^^^^[0m
[31m[1m>[0m [90m3232 |[0m [32m`,[0m
  [90m     |[0m [31m[1m^[0m
  [90m3233 |[0m [32m    funFact: "Matrix addition is used in image processing to combine visual effects!"[0m
  [90m3234 |[0m [32m  },[0m
  [90m3235 |[0m [32m  {[0m

Parsing ecmascript source code failed

Import traces:
  App Route:
    ./src/data/pythonPrograms.ts
    ./app/api/admin/users/import-teachers-csv/route.ts

  Client Component Browser:
    ./src/data/pythonPrograms.ts [Client Component Browser]
    ./src/sections/ProgramsSection.tsx [Client Component Browser]
    ./src/sections/ProgramsSection.tsx [Server Component]
    ./app/page.tsx [Server Component]

  Client Component SSR:
    ./src/data/pythonPrograms.ts [Client Component SSR]
    ./src/sections/ProgramsSection.tsx [Client Component SSR]
    ./src/sections/ProgramsSection.tsx [Server Component]
    ./app/page.tsx [Server Component]


./src/data/pythonPrograms.ts:3233:14
Cannot assign to this
  [90m3231 |[0m # [33mTRY[0m [33mTHIS[0m: [33mWrite[0m a [36mfunction[0m to multiply two matrices
  [90m3232 |[0m [32m`,[0m
[31m[1m>[0m [90m3233 |[0m [32m    funFact: "Matrix addition is used in image processing to combine visual 
effects!"[0m
  [90m     |[0m              [31m[1m^^^^^^^^^^^^^^^^^^^^^^^^^^^^^^^^^^^^^^^^^^^^^^^^^^^^^^^^^^^^^^^^^^^^^^^^[0m
  [90m3234 |[0m [32m  },[0m
  [90m3235 |[0m [32m  {[0m
  [90m3236 |[0m [32m    id: "lt-6",[0m

Parsing ecmascript source code failed

Import traces:
  App Route:
    ./src/data/pythonPrograms.ts
    ./app/api/admin/users/import-teachers-csv/route.ts

  Client Component Browser:
    ./src/data/pythonPrograms.ts [Client Component Browser]
    ./src/sections/ProgramsSection.tsx [Client Component Browser]
    ./src/sections/ProgramsSection.tsx [Server Component]
    ./app/page.tsx [Server Component]

  Client Component SSR:
    ./src/data/pythonPrograms.ts [Client Component SSR]
    ./src/sections/ProgramsSection.tsx [Client Component SSR]
    ./src/sections/ProgramsSection.tsx [Server Component]
    ./app/page.tsx [Server Component]


./src/data/pythonPrograms.ts:3236:9
Cannot assign to this
  [90m3234 |[0m [32m  },[0m
  [90m3235 |[0m [32m  {[0m
[31m[1m>[0m [90m3236 |[0m [32m    id: "lt-6",[0m
  [90m     |[0m         [31m[1m^^^^^^[0m
  [90m3237 |[0m [32m    title: "Matrix Transpose",[0m
  [90m3238 |[0m [32m    language: "python" as const,[0m
  [90m3239 |[0m [32m    category: "Lists" as const,[0m

Parsing ecmascript source code failed

Import traces:
  App Route:
    ./src/data/pythonPrograms.ts
    ./app/api/admin/users/import-teachers-csv/route.ts

  Client Component Browser:
    ./src/data/pythonPrograms.ts [Client Component Browser]
    ./src/sections/ProgramsSection.tsx [Client Component Browser]
    ./src/sections/ProgramsSection.tsx [Server Component]
    ./app/page.tsx [Server Component]

  Client Component SSR:
    ./src/data/pythonPrograms.ts [Client Component SSR]
    ./src/sections/ProgramsSection.tsx [Client Component SSR]
    ./src/sections/ProgramsSection.tsx [Server Component]
    ./app/page.tsx [Server Component]


./src/data/pythonPrograms.ts:3237:12
Cannot assign to this
  [90m3235 |[0m [32m  {[0m
  [90m3236 |[0m [32m    id: "lt-6",[0m
[31m[1m>[0m [90m3237 |[0m [32m    title: "Matrix Transpose",[0m
  [90m     |[0m            [31m[1m^^^^^^^^^^^^^^^^^^[0m
  [90m3238 |[0m [32m    language: "python" as const,[0m
  [90m3239 |[0m [32m    category: "Lists" as const,[0m
  [90m3240 |[0m [32m    difficulty: "Medium",[0m

Parsing ecmascript source code failed

Import traces:
  App Route:
    ./src/data/pythonPrograms.ts
    ./app/api/admin/users/import-teachers-csv/route.ts

  Client Component Browser:
    ./src/data/pythonPrograms.ts [Client Component Browser]
    ./src/sections/ProgramsSection.tsx [Client Component Browser]
    ./src/sections/ProgramsSection.tsx [Server Component]
    ./app/page.tsx [Server Component]

  Client Component SSR:
    ./src/data/pythonPrograms.ts [Client Component SSR]
    ./src/sections/ProgramsSection.tsx [Client Component SSR]
    ./src/sections/ProgramsSection.tsx [Server Component]
    ./app/page.tsx [Server Component]


./src/data/pythonPrograms.ts:3240:17
Cannot assign to this
  [90m3238 |[0m [32m    language: "python" as const,[0m
  [90m3239 |[0m [32m    category: "Lists" as const,[0m
[31m[1m>[0m [90m3240 |[0m [32m    difficulty: "Medium",[0m
  [90m     |[0m                 [31m[1m^^^^^^^^[0m
  [90m3241 |[0m [32m    classLevel: "Class 10" as const,[0m
  [90m3242 |[0m [32m    description: "Transpose a matrix using list comprehension to swap rows and columns.",[0m
  [90m3243 |[0m [32m    code: `[0m# [33mMatrix[0m [33mTranspose[0m [33mProgram[0m

Parsing ecmascript source code failed

Import traces:
  App Route:
    ./src/data/pythonPrograms.ts
    ./app/api/admin/users/import-teachers-csv/route.ts

  Client Component Browser:
    ./src/data/pythonPrograms.ts [Client Component Browser]
    ./src/sections/ProgramsSection.tsx [Client Component Browser]
    ./src/sections/ProgramsSection.tsx [Server Component]
    ./app/page.tsx [Server Component]

  Client Component SSR:
    ./src/data/pythonPrograms.ts [Client Component SSR]
    ./src/sections/ProgramsSection.tsx [Client Component SSR]
    ./src/sections/ProgramsSection.tsx [Server Component]
    ./app/page.tsx [Server Component]


./src/data/pythonPrograms.ts:3242:18
Cannot assign to this
  [90m3240 |[0m [32m    difficulty: "Medium",[0m
  [90m3241 |[0m [32m    classLevel: "Class 10" as const,[0m
[31m[1m>[0m [90m3242 |[0m [32m    description: "Transpose a matrix using list comprehension to swap rows and 
columns.",[0m
  [90m     |[0m                  [31m[1m^^^^^^^^^^^^^^^^^^^^^^^^^^^^^^^^^^^^^^^^^^^^^^^^^^^^^^^^^^^^^^^^^^^^^^^[0m
  [90m3243 |[0m [32m    code: `[0m# [33mMatrix[0m [33mTranspose[0m [33mProgram[0m
  [90m3244 |[0m # =======================
  [90m3245 |[0m # [33mTranspose[0m converts rows to columns using list comprehension

Parsing ecmascript source code failed

Import traces:
  App Route:
    ./src/data/pythonPrograms.ts
    ./app/api/admin/users/import-teachers-csv/route.ts

  Client Component Browser:
    ./src/data/pythonPrograms.ts [Client Component Browser]
    ./src/sections/ProgramsSection.tsx [Client Component Browser]
    ./src/sections/ProgramsSection.tsx [Server Component]
    ./app/page.tsx [Server Component]

  Client Component SSR:
    ./src/data/pythonPrograms.ts [Client Component SSR]
    ./src/sections/ProgramsSection.tsx [Client Component SSR]
    ./src/sections/ProgramsSection.tsx [Server Component]
    ./app/page.tsx [Server Component]


./src/data/pythonPrograms.ts:3243:11
Cannot assign to this
  [90m3241 |[0m [32m    classLevel: "Class 10" as const,[0m
  [90m3242 |[0m [32m    description: "Transpose a matrix using list comprehension to swap rows and columns.",[0m
[31m[1m>[0m [90m3243 |[0m [32m    code: `[0m# [33mMatrix[0m [33mTranspose[0m [33mProgram[0m
  [90m     |[0m           [31m[1m^^^^^^^^^^^^^^^^^^^^^^^^^^[0m
[31m[1m>[0m [90m3244 |[0m # =======================
  [90m     |[0m [31m[1m^^^^^^^^^^^^^^^^^^^^^^^^^[0m
[31m[1m>[0m [90m3245 |[0m # [33mTranspose[0m converts rows to columns using list comprehension
  [90m     |[0m [31m[1m^^^^^^^^^^^^^^^^^^^^^^^^^^^^^^^^^^^^^^^^^^^^^^^^^^^^^^^^^^^^^[0m
[31m[1m>[0m [90m3246 |[0m
  [90m     |[0m [31m[1m^[0m
[31m[1m>[0m [90m3247 |[0m def transpose(matrix):
  [90m     |[0m [31m[1m^^^^^^^^^^^^^^^^^^^^^^[0m
[31m[1m>[0m [90m3248 |[0m     # [33mList[0m comprehension: matrix[j][i] [36mfor[0m each row j and column i
  [90m     |[0m [31m[1m^^^^^^^^^^^^^^^^^^^^^^^^^^^^^^^^^^^^^^^^^^^^^^^^^^^^^^^^^^^^^^^^^^[0m
[31m[1m>[0m [90m3249 |[0m     rows = len(matrix)
  [90m     |[0m [31m[1m^^^^^^^^^^^^^^^^^^^^^^[0m
[31m[1m>[0m [90m3250 |[0m     cols = len(matrix[[35m0[0m])
  [90m     |[0m [31m[1m^^^^^^^^^^^^^^^^^^^^^^^^^[0m
[31m[1m>[0m [90m3251 |[0m     [36mreturn[0m [[matrix[j][i] [36mfor[0m j [36min[0m range(rows)] [36mfor[0m 
i [36min[0m range(cols)]
  [90m     |[0m [31m[1m^^^^^^^^^^^^^^^^^^^^^^^^^^^^^^^^^^^^^^^^^^^^^^^^^^^^^^^^^^^^^^^^^^^^^[0m
[31m[1m>[0m [90m3252 |[0m
  [90m     |[0m [31m[1m^[0m
[31m[1m>[0m [90m3253 |[0m def print_matrix(matrix, name):
  [90m     |[0m [31m[1m^^^^^^^^^^^^^^^^^^^^^^^^^^^^^^^[0m
[31m[1m>[0m [90m3254 |[0m     print(f[32m"{name}:"[0m)
  [90m     |[0m [31m[1m^^^^^^^^^^^^^^^^^^^^^[0m
[31m[1m>[0m [90m3255 |[0m     [36mfor[0m row [36min[0m matrix:
  [90m     |[0m [31m[1m^^^^^^^^^^^^^^^^^^^^^^[0m
[31m[1m>[0m [90m3256 |[0m         print(f[32m"  {row}"[0m)
  [90m     |[0m [31m[1m^^^^^^^^^^^^^^^^^^^^^^^^^[0m
[31m[1m>[0m [90m3257 |[0m
  [90m     |[0m [31m[1m^[0m
[31m[1m>[0m [90m3258 |[0m # [33mOriginal[0m [35m3[0mx4 matrix
  [90m     |[0m [31m[1m^^^^^^^^^^^^^^^^^^^^^[0m
[31m[1m>[0m [90m3259 |[0m original = [
  [90m     |[0m [31m[1m^^^^^^^^^^^^[0m
[31m[1m>[0m [90m3260 |[0m     [[35m1[0m, [35m2[0m, [35m3[0m, [35m4[0m],
  [90m     |[0m [31m[1m^^^^^^^^^^^^^^^^^[0m
[31m[1m>[0m [90m3261 |[0m     [[35m5[0m, [35m6[0m, [35m7[0m, [35m8[0m],
  [90m     |[0m [31m[1m^^^^^^^^^^^^^^^^^[0m
[31m[1m>[0m [90m3262 |[0m     [[35m9[0m, [35m10[0m, [35m11[0m, [35m12[0m]
  [90m     |[0m [31m[1m^^^^^^^^^^^^^^^^^^^[0m
[31m[1m>[0m [90m3263 |[0m ]
  [90m     |[0m [31m[1m^[0m
[31m[1m>[0m [90m3264 |[0m
  [90m     |[0m [31m[1m^[0m
[31m[1m>[0m [90m3265 |[0m print_matrix(original, [32m"Original (3x4)"[0m)
  [90m     |[0m [31m[1m^^^^^^^^^^^^^^^^^^^^^^^^^^^^^^^^^^^^^^^^[0m
[31m[1m>[0m [90m3266 |[0m print()
  [90m     |[0m [31m[1m^^^^^^^[0m
[31m[1m>[0m [90m3267 |[0m
  [90m     |[0m [31m[1m^[0m
[31m[1m>[0m [90m3268 |[0m # [33mTranspose[0m becomes [35m4[0mx3
  [90m     |[0m [31m[1m^^^^^^^^^^^^^^^^^^^^^^^[0m
[31m[1m>[0m [90m3269 |[0m transposed = transpose(original)
  [90m     |[0m [31m[1m^^^^^^^^^^^^^^^^^^^^^^^^^^^^^^^^[0m
[31m[1m>[0m [90m3270 |[0m print_matrix(transposed, [32m"Transposed (4x3)"[0m)
  [90m     |[0m [31m[1m^^^^^^^^^^^^^^^^^^^^^^^^^^^^^^^^^^^^^^^^^^^^[0m
[31m[1m>[0m [90m3271 |[0m
  [90m     |[0m [31m[1m^[0m
[31m[1m>[0m [90m3272 |[0m # [33mExecution[0m trace:
  [90m     |[0m [31m[1m^^^^^^^^^^^^^^^^^^[0m
[31m[1m>[0m [90m3273 |[0m # [33mOriginal[0m:          [33mTransposed[0m:
  [90m     |[0m [31m[1m^^^^^^^^^^^^^^^^^^^^^^^^^^^^^^^^[0m
[31m[1m>[0m [90m3274 |[0m # [[35m1[0m, [35m2[0m, [35m3[0m, [35m4[0m]      [[35m1[0m, [35m5[0m, 
[35m9[0m]
  [90m     |[0m [31m[1m^^^^^^^^^^^^^^^^^^^^^^^^^^^^^[0m
[31m[1m>[0m [90m3275 |[0m # [[35m5[0m, [35m6[0m, [35m7[0m, [35m8[0m]      [[35m2[0m, [35m6[0m, 
[35m10[0m]
  [90m     |[0m [31m[1m^^^^^^^^^^^^^^^^^^^^^^^^^^^^^^[0m
[31m[1m>[0m [90m3276 |[0m # [[35m9[0m, [35m10[0m, [35m11[0m, [35m12[0m]   [[35m3[0m, [35m7[0m, 
[35m11[0m]
  [90m     |[0m [31m[1m^^^^^^^^^^^^^^^^^^^^^^^^^^^^^^[0m
[31m[1m>[0m [90m3277 |[0m #                    [[35m4[0m, [35m8[0m, [35m12[0m]
  [90m     |[0m [31m[1m^^^^^^^^^^^^^^^^^^^^^^^^^^^^^^^[0m
[31m[1m>[0m [90m3278 |[0m
  [90m     |[0m [31m[1m^[0m
[31m[1m>[0m [90m3279 |[0m # [33mTRY[0m [33mTHIS[0m: [33mCheck[0m [36mif[0m a matrix is symmetric (matrix 
== transpose)
  [90m     |[0m [31m[1m^^^^^^^^^^^^^^^^^^^^^^^^^^^^^^^^^^^^^^^^^^^^^^^^^^^^^^^^^^^^^^^^[0m
[31m[1m>[0m [90m3280 |[0m [32m`,[0m
  [90m     |[0m [31m[1m^[0m
  [90m3281 |[0m [32m    funFact: "Matrix transpose is used in machine learning to prepare data for calculati...[0m
  [90m3282 |[0m [32m  },[0m
  [90m3283 |[0m [32m  {[0m

Parsing ecmascript source code failed

Import traces:
  App Route:
    ./src/data/pythonPrograms.ts
    ./app/api/admin/users/import-teachers-csv/route.ts

  Client Component Browser:
    ./src/data/pythonPrograms.ts [Client Component Browser]
    ./src/sections/ProgramsSection.tsx [Client Component Browser]
    ./src/sections/ProgramsSection.tsx [Server Component]
    ./app/page.tsx [Server Component]

  Client Component SSR:
    ./src/data/pythonPrograms.ts [Client Component SSR]
    ./src/sections/ProgramsSection.tsx [Client Component SSR]
    ./src/sections/ProgramsSection.tsx [Server Component]
    ./app/page.tsx [Server Component]


./src/data/pythonPrograms.ts:3281:14
Cannot assign to this
  [90m3279 |[0m ... [33mCheck[0m [36mif[0m a matrix is symmetric (matrix == transpose)
  [90m3280 |[0m ...
[31m[1m>[0m [90m3281 |[0m ...[32m: "Matrix transpose is used in machine learning to prepare data for 
calculations!"[0m
  [90m     |[0m      [31m[1m^^^^^^^^^^^^^^^^^^^^^^^^^^^^^^^^^^^^^^^^^^^^^^^^^^^^^^^^^^^^^^^^^^^^^^^^^^^^^^^^[0m
  [90m3282 |[0m ...
  [90m3283 |[0m ...
  [90m3284 |[0m ...[32m-7",[0m

Parsing ecmascript source code failed

Import traces:
  App Route:
    ./src/data/pythonPrograms.ts
    ./app/api/admin/users/import-teachers-csv/route.ts

  Client Component Browser:
    ./src/data/pythonPrograms.ts [Client Component Browser]
    ./src/sections/ProgramsSection.tsx [Client Component Browser]
    ./src/sections/ProgramsSection.tsx [Server Component]
    ./app/page.tsx [Server Component]

  Client Component SSR:
    ./src/data/pythonPrograms.ts [Client Component SSR]
    ./src/sections/ProgramsSection.tsx [Client Component SSR]
    ./src/sections/ProgramsSection.tsx [Server Component]
    ./app/page.tsx [Server Component]


./src/data/pythonPrograms.ts:3284:9
Cannot assign to this
  [90m3282 |[0m [32m  },[0m
  [90m3283 |[0m [32m  {[0m
[31m[1m>[0m [90m3284 |[0m [32m    id: "lt-7",[0m
  [90m     |[0m         [31m[1m^^^^^^[0m
  [90m3285 |[0m [32m    title: "Linear Search",[0m
  [90m3286 |[0m [32m    language: "python" as const,[0m
  [90m3287 |[0m [32m    category: "Lists" as const,[0m

Parsing ecmascript source code failed

Import traces:
  App Route:
    ./src/data/pythonPrograms.ts
    ./app/api/admin/users/import-teachers-csv/route.ts

  Client Component Browser:
    ./src/data/pythonPrograms.ts [Client Component Browser]
    ./src/sections/ProgramsSection.tsx [Client Component Browser]
    ./src/sections/ProgramsSection.tsx [Server Component]
    ./app/page.tsx [Server Component]

  Client Component SSR:
    ./src/data/pythonPrograms.ts [Client Component SSR]
    ./src/sections/ProgramsSection.tsx [Client Component SSR]
    ./src/sections/ProgramsSection.tsx [Server Component]
    ./app/page.tsx [Server Component]


./src/data/pythonPrograms.ts:3285:12
Cannot assign to this
  [90m3283 |[0m [32m  {[0m
  [90m3284 |[0m [32m    id: "lt-7",[0m
[31m[1m>[0m [90m3285 |[0m [32m    title: "Linear Search",[0m
  [90m     |[0m            [31m[1m^^^^^^^^^^^^^^^[0m
  [90m3286 |[0m [32m    language: "python" as const,[0m
  [90m3287 |[0m [32m    category: "Lists" as const,[0m
  [90m3288 |[0m [32m    difficulty: "Easy",[0m

Parsing ecmascript source code failed

Import traces:
  App Route:
    ./src/data/pythonPrograms.ts
    ./app/api/admin/users/import-teachers-csv/route.ts

  Client Component Browser:
    ./src/data/pythonPrograms.ts [Client Component Browser]
    ./src/sections/ProgramsSection.tsx [Client Component Browser]
    ./src/sections/ProgramsSection.tsx [Server Component]
    ./app/page.tsx [Server Component]

  Client Component SSR:
    ./src/data/pythonPrograms.ts [Client Component SSR]
    ./src/sections/ProgramsSection.tsx [Client Component SSR]
    ./src/sections/ProgramsSection.tsx [Server Component]
    ./app/page.tsx [Server Component]


./src/data/pythonPrograms.ts:3288:17
Cannot assign to this
  [90m3286 |[0m [32m    language: "python" as const,[0m
  [90m3287 |[0m [32m    category: "Lists" as const,[0m
[31m[1m>[0m [90m3288 |[0m [32m    difficulty: "Easy",[0m
  [90m     |[0m                 [31m[1m^^^^^^[0m
  [90m3289 |[0m [32m    classLevel: "Class 10" as const,[0m
  [90m3290 |[0m [32m    description: "Search for an element in a list by checking each element one by one.",[0m
  [90m3291 |[0m [32m    code: `[0m# [33mLinear[0m [33mSearch[0m [33mProgram[0m

Parsing ecmascript source code failed

Import traces:
  App Route:
    ./src/data/pythonPrograms.ts
    ./app/api/admin/users/import-teachers-csv/route.ts

  Client Component Browser:
    ./src/data/pythonPrograms.ts [Client Component Browser]
    ./src/sections/ProgramsSection.tsx [Client Component Browser]
    ./src/sections/ProgramsSection.tsx [Server Component]
    ./app/page.tsx [Server Component]

  Client Component SSR:
    ./src/data/pythonPrograms.ts [Client Component SSR]
    ./src/sections/ProgramsSection.tsx [Client Component SSR]
    ./src/sections/ProgramsSection.tsx [Server Component]
    ./app/page.tsx [Server Component]


./src/data/pythonPrograms.ts:3290:18
Cannot assign to this
  [90m3288 |[0m [32m    difficulty: "Easy",[0m
  [90m3289 |[0m [32m    classLevel: "Class 10" as const,[0m
[31m[1m>[0m [90m3290 |[0m [32m    description: "Search for an element in a list by checking each element one by 
one.",[0m
  [90m     |[0m                  [31m[1m^^^^^^^^^^^^^^^^^^^^^^^^^^^^^^^^^^^^^^^^^^^^^^^^^^^^^^^^^^^^^^^^^^^^^^[0m
  [90m3291 |[0m [32m    code: `[0m# [33mLinear[0m [33mSearch[0m [33mProgram[0m
  [90m3292 |[0m # ====================
  [90m3293 |[0m # [33mSimple[0m search that checks each element sequentially

Parsing ecmascript source code failed

Import traces:
  App Route:
    ./src/data/pythonPrograms.ts
    ./app/api/admin/users/import-teachers-csv/route.ts

  Client Component Browser:
    ./src/data/pythonPrograms.ts [Client Component Browser]
    ./src/sections/ProgramsSection.tsx [Client Component Browser]
    ./src/sections/ProgramsSection.tsx [Server Component]
    ./app/page.tsx [Server Component]

  Client Component SSR:
    ./src/data/pythonPrograms.ts [Client Component SSR]
    ./src/sections/ProgramsSection.tsx [Client Component SSR]
    ./src/sections/ProgramsSection.tsx [Server Component]
    ./app/page.tsx [Server Component]


./src/data/pythonPrograms.ts:3291:11
Cannot assign to this
  [90m3289 |[0m [32m    classLevel: "Class 10" as const,[0m
  [90m3290 |[0m [32m    description: "Search for an element in a list by checking each element one by one.",[0m
[31m[1m>[0m [90m3291 |[0m [32m    code: `[0m# [33mLinear[0m [33mSearch[0m [33mProgram[0m
  [90m     |[0m           [31m[1m^^^^^^^^^^^^^^^^^^^^^^^[0m
[31m[1m>[0m [90m3292 |[0m # ====================
  [90m     |[0m [31m[1m^^^^^^^^^^^^^^^^^^^^^^[0m
[31m[1m>[0m [90m3293 |[0m # [33mSimple[0m search that checks each element sequentially
  [90m     |[0m [31m[1m^^^^^^^^^^^^^^^^^^^^^^^^^^^^^^^^^^^^^^^^^^^^^^^^^^^^^[0m
[31m[1m>[0m [90m3294 |[0m
  [90m     |[0m [31m[1m^[0m
[31m[1m>[0m [90m3295 |[0m def linear_search(arr, target):
  [90m     |[0m [31m[1m^^^^^^^^^^^^^^^^^^^^^^^^^^^^^^^[0m
[31m[1m>[0m [90m3296 |[0m     # [33mTraverse[0m the list [36mfrom[0m index [35m0[0m to end
  [90m     |[0m [31m[1m^^^^^^^^^^^^^^^^^^^^^^^^^^^^^^^^^^^^^^^^^^^[0m
[31m[1m>[0m [90m3297 |[0m     [36mfor[0m i [36min[0m range(len(arr)):
  [90m     |[0m [31m[1m^^^^^^^^^^^^^^^^^^^^^^^^^^^^^[0m
[31m[1m>[0m [90m3298 |[0m         print(f[32m"  Checking index {i}: {arr[i]}"[0m)
  [90m     |[0m [31m[1m^^^^^^^^^^^^^^^^^^^^^^^^^^^^^^^^^^^^^^^^^^^^^^^^[0m
[31m[1m>[0m [90m3299 |[0m         [36mif[0m arr[i] == target:
  [90m     |[0m [31m[1m^^^^^^^^^^^^^^^^^^^^^^^^^^^^[0m
[31m[1m>[0m [90m3300 |[0m             [36mreturn[0m i  # [33mFound[0m! [33mReturn[0m index
  [90m     |[0m [31m[1m^^^^^^^^^^^^^^^^^^^^^^^^^^^^^^^^^^^^^^^^^^^[0m
[31m[1m>[0m [90m3301 |[0m     [36mreturn[0m -[35m1[0m  # [33mNot[0m found
  [90m     |[0m [31m[1m^^^^^^^^^^^^^^^^^^^^^^^^^^[0m
[31m[1m>[0m [90m3302 |[0m
  [90m     |[0m [31m[1m^[0m
[31m[1m>[0m [90m3303 |[0m # [33mSearch[0m [36min[0m a list
  [90m     |[0m [31m[1m^^^^^^^^^^^^^^^^^^[0m
[31m[1m>[0m [90m3304 |[0m numbers = [[35m23[0m, [35m45[0m, [35m12[0m, [35m67[0m, [35m89[0m, 
[35m34[0m, [35m56[0m]
  [90m     |[0m [31m[1m^^^^^^^^^^^^^^^^^^^^^^^^^^^^^^^^^^^^^^[0m
[31m[1m>[0m [90m3305 |[0m target = [35m67[0m
  [90m     |[0m [31m[1m^^^^^^^^^^^[0m
[31m[1m>[0m [90m3306 |[0m
  [90m     |[0m [31m[1m^[0m
[31m[1m>[0m [90m3307 |[0m print(f[32m"List: {numbers}"[0m)
  [90m     |[0m [31m[1m^^^^^^^^^^^^^^^^^^^^^^^^^[0m
[31m[1m>[0m [90m3308 |[0m print(f[32m"Searching for: {target}"[0m)
  [90m     |[0m [31m[1m^^^^^^^^^^^^^^^^^^^^^^^^^^^^^^^^^[0m
[31m[1m>[0m [90m3309 |[0m print([32m"-"[0m * [35m30[0m)
  [90m     |[0m [31m[1m^^^^^^^^^^^^^^^[0m
[31m[1m>[0m [90m3310 |[0m
  [90m     |[0m [31m[1m^[0m
[31m[1m>[0m [90m3311 |[0m result = linear_search(numbers, target)
  [90m     |[0m [31m[1m^^^^^^^^^^^^^^^^^^^^^^^^^^^^^^^^^^^^^^^[0m
[31m[1m>[0m [90m3312 |[0m
  [90m     |[0m [31m[1m^[0m
[31m[1m>[0m [90m3313 |[0m [36mif[0m result != -[35m1[0m:
  [90m     |[0m [31m[1m^^^^^^^^^^^^^^^^[0m
[31m[1m>[0m [90m3314 |[0m     print(f[32m"Found at index {result}"[0m)
  [90m     |[0m [31m[1m^^^^^^^^^^^^^^^^^^^^^^^^^^^^^^^^^^^^^[0m
[31m[1m>[0m [90m3315 |[0m [36melse[0m:
  [90m     |[0m [31m[1m^^^^^[0m
[31m[1m>[0m [90m3316 |[0m     print([32m"Element not found"[0m)
  [90m     |[0m [31m[1m^^^^^^^^^^^^^^^^^^^^^^^^^^^^^^[0m
[31m[1m>[0m [90m3317 |[0m
  [90m     |[0m [31m[1m^[0m
[31m[1m>[0m [90m3318 |[0m # [33mExecution[0m trace:
  [90m     |[0m [31m[1m^^^^^^^^^^^^^^^^^^[0m
[31m[1m>[0m [90m3319 |[0m # [33mIndex[0m [35m0[0m: [35m23[0m (not [35m67[0m)
  [90m     |[0m [31m[1m^^^^^^^^^^^^^^^^^^^^^^[0m
[31m[1m>[0m [90m3320 |[0m # [33mIndex[0m [35m1[0m: [35m45[0m (not [35m67[0m)
  [90m     |[0m [31m[1m^^^^^^^^^^^^^^^^^^^^^^[0m
[31m[1m>[0m [90m3321 |[0m # [33mIndex[0m [35m2[0m: [35m12[0m (not [35m67[0m)
  [90m     |[0m [31m[1m^^^^^^^^^^^^^^^^^^^^^^[0m
[31m[1m>[0m [90m3322 |[0m # [33mIndex[0m [35m3[0m: [35m67[0m (found!)
  [90m     |[0m [31m[1m^^^^^^^^^^^^^^^^^^^^^^[0m
[31m[1m>[0m [90m3323 |[0m # [33mOutput[0m: [33mFound[0m at index [35m3[0m
  [90m     |[0m [31m[1m^^^^^^^^^^^^^^^^^^^^^^^^^^[0m
[31m[1m>[0m [90m3324 |[0m
  [90m     |[0m [31m[1m^[0m
[31m[1m>[0m [90m3325 |[0m # [33mTRY[0m [33mTHIS[0m: [33mModify[0m to [36mreturn[0m all indices where the 
element appears
  [90m     |[0m [31m[1m^^^^^^^^^^^^^^^^^^^^^^^^^^^^^^^^^^^^^^^^^^^^^^^^^^^^^^^^^^^^^^^^^^[0m
[31m[1m>[0m [90m3326 |[0m [32m`,[0m
  [90m     |[0m [31m[1m^[0m
  [90m3327 |[0m [32m    funFact: "Linear search has O(n) time complexity - it checks every element in worst ...[0m
  [90m3328 |[0m [32m  },[0m
  [90m3329 |[0m [32m  {[0m

Parsing ecmascript source code failed

Import traces:
  App Route:
    ./src/data/pythonPrograms.ts
    ./app/api/admin/users/import-teachers-csv/route.ts

  Client Component Browser:
    ./src/data/pythonPrograms.ts [Client Component Browser]
    ./src/sections/ProgramsSection.tsx [Client Component Browser]
    ./src/sections/ProgramsSection.tsx [Server Component]
    ./app/page.tsx [Server Component]

  Client Component SSR:
    ./src/data/pythonPrograms.ts [Client Component SSR]
    ./src/sections/ProgramsSection.tsx [Client Component SSR]
    ./src/sections/ProgramsSection.tsx [Server Component]
    ./app/page.tsx [Server Component]


./src/data/pythonPrograms.ts:3327:14
Cannot assign to this
  [90m3325 |[0m ... [33mModify[0m to [36mreturn[0m all indices where the element appears
  [90m3326 |[0m ...
[31m[1m>[0m [90m3327 |[0m ...[32m: "Linear search has O(n) time complexity - it checks every element in worst 
case!"[0m
  [90m     |[0m      [31m[1m^^^^^^^^^^^^^^^^^^^^^^^^^^^^^^^^^^^^^^^^^^^^^^^^^^^^^^^^^^^^^^^^^^^^^^^^^^^^^^^^^[0m
  [90m3328 |[0m ...
  [90m3329 |[0m ...
  [90m3330 |[0m ...[32m-8",[0m

Parsing ecmascript source code failed

Import traces:
  App Route:
    ./src/data/pythonPrograms.ts
    ./app/api/admin/users/import-teachers-csv/route.ts

  Client Component Browser:
    ./src/data/pythonPrograms.ts [Client Component Browser]
    ./src/sections/ProgramsSection.tsx [Client Component Browser]
    ./src/sections/ProgramsSection.tsx [Server Component]
    ./app/page.tsx [Server Component]

  Client Component SSR:
    ./src/data/pythonPrograms.ts [Client Component SSR]
    ./src/sections/ProgramsSection.tsx [Client Component SSR]
    ./src/sections/ProgramsSection.tsx [Server Component]
    ./app/page.tsx [Server Component]


./src/data/pythonPrograms.ts:3330:9
Cannot assign to this
  [90m3328 |[0m [32m  },[0m
  [90m3329 |[0m [32m  {[0m
[31m[1m>[0m [90m3330 |[0m [32m    id: "lt-8",[0m
  [90m     |[0m         [31m[1m^^^^^^[0m
  [90m3331 |[0m [32m    title: "Binary Search",[0m
  [90m3332 |[0m [32m    language: "python" as const,[0m
  [90m3333 |[0m [32m    category: "Lists" as const,[0m

Parsing ecmascript source code failed

Import traces:
  App Route:
    ./src/data/pythonPrograms.ts
    ./app/api/admin/users/import-teachers-csv/route.ts

  Client Component Browser:
    ./src/data/pythonPrograms.ts [Client Component Browser]
    ./src/sections/ProgramsSection.tsx [Client Component Browser]
    ./src/sections/ProgramsSection.tsx [Server Component]
    ./app/page.tsx [Server Component]

  Client Component SSR:
    ./src/data/pythonPrograms.ts [Client Component SSR]
    ./src/sections/ProgramsSection.tsx [Client Component SSR]
    ./src/sections/ProgramsSection.tsx [Server Component]
    ./app/page.tsx [Server Component]


./src/data/pythonPrograms.ts:3331:12
Cannot assign to this
  [90m3329 |[0m [32m  {[0m
  [90m3330 |[0m [32m    id: "lt-8",[0m
[31m[1m>[0m [90m3331 |[0m [32m    title: "Binary Search",[0m
  [90m     |[0m            [31m[1m^^^^^^^^^^^^^^^[0m
  [90m3332 |[0m [32m    language: "python" as const,[0m
  [90m3333 |[0m [32m    category: "Lists" as const,[0m
  [90m3334 |[0m [32m    difficulty: "Hard",[0m

Parsing ecmascript source code failed

Import traces:
  App Route:
    ./src/data/pythonPrograms.ts
    ./app/api/admin/users/import-teachers-csv/route.ts

  Client Component Browser:
    ./src/data/pythonPrograms.ts [Client Component Browser]
    ./src/sections/ProgramsSection.tsx [Client Component Browser]
    ./src/sections/ProgramsSection.tsx [Server Component]
    ./app/page.tsx [Server Component]

  Client Component SSR:
    ./src/data/pythonPrograms.ts [Client Component SSR]
    ./src/sections/ProgramsSection.tsx [Client Component SSR]
    ./src/sections/ProgramsSection.tsx [Server Component]
    ./app/page.tsx [Server Component]


./src/data/pythonPrograms.ts:3334:17
Cannot assign to this
  [90m3332 |[0m [32m    language: "python" as const,[0m
  [90m3333 |[0m [32m    category: "Lists" as const,[0m
[31m[1m>[0m [90m3334 |[0m [32m    difficulty: "Hard",[0m
  [90m     |[0m                 [31m[1m^^^^^^[0m
  [90m3335 |[0m [32m    classLevel: "Class 10" as const,[0m
  [90m3336 |[0m [32m    description: "Efficiently search a sorted list by repeatedly dividing the search ran...[0m
  [90m3337 |[0m [32m    code: `[0m# [33mBinary[0m [33mSearch[0m [33mProgram[0m

Parsing ecmascript source code failed

Import traces:
  App Route:
    ./src/data/pythonPrograms.ts
    ./app/api/admin/users/import-teachers-csv/route.ts

  Client Component Browser:
    ./src/data/pythonPrograms.ts [Client Component Browser]
    ./src/sections/ProgramsSection.tsx [Client Component Browser]
    ./src/sections/ProgramsSection.tsx [Server Component]
    ./app/page.tsx [Server Component]

  Client Component SSR:
    ./src/data/pythonPrograms.ts [Client Component SSR]
    ./src/sections/ProgramsSection.tsx [Client Component SSR]
    ./src/sections/ProgramsSection.tsx [Server Component]
    ./app/page.tsx [Server Component]


./src/data/pythonPrograms.ts:3336:18
Cannot assign to this
  [90m3334 |[0m ...[32m"Hard",[0m
  [90m3335 |[0m ...[32m"Class 10" as const,[0m
[31m[1m>[0m [90m3336 |[0m ...[32m "Efficiently search a sorted list by repeatedly dividing the search range in 
half.",[0m
  [90m     |[0m     [31m[1m^^^^^^^^^^^^^^^^^^^^^^^^^^^^^^^^^^^^^^^^^^^^^^^^^^^^^^^^^^^^^^^^^^^^^^^^^^^^^^^^^^^[0m
  [90m3337 |[0m ...[33mary[0m [33mSearch[0m [33mProgram[0m
  [90m3338 |[0m ...======
  [90m3339 |[0m ... sorted arrays using divide and conquer

Parsing ecmascript source code failed

Import traces:
  App Route:
    ./src/data/pythonPrograms.ts
    ./app/api/admin/users/import-teachers-csv/route.ts

  Client Component Browser:
    ./src/data/pythonPrograms.ts [Client Component Browser]
    ./src/sections/ProgramsSection.tsx [Client Component Browser]
    ./src/sections/ProgramsSection.tsx [Server Component]
    ./app/page.tsx [Server Component]

  Client Component SSR:
    ./src/data/pythonPrograms.ts [Client Component SSR]
    ./src/sections/ProgramsSection.tsx [Client Component SSR]
    ./src/sections/ProgramsSection.tsx [Server Component]
    ./app/page.tsx [Server Component]


./src/data/pythonPrograms.ts:3337:11
Cannot assign to this
  [90m3335 |[0m [32m    classLevel: "Class 10" as const,[0m
  [90m3336 |[0m [32m    description: "Efficiently search a sorted list by repeatedly dividing the search ran...[0m
[31m[1m>[0m [90m3337 |[0m [32m    code: `[0m# [33mBinary[0m [33mSearch[0m [33mProgram[0m
  [90m     |[0m           [31m[1m^^^^^^^^^^^^^^^^^^^^^^^[0m
[31m[1m>[0m [90m3338 |[0m # ====================
  [90m     |[0m [31m[1m^^^^^^^^^^^^^^^^^^^^^^[0m
[31m[1m>[0m [90m3339 |[0m # [33mFast[0m search on sorted arrays using divide and conquer
  [90m     |[0m [31m[1m^^^^^^^^^^^^^^^^^^^^^^^^^^^^^^^^^^^^^^^^^^^^^^^^^^^^^^^[0m
[31m[1m>[0m [90m3340 |[0m
  [90m     |[0m [31m[1m^[0m
[31m[1m>[0m [90m3341 |[0m def binary_search(arr, target):
  [90m     |[0m [31m[1m^^^^^^^^^^^^^^^^^^^^^^^^^^^^^^^[0m
[31m[1m>[0m [90m3342 |[0m     low = [35m0[0m
  [90m     |[0m [31m[1m^^^^^^^^^^^[0m
[31m[1m>[0m [90m3343 |[0m     high = len(arr) - [35m1[0m
  [90m     |[0m [31m[1m^^^^^^^^^^^^^^^^^^^^^^^[0m
[31m[1m>[0m [90m3344 |[0m     comparisons = [35m0[0m
  [90m     |[0m [31m[1m^^^^^^^^^^^^^^^^^^^[0m
[31m[1m>[0m [90m3345 |[0m
  [90m     |[0m [31m[1m^[0m
[31m[1m>[0m [90m3346 |[0m     [36mwhile[0m low <= high:
  [90m     |[0m [31m[1m^^^^^^^^^^^^^^^^^^^^^^[0m
[31m[1m>[0m [90m3347 |[0m         mid = (low + high) [90m// 2[0m
  [90m     |[0m [31m[1m^^^^^^^^^^^^^^^^^^^^^^^^^^^^^^^[0m
[31m[1m>[0m [90m3348 |[0m         comparisons += [35m1[0m
  [90m     |[0m [31m[1m^^^^^^^^^^^^^^^^^^^^^^^^[0m
[31m[1m>[0m [90m3349 |[0m         print(f[32m"  Comparison {comparisons}: checking index {mid} = {arr[mid]}"[0m)
  [90m     |[0m [31m[1m^^^^^^^^^^^^^^^^^^^^^^^^^^^^^^^^^^^^^^^^^^^^^^^^^^^^^^^^^^^^^^^^^^^^^^^^^^^^^^^[0m
[31m[1m>[0m [90m3350 |[0m
  [90m     |[0m [31m[1m^[0m
[31m[1m>[0m [90m3351 |[0m         [36mif[0m arr[mid] == target:
  [90m     |[0m [31m[1m^^^^^^^^^^^^^^^^^^^^^^^^^^^^^^[0m
[31m[1m>[0m [90m3352 |[0m             [36mreturn[0m mid  # [33mFound[0m
  [90m     |[0m [31m[1m^^^^^^^^^^^^^^^^^^^^^^^^^^^^^^^[0m
[31m[1m>[0m [90m3353 |[0m         elif arr[mid] < target:
  [90m     |[0m [31m[1m^^^^^^^^^^^^^^^^^^^^^^^^^^^^^^^[0m
[31m[1m>[0m [90m3354 |[0m             low = mid + [35m1[0m  # [33mSearch[0m right half
  [90m     |[0m [31m[1m^^^^^^^^^^^^^^^^^^^^^^^^^^^^^^^^^^^^^^^^^^^^^^[0m
[31m[1m>[0m [90m3355 |[0m             print(f[32m"    Target is larger, searching right: {arr[low:high+1]}"[0m)
  [90m     |[0m [31m[1m^^^^^^^^^^^^^^^^^^^^^^^^^^^^^^^^^^^^^^^^^^^^^^^^^^^^^^^^^^^^^^^^^^^^^^^^^^^^^^[0m
[31m[1m>[0m [90m3356 |[0m         [36melse[0m:
  [90m     |[0m [31m[1m^^^^^^^^^^^^^[0m
[31m[1m>[0m [90m3357 |[0m             high = mid - [35m1[0m  # [33mSearch[0m left half
  [90m     |[0m [31m[1m^^^^^^^^^^^^^^^^^^^^^^^^^^^^^^^^^^^^^^^^^^^^^^[0m
[31m[1m>[0m [90m3358 |[0m             print(f[32m"    Target is smaller, searching left: {arr[low:high+1]}"[0m)
  [90m     |[0m [31m[1m^^^^^^^^^^^^^^^^^^^^^^^^^^^^^^^^^^^^^^^^^^^^^^^^^^^^^^^^^^^^^^^^^^^^^^^^^^^^^^[0m
[31m[1m>[0m [90m3359 |[0m
  [90m     |[0m [31m[1m^[0m
[31m[1m>[0m [90m3360 |[0m     [36mreturn[0m -[35m1[0m  # [33mNot[0m found
  [90m     |[0m [31m[1m^^^^^^^^^^^^^^^^^^^^^^^^^^[0m
[31m[1m>[0m [90m3361 |[0m
  [90m     |[0m [31m[1m^[0m
[31m[1m>[0m [90m3362 |[0m # [33mMUST[0m be sorted [36mfor[0m binary search
  [90m     |[0m [31m[1m^^^^^^^^^^^^^^^^^^^^^^^^^^^^^^^^^^[0m
[31m[1m>[0m [90m3363 |[0m sorted_list = [[35m2[0m, [35m5[0m, [35m8[0m, [35m12[0m, [35m16[0m, 
[35m23[0m, [35m38[0m, [35m45[0m, [35m56[0m, [35m72[0m, [35m91[0m]
  [90m     |[0m [31m[1m^^^^^^^^^^^^^^^^^^^^^^^^^^^^^^^^^^^^^^^^^^^^^^^^^^^^^^^[0m
[31m[1m>[0m [90m3364 |[0m target = [35m23[0m
  [90m     |[0m [31m[1m^^^^^^^^^^^[0m
[31m[1m>[0m [90m3365 |[0m
  [90m     |[0m [31m[1m^[0m
[31m[1m>[0m [90m3366 |[0m print(f[32m"Sorted list: {sorted_list}"[0m)
  [90m     |[0m [31m[1m^^^^^^^^^^^^^^^^^^^^^^^^^^^^^^^^^^^^[0m
[31m[1m>[0m [90m3367 |[0m print(f[32m"Searching for: {target}"[0m)
  [90m     |[0m [31m[1m^^^^^^^^^^^^^^^^^^^^^^^^^^^^^^^^^[0m
[31m[1m>[0m [90m3368 |[0m print([32m"-"[0m * [35m40[0m)
  [90m     |[0m [31m[1m^^^^^^^^^^^^^^^[0m
[31m[1m>[0m [90m3369 |[0m
  [90m     |[0m [31m[1m^[0m
[31m[1m>[0m [90m3370 |[0m result = binary_search(sorted_list, target)
  [90m     |[0m [31m[1m^^^^^^^^^^^^^^^^^^^^^^^^^^^^^^^^^^^^^^^^^^^[0m
[31m[1m>[0m [90m3371 |[0m
  [90m     |[0m [31m[1m^[0m
[31m[1m>[0m [90m3372 |[0m [36mif[0m result != -[35m1[0m:
  [90m     |[0m [31m[1m^^^^^^^^^^^^^^^^[0m
[31m[1m>[0m [90m3373 |[0m     print(f[32m"Found at index {result} in {result + 1} comparisons"[0m)
  [90m     |[0m [31m[1m^^^^^^^^^^^^^^^^^^^^^^^^^^^^^^^^^^^^^^^^^^^^^^^^^^^^^^^^^^^^^^^^^[0m
[31m[1m>[0m [90m3374 |[0m [36melse[0m:
  [90m     |[0m [31m[1m^^^^^[0m
[31m[1m>[0m [90m3375 |[0m     print([32m"Element not found"[0m)
  [90m     |[0m [31m[1m^^^^^^^^^^^^^^^^^^^^^^^^^^^^^^[0m
[31m[1m>[0m [90m3376 |[0m
  [90m     |[0m [31m[1m^[0m
[31m[1m>[0m [90m3377 |[0m # [33mExecution[0m trace:
  [90m     |[0m [31m[1m^^^^^^^^^^^^^^^^^^[0m
[31m[1m>[0m [90m3378 |[0m # low=[35m0[0m, high=[35m10[0m, mid=[35m5[0m, arr[[35m5[0m]=[35m23[0m (found!)
  [90m     |[0m [31m[1m^^^^^^^^^^^^^^^^^^^^^^^^^^^^^^^^^^^^^^^^^^^[0m
[31m[1m>[0m [90m3379 |[0m # [33mBinary[0m search finds [35m23[0m [36min[0m just [35m1[0m comparison!
  [90m     |[0m [31m[1m^^^^^^^^^^^^^^^^^^^^^^^^^^^^^^^^^^^^^^^^^^^^^^[0m
[31m[1m>[0m [90m3380 |[0m # [33mLinear[0m search would need [35m6[0m comparisons
  [90m     |[0m [31m[1m^^^^^^^^^^^^^^^^^^^^^^^^^^^^^^^^^^^^^^^^[0m
[31m[1m>[0m [90m3381 |[0m
  [90m     |[0m [31m[1m^[0m
[31m[1m>[0m [90m3382 |[0m # [33mTRY[0m [33mTHIS[0m: [33mImplement[0m recursive binary search
  [90m     |[0m [31m[1m^^^^^^^^^^^^^^^^^^^^^^^^^^^^^^^^^^^^^^^^^^^^^[0m
[31m[1m>[0m [90m3383 |[0m [32m`,[0m
  [90m     |[0m [31m[1m^[0m
  [90m3384 |[0m [32m    funFact: "Binary search has O(log n) complexity - for 1 million items, it takes only...[0m
  [90m3385 |[0m [32m  },[0m
  [90m3386 |[0m [32m  {[0m

Parsing ecmascript source code failed

Import traces:
  App Route:
    ./src/data/pythonPrograms.ts
    ./app/api/admin/users/import-teachers-csv/route.ts

  Client Component Browser:
    ./src/data/pythonPrograms.ts [Client Component Browser]
    ./src/sections/ProgramsSection.tsx [Client Component Browser]
    ./src/sections/ProgramsSection.tsx [Server Component]
    ./app/page.tsx [Server Component]

  Client Component SSR:
    ./src/data/pythonPrograms.ts [Client Component SSR]
    ./src/sections/ProgramsSection.tsx [Client Component SSR]
    ./src/sections/ProgramsSection.tsx [Server Component]
    ./app/page.tsx [Server Component]


./src/data/pythonPrograms.ts:3384:14
Cannot assign to this
  [90m3382 |[0m ...[33mment[0m recursive binary search
  [90m3383 |[0m ...
[31m[1m>[0m [90m3384 |[0m ...[32mary search has O(log n) complexity - for 1 million items, it takes only ~20 
compariso...[0m
  [90m     |[0m    
[31m[1m^^^^^^^^^^^^^^^^^^^^^^^^^^^^^^^^^^^^^^^^^^^^^^^^^^^^^^^^^^^^^^^^^^^^^^^^^^^^^^^^^^^^^^^^[0m
  [90m3385 |[0m ...
  [90m3386 |[0m ...
  [90m3387 |[0m ...

Parsing ecmascript source code failed

Import traces:
  App Route:
    ./src/data/pythonPrograms.ts
    ./app/api/admin/users/import-teachers-csv/route.ts

  Client Component Browser:
    ./src/data/pythonPrograms.ts [Client Component Browser]
    ./src/sections/ProgramsSection.tsx [Client Component Browser]
    ./src/sections/ProgramsSection.tsx [Server Component]
    ./app/page.tsx [Server Component]

  Client Component SSR:
    ./src/data/pythonPrograms.ts [Client Component SSR]
    ./src/sections/ProgramsSection.tsx [Client Component SSR]
    ./src/sections/ProgramsSection.tsx [Server Component]
    ./app/page.tsx [Server Component]


./src/data/pythonPrograms.ts:3387:9
Cannot assign to this
  [90m3385 |[0m [32m  },[0m
  [90m3386 |[0m [32m  {[0m
[31m[1m>[0m [90m3387 |[0m [32m    id: "tp-3",[0m
  [90m     |[0m         [31m[1m^^^^^^[0m
  [90m3388 |[0m [32m    title: "Nested Tuple",[0m
  [90m3389 |[0m [32m    language: "python" as const,[0m
  [90m3390 |[0m [32m    category: "Tuples" as const,[0m

Parsing ecmascript source code failed

Import traces:
  App Route:
    ./src/data/pythonPrograms.ts
    ./app/api/admin/users/import-teachers-csv/route.ts

  Client Component Browser:
    ./src/data/pythonPrograms.ts [Client Component Browser]
    ./src/sections/ProgramsSection.tsx [Client Component Browser]
    ./src/sections/ProgramsSection.tsx [Server Component]
    ./app/page.tsx [Server Component]

  Client Component SSR:
    ./src/data/pythonPrograms.ts [Client Component SSR]
    ./src/sections/ProgramsSection.tsx [Client Component SSR]
    ./src/sections/ProgramsSection.tsx [Server Component]
    ./app/page.tsx [Server Component]


./src/data/pythonPrograms.ts:3388:12
Cannot assign to this
  [90m3386 |[0m [32m  {[0m
  [90m3387 |[0m [32m    id: "tp-3",[0m
[31m[1m>[0m [90m3388 |[0m [32m    title: "Nested Tuple",[0m
  [90m     |[0m            [31m[1m^^^^^^^^^^^^^^[0m
  [90m3389 |[0m [32m    language: "python" as const,[0m
  [90m3390 |[0m [32m    category: "Tuples" as const,[0m
  [90m3391 |[0m [32m    difficulty: "Easy",[0m

Parsing ecmascript source code failed

Import traces:
  App Route:
    ./src/data/pythonPrograms.ts
    ./app/api/admin/users/import-teachers-csv/route.ts

  Client Component Browser:
    ./src/data/pythonPrograms.ts [Client Component Browser]
    ./src/sections/ProgramsSection.tsx [Client Component Browser]
    ./src/sections/ProgramsSection.tsx [Server Component]
    ./app/page.tsx [Server Component]

  Client Component SSR:
    ./src/data/pythonPrograms.ts [Client Component SSR]
    ./src/sections/ProgramsSection.tsx [Client Component SSR]
    ./src/sections/ProgramsSection.tsx [Server Component]
    ./app/page.tsx [Server Component]


./src/data/pythonPrograms.ts:3391:17
Cannot assign to this
  [90m3389 |[0m [32m    language: "python" as const,[0m
  [90m3390 |[0m [32m    category: "Tuples" as const,[0m
[31m[1m>[0m [90m3391 |[0m [32m    difficulty: "Easy",[0m
  [90m     |[0m                 [31m[1m^^^^^^[0m
  [90m3392 |[0m [32m    classLevel: "Class 10" as const,[0m
  [90m3393 |[0m [32m    description: "Access elements in nested tuples using double indexing.",[0m
  [90m3394 |[0m [32m    code: `[0m# [33mNested[0m [33mTuple[0m [33mProgram[0m

Parsing ecmascript source code failed

Import traces:
  App Route:
    ./src/data/pythonPrograms.ts
    ./app/api/admin/users/import-teachers-csv/route.ts

  Client Component Browser:
    ./src/data/pythonPrograms.ts [Client Component Browser]
    ./src/sections/ProgramsSection.tsx [Client Component Browser]
    ./src/sections/ProgramsSection.tsx [Server Component]
    ./app/page.tsx [Server Component]

  Client Component SSR:
    ./src/data/pythonPrograms.ts [Client Component SSR]
    ./src/sections/ProgramsSection.tsx [Client Component SSR]
    ./src/sections/ProgramsSection.tsx [Server Component]
    ./app/page.tsx [Server Component]


./src/data/pythonPrograms.ts:3393:18
Cannot assign to this
  [90m3391 |[0m [32m    difficulty: "Easy",[0m
  [90m3392 |[0m [32m    classLevel: "Class 10" as const,[0m
[31m[1m>[0m [90m3393 |[0m [32m    description: "Access elements in nested tuples using double indexing.",[0m
  [90m     |[0m                  [31m[1m^^^^^^^^^^^^^^^^^^^^^^^^^^^^^^^^^^^^^^^^^^^^^^^^^^^^^^^^^[0m
  [90m3394 |[0m [32m    code: `[0m# [33mNested[0m [33mTuple[0m [33mProgram[0m
  [90m3395 |[0m # ====================
  [90m3396 |[0m # [33mAccessing[0m elements [36min[0m tuples within tuples

Parsing ecmascript source code failed

Import traces:
  App Route:
    ./src/data/pythonPrograms.ts
    ./app/api/admin/users/import-teachers-csv/route.ts

  Client Component Browser:
    ./src/data/pythonPrograms.ts [Client Component Browser]
    ./src/sections/ProgramsSection.tsx [Client Component Browser]
    ./src/sections/ProgramsSection.tsx [Server Component]
    ./app/page.tsx [Server Component]

  Client Component SSR:
    ./src/data/pythonPrograms.ts [Client Component SSR]
    ./src/sections/ProgramsSection.tsx [Client Component SSR]
    ./src/sections/ProgramsSection.tsx [Server Component]
    ./app/page.tsx [Server Component]


./src/data/pythonPrograms.ts:3394:11
Cannot assign to this
  [90m3392 |[0m [32m    classLevel: "Class 10" as const,[0m
  [90m3393 |[0m [32m    description: "Access elements in nested tuples using double indexing.",[0m
[31m[1m>[0m [90m3394 |[0m [32m    code: `[0m# [33mNested[0m [33mTuple[0m [33mProgram[0m
  [90m     |[0m           [31m[1m^^^^^^^^^^^^^^^^^^^^^^[0m
[31m[1m>[0m [90m3395 |[0m # ====================
  [90m     |[0m [31m[1m^^^^^^^^^^^^^^^^^^^^^^[0m
[31m[1m>[0m [90m3396 |[0m # [33mAccessing[0m elements [36min[0m tuples within tuples
  [90m     |[0m [31m[1m^^^^^^^^^^^^^^^^^^^^^^^^^^^^^^^^^^^^^^^^^^^^[0m
[31m[1m>[0m [90m3397 |[0m
  [90m     |[0m [31m[1m^[0m
[31m[1m>[0m [90m3398 |[0m # [33mCreate[0m nested tuple - each inner tuple is a student record
  [90m     |[0m [31m[1m^^^^^^^^^^^^^^^^^^^^^^^^^^^^^^^^^^^^^^^^^^^^^^^^^^^^^^^^^^^^[0m
[31m[1m>[0m [90m3399 |[0m students = (
  [90m     |[0m [31m[1m^^^^^^^^^^^^[0m
[31m[1m>[0m [90m3400 |[0m     ([32m"Alice"[0m, [35m95[0m, [32m"A"[0m),
  [90m     |[0m [31m[1m^^^^^^^^^^^^^^^^^^^^^^^[0m
[31m[1m>[0m [90m3401 |[0m     ([32m"Bob"[0m, [35m82[0m, [32m"B"[0m),
  [90m     |[0m [31m[1m^^^^^^^^^^^^^^^^^^^^^[0m
[31m[1m>[0m [90m3402 |[0m     ([32m"Charlie"[0m, [35m78[0m, [32m"B+"[0m)
  [90m     |[0m [31m[1m^^^^^^^^^^^^^^^^^^^^^^^^^[0m
[31m[1m>[0m [90m3403 |[0m )
  [90m     |[0m [31m[1m^[0m
[31m[1m>[0m [90m3404 |[0m
  [90m     |[0m [31m[1m^[0m
[31m[1m>[0m [90m3405 |[0m # [33mAccessing[0m nested elements
  [90m     |[0m [31m[1m^^^^^^^^^^^^^^^^^^^^^^^^^^^[0m
[31m[1m>[0m [90m3406 |[0m print([32m"Student Records:"[0m)
  [90m     |[0m [31m[1m^^^^^^^^^^^^^^^^^^^^^^^^^[0m
[31m[1m>[0m [90m3407 |[0m print([32m"="[0m * [35m40[0m)
  [90m     |[0m [31m[1m^^^^^^^^^^^^^^^[0m
[31m[1m>[0m [90m3408 |[0m
  [90m     |[0m [31m[1m^[0m
[31m[1m>[0m [90m3409 |[0m # t[outer_index][inner_index]
  [90m     |[0m [31m[1m^^^^^^^^^^^^^^^^^^^^^^^^^^^^^[0m
[31m[1m>[0m [90m3410 |[0m first_student = students[[35m0[0m]
  [90m     |[0m [31m[1m^^^^^^^^^^^^^^^^^^^^^^^^^^^[0m
[31m[1m>[0m [90m3411 |[0m print(f[32m"First student tuple: {first_student}"[0m)
  [90m     |[0m [31m[1m^^^^^^^^^^^^^^^^^^^^^^^^^^^^^^^^^^^^^^^^^^^^^^[0m
[31m[1m>[0m [90m3412 |[0m print(f[32m"First student name: {students[0][0]}"[0m)
  [90m     |[0m [31m[1m^^^^^^^^^^^^^^^^^^^^^^^^^^^^^^^^^^^^^^^^^^^^^^[0m
[31m[1m>[0m [90m3413 |[0m print(f[32m"First student grade: {students[0][2]}"[0m)
  [90m     |[0m [31m[1m^^^^^^^^^^^^^^^^^^^^^^^^^^^^^^^^^^^^^^^^^^^^^^^[0m
[31m[1m>[0m [90m3414 |[0m
  [90m     |[0m [31m[1m^[0m
[31m[1m>[0m [90m3415 |[0m print()
  [90m     |[0m [31m[1m^^^^^^^[0m
[31m[1m>[0m [90m3416 |[0m
  [90m     |[0m [31m[1m^[0m
[31m[1m>[0m [90m3417 |[0m # [33mLoop[0m through nested tuples
  [90m     |[0m [31m[1m^^^^^^^^^^^^^^^^^^^^^^^^^^^^[0m
[31m[1m>[0m [90m3418 |[0m [36mfor[0m i, student [36min[0m enumerate(students):
  [90m     |[0m [31m[1m^^^^^^^^^^^^^^^^^^^^^^^^^^^^^^^^^^^^^^[0m
[31m[1m>[0m [90m3419 |[0m     name = student[[35m0[0m]
  [90m     |[0m [31m[1m^^^^^^^^^^^^^^^^^^^^^[0m
[31m[1m>[0m [90m3420 |[0m     score = student[[35m1[0m]
  [90m     |[0m [31m[1m^^^^^^^^^^^^^^^^^^^^^^[0m
[31m[1m>[0m [90m3421 |[0m     grade = student[[35m2[0m]
  [90m     |[0m [31m[1m^^^^^^^^^^^^^^^^^^^^^^[0m
[31m[1m>[0m [90m3422 |[0m     print(f[32m"Student {i+1}: {name} scored {score} ({grade})"[0m)
  [90m     |[0m [31m[1m^^^^^^^^^^^^^^^^^^^^^^^^^^^^^^^^^^^^^^^^^^^^^^^^^^^^^^^^^^^^[0m
[31m[1m>[0m [90m3423 |[0m
  [90m     |[0m [31m[1m^[0m
[31m[1m>[0m [90m3424 |[0m # [33mExecution[0m trace:
  [90m     |[0m [31m[1m^^^^^^^^^^^^^^^^^^[0m
[31m[1m>[0m [90m3425 |[0m # students[[35m0[0m] = ([32m"Alice"[0m, [35m95[0m, [32m"A"[0m)
  [90m     |[0m [31m[1m^^^^^^^^^^^^^^^^^^^^^^^^^^^^^^^^^^[0m
[31m[1m>[0m [90m3426 |[0m # students[[35m0[0m][[35m0[0m] = [32m"Alice"[0m
  [90m     |[0m [31m[1m^^^^^^^^^^^^^^^^^^^^^^^^^^[0m
[31m[1m>[0m [90m3427 |[0m # students[[35m0[0m][[35m1[0m] = [35m95[0m
  [90m     |[0m [31m[1m^^^^^^^^^^^^^^^^^^^^^[0m
[31m[1m>[0m [90m3428 |[0m # students[[35m1[0m][[35m2[0m] = [32m"B"[0m
  [90m     |[0m [31m[1m^^^^^^^^^^^^^^^^^^^^^^[0m
[31m[1m>[0m [90m3429 |[0m
  [90m     |[0m [31m[1m^[0m
[31m[1m>[0m [90m3430 |[0m # [33mTRY[0m [33mTHIS[0m: [33mFind[0m the student [36mwith[0m the highest score
  [90m     |[0m [31m[1m^^^^^^^^^^^^^^^^^^^^^^^^^^^^^^^^^^^^^^^^^^^^^^^^^^^[0m
[31m[1m>[0m [90m3431 |[0m [32m`,[0m
  [90m     |[0m [31m[1m^[0m
  [90m3432 |[0m [32m    funFact: "Nested tuples are commonly used in databases to store related records!"[0m
  [90m3433 |[0m [32m  },[0m
  [90m3434 |[0m [32m  {[0m

Parsing ecmascript source code failed

Import traces:
  App Route:
    ./src/data/pythonPrograms.ts
    ./app/api/admin/users/import-teachers-csv/route.ts

  Client Component Browser:
    ./src/data/pythonPrograms.ts [Client Component Browser]
    ./src/sections/ProgramsSection.tsx [Client Component Browser]
    ./src/sections/ProgramsSection.tsx [Server Component]
    ./app/page.tsx [Server Component]

  Client Component SSR:
    ./src/data/pythonPrograms.ts [Client Component SSR]
    ./src/sections/ProgramsSection.tsx [Client Component SSR]
    ./src/sections/ProgramsSection.tsx [Server Component]
    ./app/page.tsx [Server Component]


./src/data/pythonPrograms.ts:3432:14
Cannot assign to this
  [90m3430 |[0m # [33mTRY[0m [33mTHIS[0m: [33mFind[0m the student [36mwith[0m the highest score
  [90m3431 |[0m [32m`,[0m
[31m[1m>[0m [90m3432 |[0m [32m    funFact: "Nested tuples are commonly used in databases to store related 
records!"[0m
  [90m     |[0m              [31m[1m^^^^^^^^^^^^^^^^^^^^^^^^^^^^^^^^^^^^^^^^^^^^^^^^^^^^^^^^^^^^^^^^^^^^^^^^[0m
  [90m3433 |[0m [32m  },[0m
  [90m3434 |[0m [32m  {[0m
  [90m3435 |[0m [32m    id: "tp-4",[0m

Parsing ecmascript source code failed

Import traces:
  App Route:
    ./src/data/pythonPrograms.ts
    ./app/api/admin/users/import-teachers-csv/route.ts

  Client Component Browser:
    ./src/data/pythonPrograms.ts [Client Component Browser]
    ./src/sections/ProgramsSection.tsx [Client Component Browser]
    ./src/sections/ProgramsSection.tsx [Server Component]
    ./app/page.tsx [Server Component]

  Client Component SSR:
    ./src/data/pythonPrograms.ts [Client Component SSR]
    ./src/sections/ProgramsSection.tsx [Client Component SSR]
    ./src/sections/ProgramsSection.tsx [Server Component]
    ./app/page.tsx [Server Component]


./src/data/pythonPrograms.ts:3435:9
Cannot assign to this
  [90m3433 |[0m [32m  },[0m
  [90m3434 |[0m [32m  {[0m
[31m[1m>[0m [90m3435 |[0m [32m    id: "tp-4",[0m
  [90m     |[0m         [31m[1m^^^^^^[0m
  [90m3436 |[0m [32m    title: "Tuple as Dict Key",[0m
  [90m3437 |[0m [32m    language: "python" as const,[0m
  [90m3438 |[0m [32m    category: "Tuples" as const,[0m

Parsing ecmascript source code failed

Import traces:
  App Route:
    ./src/data/pythonPrograms.ts
    ./app/api/admin/users/import-teachers-csv/route.ts

  Client Component Browser:
    ./src/data/pythonPrograms.ts [Client Component Browser]
    ./src/sections/ProgramsSection.tsx [Client Component Browser]
    ./src/sections/ProgramsSection.tsx [Server Component]
    ./app/page.tsx [Server Component]

  Client Component SSR:
    ./src/data/pythonPrograms.ts [Client Component SSR]
    ./src/sections/ProgramsSection.tsx [Client Component SSR]
    ./src/sections/ProgramsSection.tsx [Server Component]
    ./app/page.tsx [Server Component]


./src/data/pythonPrograms.ts:3436:12
Cannot assign to this
  [90m3434 |[0m [32m  {[0m
  [90m3435 |[0m [32m    id: "tp-4",[0m
[31m[1m>[0m [90m3436 |[0m [32m    title: "Tuple as Dict Key",[0m
  [90m     |[0m            [31m[1m^^^^^^^^^^^^^^^^^^^[0m
  [90m3437 |[0m [32m    language: "python" as const,[0m
  [90m3438 |[0m [32m    category: "Tuples" as const,[0m
  [90m3439 |[0m [32m    difficulty: "Medium",[0m

Parsing ecmascript source code failed

Import traces:
  App Route:
    ./src/data/pythonPrograms.ts
    ./app/api/admin/users/import-teachers-csv/route.ts

  Client Component Browser:
    ./src/data/pythonPrograms.ts [Client Component Browser]
    ./src/sections/ProgramsSection.tsx [Client Component Browser]
    ./src/sections/ProgramsSection.tsx [Server Component]
    ./app/page.tsx [Server Component]

  Client Component SSR:
    ./src/data/pythonPrograms.ts [Client Component SSR]
    ./src/sections/ProgramsSection.tsx [Client Component SSR]
    ./src/sections/ProgramsSection.tsx [Server Component]
    ./app/page.tsx [Server Component]


./src/data/pythonPrograms.ts:3439:17
Cannot assign to this
  [90m3437 |[0m [32m    language: "python" as const,[0m
  [90m3438 |[0m [32m    category: "Tuples" as const,[0m
[31m[1m>[0m [90m3439 |[0m [32m    difficulty: "Medium",[0m
  [90m     |[0m                 [31m[1m^^^^^^^^[0m
  [90m3440 |[0m [32m    classLevel: "Class 10" as const,[0m
  [90m3441 |[0m [32m    description: "Use tuples as dictionary keys because they are hashable and immutable.",[0m
  [90m3442 |[0m [32m    code: `[0m# [33mTuple[0m [36mas[0m [33mDictionary[0m [33mKey[0m [33mProgram[0m

Parsing ecmascript source code failed

Import traces:
  App Route:
    ./src/data/pythonPrograms.ts
    ./app/api/admin/users/import-teachers-csv/route.ts

  Client Component Browser:
    ./src/data/pythonPrograms.ts [Client Component Browser]
    ./src/sections/ProgramsSection.tsx [Client Component Browser]
    ./src/sections/ProgramsSection.tsx [Server Component]
    ./app/page.tsx [Server Component]

  Client Component SSR:
    ./src/data/pythonPrograms.ts [Client Component SSR]
    ./src/sections/ProgramsSection.tsx [Client Component SSR]
    ./src/sections/ProgramsSection.tsx [Server Component]
    ./app/page.tsx [Server Component]


./src/data/pythonPrograms.ts:3441:18
Cannot assign to this
  [90m3439 |[0m [32m    difficulty: "Medium",[0m
  [90m3440 |[0m [32m    classLevel: "Class 10" as const,[0m
[31m[1m>[0m [90m3441 |[0m [32m    description: "Use tuples as dictionary keys because they are hashable and 
immutable.",[0m
  [90m     |[0m                  
[31m[1m^^^^^^^^^^^^^^^^^^^^^^^^^^^^^^^^^^^^^^^^^^^^^^^^^^^^^^^^^^^^^^^^^^^^^^^^[0m
  [90m3442 |[0m [32m    code: `[0m# [33mTuple[0m [36mas[0m [33mDictionary[0m [33mKey[0m [33mProgram[0m
  [90m3443 |[0m # ===============================
  [90m3444 |[0m # [33mTuples[0m can be dict keys (they[32m're hashable), lists cannot[0m

Parsing ecmascript source code failed

Import traces:
  App Route:
    ./src/data/pythonPrograms.ts
    ./app/api/admin/users/import-teachers-csv/route.ts

  Client Component Browser:
    ./src/data/pythonPrograms.ts [Client Component Browser]
    ./src/sections/ProgramsSection.tsx [Client Component Browser]
    ./src/sections/ProgramsSection.tsx [Server Component]
    ./app/page.tsx [Server Component]

  Client Component SSR:
    ./src/data/pythonPrograms.ts [Client Component SSR]
    ./src/sections/ProgramsSection.tsx [Client Component SSR]
    ./src/sections/ProgramsSection.tsx [Server Component]
    ./app/page.tsx [Server Component]


./src/data/pythonPrograms.ts:3442:11
Cannot assign to this
  [90m3440 |[0m [32m    classLevel: "Class 10" as const,[0m
  [90m3441 |[0m [32m    description: "Use tuples as dictionary keys because they are hashable and immutable.",[0m
[31m[1m>[0m [90m3442 |[0m [32m    code: `[0m# [33mTuple[0m [36mas[0m [33mDictionary[0m [33mKey[0m 
[33mProgram[0m
  [90m     |[0m           [31m[1m^^^^^^^^^^^^^^^^^^^^^^^^^^^^^^^^^[0m
[31m[1m>[0m [90m3443 |[0m # ===============================
  [90m     |[0m [31m[1m^^^^^^^^^^^^^^^^^^^^^^^^^^^^^^^^^[0m
[31m[1m>[0m [90m3444 |[0m # [33mTuples[0m can be dict keys (they[32m're hashable), lists cannot[0m
  [90m     |[0m [31m[1m^^^^^^^^^^^^^^^^^^^^^^^^^^^^^^^^^^^^^^^^^^^^^^^^^^^^^^^^^^[0m
[31m[1m>[0m [90m3445 |[0m
  [90m     |[0m [31m[1m^[0m
[31m[1m>[0m [90m3446 |[0m [32m# Using tuple coordinates as dictionary keys[0m
  [90m     |[0m [31m[1m^^^^^^^^^^^^^^^^^^^^^^^^^^^^^^^^^^^^^^^^^^^^[0m
[31m[1m>[0m [90m3447 |[0m [32m# Maps (x, y) coordinates to their labels[0m
  [90m     |[0m [31m[1m^^^^^^^^^^^^^^^^^^^^^^^^^^^^^^^^^^^^^^^^^[0m
[31m[1m>[0m [90m3448 |[0m
  [90m     |[0m [31m[1m^[0m
[31m[1m>[0m [90m3449 |[0m [32mlocations = {[0m
  [90m     |[0m [31m[1m^^^^^^^^^^^^^[0m
[31m[1m>[0m [90m3450 |[0m [32m    (0, 0): "Origin",[0m
  [90m     |[0m [31m[1m^^^^^^^^^^^^^^^^^^^^^[0m
[31m[1m>[0m [90m3451 |[0m [32m    (1, 0): "East",[0m
  [90m     |[0m [31m[1m^^^^^^^^^^^^^^^^^^^[0m
[31m[1m>[0m [90m3452 |[0m [32m    (0, 1): "North",[0m
  [90m     |[0m [31m[1m^^^^^^^^^^^^^^^^^^^^[0m
[31m[1m>[0m [90m3453 |[0m [32m    (-1, 0): "West",[0m
  [90m     |[0m [31m[1m^^^^^^^^^^^^^^^^^^^^[0m
[31m[1m>[0m [90m3454 |[0m [32m    (0, -1): "South"[0m
  [90m     |[0m [31m[1m^^^^^^^^^^^^^^^^^^^^[0m
[31m[1m>[0m [90m3455 |[0m [32m}[0m
  [90m     |[0m [31m[1m^[0m
[31m[1m>[0m [90m3456 |[0m
  [90m     |[0m [31m[1m^[0m
[31m[1m>[0m [90m3457 |[0m [32mprint("Location Map:")[0m
  [90m     |[0m [31m[1m^^^^^^^^^^^^^^^^^^^^^^[0m
[31m[1m>[0m [90m3458 |[0m [32mprint("=" * 30)[0m
  [90m     |[0m [31m[1m^^^^^^^^^^^^^^^[0m
[31m[1m>[0m [90m3459 |[0m
  [90m     |[0m [31m[1m^[0m
[31m[1m>[0m [90m3460 |[0m [32m# Access using tuple key[0m
  [90m     |[0m [31m[1m^^^^^^^^^^^^^^^^^^^^^^^^[0m
[31m[1m>[0m [90m3461 |[0m [32mpoint = (1, 0)[0m
  [90m     |[0m [31m[1m^^^^^^^^^^^^^^[0m
[31m[1m>[0m [90m3462 |[0m [32mprint(f"Point {point} is: {locations[point]}")[0m
  [90m     |[0m [31m[1m^^^^^^^^^^^^^^^^^^^^^^^^^^^^^^^^^^^^^^^^^^^^^^[0m
[31m[1m>[0m [90m3463 |[0m
  [90m     |[0m [31m[1m^[0m
[31m[1m>[0m [90m3464 |[0m [32m# Loop through tuple keys[0m
  [90m     |[0m [31m[1m^^^^^^^^^^^^^^^^^^^^^^^^^[0m
[31m[1m>[0m [90m3465 |[0m [32mfor coord, label in locations.items():[0m
  [90m     |[0m [31m[1m^^^^^^^^^^^^^^^^^^^^^^^^^^^^^^^^^^^^^^[0m
[31m[1m>[0m [90m3466 |[0m [32m    print(f"  {coord} -> {label}")[0m
  [90m     |[0m [31m[1m^^^^^^^^^^^^^^^^^^^^^^^^^^^^^^^^^^[0m
[31m[1m>[0m [90m3467 |[0m
  [90m     |[0m [31m[1m^[0m
[31m[1m>[0m [90m3468 |[0m [32m# Why tuples work but lists don'[0mt:
  [90m     |[0m [31m[1m^^^^^^^^^^^^^^^^^^^^^^^^^^^^^^^^^^[0m
[31m[1m>[0m [90m3469 |[0m print()
  [90m     |[0m [31m[1m^^^^^^^[0m
[31m[1m>[0m [90m3470 |[0m print([32m"Why tuples as keys work:"[0m)
  [90m     |[0m [31m[1m^^^^^^^^^^^^^^^^^^^^^^^^^^^^^^^^^[0m
[31m[1m>[0m [90m3471 |[0m print([32m"  Tuples are immutable and hashable"[0m)
  [90m     |[0m [31m[1m^^^^^^^^^^^^^^^^^^^^^^^^^^^^^^^^^^^^^^^^^^^^[0m
[31m[1m>[0m [90m3472 |[0m print([32m"  Lists are mutable and not hashable"[0m)
  [90m     |[0m [31m[1m^^^^^^^^^^^^^^^^^^^^^^^^^^^^^^^^^^^^^^^^^^^^^[0m
[31m[1m>[0m [90m3473 |[0m
  [90m     |[0m [31m[1m^[0m
[31m[1m>[0m [90m3474 |[0m # [33mThis[0m would cause a [33mTypeError[0m:
  [90m     |[0m [31m[1m^^^^^^^^^^^^^^^^^^^^^^^^^^^^^^^[0m
[31m[1m>[0m [90m3475 |[0m # locations[([35m1[0m, [35m2[0m)] = [32m"Custom"[0m  # [33mWorks[0m (tuple)
  [90m     |[0m [31m[1m^^^^^^^^^^^^^^^^^^^^^^^^^^^^^^^^^^^^^^^^^^^^^^^[0m
[31m[1m>[0m [90m3476 |[0m # locations[[[35m1[0m, [35m2[0m]] = [32m"Custom"[0m  # [33mFails[0m (list)
  [90m     |[0m [31m[1m^^^^^^^^^^^^^^^^^^^^^^^^^^^^^^^^^^^^^^^^^^^^^^[0m
[31m[1m>[0m [90m3477 |[0m
  [90m     |[0m [31m[1m^[0m
[31m[1m>[0m [90m3478 |[0m # [33mExecution[0m trace:
  [90m     |[0m [31m[1m^^^^^^^^^^^^^^^^^^[0m
[31m[1m>[0m [90m3479 |[0m # ([35m0[0m, [35m0[0m) -> [32m"Origin"[0m
  [90m     |[0m [31m[1m^^^^^^^^^^^^^^^^^^^^[0m
[31m[1m>[0m [90m3480 |[0m # ([35m1[0m, [35m0[0m) -> [32m"East"[0m
  [90m     |[0m [31m[1m^^^^^^^^^^^^^^^^^^[0m
[31m[1m>[0m [90m3481 |[0m # [33mAccessing[0m locations[([35m1[0m,[35m0[0m)] returns [32m"East"[0m
  [90m     |[0m [31m[1m^^^^^^^^^^^^^^^^^^^^^^^^^^^^^^^^^^^^^^^^^^^[0m
[31m[1m>[0m [90m3482 |[0m
  [90m     |[0m [31m[1m^[0m
[31m[1m>[0m [90m3483 |[0m # [33mTRY[0m [33mTHIS[0m: [33mCreate[0m a chess board mapping using tuple keys 
[36mfor[0m positions
  [90m     |[0m [31m[1m^^^^^^^^^^^^^^^^^^^^^^^^^^^^^^^^^^^^^^^^^^^^^^^^^^^^^^^^^^^^^^^^^^^^^^^[0m
[31m[1m>[0m [90m3484 |[0m [32m`,[0m
  [90m     |[0m [31m[1m^[0m
  [90m3485 |[0m [32m    funFact: "The hashability of tuples makes them perfect for use as dictionary keys an...[0m
  [90m3486 |[0m [32m  },[0m
  [90m3487 |[0m [32m  {[0m

Parsing ecmascript source code failed

Import traces:
  App Route:
    ./src/data/pythonPrograms.ts
    ./app/api/admin/users/import-teachers-csv/route.ts

  Client Component Browser:
    ./src/data/pythonPrograms.ts [Client Component Browser]
    ./src/sections/ProgramsSection.tsx [Client Component Browser]
    ./src/sections/ProgramsSection.tsx [Server Component]
    ./app/page.tsx [Server Component]

  Client Component SSR:
    ./src/data/pythonPrograms.ts [Client Component SSR]
    ./src/sections/ProgramsSection.tsx [Client Component SSR]
    ./src/sections/ProgramsSection.tsx [Server Component]
    ./app/page.tsx [Server Component]


./src/data/pythonPrograms.ts:3485:14
Cannot assign to this
  [90m3483 |[0m ...[33mte[0m a chess board mapping using tuple keys [36mfor[0m positions
  [90m3484 |[0m ...
[31m[1m>[0m [90m3485 |[0m ...[32me hashability of tuples makes them perfect for use as dictionary keys and set 
elements!"[0m
  [90m     |[0m    
[31m[1m^^^^^^^^^^^^^^^^^^^^^^^^^^^^^^^^^^^^^^^^^^^^^^^^^^^^^^^^^^^^^^^^^^^^^^^^^^^^^^^^^^^^^^^^[0m
  [90m3486 |[0m ...
  [90m3487 |[0m ...
  [90m3488 |[0m ...

Parsing ecmascript source code failed

Import traces:
  App Route:
    ./src/data/pythonPrograms.ts
    ./app/api/admin/users/import-teachers-csv/route.ts

  Client Component Browser:
    ./src/data/pythonPrograms.ts [Client Component Browser]
    ./src/sections/ProgramsSection.tsx [Client Component Browser]
    ./src/sections/ProgramsSection.tsx [Server Component]
    ./app/page.tsx [Server Component]

  Client Component SSR:
    ./src/data/pythonPrograms.ts [Client Component SSR]
    ./src/sections/ProgramsSection.tsx [Client Component SSR]
    ./src/sections/ProgramsSection.tsx [Server Component]
    ./app/page.tsx [Server Component]


./src/data/pythonPrograms.ts:3488:9
Cannot assign to this
  [90m3486 |[0m [32m  },[0m
  [90m3487 |[0m [32m  {[0m
[31m[1m>[0m [90m3488 |[0m [32m    id: "tp-5",[0m
  [90m     |[0m         [31m[1m^^^^^^[0m
  [90m3489 |[0m [32m    title: "Tuple to Dict",[0m
  [90m3490 |[0m [32m    language: "python" as const,[0m
  [90m3491 |[0m [32m    category: "Tuples" as const,[0m

Parsing ecmascript source code failed

Import traces:
  App Route:
    ./src/data/pythonPrograms.ts
    ./app/api/admin/users/import-teachers-csv/route.ts

  Client Component Browser:
    ./src/data/pythonPrograms.ts [Client Component Browser]
    ./src/sections/ProgramsSection.tsx [Client Component Browser]
    ./src/sections/ProgramsSection.tsx [Server Component]
    ./app/page.tsx [Server Component]

  Client Component SSR:
    ./src/data/pythonPrograms.ts [Client Component SSR]
    ./src/sections/ProgramsSection.tsx [Client Component SSR]
    ./src/sections/ProgramsSection.tsx [Server Component]
    ./app/page.tsx [Server Component]


./src/data/pythonPrograms.ts:3489:12
Cannot assign to this
  [90m3487 |[0m [32m  {[0m
  [90m3488 |[0m [32m    id: "tp-5",[0m
[31m[1m>[0m [90m3489 |[0m [32m    title: "Tuple to Dict",[0m
  [90m     |[0m            [31m[1m^^^^^^^^^^^^^^^[0m
  [90m3490 |[0m [32m    language: "python" as const,[0m
  [90m3491 |[0m [32m    category: "Tuples" as const,[0m
  [90m3492 |[0m [32m    difficulty: "Medium",[0m

Parsing ecmascript source code failed

Import traces:
  App Route:
    ./src/data/pythonPrograms.ts
    ./app/api/admin/users/import-teachers-csv/route.ts

  Client Component Browser:
    ./src/data/pythonPrograms.ts [Client Component Browser]
    ./src/sections/ProgramsSection.tsx [Client Component Browser]
    ./src/sections/ProgramsSection.tsx [Server Component]
    ./app/page.tsx [Server Component]

  Client Component SSR:
    ./src/data/pythonPrograms.ts [Client Component SSR]
    ./src/sections/ProgramsSection.tsx [Client Component SSR]
    ./src/sections/ProgramsSection.tsx [Server Component]
    ./app/page.tsx [Server Component]


./src/data/pythonPrograms.ts:3492:17
Cannot assign to this
  [90m3490 |[0m [32m    language: "python" as const,[0m
  [90m3491 |[0m [32m    category: "Tuples" as const,[0m
[31m[1m>[0m [90m3492 |[0m [32m    difficulty: "Medium",[0m
  [90m     |[0m                 [31m[1m^^^^^^^^[0m
  [90m3493 |[0m [32m    classLevel: "Class 10" as const,[0m
  [90m3494 |[0m [32m    description: "Convert tuples to dictionaries using the zip() function.",[0m
  [90m3495 |[0m [32m    code: `[0m# [33mTuple[0m to [33mDictionary[0m [33mProgram[0m

Parsing ecmascript source code failed

Import traces:
  App Route:
    ./src/data/pythonPrograms.ts
    ./app/api/admin/users/import-teachers-csv/route.ts

  Client Component Browser:
    ./src/data/pythonPrograms.ts [Client Component Browser]
    ./src/sections/ProgramsSection.tsx [Client Component Browser]
    ./src/sections/ProgramsSection.tsx [Server Component]
    ./app/page.tsx [Server Component]

  Client Component SSR:
    ./src/data/pythonPrograms.ts [Client Component SSR]
    ./src/sections/ProgramsSection.tsx [Client Component SSR]
    ./src/sections/ProgramsSection.tsx [Server Component]
    ./app/page.tsx [Server Component]


./src/data/pythonPrograms.ts:3494:18
Cannot assign to this
  [90m3492 |[0m [32m    difficulty: "Medium",[0m
  [90m3493 |[0m [32m    classLevel: "Class 10" as const,[0m
[31m[1m>[0m [90m3494 |[0m [32m    description: "Convert tuples to dictionaries using the zip() function.",[0m
  [90m     |[0m                  [31m[1m^^^^^^^^^^^^^^^^^^^^^^^^^^^^^^^^^^^^^^^^^^^^^^^^^^^^^^^^^^[0m
  [90m3495 |[0m [32m    code: `[0m# [33mTuple[0m to [33mDictionary[0m [33mProgram[0m
  [90m3496 |[0m # ==========================
  [90m3497 |[0m # [33mUse[0m zip() to combine tuples into a dictionary

Parsing ecmascript source code failed

Import traces:
  App Route:
    ./src/data/pythonPrograms.ts
    ./app/api/admin/users/import-teachers-csv/route.ts

  Client Component Browser:
    ./src/data/pythonPrograms.ts [Client Component Browser]
    ./src/sections/ProgramsSection.tsx [Client Component Browser]
    ./src/sections/ProgramsSection.tsx [Server Component]
    ./app/page.tsx [Server Component]

  Client Component SSR:
    ./src/data/pythonPrograms.ts [Client Component SSR]
    ./src/sections/ProgramsSection.tsx [Client Component SSR]
    ./src/sections/ProgramsSection.tsx [Server Component]
    ./app/page.tsx [Server Component]


./src/data/pythonPrograms.ts:3495:11
Cannot assign to this
  [90m3493 |[0m [32m    classLevel: "Class 10" as const,[0m
  [90m3494 |[0m [32m    description: "Convert tuples to dictionaries using the zip() function.",[0m
[31m[1m>[0m [90m3495 |[0m [32m    code: `[0m# [33mTuple[0m to [33mDictionary[0m [33mProgram[0m
  [90m     |[0m           [31m[1m^^^^^^^^^^^^^^^^^^^^^^^^^^^^^[0m
[31m[1m>[0m [90m3496 |[0m # ==========================
  [90m     |[0m [31m[1m^^^^^^^^^^^^^^^^^^^^^^^^^^^^[0m
[31m[1m>[0m [90m3497 |[0m # [33mUse[0m zip() to combine tuples into a dictionary
  [90m     |[0m [31m[1m^^^^^^^^^^^^^^^^^^^^^^^^^^^^^^^^^^^^^^^^^^^^^^^[0m
[31m[1m>[0m [90m3498 |[0m
  [90m     |[0m [31m[1m^[0m
[31m[1m>[0m [90m3499 |[0m # [33mTwo[0m tuples: one [36mfor[0m keys, one [36mfor[0m values
  [90m     |[0m [31m[1m^^^^^^^^^^^^^^^^^^^^^^^^^^^^^^^^^^^^^^^^^^[0m
[31m[1m>[0m [90m3500 |[0m names = ([32m"Alice"[0m, [32m"Bob"[0m, [32m"Charlie"[0m)
  [90m     |[0m [31m[1m^^^^^^^^^^^^^^^^^^^^^^^^^^^^^^^^^^^[0m
[31m[1m>[0m [90m3501 |[0m scores = ([35m95[0m, [35m82[0m, [35m78[0m)
  [90m     |[0m [31m[1m^^^^^^^^^^^^^^^^^^^^^[0m
[31m[1m>[0m [90m3502 |[0m
  [90m     |[0m [31m[1m^[0m
[31m[1m>[0m [90m3503 |[0m # zip() pairs elements [36mfrom[0m both tuples
  [90m     |[0m [31m[1m^^^^^^^^^^^^^^^^^^^^^^^^^^^^^^^^^^^^^^^[0m
[31m[1m>[0m [90m3504 |[0m # dict() converts the pairs to a dictionary
  [90m     |[0m [31m[1m^^^^^^^^^^^^^^^^^^^^^^^^^^^^^^^^^^^^^^^^^^^[0m
[31m[1m>[0m [90m3505 |[0m student_scores = dict(zip(names, scores))
  [90m     |[0m [31m[1m^^^^^^^^^^^^^^^^^^^^^^^^^^^^^^^^^^^^^^^^^[0m
[31m[1m>[0m [90m3506 |[0m
  [90m     |[0m [31m[1m^[0m
[31m[1m>[0m [90m3507 |[0m print([32m"Converting tuples to dictionary:"[0m)
  [90m     |[0m [31m[1m^^^^^^^^^^^^^^^^^^^^^^^^^^^^^^^^^^^^^^^^^[0m
[31m[1m>[0m [90m3508 |[0m print(f[32m"  Names tuple: {names}"[0m)
  [90m     |[0m [31m[1m^^^^^^^^^^^^^^^^^^^^^^^^^^^^^^^^[0m
[31m[1m>[0m [90m3509 |[0m print(f[32m"  Scores tuple: {scores}"[0m)
  [90m     |[0m [31m[1m^^^^^^^^^^^^^^^^^^^^^^^^^^^^^^^^^^[0m
[31m[1m>[0m [90m3510 |[0m print(f[32m"  Dictionary: {student_scores}"[0m)
  [90m     |[0m [31m[1m^^^^^^^^^^^^^^^^^^^^^^^^^^^^^^^^^^^^^^^^[0m
[31m[1m>[0m [90m3511 |[0m
  [90m     |[0m [31m[1m^[0m
[31m[1m>[0m [90m3512 |[0m print()
  [90m     |[0m [31m[1m^^^^^^^[0m
[31m[1m>[0m [90m3513 |[0m
  [90m     |[0m [31m[1m^[0m
[31m[1m>[0m [90m3514 |[0m # [33mAccess[0m values
  [90m     |[0m [31m[1m^^^^^^^^^^^^^^^[0m
[31m[1m>[0m [90m3515 |[0m print([32m"Student scores:"[0m)
  [90m     |[0m [31m[1m^^^^^^^^^^^^^^^^^^^^^^^^[0m
[31m[1m>[0m [90m3516 |[0m [36mfor[0m name, score [36min[0m student_scores.items():
  [90m     |[0m [31m[1m^^^^^^^^^^^^^^^^^^^^^^^^^^^^^^^^^^^^^^^^^^[0m
[31m[1m>[0m [90m3517 |[0m     print(f[32m"  {name}: {score}"[0m)
  [90m     |[0m [31m[1m^^^^^^^^^^^^^^^^^^^^^^^^^^^^^^^[0m
[31m[1m>[0m [90m3518 |[0m
  [90m     |[0m [31m[1m^[0m
[31m[1m>[0m [90m3519 |[0m # [33mAnother[0m example: multiple tuples
  [90m     |[0m [31m[1m^^^^^^^^^^^^^^^^^^^^^^^^^^^^^^^^^^[0m
[31m[1m>[0m [90m3520 |[0m subjects = ([32m"Math"[0m, [32m"Science"[0m, [32m"English"[0m)
  [90m     |[0m [31m[1m^^^^^^^^^^^^^^^^^^^^^^^^^^^^^^^^^^^^^^^^^[0m
[31m[1m>[0m [90m3521 |[0m grades = ([32m"A"[0m, [32m"B+"[0m, [32m"A-"[0m)
  [90m     |[0m [31m[1m^^^^^^^^^^^^^^^^^^^^^^^^^^[0m
[31m[1m>[0m [90m3522 |[0m
  [90m     |[0m [31m[1m^[0m
[31m[1m>[0m [90m3523 |[0m subject_grades = dict(zip(subjects, grades))
  [90m     |[0m [31m[1m^^^^^^^^^^^^^^^^^^^^^^^^^^^^^^^^^^^^^^^^^^^^[0m
[31m[1m>[0m [90m3524 |[0m print()
  [90m     |[0m [31m[1m^^^^^^^[0m
[31m[1m>[0m [90m3525 |[0m print([32m"Subject grades:"[0m)
  [90m     |[0m [31m[1m^^^^^^^^^^^^^^^^^^^^^^^^[0m
[31m[1m>[0m [90m3526 |[0m print(f[32m"  {subject_grades}"[0m)
  [90m     |[0m [31m[1m^^^^^^^^^^^^^^^^^^^^^^^^^^^^[0m
[31m[1m>[0m [90m3527 |[0m
  [90m     |[0m [31m[1m^[0m
[31m[1m>[0m [90m3528 |[0m # [33mExecution[0m trace:
  [90m     |[0m [31m[1m^^^^^^^^^^^^^^^^^^[0m
[31m[1m>[0m [90m3529 |[0m # zip(names, scores) = [([32m"Alice"[0m, [35m95[0m), ([32m"Bob"[0m, [35m82[0m), 
([32m"Charlie"[0m, [35m78[0m)]
  [90m     |[0m [31m[1m^^^^^^^^^^^^^^^^^^^^^^^^^^^^^^^^^^^^^^^^^^^^^^^^^^^^^^^^^^^^^^^^^^^^[0m
[31m[1m>[0m [90m3530 |[0m # dict() converts to: {[32m"Alice"[0m: [35m95[0m, [32m"Bob"[0m: [35m82[0m, 
[32m"Charlie"[0m: [35m78[0m}
  [90m     |[0m [31m[1m^^^^^^^^^^^^^^^^^^^^^^^^^^^^^^^^^^^^^^^^^^^^^^^^^^^^^^^^^^^^^[0m
[31m[1m>[0m [90m3531 |[0m
  [90m     |[0m [31m[1m^[0m
[31m[1m>[0m [90m3532 |[0m # [33mTRY[0m [33mTHIS[0m: [33mMerge[0m three tuples (names, ages, cities) into a 
nested dict
  [90m     |[0m [31m[1m^^^^^^^^^^^^^^^^^^^^^^^^^^^^^^^^^^^^^^^^^^^^^^^^^^^^^^^^^^^^^^^^^^^^^^^[0m
[31m[1m>[0m [90m3533 |[0m [32m`,[0m
  [90m     |[0m [31m[1m^[0m
  [90m3534 |[0m [32m    funFact: "zip() is named after the zipper - it interlocks two sequences just like a ...[0m
  [90m3535 |[0m [32m  },[0m
  [90m3536 |[0m [32m  {[0m

Parsing ecmascript source code failed

Import traces:
  App Route:
    ./src/data/pythonPrograms.ts
    ./app/api/admin/users/import-teachers-csv/route.ts

  Client Component Browser:
    ./src/data/pythonPrograms.ts [Client Component Browser]
    ./src/sections/ProgramsSection.tsx [Client Component Browser]
    ./src/sections/ProgramsSection.tsx [Server Component]
    ./app/page.tsx [Server Component]

  Client Component SSR:
    ./src/data/pythonPrograms.ts [Client Component SSR]
    ./src/sections/ProgramsSection.tsx [Client Component SSR]
    ./src/sections/ProgramsSection.tsx [Server Component]
    ./app/page.tsx [Server Component]


./src/data/pythonPrograms.ts:3534:14
Cannot assign to this
  [90m3532 |[0m ...[33mMerge[0m three tuples (names, ages, cities) into a nested dict
  [90m3533 |[0m ...
[31m[1m>[0m [90m3534 |[0m ...[32m "zip() is named after the zipper - it interlocks two sequences just like a 
zipper!"[0m
  [90m     |[0m     [31m[1m^^^^^^^^^^^^^^^^^^^^^^^^^^^^^^^^^^^^^^^^^^^^^^^^^^^^^^^^^^^^^^^^^^^^^^^^^^^^^^^^^^^[0m
  [90m3535 |[0m ...
  [90m3536 |[0m ...
  [90m3537 |[0m ...[32m4",[0m

Parsing ecmascript source code failed

Import traces:
  App Route:
    ./src/data/pythonPrograms.ts
    ./app/api/admin/users/import-teachers-csv/route.ts

  Client Component Browser:
    ./src/data/pythonPrograms.ts [Client Component Browser]
    ./src/sections/ProgramsSection.tsx [Client Component Browser]
    ./src/sections/ProgramsSection.tsx [Server Component]
    ./app/page.tsx [Server Component]

  Client Component SSR:
    ./src/data/pythonPrograms.ts [Client Component SSR]
    ./src/sections/ProgramsSection.tsx [Client Component SSR]
    ./src/sections/ProgramsSection.tsx [Server Component]
    ./app/page.tsx [Server Component]


./src/data/pythonPrograms.ts:3537:9
Cannot assign to this
  [90m3535 |[0m [32m  },[0m
  [90m3536 |[0m [32m  {[0m
[31m[1m>[0m [90m3537 |[0m [32m    id: "dc-4",[0m
  [90m     |[0m         [31m[1m^^^^^^[0m
  [90m3538 |[0m [32m    title: "Nested Dictionary",[0m
  [90m3539 |[0m [32m    language: "python" as const,[0m
  [90m3540 |[0m [32m    category: "Dictionaries" as const,[0m

Parsing ecmascript source code failed

Import traces:
  App Route:
    ./src/data/pythonPrograms.ts
    ./app/api/admin/users/import-teachers-csv/route.ts

  Client Component Browser:
    ./src/data/pythonPrograms.ts [Client Component Browser]
    ./src/sections/ProgramsSection.tsx [Client Component Browser]
    ./src/sections/ProgramsSection.tsx [Server Component]
    ./app/page.tsx [Server Component]

  Client Component SSR:
    ./src/data/pythonPrograms.ts [Client Component SSR]
    ./src/sections/ProgramsSection.tsx [Client Component SSR]
    ./src/sections/ProgramsSection.tsx [Server Component]
    ./app/page.tsx [Server Component]


./src/data/pythonPrograms.ts:3538:12
Cannot assign to this
  [90m3536 |[0m [32m  {[0m
  [90m3537 |[0m [32m    id: "dc-4",[0m
[31m[1m>[0m [90m3538 |[0m [32m    title: "Nested Dictionary",[0m
  [90m     |[0m            [31m[1m^^^^^^^^^^^^^^^^^^^[0m
  [90m3539 |[0m [32m    language: "python" as const,[0m
  [90m3540 |[0m [32m    category: "Dictionaries" as const,[0m
  [90m3541 |[0m [32m    difficulty: "Medium",[0m

Parsing ecmascript source code failed

Import traces:
  App Route:
    ./src/data/pythonPrograms.ts
    ./app/api/admin/users/import-teachers-csv/route.ts

  Client Component Browser:
    ./src/data/pythonPrograms.ts [Client Component Browser]
    ./src/sections/ProgramsSection.tsx [Client Component Browser]
    ./src/sections/ProgramsSection.tsx [Server Component]
    ./app/page.tsx [Server Component]

  Client Component SSR:
    ./src/data/pythonPrograms.ts [Client Component SSR]
    ./src/sections/ProgramsSection.tsx [Client Component SSR]
    ./src/sections/ProgramsSection.tsx [Server Component]
    ./app/page.tsx [Server Component]


./src/data/pythonPrograms.ts:3541:17
Cannot assign to this
  [90m3539 |[0m [32m    language: "python" as const,[0m
  [90m3540 |[0m [32m    category: "Dictionaries" as const,[0m
[31m[1m>[0m [90m3541 |[0m [32m    difficulty: "Medium",[0m
  [90m     |[0m                 [31m[1m^^^^^^^^[0m
  [90m3542 |[0m [32m    classLevel: "Class 10" as const,[0m
  [90m3543 |[0m [32m    description: "Create and access dictionaries within dictionaries to model complex da...[0m
  [90m3544 |[0m [32m    code: `[0m# [33mNested[0m [33mDictionary[0m [33mProgram[0m

Parsing ecmascript source code failed

Import traces:
  App Route:
    ./src/data/pythonPrograms.ts
    ./app/api/admin/users/import-teachers-csv/route.ts

  Client Component Browser:
    ./src/data/pythonPrograms.ts [Client Component Browser]
    ./src/sections/ProgramsSection.tsx [Client Component Browser]
    ./src/sections/ProgramsSection.tsx [Server Component]
    ./app/page.tsx [Server Component]

  Client Component SSR:
    ./src/data/pythonPrograms.ts [Client Component SSR]
    ./src/sections/ProgramsSection.tsx [Client Component SSR]
    ./src/sections/ProgramsSection.tsx [Server Component]
    ./app/page.tsx [Server Component]


./src/data/pythonPrograms.ts:3543:18
Cannot assign to this
  [90m3541 |[0m ...[32mty: "Medium",[0m
  [90m3542 |[0m ...[32mel: "Class 10" as const,[0m
[31m[1m>[0m [90m3543 |[0m ...[32mion: "Create and access dictionaries within dictionaries to model complex 
data.",[0m
  [90m     |[0m         [31m[1m^^^^^^^^^^^^^^^^^^^^^^^^^^^^^^^^^^^^^^^^^^^^^^^^^^^^^^^^^^^^^^^^^^^^^^^^^^^[0m
  [90m3544 |[0m ... [33mNested[0m [33mDictionary[0m [33mProgram[0m
  [90m3545 |[0m ...==============
  [90m3546 |[0m ...[33mes[0m can contain other dictionaries

Parsing ecmascript source code failed

Import traces:
  App Route:
    ./src/data/pythonPrograms.ts
    ./app/api/admin/users/import-teachers-csv/route.ts

  Client Component Browser:
    ./src/data/pythonPrograms.ts [Client Component Browser]
    ./src/sections/ProgramsSection.tsx [Client Component Browser]
    ./src/sections/ProgramsSection.tsx [Server Component]
    ./app/page.tsx [Server Component]

  Client Component SSR:
    ./src/data/pythonPrograms.ts [Client Component SSR]
    ./src/sections/ProgramsSection.tsx [Client Component SSR]
    ./src/sections/ProgramsSection.tsx [Server Component]
    ./app/page.tsx [Server Component]


./src/data/pythonPrograms.ts:3544:11
Cannot assign to this
  [90m3542 |[0m [32m    classLevel: "Class 10" as const,[0m
  [90m3543 |[0m [32m    description: "Create and access dictionaries within dictionaries to model complex da...[0m
[31m[1m>[0m [90m3544 |[0m [32m    code: `[0m# [33mNested[0m [33mDictionary[0m [33mProgram[0m
  [90m     |[0m           [31m[1m^^^^^^^^^^^^^^^^^^^^^^^^^^^[0m
[31m[1m>[0m [90m3545 |[0m # ========================
  [90m     |[0m [31m[1m^^^^^^^^^^^^^^^^^^^^^^^^^^[0m
[31m[1m>[0m [90m3546 |[0m # [33mDictionaries[0m can contain other dictionaries
  [90m     |[0m [31m[1m^^^^^^^^^^^^^^^^^^^^^^^^^^^^^^^^^^^^^^^^^^^^^[0m
[31m[1m>[0m [90m3547 |[0m
  [90m     |[0m [31m[1m^[0m
[31m[1m>[0m [90m3548 |[0m # [33mSchool[0m database [36mwith[0m nested dictionaries
  [90m     |[0m [31m[1m^^^^^^^^^^^^^^^^^^^^^^^^^^^^^^^^^^^^^^^^^^[0m
[31m[1m>[0m [90m3549 |[0m school = {
  [90m     |[0m [31m[1m^^^^^^^^^^[0m
[31m[1m>[0m [90m3550 |[0m     [32m"class10A"[0m: {
  [90m     |[0m [31m[1m^^^^^^^^^^^^^^^^^[0m
[31m[1m>[0m [90m3551 |[0m         [32m"teacher"[0m: [32m"Mrs. Sharma"[0m,
  [90m     |[0m [31m[1m^^^^^^^^^^^^^^^^^^^^^^^^^^^^^^^^^[0m
[31m[1m>[0m [90m3552 |[0m         [32m"students"[0m: [35m40[0m,
  [90m     |[0m [31m[1m^^^^^^^^^^^^^^^^^^^^^^^[0m
[31m[1m>[0m [90m3553 |[0m         [32m"room"[0m: [32m"101"[0m
  [90m     |[0m [31m[1m^^^^^^^^^^^^^^^^^^^^^[0m
[31m[1m>[0m [90m3554 |[0m     },
  [90m     |[0m [31m[1m^^^^^^[0m
[31m[1m>[0m [90m3555 |[0m     [32m"class10B"[0m: {
  [90m     |[0m [31m[1m^^^^^^^^^^^^^^^^^[0m
[31m[1m>[0m [90m3556 |[0m         [32m"teacher"[0m: [32m"Mr. Gupta"[0m,
  [90m     |[0m [31m[1m^^^^^^^^^^^^^^^^^^^^^^^^^^^^^^^[0m
[31m[1m>[0m [90m3557 |[0m         [32m"students"[0m: [35m38[0m,
  [90m     |[0m [31m[1m^^^^^^^^^^^^^^^^^^^^^^^[0m
[31m[1m>[0m [90m3558 |[0m         [32m"room"[0m: [32m"102"[0m
  [90m     |[0m [31m[1m^^^^^^^^^^^^^^^^^^^^^[0m
[31m[1m>[0m [90m3559 |[0m     },
  [90m     |[0m [31m[1m^^^^^^[0m
[31m[1m>[0m [90m3560 |[0m     [32m"class10C"[0m: {
  [90m     |[0m [31m[1m^^^^^^^^^^^^^^^^^[0m
[31m[1m>[0m [90m3561 |[0m         [32m"teacher"[0m: [32m"Ms. Patel"[0m,
  [90m     |[0m [31m[1m^^^^^^^^^^^^^^^^^^^^^^^^^^^^^^^[0m
[31m[1m>[0m [90m3562 |[0m         [32m"students"[0m: [35m42[0m,
  [90m     |[0m [31m[1m^^^^^^^^^^^^^^^^^^^^^^^[0m
[31m[1m>[0m [90m3563 |[0m         [32m"room"[0m: [32m"103"[0m
  [90m     |[0m [31m[1m^^^^^^^^^^^^^^^^^^^^^[0m
[31m[1m>[0m [90m3564 |[0m     }
  [90m     |[0m [31m[1m^^^^^[0m
[31m[1m>[0m [90m3565 |[0m }
  [90m     |[0m [31m[1m^[0m
[31m[1m>[0m [90m3566 |[0m
  [90m     |[0m [31m[1m^[0m
[31m[1m>[0m [90m3567 |[0m print([32m"School Database:"[0m)
  [90m     |[0m [31m[1m^^^^^^^^^^^^^^^^^^^^^^^^^[0m
[31m[1m>[0m [90m3568 |[0m print([32m"="[0m * [35m40[0m)
  [90m     |[0m [31m[1m^^^^^^^^^^^^^^^[0m
[31m[1m>[0m [90m3569 |[0m
  [90m     |[0m [31m[1m^[0m
[31m[1m>[0m [90m3570 |[0m # [33mAccess[0m nested values
  [90m     |[0m [31m[1m^^^^^^^^^^^^^^^^^^^^^^[0m
[31m[1m>[0m [90m3571 |[0m print(f[32m"Class 10A teacher: {school['class10A']['teacher']}"[0m)
  [90m     |[0m [31m[1m^^^^^^^^^^^^^^^^^^^^^^^^^^^^^^^^^^^^^^^^^^^^^^^^^^^^^^^^^^^^[0m
[31m[1m>[0m [90m3572 |[0m print(f[32m"Class 10B room: {school['class10B']['room']}"[0m)
  [90m     |[0m [31m[1m^^^^^^^^^^^^^^^^^^^^^^^^^^^^^^^^^^^^^^^^^^^^^^^^^^^^^^[0m
[31m[1m>[0m [90m3573 |[0m
  [90m     |[0m [31m[1m^[0m
[31m[1m>[0m [90m3574 |[0m print()
  [90m     |[0m [31m[1m^^^^^^^[0m
[31m[1m>[0m [90m3575 |[0m
  [90m     |[0m [31m[1m^[0m
[31m[1m>[0m [90m3576 |[0m # [33mLoop[0m through nested dictionary
  [90m     |[0m [31m[1m^^^^^^^^^^^^^^^^^^^^^^^^^^^^^^^^[0m
[31m[1m>[0m [90m3577 |[0m [36mfor[0m class_name, details [36min[0m school.items():
  [90m     |[0m [31m[1m^^^^^^^^^^^^^^^^^^^^^^^^^^^^^^^^^^^^^^^^^^[0m
[31m[1m>[0m [90m3578 |[0m     print(f[32m"{class_name}:"[0m)
  [90m     |[0m [31m[1m^^^^^^^^^^^^^^^^^^^^^^^^^^^[0m
[31m[1m>[0m [90m3579 |[0m     print(f[32m"  Teacher: {details['teacher']}"[0m)
  [90m     |[0m [31m[1m^^^^^^^^^^^^^^^^^^^^^^^^^^^^^^^^^^^^^^^^^^^^^[0m
[31m[1m>[0m [90m3580 |[0m     print(f[32m"  Students: {details['students']}"[0m)
  [90m     |[0m [31m[1m^^^^^^^^^^^^^^^^^^^^^^^^^^^^^^^^^^^^^^^^^^^^^^^[0m
[31m[1m>[0m [90m3581 |[0m     print(f[32m"  Room: {details['room']}"[0m)
  [90m     |[0m [31m[1m^^^^^^^^^^^^^^^^^^^^^^^^^^^^^^^^^^^^^^^[0m
[31m[1m>[0m [90m3582 |[0m     print()
  [90m     |[0m [31m[1m^^^^^^^^^^^[0m
[31m[1m>[0m [90m3583 |[0m
  [90m     |[0m [31m[1m^[0m
[31m[1m>[0m [90m3584 |[0m # [33mAdd[0m [36mnew[0m entry
  [90m     |[0m [31m[1m^^^^^^^^^^^^^^^[0m
[31m[1m>[0m [90m3585 |[0m school[[32m"class10D"[0m] = {
  [90m     |[0m [31m[1m^^^^^^^^^^^^^^^^^^^^^^[0m
[31m[1m>[0m [90m3586 |[0m     [32m"teacher"[0m: [32m"Dr. Singh"[0m,
  [90m     |[0m [31m[1m^^^^^^^^^^^^^^^^^^^^^^^^^^^[0m
[31m[1m>[0m [90m3587 |[0m     [32m"students"[0m: [35m39[0m,
  [90m     |[0m [31m[1m^^^^^^^^^^^^^^^^^^^[0m
[31m[1m>[0m [90m3588 |[0m     [32m"room"[0m: [32m"104"[0m
  [90m     |[0m [31m[1m^^^^^^^^^^^^^^^^^[0m
[31m[1m>[0m [90m3589 |[0m }
  [90m     |[0m [31m[1m^[0m
[31m[1m>[0m [90m3590 |[0m
  [90m     |[0m [31m[1m^[0m
[31m[1m>[0m [90m3591 |[0m # [33mExecution[0m trace:
  [90m     |[0m [31m[1m^^^^^^^^^^^^^^^^^^[0m
[31m[1m>[0m [90m3592 |[0m # school[[32m'class10A'[0m][[32m'teacher'[0m] = [32m"Mrs. Sharma"[0m
  [90m     |[0m [31m[1m^^^^^^^^^^^^^^^^^^^^^^^^^^^^^^^^^^^^^^^^^^^^^^^[0m
[31m[1m>[0m [90m3593 |[0m # school[[32m'class10B'[0m][[32m'room'[0m] = [32m"102"[0m
  [90m     |[0m [31m[1m^^^^^^^^^^^^^^^^^^^^^^^^^^^^^^^^^^^^[0m
[31m[1m>[0m [90m3594 |[0m
  [90m     |[0m [31m[1m^[0m
[31m[1m>[0m [90m3595 |[0m # [33mTRY[0m [33mTHIS[0m: [33mCalculate[0m total students across all classes
  [90m     |[0m [31m[1m^^^^^^^^^^^^^^^^^^^^^^^^^^^^^^^^^^^^^^^^^^^^^^^^^^^^^^^[0m
[31m[1m>[0m [90m3596 |[0m [32m`,[0m
  [90m     |[0m [31m[1m^[0m
  [90m3597 |[0m [32m    funFact: "Nested dictionaries are used in real-world applications like JSON APIs and...[0m
  [90m3598 |[0m [32m  },[0m
  [90m3599 |[0m [32m  {[0m

Parsing ecmascript source code failed

Import traces:
  App Route:
    ./src/data/pythonPrograms.ts
    ./app/api/admin/users/import-teachers-csv/route.ts

  Client Component Browser:
    ./src/data/pythonPrograms.ts [Client Component Browser]
    ./src/sections/ProgramsSection.tsx [Client Component Browser]
    ./src/sections/ProgramsSection.tsx [Server Component]
    ./app/page.tsx [Server Component]

  Client Component SSR:
    ./src/data/pythonPrograms.ts [Client Component SSR]
    ./src/sections/ProgramsSection.tsx [Client Component SSR]
    ./src/sections/ProgramsSection.tsx [Server Component]
    ./app/page.tsx [Server Component]


./src/data/pythonPrograms.ts:3597:14
Cannot assign to this
  [90m3595 |[0m ...[33mlculate[0m total students across all classes
  [90m3596 |[0m ...
[31m[1m>[0m [90m3597 |[0m ...[32mNested dictionaries are used in real-world applications like JSON APIs and 
databases!"[0m
  [90m     |[0m    
[31m[1m^^^^^^^^^^^^^^^^^^^^^^^^^^^^^^^^^^^^^^^^^^^^^^^^^^^^^^^^^^^^^^^^^^^^^^^^^^^^^^^^^^^^^^^[0m
  [90m3598 |[0m ...
  [90m3599 |[0m ...
  [90m3600 |[0m ...[32m,[0m

Parsing ecmascript source code failed

Import traces:
  App Route:
    ./src/data/pythonPrograms.ts
    ./app/api/admin/users/import-teachers-csv/route.ts

  Client Component Browser:
    ./src/data/pythonPrograms.ts [Client Component Browser]
    ./src/sections/ProgramsSection.tsx [Client Component Browser]
    ./src/sections/ProgramsSection.tsx [Server Component]
    ./app/page.tsx [Server Component]

  Client Component SSR:
    ./src/data/pythonPrograms.ts [Client Component SSR]
    ./src/sections/ProgramsSection.tsx [Client Component SSR]
    ./src/sections/ProgramsSection.tsx [Server Component]
    ./app/page.tsx [Server Component]


./src/data/pythonPrograms.ts:3600:9
Cannot assign to this
  [90m3598 |[0m [32m  },[0m
  [90m3599 |[0m [32m  {[0m
[31m[1m>[0m [90m3600 |[0m [32m    id: "dc-5",[0m
  [90m     |[0m         [31m[1m^^^^^^[0m
  [90m3601 |[0m [32m    title: "Dictionary of Lists",[0m
  [90m3602 |[0m [32m    language: "python" as const,[0m
  [90m3603 |[0m [32m    category: "Dictionaries" as const,[0m

Parsing ecmascript source code failed

Import traces:
  App Route:
    ./src/data/pythonPrograms.ts
    ./app/api/admin/users/import-teachers-csv/route.ts

  Client Component Browser:
    ./src/data/pythonPrograms.ts [Client Component Browser]
    ./src/sections/ProgramsSection.tsx [Client Component Browser]
    ./src/sections/ProgramsSection.tsx [Server Component]
    ./app/page.tsx [Server Component]

  Client Component SSR:
    ./src/data/pythonPrograms.ts [Client Component SSR]
    ./src/sections/ProgramsSection.tsx [Client Component SSR]
    ./src/sections/ProgramsSection.tsx [Server Component]
    ./app/page.tsx [Server Component]


./src/data/pythonPrograms.ts:3601:12
Cannot assign to this
  [90m3599 |[0m [32m  {[0m
  [90m3600 |[0m [32m    id: "dc-5",[0m
[31m[1m>[0m [90m3601 |[0m [32m    title: "Dictionary of Lists",[0m
  [90m     |[0m            [31m[1m^^^^^^^^^^^^^^^^^^^^^[0m
  [90m3602 |[0m [32m    language: "python" as const,[0m
  [90m3603 |[0m [32m    category: "Dictionaries" as const,[0m
  [90m3604 |[0m [32m    difficulty: "Medium",[0m

Parsing ecmascript source code failed

Import traces:
  App Route:
    ./src/data/pythonPrograms.ts
    ./app/api/admin/users/import-teachers-csv/route.ts

  Client Component Browser:
    ./src/data/pythonPrograms.ts [Client Component Browser]
    ./src/sections/ProgramsSection.tsx [Client Component Browser]
    ./src/sections/ProgramsSection.tsx [Server Component]
    ./app/page.tsx [Server Component]

  Client Component SSR:
    ./src/data/pythonPrograms.ts [Client Component SSR]
    ./src/sections/ProgramsSection.tsx [Client Component SSR]
    ./src/sections/ProgramsSection.tsx [Server Component]
    ./app/page.tsx [Server Component]


./src/data/pythonPrograms.ts:3604:17
Cannot assign to this
  [90m3602 |[0m [32m    language: "python" as const,[0m
  [90m3603 |[0m [32m    category: "Dictionaries" as const,[0m
[31m[1m>[0m [90m3604 |[0m [32m    difficulty: "Medium",[0m
  [90m     |[0m                 [31m[1m^^^^^^^^[0m
  [90m3605 |[0m [32m    classLevel: "Class 10" as const,[0m
  [90m3606 |[0m [32m    description: "Use dictionary values as lists to store multiple items per key.",[0m
  [90m3607 |[0m [32m    code: `[0m# [33mDictionary[0m [36mof[0m [33mLists[0m [33mProgram[0m

Parsing ecmascript source code failed

Import traces:
  App Route:
    ./src/data/pythonPrograms.ts
    ./app/api/admin/users/import-teachers-csv/route.ts

  Client Component Browser:
    ./src/data/pythonPrograms.ts [Client Component Browser]
    ./src/sections/ProgramsSection.tsx [Client Component Browser]
    ./src/sections/ProgramsSection.tsx [Server Component]
    ./app/page.tsx [Server Component]

  Client Component SSR:
    ./src/data/pythonPrograms.ts [Client Component SSR]
    ./src/sections/ProgramsSection.tsx [Client Component SSR]
    ./src/sections/ProgramsSection.tsx [Server Component]
    ./app/page.tsx [Server Component]


./src/data/pythonPrograms.ts:3606:18
Cannot assign to this
  [90m3604 |[0m [32m    difficulty: "Medium",[0m
  [90m3605 |[0m [32m    classLevel: "Class 10" as const,[0m
[31m[1m>[0m [90m3606 |[0m [32m    description: "Use dictionary values as lists to store multiple items per 
key.",[0m
  [90m     |[0m                  [31m[1m^^^^^^^^^^^^^^^^^^^^^^^^^^^^^^^^^^^^^^^^^^^^^^^^^^^^^^^^^^^^^^^^^[0m
  [90m3607 |[0m [32m    code: `[0m# [33mDictionary[0m [36mof[0m [33mLists[0m [33mProgram[0m
  [90m3608 |[0m # ==========================
  [90m3609 |[0m # [33mOne[0m key maps to many values using lists

Parsing ecmascript source code failed

Import traces:
  App Route:
    ./src/data/pythonPrograms.ts
    ./app/api/admin/users/import-teachers-csv/route.ts

  Client Component Browser:
    ./src/data/pythonPrograms.ts [Client Component Browser]
    ./src/sections/ProgramsSection.tsx [Client Component Browser]
    ./src/sections/ProgramsSection.tsx [Server Component]
    ./app/page.tsx [Server Component]

  Client Component SSR:
    ./src/data/pythonPrograms.ts [Client Component SSR]
    ./src/sections/ProgramsSection.tsx [Client Component SSR]
    ./src/sections/ProgramsSection.tsx [Server Component]
    ./app/page.tsx [Server Component]


./src/data/pythonPrograms.ts:3607:11
Cannot assign to this
  [90m3605 |[0m [32m    classLevel: "Class 10" as const,[0m
  [90m3606 |[0m [32m    description: "Use dictionary values as lists to store multiple items per key.",[0m
[31m[1m>[0m [90m3607 |[0m [32m    code: `[0m# [33mDictionary[0m [36mof[0m [33mLists[0m [33mProgram[0m
  [90m     |[0m           [31m[1m^^^^^^^^^^^^^^^^^^^^^^^^^^^^^[0m
[31m[1m>[0m [90m3608 |[0m # ==========================
  [90m     |[0m [31m[1m^^^^^^^^^^^^^^^^^^^^^^^^^^^^[0m
[31m[1m>[0m [90m3609 |[0m # [33mOne[0m key maps to many values using lists
  [90m     |[0m [31m[1m^^^^^^^^^^^^^^^^^^^^^^^^^^^^^^^^^^^^^^^^^[0m
[31m[1m>[0m [90m3610 |[0m
  [90m     |[0m [31m[1m^[0m
[31m[1m>[0m [90m3611 |[0m # [33mShopping[0m cart [36mwith[0m multiple items per category
  [90m     |[0m [31m[1m^^^^^^^^^^^^^^^^^^^^^^^^^^^^^^^^^^^^^^^^^^^^^^^^[0m
[31m[1m>[0m [90m3612 |[0m cart = {
  [90m     |[0m [31m[1m^^^^^^^^[0m
[31m[1m>[0m [90m3613 |[0m     [32m"fruits"[0m: [[32m"apple"[0m, [32m"banana"[0m, [32m"orange"[0m],
  [90m     |[0m [31m[1m^^^^^^^^^^^^^^^^^^^^^^^^^^^^^^^^^^^^^^^^^^^^[0m
[31m[1m>[0m [90m3614 |[0m     [32m"vegetables"[0m: [[32m"carrot"[0m, [32m"potato"[0m, [32m"onion"[0m],
  [90m     |[0m [31m[1m^^^^^^^^^^^^^^^^^^^^^^^^^^^^^^^^^^^^^^^^^^^^^^^^[0m
[31m[1m>[0m [90m3615 |[0m     [32m"dairy"[0m: [[32m"milk"[0m, [32m"cheese"[0m, [32m"yogurt"[0m]
  [90m     |[0m [31m[1m^^^^^^^^^^^^^^^^^^^^^^^^^^^^^^^^^^^^^^^^^[0m
[31m[1m>[0m [90m3616 |[0m }
  [90m     |[0m [31m[1m^[0m
[31m[1m>[0m [90m3617 |[0m
  [90m     |[0m [31m[1m^[0m
[31m[1m>[0m [90m3618 |[0m print([32m"Shopping Cart:"[0m)
  [90m     |[0m [31m[1m^^^^^^^^^^^^^^^^^^^^^^^[0m
[31m[1m>[0m [90m3619 |[0m print([32m"="[0m * [35m40[0m)
  [90m     |[0m [31m[1m^^^^^^^^^^^^^^^[0m
[31m[1m>[0m [90m3620 |[0m
  [90m     |[0m [31m[1m^[0m
[31m[1m>[0m [90m3621 |[0m # [33mAccess[0m and loop through lists
  [90m     |[0m [31m[1m^^^^^^^^^^^^^^^^^^^^^^^^^^^^^^^[0m
[31m[1m>[0m [90m3622 |[0m [36mfor[0m category, items [36min[0m cart.items():
  [90m     |[0m [31m[1m^^^^^^^^^^^^^^^^^^^^^^^^^^^^^^^^^^^^[0m
[31m[1m>[0m [90m3623 |[0m     print(f[32m"{category.title()}:"[0m)
  [90m     |[0m [31m[1m^^^^^^^^^^^^^^^^^^^^^^^^^^^^^^^^^[0m
[31m[1m>[0m [90m3624 |[0m     [36mfor[0m item [36min[0m items:
  [90m     |[0m [31m[1m^^^^^^^^^^^^^^^^^^^^^^[0m
[31m[1m>[0m [90m3625 |[0m         print(f[32m"  - {item}"[0m)
  [90m     |[0m [31m[1m^^^^^^^^^^^^^^^^^^^^^^^^^^^^[0m
[31m[1m>[0m [90m3626 |[0m     print()
  [90m     |[0m [31m[1m^^^^^^^^^^^[0m
[31m[1m>[0m [90m3627 |[0m
  [90m     |[0m [31m[1m^[0m
[31m[1m>[0m [90m3628 |[0m # [33mAdd[0m items to existing lists
  [90m     |[0m [31m[1m^^^^^^^^^^^^^^^^^^^^^^^^^^^^^[0m
[31m[1m>[0m [90m3629 |[0m cart[[32m"fruits"[0m].append([32m"mango"[0m)
  [90m     |[0m [31m[1m^^^^^^^^^^^^^^^^^^^^^^^^^^^^^^[0m
[31m[1m>[0m [90m3630 |[0m cart[[32m"snacks"[0m].append([32m"chips"[0m)  # [33mThis[0m creates a 
[36mnew[0m key
  [90m     |[0m [31m[1m^^^^^^^^^^^^^^^^^^^^^^^^^^^^^^^^^^^^^^^^^^^^^^^^^^^^^^^^[0m
[31m[1m>[0m [90m3631 |[0m
  [90m     |[0m [31m[1m^[0m
[31m[1m>[0m [90m3632 |[0m print([32m"Updated cart:"[0m)
  [90m     |[0m [31m[1m^^^^^^^^^^^^^^^^^^^^^^[0m
[31m[1m>[0m [90m3633 |[0m print(f[32m"  Fruits: {cart['fruits']}"[0m)
  [90m     |[0m [31m[1m^^^^^^^^^^^^^^^^^^^^^^^^^^^^^^^^^^^^[0m
[31m[1m>[0m [90m3634 |[0m print(f[32m"  Snacks: {cart['snacks']}"[0m)
  [90m     |[0m [31m[1m^^^^^^^^^^^^^^^^^^^^^^^^^^^^^^^^^^^^[0m
[31m[1m>[0m [90m3635 |[0m
  [90m     |[0m [31m[1m^[0m
[31m[1m>[0m [90m3636 |[0m # [33mCount[0m total items
  [90m     |[0m [31m[1m^^^^^^^^^^^^^^^^^^^[0m
[31m[1m>[0m [90m3637 |[0m total = sum(len(items) [36mfor[0m items [36min[0m cart.values())
  [90m     |[0m [31m[1m^^^^^^^^^^^^^^^^^^^^^^^^^^^^^^^^^^^^^^^^^^^^^^^^^^[0m
[31m[1m>[0m [90m3638 |[0m print(f[32m"\\nTotal items in cart: {total}"[0m)
  [90m     |[0m [31m[1m^^^^^^^^^^^^^^^^^^^^^^^^^^^^^^^^^^^^^^^^^[0m
[31m[1m>[0m [90m3639 |[0m
  [90m     |[0m [31m[1m^[0m
[31m[1m>[0m [90m3640 |[0m # [33mExecution[0m trace:
  [90m     |[0m [31m[1m^^^^^^^^^^^^^^^^^^[0m
[31m[1m>[0m [90m3641 |[0m # cart[[32m"fruits"[0m] = [[32m"apple"[0m, [32m"banana"[0m, [32m"orange"[0m]
  [90m     |[0m [31m[1m^^^^^^^^^^^^^^^^^^^^^^^^^^^^^^^^^^^^^^^^^^^^^^^^[0m
[31m[1m>[0m [90m3642 |[0m # [33mAfter[0m append: cart[[32m"fruits"[0m] = [[32m"apple"[0m, 
[32m"banana"[0m, [32m"orange"[0m, [32m"mango"[0m]
  [90m     |[0m [31m[1m^^^^^^^^^^^^^^^^^^^^^^^^^^^^^^^^^^^^^^^^^^^^^^^^^^^^^^^^^^^^^^^^^^^^^^^[0m
[31m[1m>[0m [90m3643 |[0m
  [90m     |[0m [31m[1m^[0m
[31m[1m>[0m [90m3644 |[0m # [33mTRY[0m [33mTHIS[0m: [33mFind[0m which category has the most items
  [90m     |[0m [31m[1m^^^^^^^^^^^^^^^^^^^^^^^^^^^^^^^^^^^^^^^^^^^^^^^^^^[0m
[31m[1m>[0m [90m3645 |[0m [32m`,[0m
  [90m     |[0m [31m[1m^[0m
  [90m3646 |[0m [32m    funFact: "Dictionary of lists is a common data structure for grouping related data!"[0m
  [90m3647 |[0m [32m  },[0m
  [90m3648 |[0m [32m  {[0m

Parsing ecmascript source code failed

Import traces:
  App Route:
    ./src/data/pythonPrograms.ts
    ./app/api/admin/users/import-teachers-csv/route.ts

  Client Component Browser:
    ./src/data/pythonPrograms.ts [Client Component Browser]
    ./src/sections/ProgramsSection.tsx [Client Component Browser]
    ./src/sections/ProgramsSection.tsx [Server Component]
    ./app/page.tsx [Server Component]

  Client Component SSR:
    ./src/data/pythonPrograms.ts [Client Component SSR]
    ./src/sections/ProgramsSection.tsx [Client Component SSR]
    ./src/sections/ProgramsSection.tsx [Server Component]
    ./app/page.tsx [Server Component]


./src/data/pythonPrograms.ts:3646:14
Cannot assign to this
  [90m3644 |[0m # [33mTRY[0m [33mTHIS[0m: [33mFind[0m which category has the most items
  [90m3645 |[0m [32m`,[0m
[31m[1m>[0m [90m3646 |[0m [32m    funFact: "Dictionary of lists is a common data structure for grouping related 
data!"[0m
  [90m     |[0m              [31m[1m^^^^^^^^^^^^^^^^^^^^^^^^^^^^^^^^^^^^^^^^^^^^^^^^^^^^^^^^^^^^^^^^^^^^^^^^^^^[0m
  [90m3647 |[0m [32m  },[0m
  [90m3648 |[0m [32m  {[0m
  [90m3649 |[0m [32m    id: "dc-6",[0m

Parsing ecmascript source code failed

Import traces:
  App Route:
    ./src/data/pythonPrograms.ts
    ./app/api/admin/users/import-teachers-csv/route.ts

  Client Component Browser:
    ./src/data/pythonPrograms.ts [Client Component Browser]
    ./src/sections/ProgramsSection.tsx [Client Component Browser]
    ./src/sections/ProgramsSection.tsx [Server Component]
    ./app/page.tsx [Server Component]

  Client Component SSR:
    ./src/data/pythonPrograms.ts [Client Component SSR]
    ./src/sections/ProgramsSection.tsx [Client Component SSR]
    ./src/sections/ProgramsSection.tsx [Server Component]
    ./app/page.tsx [Server Component]


./src/data/pythonPrograms.ts:3649:9
Cannot assign to this
  [90m3647 |[0m [32m  },[0m
  [90m3648 |[0m [32m  {[0m
[31m[1m>[0m [90m3649 |[0m [32m    id: "dc-6",[0m
  [90m     |[0m         [31m[1m^^^^^^[0m
  [90m3650 |[0m [32m    title: "Merge Dictionaries",[0m
  [90m3651 |[0m [32m    language: "python" as const,[0m
  [90m3652 |[0m [32m    category: "Dictionaries" as const,[0m

Parsing ecmascript source code failed

Import traces:
  App Route:
    ./src/data/pythonPrograms.ts
    ./app/api/admin/users/import-teachers-csv/route.ts

  Client Component Browser:
    ./src/data/pythonPrograms.ts [Client Component Browser]
    ./src/sections/ProgramsSection.tsx [Client Component Browser]
    ./src/sections/ProgramsSection.tsx [Server Component]
    ./app/page.tsx [Server Component]

  Client Component SSR:
    ./src/data/pythonPrograms.ts [Client Component SSR]
    ./src/sections/ProgramsSection.tsx [Client Component SSR]
    ./src/sections/ProgramsSection.tsx [Server Component]
    ./app/page.tsx [Server Component]


./src/data/pythonPrograms.ts:3650:12
Cannot assign to this
  [90m3648 |[0m [32m  {[0m
  [90m3649 |[0m [32m    id: "dc-6",[0m
[31m[1m>[0m [90m3650 |[0m [32m    title: "Merge Dictionaries",[0m
  [90m     |[0m            [31m[1m^^^^^^^^^^^^^^^^^^^^[0m
  [90m3651 |[0m [32m    language: "python" as const,[0m
  [90m3652 |[0m [32m    category: "Dictionaries" as const,[0m
  [90m3653 |[0m [32m    difficulty: "Medium",[0m

Parsing ecmascript source code failed

Import traces:
  App Route:
    ./src/data/pythonPrograms.ts
    ./app/api/admin/users/import-teachers-csv/route.ts

  Client Component Browser:
    ./src/data/pythonPrograms.ts [Client Component Browser]
    ./src/sections/ProgramsSection.tsx [Client Component Browser]
    ./src/sections/ProgramsSection.tsx [Server Component]
    ./app/page.tsx [Server Component]

  Client Component SSR:
    ./src/data/pythonPrograms.ts [Client Component SSR]
    ./src/sections/ProgramsSection.tsx [Client Component SSR]
    ./src/sections/ProgramsSection.tsx [Server Component]
    ./app/page.tsx [Server Component]


./src/data/pythonPrograms.ts:3653:17
Cannot assign to this
  [90m3651 |[0m [32m    language: "python" as const,[0m
  [90m3652 |[0m [32m    category: "Dictionaries" as const,[0m
[31m[1m>[0m [90m3653 |[0m [32m    difficulty: "Medium",[0m
  [90m     |[0m                 [31m[1m^^^^^^^^[0m
  [90m3654 |[0m [32m    classLevel: "Class 10" as const,[0m
  [90m3655 |[0m [32m    description: "Combine two dictionaries using the unpacking operator **.",[0m
  [90m3656 |[0m [32m    code: `[0m# [33mMerge[0m [33mDictionaries[0m [33mProgram[0m

Parsing ecmascript source code failed

Import traces:
  App Route:
    ./src/data/pythonPrograms.ts
    ./app/api/admin/users/import-teachers-csv/route.ts

  Client Component Browser:
    ./src/data/pythonPrograms.ts [Client Component Browser]
    ./src/sections/ProgramsSection.tsx [Client Component Browser]
    ./src/sections/ProgramsSection.tsx [Server Component]
    ./app/page.tsx [Server Component]

  Client Component SSR:
    ./src/data/pythonPrograms.ts [Client Component SSR]
    ./src/sections/ProgramsSection.tsx [Client Component SSR]
    ./src/sections/ProgramsSection.tsx [Server Component]
    ./app/page.tsx [Server Component]


./src/data/pythonPrograms.ts:3655:18
Cannot assign to this
  [90m3653 |[0m [32m    difficulty: "Medium",[0m
  [90m3654 |[0m [32m    classLevel: "Class 10" as const,[0m
[31m[1m>[0m [90m3655 |[0m [32m    description: "Combine two dictionaries using the unpacking operator **.",[0m
  [90m     |[0m                  [31m[1m^^^^^^^^^^^^^^^^^^^^^^^^^^^^^^^^^^^^^^^^^^^^^^^^^^^^^^^^^^^[0m
  [90m3656 |[0m [32m    code: `[0m# [33mMerge[0m [33mDictionaries[0m [33mProgram[0m
  [90m3657 |[0m # =========================
  [90m3658 |[0m # [33mCombine[0m dictionaries using ** unpacking operator

Parsing ecmascript source code failed

Import traces:
  App Route:
    ./src/data/pythonPrograms.ts
    ./app/api/admin/users/import-teachers-csv/route.ts

  Client Component Browser:
    ./src/data/pythonPrograms.ts [Client Component Browser]
    ./src/sections/ProgramsSection.tsx [Client Component Browser]
    ./src/sections/ProgramsSection.tsx [Server Component]
    ./app/page.tsx [Server Component]

  Client Component SSR:
    ./src/data/pythonPrograms.ts [Client Component SSR]
    ./src/sections/ProgramsSection.tsx [Client Component SSR]
    ./src/sections/ProgramsSection.tsx [Server Component]
    ./app/page.tsx [Server Component]


./src/data/pythonPrograms.ts:3656:11
Cannot assign to this
  [90m3654 |[0m [32m    classLevel: "Class 10" as const,[0m
  [90m3655 |[0m [32m    description: "Combine two dictionaries using the unpacking operator **.",[0m
[31m[1m>[0m [90m3656 |[0m [32m    code: `[0m# [33mMerge[0m [33mDictionaries[0m [33mProgram[0m
  [90m     |[0m           [31m[1m^^^^^^^^^^^^^^^^^^^^^^^^^^^^[0m
[31m[1m>[0m [90m3657 |[0m # =========================
  [90m     |[0m [31m[1m^^^^^^^^^^^^^^^^^^^^^^^^^^^[0m
[31m[1m>[0m [90m3658 |[0m # [33mCombine[0m dictionaries using ** unpacking operator
  [90m     |[0m [31m[1m^^^^^^^^^^^^^^^^^^^^^^^^^^^^^^^^^^^^^^^^^^^^^^^^^^[0m
[31m[1m>[0m [90m3659 |[0m
  [90m     |[0m [31m[1m^[0m
[31m[1m>[0m [90m3660 |[0m # [33mTwo[0m dictionaries to merge
  [90m     |[0m [31m[1m^^^^^^^^^^^^^^^^^^^^^^^^^^^[0m
[31m[1m>[0m [90m3661 |[0m dict1 = {[32m"name"[0m: [32m"Alice"[0m, [32m"age"[0m: [35m15[0m, 
[32m"grade"[0m: [32m"A"[0m}
  [90m     |[0m [31m[1m^^^^^^^^^^^^^^^^^^^^^^^^^^^^^^^^^^^^^^^^^^^^^^^^^^[0m
[31m[1m>[0m [90m3662 |[0m dict2 = {[32m"city"[0m: [32m"Delhi"[0m, [32m"hobby"[0m: [32m"reading"[0m, 
[32m"grade"[0m: [32m"A+"[0m}
  [90m     |[0m [31m[1m^^^^^^^^^^^^^^^^^^^^^^^^^^^^^^^^^^^^^^^^^^^^^^^^^^^^^^^^^^^^[0m
[31m[1m>[0m [90m3663 |[0m
  [90m     |[0m [31m[1m^[0m
[31m[1m>[0m [90m3664 |[0m print([32m"Dictionary 1:"[0m, dict1)
  [90m     |[0m [31m[1m^^^^^^^^^^^^^^^^^^^^^^^^^^^^^[0m
[31m[1m>[0m [90m3665 |[0m print([32m"Dictionary 2:"[0m, dict2)
  [90m     |[0m [31m[1m^^^^^^^^^^^^^^^^^^^^^^^^^^^^^[0m
[31m[1m>[0m [90m3666 |[0m print()
  [90m     |[0m [31m[1m^^^^^^^[0m
[31m[1m>[0m [90m3667 |[0m
  [90m     |[0m [31m[1m^[0m
[31m[1m>[0m [90m3668 |[0m # [33mMethod[0m [35m1[0m: [33mUsing[0m ** unpacking ([33mPython[0m 
[35m3.5[0m+)
  [90m     |[0m [31m[1m^^^^^^^^^^^^^^^^^^^^^^^^^^^^^^^^^^^^^^^^^^^^[0m
[31m[1m>[0m [90m3669 |[0m merged = {**dict1, **dict2}
  [90m     |[0m [31m[1m^^^^^^^^^^^^^^^^^^^^^^^^^^^[0m
[31m[1m>[0m [90m3670 |[0m print([32m"Merged (unpacking):"[0m, merged)
  [90m     |[0m [31m[1m^^^^^^^^^^^^^^^^^^^^^^^^^^^^^^^^^^^^[0m
[31m[1m>[0m [90m3671 |[0m
  [90m     |[0m [31m[1m^[0m
[31m[1m>[0m [90m3672 |[0m # [33mMethod[0m [35m2[0m: [33mUsing[0m update() method
  [90m     |[0m [31m[1m^^^^^^^^^^^^^^^^^^^^^^^^^^^^^^^^^[0m
[31m[1m>[0m [90m3673 |[0m merged2 = dict1.copy()
  [90m     |[0m [31m[1m^^^^^^^^^^^^^^^^^^^^^^[0m
[31m[1m>[0m [90m3674 |[0m merged2.update(dict2)
  [90m     |[0m [31m[1m^^^^^^^^^^^^^^^^^^^^^[0m
[31m[1m>[0m [90m3675 |[0m print([32m"Merged (update):"[0m, merged2)
  [90m     |[0m [31m[1m^^^^^^^^^^^^^^^^^^^^^^^^^^^^^^^^^^[0m
[31m[1m>[0m [90m3676 |[0m
  [90m     |[0m [31m[1m^[0m
[31m[1m>[0m [90m3677 |[0m # [33mNote[0m: [33mIf[0m same key exists, second dict[32m's value overwrites[0m
  [90m     |[0m [31m[1m^^^^^^^^^^^^^^^^^^^^^^^^^^^^^^^^^^^^^^^^^^^^^^^^^^^^^^^^^^[0m
[31m[1m>[0m [90m3678 |[0m [32mprint()[0m
  [90m     |[0m [31m[1m^^^^^^^[0m
[31m[1m>[0m [90m3679 |[0m [32mprint("Note: '[0mgrade[32m' appears in both - dict2'[0ms value wins![32m")[0m
  [90m     |[0m [31m[1m^^^^^^^^^^^^^^^^^^^^^^^^^^^^^^^^^^^^^^^^^^^^^^^^^^^^^^^^^^^^[0m
[31m[1m>[0m [90m3680 |[0m [32mprint(f"[0m  grade value: {merged[[32m'grade'[0m]}[32m")[0m
  [90m     |[0m [31m[1m^^^^^^^^^^^^^^^^^^^^^^^^^^^^^^^^^^^^^^^^^^[0m
[31m[1m>[0m [90m3681 |[0m
  [90m     |[0m [31m[1m^[0m
[31m[1m>[0m [90m3682 |[0m [32m# Execution trace:[0m
  [90m     |[0m [31m[1m^^^^^^^^^^^^^^^^^^[0m
[31m[1m>[0m [90m3683 |[0m [32m# dict1 = {"[0mname[32m": "[0m[33mAlice[0m[32m", "[0mage[32m": 15, 
"[0mgrade[32m": "[0m[33mA[0m[32m"}[0m
  [90m     |[0m [31m[1m^^^^^^^^^^^^^^^^^^^^^^^^^^^^^^^^^^^^^^^^^^^^^^^^^^^^[0m
[31m[1m>[0m [90m3684 |[0m [32m# dict2 = {"[0mcity[32m": "[0m[33mDelhi[0m[32m", "[0mhobby[32m": 
"[0mreading[32m", "[0mgrade[32m": "[0m[33mA[0m+[32m"}[0m
  [90m     |[0m [31m[1m^^^^^^^^^^^^^^^^^^^^^^^^^^^^^^^^^^^^^^^^^^^^^^^^^^^^^^^^^^^^^^[0m
[31m[1m>[0m [90m3685 |[0m [32m# merged = {"[0mname[32m": "[0m[33mAlice[0m[32m", "[0mage[32m": 15, 
"[0mgrade[32m": "[0m[33mA[0m+[32m", "[0mcity[32m": "[0m[33mDelhi[0m[32m", "[0mhobby[32m": 
"[0mreading[32m"}[0m
  [90m     |[0m 
[31m[1m^^^^^^^^^^^^^^^^^^^^^^^^^^^^^^^^^^^^^^^^^^^^^^^^^^^^^^^^^^^^^^^^^^^^^^^^^^^^^^^^^^^^^^^^^^^[0m
[31m[1m>[0m [90m3686 |[0m
  [90m     |[0m [31m[1m^[0m
[31m[1m>[0m [90m3687 |[0m [32m# TRY THIS: Merge three dictionaries and remove duplicates[0m
  [90m     |[0m [31m[1m^^^^^^^^^^^^^^^^^^^^^^^^^^^^^^^^^^^^^^^^^^^^^^^^^^^^^^^^^^[0m
[31m[1m>[0m [90m3688 |[0m [32m`,[0m
  [90m     |[0m [31m[1m^[0m
  [90m3689 |[0m [32m    funFact: "[0m[33mDictionary[0m merging [36mwith[0m ** was added [36min[0m 
[33mPython[0m [35m3.5[0m - it[32m's the fastest meth...[0m
  [90m3690 |[0m [32m  },[0m
  [90m3691 |[0m [32m  {[0m

Parsing ecmascript source code failed

Import traces:
  App Route:
    ./src/data/pythonPrograms.ts
    ./app/api/admin/users/import-teachers-csv/route.ts

  Client Component Browser:
    ./src/data/pythonPrograms.ts [Client Component Browser]
    ./src/sections/ProgramsSection.tsx [Client Component Browser]
    ./src/sections/ProgramsSection.tsx [Server Component]
    ./app/page.tsx [Server Component]

  Client Component SSR:
    ./src/data/pythonPrograms.ts [Client Component SSR]
    ./src/sections/ProgramsSection.tsx [Client Component SSR]
    ./src/sections/ProgramsSection.tsx [Server Component]
    ./app/page.tsx [Server Component]


./src/data/pythonPrograms.ts:3689:14
Cannot assign to this
  [90m3687 |[0m ...: [33mMerge[0m three dictionaries and remove duplicates
  [90m3688 |[0m ...
[31m[1m>[0m [90m3689 |[0m ...[32mt: "Dictionary merging with ** was added in Python 3.5 - it's the fastest 
method!"[0m
  [90m     |[0m       [31m[1m^^^^^^^^^^^^^^^^^^^^^^^^^^^^^^^^^^^^^^^^^^^^^^^^^^^^^^^^^^^^^^^^^^^^^^^^^^^^^^^[0m
  [90m3690 |[0m ...
  [90m3691 |[0m ...
  [90m3692 |[0m ...[32mn-8",[0m

Parsing ecmascript source code failed

Import traces:
  App Route:
    ./src/data/pythonPrograms.ts
    ./app/api/admin/users/import-teachers-csv/route.ts

  Client Component Browser:
    ./src/data/pythonPrograms.ts [Client Component Browser]
    ./src/sections/ProgramsSection.tsx [Client Component Browser]
    ./src/sections/ProgramsSection.tsx [Server Component]
    ./app/page.tsx [Server Component]

  Client Component SSR:
    ./src/data/pythonPrograms.ts [Client Component SSR]
    ./src/sections/ProgramsSection.tsx [Client Component SSR]
    ./src/sections/ProgramsSection.tsx [Server Component]
    ./app/page.tsx [Server Component]


./src/data/pythonPrograms.ts:3692:9
Cannot assign to this
  [90m3690 |[0m [32m  },[0m
  [90m3691 |[0m [32m  {[0m
[31m[1m>[0m [90m3692 |[0m [32m    id: "fn-8",[0m
  [90m     |[0m         [31m[1m^^^^^^[0m
  [90m3693 |[0m [32m    title: "Recursive Fibonacci",[0m
  [90m3694 |[0m [32m    language: "python" as const,[0m
  [90m3695 |[0m [32m    category: "Functions" as const,[0m

Parsing ecmascript source code failed

Import traces:
  App Route:
    ./src/data/pythonPrograms.ts
    ./app/api/admin/users/import-teachers-csv/route.ts

  Client Component Browser:
    ./src/data/pythonPrograms.ts [Client Component Browser]
    ./src/sections/ProgramsSection.tsx [Client Component Browser]
    ./src/sections/ProgramsSection.tsx [Server Component]
    ./app/page.tsx [Server Component]

  Client Component SSR:
    ./src/data/pythonPrograms.ts [Client Component SSR]
    ./src/sections/ProgramsSection.tsx [Client Component SSR]
    ./src/sections/ProgramsSection.tsx [Server Component]
    ./app/page.tsx [Server Component]


./src/data/pythonPrograms.ts:3693:12
Cannot assign to this
  [90m3691 |[0m [32m  {[0m
  [90m3692 |[0m [32m    id: "fn-8",[0m
[31m[1m>[0m [90m3693 |[0m [32m    title: "Recursive Fibonacci",[0m
  [90m     |[0m            [31m[1m^^^^^^^^^^^^^^^^^^^^^[0m
  [90m3694 |[0m [32m    language: "python" as const,[0m
  [90m3695 |[0m [32m    category: "Functions" as const,[0m
  [90m3696 |[0m [32m    difficulty: "Medium",[0m

Parsing ecmascript source code failed

Import traces:
  App Route:
    ./src/data/pythonPrograms.ts
    ./app/api/admin/users/import-teachers-csv/route.ts

  Client Component Browser:
    ./src/data/pythonPrograms.ts [Client Component Browser]
    ./src/sections/ProgramsSection.tsx [Client Component Browser]
    ./src/sections/ProgramsSection.tsx [Server Component]
    ./app/page.tsx [Server Component]

  Client Component SSR:
    ./src/data/pythonPrograms.ts [Client Component SSR]
    ./src/sections/ProgramsSection.tsx [Client Component SSR]
    ./src/sections/ProgramsSection.tsx [Server Component]
    ./app/page.tsx [Server Component]


./src/data/pythonPrograms.ts:3696:17
Cannot assign to this
  [90m3694 |[0m [32m    language: "python" as const,[0m
  [90m3695 |[0m [32m    category: "Functions" as const,[0m
[31m[1m>[0m [90m3696 |[0m [32m    difficulty: "Medium",[0m
  [90m     |[0m                 [31m[1m^^^^^^^^[0m
  [90m3697 |[0m [32m    classLevel: "Class 10" as const,[0m
  [90m3698 |[0m [32m    description: "Generate Fibonacci numbers using recursion with memoization for effici...[0m
  [90m3699 |[0m [32m    code: `[0m# [33mRecursive[0m [33mFibonacci[0m [33mProgram[0m

Parsing ecmascript source code failed

Import traces:
  App Route:
    ./src/data/pythonPrograms.ts
    ./app/api/admin/users/import-teachers-csv/route.ts

  Client Component Browser:
    ./src/data/pythonPrograms.ts [Client Component Browser]
    ./src/sections/ProgramsSection.tsx [Client Component Browser]
    ./src/sections/ProgramsSection.tsx [Server Component]
    ./app/page.tsx [Server Component]

  Client Component SSR:
    ./src/data/pythonPrograms.ts [Client Component SSR]
    ./src/sections/ProgramsSection.tsx [Client Component SSR]
    ./src/sections/ProgramsSection.tsx [Server Component]
    ./app/page.tsx [Server Component]


./src/data/pythonPrograms.ts:3698:18
Cannot assign to this
  [90m3696 |[0m ...[32my: "Medium",[0m
  [90m3697 |[0m ...[32ml: "Class 10" as const,[0m
[31m[1m>[0m [90m3698 |[0m ...[32mon: "Generate Fibonacci numbers using recursion with memoization for 
efficiency.",[0m
  [90m     |[0m        [31m[1m^^^^^^^^^^^^^^^^^^^^^^^^^^^^^^^^^^^^^^^^^^^^^^^^^^^^^^^^^^^^^^^^^^^^^^^^^^^^^[0m
  [90m3699 |[0m ...[33mRecursive[0m [33mFibonacci[0m [33mProgram[0m
  [90m3700 |[0m ...================
  [90m3701 |[0m ... is sum [36mof[0m two preceding ones: [35m0[0m, [35m1[0m, [35m1[0m, [35m2[0m, 
[35m3[0m, [35m5[0m, [35m8[0m, [35m13.[0m..

Parsing ecmascript source code failed

Import traces:
  App Route:
    ./src/data/pythonPrograms.ts
    ./app/api/admin/users/import-teachers-csv/route.ts

  Client Component Browser:
    ./src/data/pythonPrograms.ts [Client Component Browser]
    ./src/sections/ProgramsSection.tsx [Client Component Browser]
    ./src/sections/ProgramsSection.tsx [Server Component]
    ./app/page.tsx [Server Component]

  Client Component SSR:
    ./src/data/pythonPrograms.ts [Client Component SSR]
    ./src/sections/ProgramsSection.tsx [Client Component SSR]
    ./src/sections/ProgramsSection.tsx [Server Component]
    ./app/page.tsx [Server Component]


./src/data/pythonPrograms.ts:3699:11
Cannot assign to this
  [90m3697 |[0m [32m    classLevel: "Class 10" as const,[0m
  [90m3698 |[0m [32m    description: "Generate Fibonacci numbers using recursion with memoization for effici...[0m
[31m[1m>[0m [90m3699 |[0m [32m    code: `[0m# [33mRecursive[0m [33mFibonacci[0m [33mProgram[0m
  [90m     |[0m           [31m[1m^^^^^^^^^^^^^^^^^^^^^^^^^^^^^[0m
[31m[1m>[0m [90m3700 |[0m # ===========================
  [90m     |[0m [31m[1m^^^^^^^^^^^^^^^^^^^^^^^^^^^^^[0m
[31m[1m>[0m [90m3701 |[0m # [33mEach[0m number is sum [36mof[0m two preceding ones: [35m0[0m, [35m1[0m, 
[35m1[0m, [35m2[0m, [35m3[0m, [35m5[0m, [35m8[0m, [35m13.[0m..
  [90m     |[0m [31m[1m^^^^^^^^^^^^^^^^^^^^^^^^^^^^^^^^^^^^^^^^^^^^^^^^^^^^^^^^^^^^^^^^^^^^^^[0m
[31m[1m>[0m [90m3702 |[0m
  [90m     |[0m [31m[1m^[0m
[31m[1m>[0m [90m3703 |[0m # [33mWithout[0m memoization (slow [36mfor[0m large n)
  [90m     |[0m [31m[1m^^^^^^^^^^^^^^^^^^^^^^^^^^^^^^^^^^^^^^^^[0m
[31m[1m>[0m [90m3704 |[0m def fib_basic(n):
  [90m     |[0m [31m[1m^^^^^^^^^^^^^^^^^[0m
[31m[1m>[0m [90m3705 |[0m     [36mif[0m n <= [35m1[0m:
  [90m     |[0m [31m[1m^^^^^^^^^^^^^^[0m
[31m[1m>[0m [90m3706 |[0m         [36mreturn[0m n
  [90m     |[0m [31m[1m^^^^^^^^^^^^^^^^[0m
[31m[1m>[0m [90m3707 |[0m     [36mreturn[0m fib_basic(n-[35m1[0m) + fib_basic(n-[35m2[0m)
  [90m     |[0m [31m[1m^^^^^^^^^^^^^^^^^^^^^^^^^^^^^^^^^^^^^^^^^^[0m
[31m[1m>[0m [90m3708 |[0m
  [90m     |[0m [31m[1m^[0m
[31m[1m>[0m [90m3709 |[0m # [33mWith[0m memoization (much faster)
  [90m     |[0m [31m[1m^^^^^^^^^^^^^^^^^^^^^^^^^^^^^^^^[0m
[31m[1m>[0m [90m3710 |[0m memo = {}
  [90m     |[0m [31m[1m^^^^^^^^^[0m
[31m[1m>[0m [90m3711 |[0m def fib_memo(n):
  [90m     |[0m [31m[1m^^^^^^^^^^^^^^^^[0m
[31m[1m>[0m [90m3712 |[0m     [36mif[0m n [36min[0m memo:
  [90m     |[0m [31m[1m^^^^^^^^^^^^^^^^^[0m
[31m[1m>[0m [90m3713 |[0m         [36mreturn[0m memo[n]
  [90m     |[0m [31m[1m^^^^^^^^^^^^^^^^^^^^^^[0m
[31m[1m>[0m [90m3714 |[0m     [36mif[0m n <= [35m1[0m:
  [90m     |[0m [31m[1m^^^^^^^^^^^^^^[0m
[31m[1m>[0m [90m3715 |[0m         [36mreturn[0m n
  [90m     |[0m [31m[1m^^^^^^^^^^^^^^^^[0m
[31m[1m>[0m [90m3716 |[0m     memo[n] = fib_memo(n-[35m1[0m) + fib_memo(n-[35m2[0m)
  [90m     |[0m [31m[1m^^^^^^^^^^^^^^^^^^^^^^^^^^^^^^^^^^^^^^^^^^^[0m
[31m[1m>[0m [90m3717 |[0m     [36mreturn[0m memo[n]
  [90m     |[0m [31m[1m^^^^^^^^^^^^^^^^^^[0m
[31m[1m>[0m [90m3718 |[0m
  [90m     |[0m [31m[1m^[0m
[31m[1m>[0m [90m3719 |[0m # [33mGenerate[0m first [35m10[0m [33mFibonacci[0m numbers
  [90m     |[0m [31m[1m^^^^^^^^^^^^^^^^^^^^^^^^^^^^^^^^^^^^^[0m
[31m[1m>[0m [90m3720 |[0m print([32m"Fibonacci Sequence (first 10):"[0m)
  [90m     |[0m [31m[1m^^^^^^^^^^^^^^^^^^^^^^^^^^^^^^^^^^^^^^^[0m
[31m[1m>[0m [90m3721 |[0m print([32m"="[0m * [35m40[0m)
  [90m     |[0m [31m[1m^^^^^^^^^^^^^^^[0m
[31m[1m>[0m [90m3722 |[0m
  [90m     |[0m [31m[1m^[0m
[31m[1m>[0m [90m3723 |[0m [36mfor[0m i [36min[0m range([35m10[0m):
  [90m     |[0m [31m[1m^^^^^^^^^^^^^^^^^^^[0m
[31m[1m>[0m [90m3724 |[0m     result = fib_memo(i)
  [90m     |[0m [31m[1m^^^^^^^^^^^^^^^^^^^^^^^^[0m
[31m[1m>[0m [90m3725 |[0m     print(f[32m"  fib({i}) = {result}"[0m)
  [90m     |[0m [31m[1m^^^^^^^^^^^^^^^^^^^^^^^^^^^^^^^^^^^[0m
[31m[1m>[0m [90m3726 |[0m
  [90m     |[0m [31m[1m^[0m
[31m[1m>[0m [90m3727 |[0m # [33mExecution[0m trace:
  [90m     |[0m [31m[1m^^^^^^^^^^^^^^^^^^[0m
[31m[1m>[0m [90m3728 |[0m # fib([35m0[0m) = [35m0[0m
  [90m     |[0m [31m[1m^^^^^^^^^^^^[0m
[31m[1m>[0m [90m3729 |[0m # fib([35m1[0m) = [35m1[0m
  [90m     |[0m [31m[1m^^^^^^^^^^^^[0m
[31m[1m>[0m [90m3730 |[0m # fib([35m2[0m) = fib([35m1[0m) + fib([35m0[0m) = [35m1[0m + [35m0[0m = 
[35m1[0m
  [90m     |[0m [31m[1m^^^^^^^^^^^^^^^^^^^^^^^^^^^^^^^^^^^^^^[0m
[31m[1m>[0m [90m3731 |[0m # fib([35m3[0m) = fib([35m2[0m) + fib([35m1[0m) = [35m1[0m + [35m1[0m = 
[35m2[0m
  [90m     |[0m [31m[1m^^^^^^^^^^^^^^^^^^^^^^^^^^^^^^^^^^^^^^[0m
[31m[1m>[0m [90m3732 |[0m # fib([35m4[0m) = fib([35m3[0m) + fib([35m2[0m) = [35m2[0m + [35m1[0m = 
[35m3[0m
  [90m     |[0m [31m[1m^^^^^^^^^^^^^^^^^^^^^^^^^^^^^^^^^^^^^^[0m
[31m[1m>[0m [90m3733 |[0m # [33mSequence[0m: [35m0[0m, [35m1[0m, [35m1[0m, [35m2[0m, [35m3[0m, 
[35m5[0m, [35m8[0m, [35m13[0m, [35m21[0m, [35m34[0m
  [90m     |[0m [31m[1m^^^^^^^^^^^^^^^^^^^^^^^^^^^^^^^^^^^^^^^^^^^[0m
[31m[1m>[0m [90m3734 |[0m
  [90m     |[0m [31m[1m^[0m
[31m[1m>[0m [90m3735 |[0m # [33mTRY[0m [33mTHIS[0m: [33mUse[0m [33mFibonacci[0m to model rabbit 
population growth
  [90m     |[0m [31m[1m^^^^^^^^^^^^^^^^^^^^^^^^^^^^^^^^^^^^^^^^^^^^^^^^^^^^^^^^^^^[0m
[31m[1m>[0m [90m3736 |[0m [32m`,[0m
  [90m     |[0m [31m[1m^[0m
  [90m3737 |[0m [32m    funFact: "Fibonacci appears in nature: sunflower spirals, pinecone patterns, and she...[0m
  [90m3738 |[0m [32m  },[0m
  [90m3739 |[0m [32m  {[0m

Parsing ecmascript source code failed

Import traces:
  App Route:
    ./src/data/pythonPrograms.ts
    ./app/api/admin/users/import-teachers-csv/route.ts

  Client Component Browser:
    ./src/data/pythonPrograms.ts [Client Component Browser]
    ./src/sections/ProgramsSection.tsx [Client Component Browser]
    ./src/sections/ProgramsSection.tsx [Server Component]
    ./app/page.tsx [Server Component]

  Client Component SSR:
    ./src/data/pythonPrograms.ts [Client Component SSR]
    ./src/sections/ProgramsSection.tsx [Client Component SSR]
    ./src/sections/ProgramsSection.tsx [Server Component]
    ./app/page.tsx [Server Component]


./src/data/pythonPrograms.ts:3737:14
Cannot assign to this
  [90m3735 |[0m ...[33me[0m [33mFibonacci[0m to model rabbit population growth
  [90m3736 |[0m ...
[31m[1m>[0m [90m3737 |[0m ...[32mFibonacci appears in nature: sunflower spirals, pinecone patterns, and shell 
curves!"[0m
  [90m     |[0m    
[31m[1m^^^^^^^^^^^^^^^^^^^^^^^^^^^^^^^^^^^^^^^^^^^^^^^^^^^^^^^^^^^^^^^^^^^^^^^^^^^^^^^^^^^^^^[0m
  [90m3738 |[0m ...
  [90m3739 |[0m ...
  [90m3740 |[0m ...[32m,[0m

Parsing ecmascript source code failed

Import traces:
  App Route:
    ./src/data/pythonPrograms.ts
    ./app/api/admin/users/import-teachers-csv/route.ts

  Client Component Browser:
    ./src/data/pythonPrograms.ts [Client Component Browser]
    ./src/sections/ProgramsSection.tsx [Client Component Browser]
    ./src/sections/ProgramsSection.tsx [Server Component]
    ./app/page.tsx [Server Component]

  Client Component SSR:
    ./src/data/pythonPrograms.ts [Client Component SSR]
    ./src/sections/ProgramsSection.tsx [Client Component SSR]
    ./src/sections/ProgramsSection.tsx [Server Component]
    ./app/page.tsx [Server Component]


./src/data/pythonPrograms.ts:3740:9
Cannot assign to this
  [90m3738 |[0m [32m  },[0m
  [90m3739 |[0m [32m  {[0m
[31m[1m>[0m [90m3740 |[0m [32m    id: "fn-9",[0m
  [90m     |[0m         [31m[1m^^^^^^[0m
  [90m3741 |[0m [32m    title: "Recursive Power",[0m
  [90m3742 |[0m [32m    language: "python" as const,[0m
  [90m3743 |[0m [32m    category: "Functions" as const,[0m

Parsing ecmascript source code failed

Import traces:
  App Route:
    ./src/data/pythonPrograms.ts
    ./app/api/admin/users/import-teachers-csv/route.ts

  Client Component Browser:
    ./src/data/pythonPrograms.ts [Client Component Browser]
    ./src/sections/ProgramsSection.tsx [Client Component Browser]
    ./src/sections/ProgramsSection.tsx [Server Component]
    ./app/page.tsx [Server Component]

  Client Component SSR:
    ./src/data/pythonPrograms.ts [Client Component SSR]
    ./src/sections/ProgramsSection.tsx [Client Component SSR]
    ./src/sections/ProgramsSection.tsx [Server Component]
    ./app/page.tsx [Server Component]


./src/data/pythonPrograms.ts:3741:12
Cannot assign to this
  [90m3739 |[0m [32m  {[0m
  [90m3740 |[0m [32m    id: "fn-9",[0m
[31m[1m>[0m [90m3741 |[0m [32m    title: "Recursive Power",[0m
  [90m     |[0m            [31m[1m^^^^^^^^^^^^^^^^^[0m
  [90m3742 |[0m [32m    language: "python" as const,[0m
  [90m3743 |[0m [32m    category: "Functions" as const,[0m
  [90m3744 |[0m [32m    difficulty: "Medium",[0m

Parsing ecmascript source code failed

Import traces:
  App Route:
    ./src/data/pythonPrograms.ts
    ./app/api/admin/users/import-teachers-csv/route.ts

  Client Component Browser:
    ./src/data/pythonPrograms.ts [Client Component Browser]
    ./src/sections/ProgramsSection.tsx [Client Component Browser]
    ./src/sections/ProgramsSection.tsx [Server Component]
    ./app/page.tsx [Server Component]

  Client Component SSR:
    ./src/data/pythonPrograms.ts [Client Component SSR]
    ./src/sections/ProgramsSection.tsx [Client Component SSR]
    ./src/sections/ProgramsSection.tsx [Server Component]
    ./app/page.tsx [Server Component]


./src/data/pythonPrograms.ts:3744:17
Cannot assign to this
  [90m3742 |[0m [32m    language: "python" as const,[0m
  [90m3743 |[0m [32m    category: "Functions" as const,[0m
[31m[1m>[0m [90m3744 |[0m [32m    difficulty: "Medium",[0m
  [90m     |[0m                 [31m[1m^^^^^^^^[0m
  [90m3745 |[0m [32m    classLevel: "Class 10" as const,[0m
  [90m3746 |[0m [32m    description: "Calculate powers using recursion: power(base, exp) = power(base, exp-1...[0m
  [90m3747 |[0m [32m    code: `[0m# [33mRecursive[0m [33mPower[0m [33mProgram[0m

Parsing ecmascript source code failed

Import traces:
  App Route:
    ./src/data/pythonPrograms.ts
    ./app/api/admin/users/import-teachers-csv/route.ts

  Client Component Browser:
    ./src/data/pythonPrograms.ts [Client Component Browser]
    ./src/sections/ProgramsSection.tsx [Client Component Browser]
    ./src/sections/ProgramsSection.tsx [Server Component]
    ./app/page.tsx [Server Component]

  Client Component SSR:
    ./src/data/pythonPrograms.ts [Client Component SSR]
    ./src/sections/ProgramsSection.tsx [Client Component SSR]
    ./src/sections/ProgramsSection.tsx [Server Component]
    ./app/page.tsx [Server Component]


./src/data/pythonPrograms.ts:3746:18
Cannot assign to this
  [90m3744 |[0m ...[32m "Medium",[0m
  [90m3745 |[0m ...[32m "Class 10" as const,[0m
[31m[1m>[0m [90m3746 |[0m ...[32m: "Calculate powers using recursion: power(base, exp) = power(base, exp-1) * 
base.",[0m
  [90m     |[0m      [31m[1m^^^^^^^^^^^^^^^^^^^^^^^^^^^^^^^^^^^^^^^^^^^^^^^^^^^^^^^^^^^^^^^^^^^^^^^^^^^^^^^^^[0m
  [90m3747 |[0m ...[33mcursive[0m [33mPower[0m [33mProgram[0m
  [90m3748 |[0m ...==========
  [90m3749 |[0m ...e^exp using recursion

Parsing ecmascript source code failed

Import traces:
  App Route:
    ./src/data/pythonPrograms.ts
    ./app/api/admin/users/import-teachers-csv/route.ts

  Client Component Browser:
    ./src/data/pythonPrograms.ts [Client Component Browser]
    ./src/sections/ProgramsSection.tsx [Client Component Browser]
    ./src/sections/ProgramsSection.tsx [Server Component]
    ./app/page.tsx [Server Component]

  Client Component SSR:
    ./src/data/pythonPrograms.ts [Client Component SSR]
    ./src/sections/ProgramsSection.tsx [Client Component SSR]
    ./src/sections/ProgramsSection.tsx [Server Component]
    ./app/page.tsx [Server Component]


./src/data/pythonPrograms.ts:3747:11
Cannot assign to this
  [90m3745 |[0m [32m    classLevel: "Class 10" as const,[0m
  [90m3746 |[0m [32m    description: "Calculate powers using recursion: power(base, exp) = power(base, exp-1...[0m
[31m[1m>[0m [90m3747 |[0m [32m    code: `[0m# [33mRecursive[0m [33mPower[0m [33mProgram[0m
  [90m     |[0m           [31m[1m^^^^^^^^^^^^^^^^^^^^^^^^^[0m
[31m[1m>[0m [90m3748 |[0m # =======================
  [90m     |[0m [31m[1m^^^^^^^^^^^^^^^^^^^^^^^^^[0m
[31m[1m>[0m [90m3749 |[0m # [33mCalculate[0m base^exp using recursion
  [90m     |[0m [31m[1m^^^^^^^^^^^^^^^^^^^^^^^^^^^^^^^^^^^^[0m
[31m[1m>[0m [90m3750 |[0m
  [90m     |[0m [31m[1m^[0m
[31m[1m>[0m [90m3751 |[0m def power(base, exp):
  [90m     |[0m [31m[1m^^^^^^^^^^^^^^^^^^^^^[0m
[31m[1m>[0m [90m3752 |[0m     # [33mBase[0m [36mcase[0m: any number to power [35m0[0m is [35m1[0m
  [90m     |[0m [31m[1m^^^^^^^^^^^^^^^^^^^^^^^^^^^^^^^^^^^^^^^^^^^[0m
[31m[1m>[0m [90m3753 |[0m     [36mif[0m exp == [35m0[0m:
  [90m     |[0m [31m[1m^^^^^^^^^^^^^^^^[0m
[31m[1m>[0m [90m3754 |[0m         [36mreturn[0m [35m1[0m
  [90m     |[0m [31m[1m^^^^^^^^^^^^^^^^[0m
[31m[1m>[0m [90m3755 |[0m
  [90m     |[0m [31m[1m^[0m
[31m[1m>[0m [90m3756 |[0m     # [33mRecursive[0m [36mcase[0m: multiply base by power(base, exp-[35m1[0m)
  [90m     |[0m [31m[1m^^^^^^^^^^^^^^^^^^^^^^^^^^^^^^^^^^^^^^^^^^^^^^^^^^^^^^^^^[0m
[31m[1m>[0m [90m3757 |[0m     result = base * power(base, exp - [35m1[0m)
  [90m     |[0m [31m[1m^^^^^^^^^^^^^^^^^^^^^^^^^^^^^^^^^^^^^^^^[0m
[31m[1m>[0m [90m3758 |[0m     print(f[32m"  power({base}, {exp}) = {base} * power({base}, {exp-1}) = 
{result}"[0m)
  [90m     |[0m [31m[1m^^^^^^^^^^^^^^^^^^^^^^^^^^^^^^^^^^^^^^^^^^^^^^^^^^^^^^^^^^^^^^^^^^^^^^^^^^^^^^^^^[0m
[31m[1m>[0m [90m3759 |[0m     [36mreturn[0m result
  [90m     |[0m [31m[1m^^^^^^^^^^^^^^^^^[0m
[31m[1m>[0m [90m3760 |[0m
  [90m     |[0m [31m[1m^[0m
[31m[1m>[0m [90m3761 |[0m # [33mTest[0m the [36mfunction[0m
  [90m     |[0m [31m[1m^^^^^^^^^^^^^^^^^^^[0m
[31m[1m>[0m [90m3762 |[0m print([32m"Power Calculation:"[0m)
  [90m     |[0m [31m[1m^^^^^^^^^^^^^^^^^^^^^^^^^^^[0m
[31m[1m>[0m [90m3763 |[0m print([32m"="[0m * [35m40[0m)
  [90m     |[0m [31m[1m^^^^^^^^^^^^^^^[0m
[31m[1m>[0m [90m3764 |[0m
  [90m     |[0m [31m[1m^[0m
[31m[1m>[0m [90m3765 |[0m test_cases = [([35m2[0m, [35m3[0m), ([35m3[0m, [35m4[0m), ([35m5[0m, 
[35m2[0m)]
  [90m     |[0m [31m[1m^^^^^^^^^^^^^^^^^^^^^^^^^^^^^^^^^^^^^[0m
[31m[1m>[0m [90m3766 |[0m [36mfor[0m base, exp [36min[0m test_cases:
  [90m     |[0m [31m[1m^^^^^^^^^^^^^^^^^^^^^^^^^^^^[0m
[31m[1m>[0m [90m3767 |[0m     print(f[32m"\\n{base}^{exp}:"[0m)
  [90m     |[0m [31m[1m^^^^^^^^^^^^^^^^^^^^^^^^^^^^^^[0m
[31m[1m>[0m [90m3768 |[0m     result = power(base, exp)
  [90m     |[0m [31m[1m^^^^^^^^^^^^^^^^^^^^^^^^^^^^^[0m
[31m[1m>[0m [90m3769 |[0m     print(f[32m"  Final: {base}^{exp} = {result}"[0m)
  [90m     |[0m [31m[1m^^^^^^^^^^^^^^^^^^^^^^^^^^^^^^^^^^^^^^^^^^^^^^[0m
[31m[1m>[0m [90m3770 |[0m
  [90m     |[0m [31m[1m^[0m
[31m[1m>[0m [90m3771 |[0m # [33mExecution[0m trace [36mfor[0m power([35m2[0m, [35m3[0m):
  [90m     |[0m [31m[1m^^^^^^^^^^^^^^^^^^^^^^^^^^^^^^^^^^[0m
[31m[1m>[0m [90m3772 |[0m # power([35m2[0m, [35m3[0m) = [35m2[0m * power([35m2[0m, [35m2[0m) = 
[35m8[0m
  [90m     |[0m [31m[1m^^^^^^^^^^^^^^^^^^^^^^^^^^^^^^^^^^^[0m
[31m[1m>[0m [90m3773 |[0m # power([35m2[0m, [35m2[0m) = [35m2[0m * power([35m2[0m, [35m1[0m) = 
[35m4[0m
  [90m     |[0m [31m[1m^^^^^^^^^^^^^^^^^^^^^^^^^^^^^^^^^^^[0m
[31m[1m>[0m [90m3774 |[0m # power([35m2[0m, [35m1[0m) = [35m2[0m * power([35m2[0m, [35m0[0m) = 
[35m2[0m
  [90m     |[0m [31m[1m^^^^^^^^^^^^^^^^^^^^^^^^^^^^^^^^^^^[0m
[31m[1m>[0m [90m3775 |[0m # power([35m2[0m, [35m0[0m) = [35m1[0m (base [36mcase[0m)
  [90m     |[0m [31m[1m^^^^^^^^^^^^^^^^^^^^^^^^^^^^^[0m
[31m[1m>[0m [90m3776 |[0m
  [90m     |[0m [31m[1m^[0m
[31m[1m>[0m [90m3777 |[0m # [33mTRY[0m [33mTHIS[0m: [33mAdd[0m exponentiation by squaring [36mfor[0m 
[33mO[0m(log n) efficiency
  [90m     |[0m [31m[1m^^^^^^^^^^^^^^^^^^^^^^^^^^^^^^^^^^^^^^^^^^^^^^^^^^^^^^^^^^^^^^^^^^[0m
[31m[1m>[0m [90m3778 |[0m [32m`,[0m
  [90m     |[0m [31m[1m^[0m
  [90m3779 |[0m [32m    funFact: "Python has a built-in ** operator, but recursive power helps understand re...[0m
  [90m3780 |[0m [32m  },[0m
  [90m3781 |[0m [32m  {[0m

Parsing ecmascript source code failed

Import traces:
  App Route:
    ./src/data/pythonPrograms.ts
    ./app/api/admin/users/import-teachers-csv/route.ts

  Client Component Browser:
    ./src/data/pythonPrograms.ts [Client Component Browser]
    ./src/sections/ProgramsSection.tsx [Client Component Browser]
    ./src/sections/ProgramsSection.tsx [Server Component]
    ./app/page.tsx [Server Component]

  Client Component SSR:
    ./src/data/pythonPrograms.ts [Client Component SSR]
    ./src/sections/ProgramsSection.tsx [Client Component SSR]
    ./src/sections/ProgramsSection.tsx [Server Component]
    ./app/page.tsx [Server Component]


./src/data/pythonPrograms.ts:3779:14
Cannot assign to this
  [90m3777 |[0m ...[33mdd[0m exponentiation by squaring [36mfor[0m [33mO[0m(log n) efficiency
  [90m3778 |[0m ...
[31m[1m>[0m [90m3779 |[0m ...[32m"Python has a built-in ** operator, but recursive power helps understand 
recursion!"[0m
  [90m     |[0m    [31m[1m^^^^^^^^^^^^^^^^^^^^^^^^^^^^^^^^^^^^^^^^^^^^^^^^^^^^^^^^^^^^^^^^^^^^^^^^^^^^^^^^^^^^[0m
  [90m3780 |[0m ...
  [90m3781 |[0m ...
  [90m3782 |[0m ...[32m0",[0m

Parsing ecmascript source code failed

Import traces:
  App Route:
    ./src/data/pythonPrograms.ts
    ./app/api/admin/users/import-teachers-csv/route.ts

  Client Component Browser:
    ./src/data/pythonPrograms.ts [Client Component Browser]
    ./src/sections/ProgramsSection.tsx [Client Component Browser]
    ./src/sections/ProgramsSection.tsx [Server Component]
    ./app/page.tsx [Server Component]

  Client Component SSR:
    ./src/data/pythonPrograms.ts [Client Component SSR]
    ./src/sections/ProgramsSection.tsx [Client Component SSR]
    ./src/sections/ProgramsSection.tsx [Server Component]
    ./app/page.tsx [Server Component]


./src/data/pythonPrograms.ts:3782:9
Cannot assign to this
  [90m3780 |[0m [32m  },[0m
  [90m3781 |[0m [32m  {[0m
[31m[1m>[0m [90m3782 |[0m [32m    id: "fn-10",[0m
  [90m     |[0m         [31m[1m^^^^^^^[0m
  [90m3783 |[0m [32m    title: "Higher Order Function",[0m
  [90m3784 |[0m [32m    language: "python" as const,[0m
  [90m3785 |[0m [32m    category: "Functions" as const,[0m

Parsing ecmascript source code failed

Import traces:
  App Route:
    ./src/data/pythonPrograms.ts
    ./app/api/admin/users/import-teachers-csv/route.ts

  Client Component Browser:
    ./src/data/pythonPrograms.ts [Client Component Browser]
    ./src/sections/ProgramsSection.tsx [Client Component Browser]
    ./src/sections/ProgramsSection.tsx [Server Component]
    ./app/page.tsx [Server Component]

  Client Component SSR:
    ./src/data/pythonPrograms.ts [Client Component SSR]
    ./src/sections/ProgramsSection.tsx [Client Component SSR]
    ./src/sections/ProgramsSection.tsx [Server Component]
    ./app/page.tsx [Server Component]


./src/data/pythonPrograms.ts:3783:12
Cannot assign to this
  [90m3781 |[0m [32m  {[0m
  [90m3782 |[0m [32m    id: "fn-10",[0m
[31m[1m>[0m [90m3783 |[0m [32m    title: "Higher Order Function",[0m
  [90m     |[0m            [31m[1m^^^^^^^^^^^^^^^^^^^^^^^[0m
  [90m3784 |[0m [32m    language: "python" as const,[0m
  [90m3785 |[0m [32m    category: "Functions" as const,[0m
  [90m3786 |[0m [32m    difficulty: "Hard",[0m

Parsing ecmascript source code failed

Import traces:
  App Route:
    ./src/data/pythonPrograms.ts
    ./app/api/admin/users/import-teachers-csv/route.ts

  Client Component Browser:
    ./src/data/pythonPrograms.ts [Client Component Browser]
    ./src/sections/ProgramsSection.tsx [Client Component Browser]
    ./src/sections/ProgramsSection.tsx [Server Component]
    ./app/page.tsx [Server Component]

  Client Component SSR:
    ./src/data/pythonPrograms.ts [Client Component SSR]
    ./src/sections/ProgramsSection.tsx [Client Component SSR]
    ./src/sections/ProgramsSection.tsx [Server Component]
    ./app/page.tsx [Server Component]


./src/data/pythonPrograms.ts:3786:17
Cannot assign to this
  [90m3784 |[0m [32m    language: "python" as const,[0m
  [90m3785 |[0m [32m    category: "Functions" as const,[0m
[31m[1m>[0m [90m3786 |[0m [32m    difficulty: "Hard",[0m
  [90m     |[0m                 [31m[1m^^^^^^[0m
  [90m3787 |[0m [32m    classLevel: "Class 10" as const,[0m
  [90m3788 |[0m [32m    description: "Create functions that return other functions, enabling powerful patter...[0m
  [90m3789 |[0m [32m    code: `[0m# [33mHigher[0m [33mOrder[0m [33mFunction[0m [33mProgram[0m

Parsing ecmascript source code failed

Import traces:
  App Route:
    ./src/data/pythonPrograms.ts
    ./app/api/admin/users/import-teachers-csv/route.ts

  Client Component Browser:
    ./src/data/pythonPrograms.ts [Client Component Browser]
    ./src/sections/ProgramsSection.tsx [Client Component Browser]
    ./src/sections/ProgramsSection.tsx [Server Component]
    ./app/page.tsx [Server Component]

  Client Component SSR:
    ./src/data/pythonPrograms.ts [Client Component SSR]
    ./src/sections/ProgramsSection.tsx [Client Component SSR]
    ./src/sections/ProgramsSection.tsx [Server Component]
    ./app/page.tsx [Server Component]


./src/data/pythonPrograms.ts:3788:18
Cannot assign to this
  [90m3786 |[0m ...[32mty: "Hard",[0m
  [90m3787 |[0m ...[32mel: "Class 10" as const,[0m
[31m[1m>[0m [90m3788 |[0m ...[32mion: "Create functions that return other functions, enabling powerful 
patterns.",[0m
  [90m     |[0m         [31m[1m^^^^^^^^^^^^^^^^^^^^^^^^^^^^^^^^^^^^^^^^^^^^^^^^^^^^^^^^^^^^^^^^^^^^^^^^^^^[0m
  [90m3789 |[0m ... [33mHigher[0m [33mOrder[0m [33mFunction[0m [33mProgram[0m
  [90m3790 |[0m ...===================
  [90m3791 |[0m ...that [36mreturn[0m other functions

Parsing ecmascript source code failed

Import traces:
  App Route:
    ./src/data/pythonPrograms.ts
    ./app/api/admin/users/import-teachers-csv/route.ts

  Client Component Browser:
    ./src/data/pythonPrograms.ts [Client Component Browser]
    ./src/sections/ProgramsSection.tsx [Client Component Browser]
    ./src/sections/ProgramsSection.tsx [Server Component]
    ./app/page.tsx [Server Component]

  Client Component SSR:
    ./src/data/pythonPrograms.ts [Client Component SSR]
    ./src/sections/ProgramsSection.tsx [Client Component SSR]
    ./src/sections/ProgramsSection.tsx [Server Component]
    ./app/page.tsx [Server Component]


./src/data/pythonPrograms.ts:3789:11
Cannot assign to this
  [90m3787 |[0m [32m    classLevel: "Class 10" as const,[0m
  [90m3788 |[0m [32m    description: "Create functions that return other functions, enabling powerful patter...[0m
[31m[1m>[0m [90m3789 |[0m [32m    code: `[0m# [33mHigher[0m [33mOrder[0m [33mFunction[0m [33mProgram[0m
  [90m     |[0m           [31m[1m^^^^^^^^^^^^^^^^^^^^^^^^^^^^^^^[0m
[31m[1m>[0m [90m3790 |[0m # =============================
  [90m     |[0m [31m[1m^^^^^^^^^^^^^^^^^^^^^^^^^^^^^^^[0m
[31m[1m>[0m [90m3791 |[0m # [33mFunctions[0m that [36mreturn[0m other functions
  [90m     |[0m [31m[1m^^^^^^^^^^^^^^^^^^^^^^^^^^^^^^^^^^^^^^^[0m
[31m[1m>[0m [90m3792 |[0m
  [90m     |[0m [31m[1m^[0m
[31m[1m>[0m [90m3793 |[0m # [33mFactory[0m [36mfunction[0m that creates multiplier functions
  [90m     |[0m [31m[1m^^^^^^^^^^^^^^^^^^^^^^^^^^^^^^^^^^^^^^^^^^^^^^^^^^^^[0m
[31m[1m>[0m [90m3794 |[0m def create_multiplier(factor):
  [90m     |[0m [31m[1m^^^^^^^^^^^^^^^^^^^^^^^^^^^^^^[0m
[31m[1m>[0m [90m3795 |[0m     # [33mThis[0m inner [36mfunction[0m [32m"remembers"[0m the factor value
  [90m     |[0m [31m[1m^^^^^^^^^^^^^^^^^^^^^^^^^^^^^^^^^^^^^^^^^^^^^^^^^^^^^^[0m
[31m[1m>[0m [90m3796 |[0m     def multiplier(number):
  [90m     |[0m [31m[1m^^^^^^^^^^^^^^^^^^^^^^^^^^^[0m
[31m[1m>[0m [90m3797 |[0m         [36mreturn[0m number * factor
  [90m     |[0m [31m[1m^^^^^^^^^^^^^^^^^^^^^^^^^^^^^^[0m
[31m[1m>[0m [90m3798 |[0m     [36mreturn[0m multiplier
  [90m     |[0m [31m[1m^^^^^^^^^^^^^^^^^^^^^[0m
[31m[1m>[0m [90m3799 |[0m
  [90m     |[0m [31m[1m^[0m
[31m[1m>[0m [90m3800 |[0m # [33mCreate[0m different multiplier functions
  [90m     |[0m [31m[1m^^^^^^^^^^^^^^^^^^^^^^^^^^^^^^^^^^^^^^^[0m
[31m[1m>[0m [90m3801 |[0m double = create_multiplier([35m2[0m)
  [90m     |[0m [31m[1m^^^^^^^^^^^^^^^^^^^^^^^^^^^^^[0m
[31m[1m>[0m [90m3802 |[0m triple = create_multiplier([35m3[0m)
  [90m     |[0m [31m[1m^^^^^^^^^^^^^^^^^^^^^^^^^^^^^[0m
[31m[1m>[0m [90m3803 |[0m quadruple = create_multiplier([35m4[0m)
  [90m     |[0m [31m[1m^^^^^^^^^^^^^^^^^^^^^^^^^^^^^^^^[0m
[31m[1m>[0m [90m3804 |[0m
  [90m     |[0m [31m[1m^[0m
[31m[1m>[0m [90m3805 |[0m print([32m"Function Factory:"[0m)
  [90m     |[0m [31m[1m^^^^^^^^^^^^^^^^^^^^^^^^^^[0m
[31m[1m>[0m [90m3806 |[0m print([32m"="[0m * [35m40[0m)
  [90m     |[0m [31m[1m^^^^^^^^^^^^^^^[0m
[31m[1m>[0m [90m3807 |[0m print(f[32m"double(5) = {double(5)}"[0m)
  [90m     |[0m [31m[1m^^^^^^^^^^^^^^^^^^^^^^^^^^^^^^^^^[0m
[31m[1m>[0m [90m3808 |[0m print(f[32m"triple(5) = {triple(5)}"[0m)
  [90m     |[0m [31m[1m^^^^^^^^^^^^^^^^^^^^^^^^^^^^^^^^^[0m
[31m[1m>[0m [90m3809 |[0m print(f[32m"quadruple(5) = {quadruple(5)}"[0m)
  [90m     |[0m [31m[1m^^^^^^^^^^^^^^^^^^^^^^^^^^^^^^^^^^^^^^^[0m
[31m[1m>[0m [90m3810 |[0m
  [90m     |[0m [31m[1m^[0m
[31m[1m>[0m [90m3811 |[0m print()
  [90m     |[0m [31m[1m^^^^^^^[0m
[31m[1m>[0m [90m3812 |[0m
  [90m     |[0m [31m[1m^[0m
[31m[1m>[0m [90m3813 |[0m # [33mAnother[0m example: [36mfunction[0m that returns a greeting [36mfunction[0m
  [90m     |[0m [31m[1m^^^^^^^^^^^^^^^^^^^^^^^^^^^^^^^^^^^^^^^^^^^^^^^^^^^^^^^^^^^^[0m
[31m[1m>[0m [90m3814 |[0m def create_greeting(language):
  [90m     |[0m [31m[1m^^^^^^^^^^^^^^^^^^^^^^^^^^^^^^[0m
[31m[1m>[0m [90m3815 |[0m     def greet(name):
  [90m     |[0m [31m[1m^^^^^^^^^^^^^^^^^^^^[0m
[31m[1m>[0m [90m3816 |[0m         [36mif[0m language == [32m"en"[0m:
  [90m     |[0m [31m[1m^^^^^^^^^^^^^^^^^^^^^^^^^^^^[0m
[31m[1m>[0m [90m3817 |[0m             [36mreturn[0m f[32m"Hello, {name}!"[0m
  [90m     |[0m [31m[1m^^^^^^^^^^^^^^^^^^^^^^^^^^^^^^^^^^^^[0m
[31m[1m>[0m [90m3818 |[0m         elif language == [32m"es"[0m:
  [90m     |[0m [31m[1m^^^^^^^^^^^^^^^^^^^^^^^^^^^^^^[0m
[31m[1m>[0m [90m3819 |[0m             [36mreturn[0m f[32m"Hola, {name}!"[0m
  [90m     |[0m [31m[1m^^^^^^^^^^^^^^^^^^^^^^^^^^^^^^^^^^^[0m
[31m[1m>[0m [90m3820 |[0m         elif language == [32m"fr"[0m:
  [90m     |[0m [31m[1m^^^^^^^^^^^^^^^^^^^^^^^^^^^^^^[0m
[31m[1m>[0m [90m3821 |[0m             [36mreturn[0m f[32m"Bonjour, {name}!"[0m
  [90m     |[0m [31m[1m^^^^^^^^^^^^^^^^^^^^^^^^^^^^^^^^^^^^^^[0m
[31m[1m>[0m [90m3822 |[0m     [36mreturn[0m greet
  [90m     |[0m [31m[1m^^^^^^^^^^^^^^^^[0m
[31m[1m>[0m [90m3823 |[0m
  [90m     |[0m [31m[1m^[0m
[31m[1m>[0m [90m3824 |[0m hello = create_greeting([32m"en"[0m)
  [90m     |[0m [31m[1m^^^^^^^^^^^^^^^^^^^^^^^^^^^^^[0m
[31m[1m>[0m [90m3825 |[0m hola = create_greeting([32m"es"[0m)
  [90m     |[0m [31m[1m^^^^^^^^^^^^^^^^^^^^^^^^^^^^[0m
[31m[1m>[0m [90m3826 |[0m bonjour = create_greeting([32m"fr"[0m)
  [90m     |[0m [31m[1m^^^^^^^^^^^^^^^^^^^^^^^^^^^^^^^[0m
[31m[1m>[0m [90m3827 |[0m
  [90m     |[0m [31m[1m^[0m
[31m[1m>[0m [90m3828 |[0m print([32m"Greeting Factory:"[0m)
  [90m     |[0m [31m[1m^^^^^^^^^^^^^^^^^^^^^^^^^^[0m
[31m[1m>[0m [90m3829 |[0m print(f[32m"  {hello('Alice')}"[0m)
  [90m     |[0m [31m[1m^^^^^^^^^^^^^^^^^^^^^^^^^^^^[0m
[31m[1m>[0m [90m3830 |[0m print(f[32m"  {hola('Bob')}"[0m)
  [90m     |[0m [31m[1m^^^^^^^^^^^^^^^^^^^^^^^^^[0m
[31m[1m>[0m [90m3831 |[0m print(f[32m"  {bonjour('Charlie')}"[0m)
  [90m     |[0m [31m[1m^^^^^^^^^^^^^^^^^^^^^^^^^^^^^^^^[0m
[31m[1m>[0m [90m3832 |[0m
  [90m     |[0m [31m[1m^[0m
[31m[1m>[0m [90m3833 |[0m # [33mExecution[0m trace:
  [90m     |[0m [31m[1m^^^^^^^^^^^^^^^^^^[0m
[31m[1m>[0m [90m3834 |[0m # create_multiplier([35m2[0m) returns a [36mfunction[0m that multiplies by 
[35m2[0m
  [90m     |[0m [31m[1m^^^^^^^^^^^^^^^^^^^^^^^^^^^^^^^^^^^^^^^^^^^^^^^^^^^^^^^^^^^^^^[0m
[31m[1m>[0m [90m3835 |[0m # double([35m5[0m) = [35m5[0m * [35m2[0m = [35m10[0m
  [90m     |[0m [31m[1m^^^^^^^^^^^^^^^^^^^^^^^^[0m
[31m[1m>[0m [90m3836 |[0m # triple([35m5[0m) = [35m5[0m * [35m3[0m = [35m15[0m
  [90m     |[0m [31m[1m^^^^^^^^^^^^^^^^^^^^^^^^[0m
[31m[1m>[0m [90m3837 |[0m
  [90m     |[0m [31m[1m^[0m
[31m[1m>[0m [90m3838 |[0m # [33mTRY[0m [33mTHIS[0m: [33mCreate[0m a [36mfunction[0m factory that 
generates power functions (square, cube, etc.)
  [90m     |[0m 
[31m[1m^^^^^^^^^^^^^^^^^^^^^^^^^^^^^^^^^^^^^^^^^^^^^^^^^^^^^^^^^^^^^^^^^^^^^^^^^^^^^^^^^^^^^^^^^[0m
[31m[1m>[0m [90m3839 |[0m [32m`,[0m
  [90m     |[0m [31m[1m^[0m
  [90m3840 |[0m [32m    funFact: "Higher-order functions are the foundation of functional programming!"[0m
  [90m3841 |[0m [32m  },[0m
  [90m3842 |[0m [32m  {[0m

Parsing ecmascript source code failed

Import traces:
  App Route:
    ./src/data/pythonPrograms.ts
    ./app/api/admin/users/import-teachers-csv/route.ts

  Client Component Browser:
    ./src/data/pythonPrograms.ts [Client Component Browser]
    ./src/sections/ProgramsSection.tsx [Client Component Browser]
    ./src/sections/ProgramsSection.tsx [Server Component]
    ./app/page.tsx [Server Component]

  Client Component SSR:
    ./src/data/pythonPrograms.ts [Client Component SSR]
    ./src/sections/ProgramsSection.tsx [Client Component SSR]
    ./src/sections/ProgramsSection.tsx [Server Component]
    ./app/page.tsx [Server Component]


./src/data/pythonPrograms.ts:3840:14
Cannot assign to this
  [90m3838 |[0m # [33mTRY[0m [33mTHIS[0m: [33mCreate[0m a [36mfunction[0m factory that generates power 
functions (square, cube, etc.)
  [90m3839 |[0m [32m`,[0m
[31m[1m>[0m [90m3840 |[0m [32m    funFact: "Higher-order functions are the foundation of functional 
programming!"[0m
  [90m     |[0m              [31m[1m^^^^^^^^^^^^^^^^^^^^^^^^^^^^^^^^^^^^^^^^^^^^^^^^^^^^^^^^^^^^^^^^^^^^^^[0m
  [90m3841 |[0m [32m  },[0m
  [90m3842 |[0m [32m  {[0m
  [90m3843 |[0m [32m    id: "fn-11",[0m

Parsing ecmascript source code failed

Import traces:
  App Route:
    ./src/data/pythonPrograms.ts
    ./app/api/admin/users/import-teachers-csv/route.ts

  Client Component Browser:
    ./src/data/pythonPrograms.ts [Client Component Browser]
    ./src/sections/ProgramsSection.tsx [Client Component Browser]
    ./src/sections/ProgramsSection.tsx [Server Component]
    ./app/page.tsx [Server Component]

  Client Component SSR:
    ./src/data/pythonPrograms.ts [Client Component SSR]
    ./src/sections/ProgramsSection.tsx [Client Component SSR]
    ./src/sections/ProgramsSection.tsx [Server Component]
    ./app/page.tsx [Server Component]


./src/data/pythonPrograms.ts:3843:9
Cannot assign to this
  [90m3841 |[0m [32m  },[0m
  [90m3842 |[0m [32m  {[0m
[31m[1m>[0m [90m3843 |[0m [32m    id: "fn-11",[0m
  [90m     |[0m         [31m[1m^^^^^^^[0m
  [90m3844 |[0m [32m    title: "Scope Variables",[0m
  [90m3845 |[0m [32m    language: "python" as const,[0m
  [90m3846 |[0m [32m    category: "Functions" as const,[0m

Parsing ecmascript source code failed

Import traces:
  App Route:
    ./src/data/pythonPrograms.ts
    ./app/api/admin/users/import-teachers-csv/route.ts

  Client Component Browser:
    ./src/data/pythonPrograms.ts [Client Component Browser]
    ./src/sections/ProgramsSection.tsx [Client Component Browser]
    ./src/sections/ProgramsSection.tsx [Server Component]
    ./app/page.tsx [Server Component]

  Client Component SSR:
    ./src/data/pythonPrograms.ts [Client Component SSR]
    ./src/sections/ProgramsSection.tsx [Client Component SSR]
    ./src/sections/ProgramsSection.tsx [Server Component]
    ./app/page.tsx [Server Component]


./src/data/pythonPrograms.ts:3844:12
Cannot assign to this
  [90m3842 |[0m [32m  {[0m
  [90m3843 |[0m [32m    id: "fn-11",[0m
[31m[1m>[0m [90m3844 |[0m [32m    title: "Scope Variables",[0m
  [90m     |[0m            [31m[1m^^^^^^^^^^^^^^^^^[0m
  [90m3845 |[0m [32m    language: "python" as const,[0m
  [90m3846 |[0m [32m    category: "Functions" as const,[0m
  [90m3847 |[0m [32m    difficulty: "Medium",[0m

Parsing ecmascript source code failed

Import traces:
  App Route:
    ./src/data/pythonPrograms.ts
    ./app/api/admin/users/import-teachers-csv/route.ts

  Client Component Browser:
    ./src/data/pythonPrograms.ts [Client Component Browser]
    ./src/sections/ProgramsSection.tsx [Client Component Browser]
    ./src/sections/ProgramsSection.tsx [Server Component]
    ./app/page.tsx [Server Component]

  Client Component SSR:
    ./src/data/pythonPrograms.ts [Client Component SSR]
    ./src/sections/ProgramsSection.tsx [Client Component SSR]
    ./src/sections/ProgramsSection.tsx [Server Component]
    ./app/page.tsx [Server Component]


./src/data/pythonPrograms.ts:3847:17
Cannot assign to this
  [90m3845 |[0m [32m    language: "python" as const,[0m
  [90m3846 |[0m [32m    category: "Functions" as const,[0m
[31m[1m>[0m [90m3847 |[0m [32m    difficulty: "Medium",[0m
  [90m     |[0m                 [31m[1m^^^^^^^^[0m
  [90m3848 |[0m [32m    classLevel: "Class 10" as const,[0m
  [90m3849 |[0m [32m    description: "Understand global, local, and nonlocal variable scopes in Python.",[0m
  [90m3850 |[0m [32m    code: `[0m# [33mScope[0m [33mVariables[0m [33mProgram[0m

Parsing ecmascript source code failed

Import traces:
  App Route:
    ./src/data/pythonPrograms.ts
    ./app/api/admin/users/import-teachers-csv/route.ts

  Client Component Browser:
    ./src/data/pythonPrograms.ts [Client Component Browser]
    ./src/sections/ProgramsSection.tsx [Client Component Browser]
    ./src/sections/ProgramsSection.tsx [Server Component]
    ./app/page.tsx [Server Component]

  Client Component SSR:
    ./src/data/pythonPrograms.ts [Client Component SSR]
    ./src/sections/ProgramsSection.tsx [Client Component SSR]
    ./src/sections/ProgramsSection.tsx [Server Component]
    ./app/page.tsx [Server Component]


./src/data/pythonPrograms.ts:3849:18
Cannot assign to this
  [90m3847 |[0m [32m    difficulty: "Medium",[0m
  [90m3848 |[0m [32m    classLevel: "Class 10" as const,[0m
[31m[1m>[0m [90m3849 |[0m [32m    description: "Understand global, local, and nonlocal variable scopes in 
Python.",[0m
  [90m     |[0m                  [31m[1m^^^^^^^^^^^^^^^^^^^^^^^^^^^^^^^^^^^^^^^^^^^^^^^^^^^^^^^^^^^^^^^^^^^[0m
  [90m3850 |[0m [32m    code: `[0m# [33mScope[0m [33mVariables[0m [33mProgram[0m
  [90m3851 |[0m # =======================
  [90m3852 |[0m # [33mUnderstanding[0m global, local, and nonlocal scopes

Parsing ecmascript source code failed

Import traces:
  App Route:
    ./src/data/pythonPrograms.ts
    ./app/api/admin/users/import-teachers-csv/route.ts

  Client Component Browser:
    ./src/data/pythonPrograms.ts [Client Component Browser]
    ./src/sections/ProgramsSection.tsx [Client Component Browser]
    ./src/sections/ProgramsSection.tsx [Server Component]
    ./app/page.tsx [Server Component]

  Client Component SSR:
    ./src/data/pythonPrograms.ts [Client Component SSR]
    ./src/sections/ProgramsSection.tsx [Client Component SSR]
    ./src/sections/ProgramsSection.tsx [Server Component]
    ./app/page.tsx [Server Component]


./src/data/pythonPrograms.ts:3850:11
Cannot assign to this
  [90m3848 |[0m [32m    classLevel: "Class 10" as const,[0m
  [90m3849 |[0m [32m    description: "Understand global, local, and nonlocal variable scopes in Python.",[0m
[31m[1m>[0m [90m3850 |[0m [32m    code: `[0m# [33mScope[0m [33mVariables[0m [33mProgram[0m
  [90m     |[0m           [31m[1m^^^^^^^^^^^^^^^^^^^^^^^^^[0m
[31m[1m>[0m [90m3851 |[0m # =======================
  [90m     |[0m [31m[1m^^^^^^^^^^^^^^^^^^^^^^^^^[0m
[31m[1m>[0m [90m3852 |[0m # [33mUnderstanding[0m global, local, and nonlocal scopes
  [90m     |[0m [31m[1m^^^^^^^^^^^^^^^^^^^^^^^^^^^^^^^^^^^^^^^^^^^^^^^^^^[0m
[31m[1m>[0m [90m3853 |[0m
  [90m     |[0m [31m[1m^[0m
[31m[1m>[0m [90m3854 |[0m # [33mGlobal[0m variable
  [90m     |[0m [31m[1m^^^^^^^^^^^^^^^^^[0m
[31m[1m>[0m [90m3855 |[0m counter = [35m0[0m
  [90m     |[0m [31m[1m^^^^^^^^^^^[0m
[31m[1m>[0m [90m3856 |[0m
  [90m     |[0m [31m[1m^[0m
[31m[1m>[0m [90m3857 |[0m def increment():
  [90m     |[0m [31m[1m^^^^^^^^^^^^^^^^[0m
[31m[1m>[0m [90m3858 |[0m     # [33mLocal[0m scope - can read global but need [32m'global'[0m to modify
  [90m     |[0m [31m[1m^^^^^^^^^^^^^^^^^^^^^^^^^^^^^^^^^^^^^^^^^^^^^^^^^^^^^^^^^^^^^^^[0m
[31m[1m>[0m [90m3859 |[0m     global counter
  [90m     |[0m [31m[1m^^^^^^^^^^^^^^^^^^[0m
[31m[1m>[0m [90m3860 |[0m     counter += [35m1[0m
  [90m     |[0m [31m[1m^^^^^^^^^^^^^^^^[0m
[31m[1m>[0m [90m3861 |[0m     local_var = [32m"I'm local"[0m
  [90m     |[0m [31m[1m^^^^^^^^^^^^^^^^^^^^^^^^^^^[0m
[31m[1m>[0m [90m3862 |[0m     print(f[32m"  Inside function: counter = {counter}"[0m)
  [90m     |[0m [31m[1m^^^^^^^^^^^^^^^^^^^^^^^^^^^^^^^^^^^^^^^^^^^^^^^^^^^^[0m
[31m[1m>[0m [90m3863 |[0m
  [90m     |[0m [31m[1m^[0m
[31m[1m>[0m [90m3864 |[0m def outer():
  [90m     |[0m [31m[1m^^^^^^^^^^^^[0m
[31m[1m>[0m [90m3865 |[0m     message = [32m"Hello"[0m
  [90m     |[0m [31m[1m^^^^^^^^^^^^^^^^^^^^^[0m
[31m[1m>[0m [90m3866 |[0m
  [90m     |[0m [31m[1m^[0m
[31m[1m>[0m [90m3867 |[0m     def inner():
  [90m     |[0m [31m[1m^^^^^^^^^^^^^^^^[0m
[31m[1m>[0m [90m3868 |[0m         # nonlocal allows modifying enclosing [36mfunction[0m[32m's variable[0m
  [90m     |[0m [31m[1m^^^^^^^^^^^^^^^^^^^^^^^^^^^^^^^^^^^^^^^^^^^^^^^^^^^^^^^^^^^^^^^^^[0m
[31m[1m>[0m [90m3869 |[0m [32m        nonlocal message[0m
  [90m     |[0m [31m[1m^^^^^^^^^^^^^^^^^^^^^^^^[0m
[31m[1m>[0m [90m3870 |[0m [32m        message = "Hi"[0m
  [90m     |[0m [31m[1m^^^^^^^^^^^^^^^^^^^^^^[0m
[31m[1m>[0m [90m3871 |[0m [32m        print(f"  Inner sees: {message}")[0m
  [90m     |[0m [31m[1m^^^^^^^^^^^^^^^^^^^^^^^^^^^^^^^^^^^^^^^^^[0m
[31m[1m>[0m [90m3872 |[0m
  [90m     |[0m [31m[1m^[0m
[31m[1m>[0m [90m3873 |[0m [32m    inner()[0m
  [90m     |[0m [31m[1m^^^^^^^^^^^[0m
[31m[1m>[0m [90m3874 |[0m [32m    print(f"  Outer sees: {message}")[0m
  [90m     |[0m [31m[1m^^^^^^^^^^^^^^^^^^^^^^^^^^^^^^^^^^^^^[0m
[31m[1m>[0m [90m3875 |[0m
  [90m     |[0m [31m[1m^[0m
[31m[1m>[0m [90m3876 |[0m [32mprint("Global Scope:")[0m
  [90m     |[0m [31m[1m^^^^^^^^^^^^^^^^^^^^^^[0m
[31m[1m>[0m [90m3877 |[0m [32mprint("=" * 40)[0m
  [90m     |[0m [31m[1m^^^^^^^^^^^^^^^[0m
[31m[1m>[0m [90m3878 |[0m [32mprint(f"Before: counter = {counter}")[0m
  [90m     |[0m [31m[1m^^^^^^^^^^^^^^^^^^^^^^^^^^^^^^^^^^^^^[0m
[31m[1m>[0m [90m3879 |[0m [32mincrement()[0m
  [90m     |[0m [31m[1m^^^^^^^^^^^[0m
[31m[1m>[0m [90m3880 |[0m [32mincrement()[0m
  [90m     |[0m [31m[1m^^^^^^^^^^^[0m
[31m[1m>[0m [90m3881 |[0m [32mincrement()[0m
  [90m     |[0m [31m[1m^^^^^^^^^^^[0m
[31m[1m>[0m [90m3882 |[0m [32mprint(f"After: counter = {counter}")[0m
  [90m     |[0m [31m[1m^^^^^^^^^^^^^^^^^^^^^^^^^^^^^^^^^^^^[0m
[31m[1m>[0m [90m3883 |[0m
  [90m     |[0m [31m[1m^[0m
[31m[1m>[0m [90m3884 |[0m [32mprint()[0m
  [90m     |[0m [31m[1m^^^^^^^[0m
[31m[1m>[0m [90m3885 |[0m [32mprint("Nonlocal Scope:")[0m
  [90m     |[0m [31m[1m^^^^^^^^^^^^^^^^^^^^^^^^[0m
[31m[1m>[0m [90m3886 |[0m [32mprint("=" * 40)[0m
  [90m     |[0m [31m[1m^^^^^^^^^^^^^^^[0m
[31m[1m>[0m [90m3887 |[0m [32mouter()[0m
  [90m     |[0m [31m[1m^^^^^^^[0m
[31m[1m>[0m [90m3888 |[0m
  [90m     |[0m [31m[1m^[0m
[31m[1m>[0m [90m3889 |[0m [32m# Execution trace:[0m
  [90m     |[0m [31m[1m^^^^^^^^^^^^^^^^^^[0m
[31m[1m>[0m [90m3890 |[0m [32m# Global counter = 0[0m
  [90m     |[0m [31m[1m^^^^^^^^^^^^^^^^^^^^[0m
[31m[1m>[0m [90m3891 |[0m [32m# increment() uses '[0mglobal[32m' to modify counter[0m
  [90m     |[0m [31m[1m^^^^^^^^^^^^^^^^^^^^^^^^^^^^^^^^^^^^^^^^^^^^^[0m
[31m[1m>[0m [90m3892 |[0m [32m# After 3 calls: counter = 3[0m
  [90m     |[0m [31m[1m^^^^^^^^^^^^^^^^^^^^^^^^^^^^[0m
[31m[1m>[0m [90m3893 |[0m [32m# nonlocal in inner() modifies outer'[0ms message
  [90m     |[0m [31m[1m^^^^^^^^^^^^^^^^^^^^^^^^^^^^^^^^^^^^^^^^^^^^^^[0m
[31m[1m>[0m [90m3894 |[0m
  [90m     |[0m [31m[1m^[0m
[31m[1m>[0m [90m3895 |[0m # [33mTRY[0m [33mTHIS[0m: [33mCreate[0m a counter [36mclass[0m using closures 
instead [36mof[0m global
  [90m     |[0m [31m[1m^^^^^^^^^^^^^^^^^^^^^^^^^^^^^^^^^^^^^^^^^^^^^^^^^^^^^^^^^^^^^^^^^^^[0m
[31m[1m>[0m [90m3896 |[0m [32m`,[0m
  [90m     |[0m [31m[1m^[0m
  [90m3897 |[0m [32m    funFact: "Python follows LEGB rule: Local, Enclosing, Global, Built-in scope!"[0m
  [90m3898 |[0m [32m  },[0m
  [90m3899 |[0m [32m  {[0m

Parsing ecmascript source code failed

Import traces:
  App Route:
    ./src/data/pythonPrograms.ts
    ./app/api/admin/users/import-teachers-csv/route.ts

  Client Component Browser:
    ./src/data/pythonPrograms.ts [Client Component Browser]
    ./src/sections/ProgramsSection.tsx [Client Component Browser]
    ./src/sections/ProgramsSection.tsx [Server Component]
    ./app/page.tsx [Server Component]

  Client Component SSR:
    ./src/data/pythonPrograms.ts [Client Component SSR]
    ./src/sections/ProgramsSection.tsx [Client Component SSR]
    ./src/sections/ProgramsSection.tsx [Server Component]
    ./app/page.tsx [Server Component]


./src/data/pythonPrograms.ts:3897:14
Cannot assign to this
  [90m3895 |[0m # [33mTRY[0m [33mTHIS[0m: [33mCreate[0m a counter [36mclass[0m using closures instead 
[36mof[0m global
  [90m3896 |[0m [32m`,[0m
[31m[1m>[0m [90m3897 |[0m [32m    funFact: "Python follows LEGB rule: Local, Enclosing, Global, Built-in 
scope!"[0m
  [90m     |[0m              [31m[1m^^^^^^^^^^^^^^^^^^^^^^^^^^^^^^^^^^^^^^^^^^^^^^^^^^^^^^^^^^^^^^^^^^^^^[0m
  [90m3898 |[0m [32m  },[0m
  [90m3899 |[0m [32m  {[0m
  [90m3900 |[0m [32m    id: "fh-2",[0m

Parsing ecmascript source code failed

Import traces:
  App Route:
    ./src/data/pythonPrograms.ts
    ./app/api/admin/users/import-teachers-csv/route.ts

  Client Component Browser:
    ./src/data/pythonPrograms.ts [Client Component Browser]
    ./src/sections/ProgramsSection.tsx [Client Component Browser]
    ./src/sections/ProgramsSection.tsx [Server Component]
    ./app/page.tsx [Server Component]

  Client Component SSR:
    ./src/data/pythonPrograms.ts [Client Component SSR]
    ./src/sections/ProgramsSection.tsx [Client Component SSR]
    ./src/sections/ProgramsSection.tsx [Server Component]
    ./app/page.tsx [Server Component]


./src/data/pythonPrograms.ts:3900:9
Cannot assign to this
  [90m3898 |[0m [32m  },[0m
  [90m3899 |[0m [32m  {[0m
[31m[1m>[0m [90m3900 |[0m [32m    id: "fh-2",[0m
  [90m     |[0m         [31m[1m^^^^^^[0m
  [90m3901 |[0m [32m    title: "File Read and Write",[0m
  [90m3902 |[0m [32m    language: "python" as const,[0m
  [90m3903 |[0m [32m    category: "File Handling" as const,[0m

Parsing ecmascript source code failed

Import traces:
  App Route:
    ./src/data/pythonPrograms.ts
    ./app/api/admin/users/import-teachers-csv/route.ts

  Client Component Browser:
    ./src/data/pythonPrograms.ts [Client Component Browser]
    ./src/sections/ProgramsSection.tsx [Client Component Browser]
    ./src/sections/ProgramsSection.tsx [Server Component]
    ./app/page.tsx [Server Component]

  Client Component SSR:
    ./src/data/pythonPrograms.ts [Client Component SSR]
    ./src/sections/ProgramsSection.tsx [Client Component SSR]
    ./src/sections/ProgramsSection.tsx [Server Component]
    ./app/page.tsx [Server Component]


./src/data/pythonPrograms.ts:3901:12
Cannot assign to this
  [90m3899 |[0m [32m  {[0m
  [90m3900 |[0m [32m    id: "fh-2",[0m
[31m[1m>[0m [90m3901 |[0m [32m    title: "File Read and Write",[0m
  [90m     |[0m            [31m[1m^^^^^^^^^^^^^^^^^^^^^[0m
  [90m3902 |[0m [32m    language: "python" as const,[0m
  [90m3903 |[0m [32m    category: "File Handling" as const,[0m
  [90m3904 |[0m [32m    difficulty: "Easy",[0m

Parsing ecmascript source code failed

Import traces:
  App Route:
    ./src/data/pythonPrograms.ts
    ./app/api/admin/users/import-teachers-csv/route.ts

  Client Component Browser:
    ./src/data/pythonPrograms.ts [Client Component Browser]
    ./src/sections/ProgramsSection.tsx [Client Component Browser]
    ./src/sections/ProgramsSection.tsx [Server Component]
    ./app/page.tsx [Server Component]

  Client Component SSR:
    ./src/data/pythonPrograms.ts [Client Component SSR]
    ./src/sections/ProgramsSection.tsx [Client Component SSR]
    ./src/sections/ProgramsSection.tsx [Server Component]
    ./app/page.tsx [Server Component]


./src/data/pythonPrograms.ts:3904:17
Cannot assign to this
  [90m3902 |[0m [32m    language: "python" as const,[0m
  [90m3903 |[0m [32m    category: "File Handling" as const,[0m
[31m[1m>[0m [90m3904 |[0m [32m    difficulty: "Easy",[0m
  [90m     |[0m                 [31m[1m^^^^^^[0m
  [90m3905 |[0m [32m    classLevel: "Class 10" as const,[0m
  [90m3906 |[0m [32m    description: "Read from and write to files using the with open() context manager.",[0m
  [90m3907 |[0m [32m    code: `[0m# [33mFile[0m [33mRead[0m and [33mWrite[0m [33mProgram[0m

Parsing ecmascript source code failed

Import traces:
  App Route:
    ./src/data/pythonPrograms.ts
    ./app/api/admin/users/import-teachers-csv/route.ts

  Client Component Browser:
    ./src/data/pythonPrograms.ts [Client Component Browser]
    ./src/sections/ProgramsSection.tsx [Client Component Browser]
    ./src/sections/ProgramsSection.tsx [Server Component]
    ./app/page.tsx [Server Component]

  Client Component SSR:
    ./src/data/pythonPrograms.ts [Client Component SSR]
    ./src/sections/ProgramsSection.tsx [Client Component SSR]
    ./src/sections/ProgramsSection.tsx [Server Component]
    ./app/page.tsx [Server Component]


./src/data/pythonPrograms.ts:3906:18
Cannot assign to this
  [90m3904 |[0m [32m    difficulty: "Easy",[0m
  [90m3905 |[0m [32m    classLevel: "Class 10" as const,[0m
[31m[1m>[0m [90m3906 |[0m [32m    description: "Read from and write to files using the with open() context 
manager.",[0m
  [90m     |[0m                  [31m[1m^^^^^^^^^^^^^^^^^^^^^^^^^^^^^^^^^^^^^^^^^^^^^^^^^^^^^^^^^^^^^^^^^^^^^[0m
  [90m3907 |[0m [32m    code: `[0m# [33mFile[0m [33mRead[0m and [33mWrite[0m [33mProgram[0m
  [90m3908 |[0m # ==========================
  [90m3909 |[0m # [33mSafe[0m file handling using [32m'with'[0m statement

Parsing ecmascript source code failed

Import traces:
  App Route:
    ./src/data/pythonPrograms.ts
    ./app/api/admin/users/import-teachers-csv/route.ts

  Client Component Browser:
    ./src/data/pythonPrograms.ts [Client Component Browser]
    ./src/sections/ProgramsSection.tsx [Client Component Browser]
    ./src/sections/ProgramsSection.tsx [Server Component]
    ./app/page.tsx [Server Component]

  Client Component SSR:
    ./src/data/pythonPrograms.ts [Client Component SSR]
    ./src/sections/ProgramsSection.tsx [Client Component SSR]
    ./src/sections/ProgramsSection.tsx [Server Component]
    ./app/page.tsx [Server Component]


./src/data/pythonPrograms.ts:3907:11
Cannot assign to this
  [90m3905 |[0m [32m    classLevel: "Class 10" as const,[0m
  [90m3906 |[0m [32m    description: "Read from and write to files using the with open() context manager.",[0m
[31m[1m>[0m [90m3907 |[0m [32m    code: `[0m# [33mFile[0m [33mRead[0m and [33mWrite[0m [33mProgram[0m
  [90m     |[0m           [31m[1m^^^^^^^^^^^^^^^^^^^^^^^^^^^^^[0m
[31m[1m>[0m [90m3908 |[0m # ==========================
  [90m     |[0m [31m[1m^^^^^^^^^^^^^^^^^^^^^^^^^^^^[0m
[31m[1m>[0m [90m3909 |[0m # [33mSafe[0m file handling using [32m'with'[0m statement
  [90m     |[0m [31m[1m^^^^^^^^^^^^^^^^^^^^^^^^^^^^^^^^^^^^^^^^^^^[0m
[31m[1m>[0m [90m3910 |[0m
  [90m     |[0m [31m[1m^[0m
[31m[1m>[0m [90m3911 |[0m # [33mWriting[0m to a file
  [90m     |[0m [31m[1m^^^^^^^^^^^^^^^^^^^[0m
[31m[1m>[0m [90m3912 |[0m filename = [32m"poem.txt"[0m
  [90m     |[0m [31m[1m^^^^^^^^^^^^^^^^^^^^^[0m
[31m[1m>[0m [90m3913 |[0m content = [32m""[0m[32m"Roses are red,[0m
  [90m     |[0m [31m[1m^^^^^^^^^^^^^^^^^^^^^^^^^^^[0m
[31m[1m>[0m [90m3914 |[0m [32mViolets are blue,[0m
  [90m     |[0m [31m[1m^^^^^^^^^^^^^^^^^[0m
[31m[1m>[0m [90m3915 |[0m [32mPython is fun,[0m
  [90m     |[0m [31m[1m^^^^^^^^^^^^^^[0m
[31m[1m>[0m [90m3916 |[0m [32mAnd so are you!"[0m[32m""[0m
  [90m     |[0m [31m[1m^^^^^^^^^^^^^^^^^^[0m
[31m[1m>[0m [90m3917 |[0m
  [90m     |[0m [31m[1m^[0m
[31m[1m>[0m [90m3918 |[0m # [32m'w'[0m mode creates/overwrites file
  [90m     |[0m [31m[1m^^^^^^^^^^^^^^^^^^^^^^^^^^^^^^^^^^[0m
[31m[1m>[0m [90m3919 |[0m [36mwith[0m open(filename, [32m'w'[0m) [36mas[0m file:
  [90m     |[0m [31m[1m^^^^^^^^^^^^^^^^^^^^^^^^^^^^^^^^^[0m
[31m[1m>[0m [90m3920 |[0m     file.write(content)
  [90m     |[0m [31m[1m^^^^^^^^^^^^^^^^^^^^^^^[0m
[31m[1m>[0m [90m3921 |[0m print(f[32m"Written to {filename}"[0m)
  [90m     |[0m [31m[1m^^^^^^^^^^^^^^^^^^^^^^^^^^^^^^^[0m
[31m[1m>[0m [90m3922 |[0m
  [90m     |[0m [31m[1m^[0m
[31m[1m>[0m [90m3923 |[0m # [33mReading[0m [36mfrom[0m file
  [90m     |[0m [31m[1m^^^^^^^^^^^^^^^^^^^[0m
[31m[1m>[0m [90m3924 |[0m print(f[32m"\\nReading from {filename}:"[0m)
  [90m     |[0m [31m[1m^^^^^^^^^^^^^^^^^^^^^^^^^^^^^^^^^^^^^[0m
[31m[1m>[0m [90m3925 |[0m print([32m"-"[0m * [35m30[0m)
  [90m     |[0m [31m[1m^^^^^^^^^^^^^^^[0m
[31m[1m>[0m [90m3926 |[0m
  [90m     |[0m [31m[1m^[0m
[31m[1m>[0m [90m3927 |[0m [36mwith[0m open(filename, [32m'r'[0m) [36mas[0m file:
  [90m     |[0m [31m[1m^^^^^^^^^^^^^^^^^^^^^^^^^^^^^^^^^[0m
[31m[1m>[0m [90m3928 |[0m     # [33mRead[0m entire file
  [90m     |[0m [31m[1m^^^^^^^^^^^^^^^^^^^^^^[0m
[31m[1m>[0m [90m3929 |[0m     full_content = file.read()
  [90m     |[0m [31m[1m^^^^^^^^^^^^^^^^^^^^^^^^^^^^^^[0m
[31m[1m>[0m [90m3930 |[0m     print(full_content)
  [90m     |[0m [31m[1m^^^^^^^^^^^^^^^^^^^^^^^[0m
[31m[1m>[0m [90m3931 |[0m
  [90m     |[0m [31m[1m^[0m
[31m[1m>[0m [90m3932 |[0m # [33mReading[0m line by line
  [90m     |[0m [31m[1m^^^^^^^^^^^^^^^^^^^^^^[0m
[31m[1m>[0m [90m3933 |[0m print([32m"\\nLine by line:"[0m)
  [90m     |[0m [31m[1m^^^^^^^^^^^^^^^^^^^^^^^^^[0m
[31m[1m>[0m [90m3934 |[0m [36mwith[0m open(filename, [32m'r'[0m) [36mas[0m file:
  [90m     |[0m [31m[1m^^^^^^^^^^^^^^^^^^^^^^^^^^^^^^^^^[0m
[31m[1m>[0m [90m3935 |[0m     [36mfor[0m line_num, line [36min[0m enumerate(file, [35m1[0m):
  [90m     |[0m [31m[1m^^^^^^^^^^^^^^^^^^^^^^^^^^^^^^^^^^^^^^^^^^^^^[0m
[31m[1m>[0m [90m3936 |[0m         print(f[32m"  Line {line_num}: {line.strip()}"[0m)
  [90m     |[0m [31m[1m^^^^^^^^^^^^^^^^^^^^^^^^^^^^^^^^^^^^^^^^^^^^^^^^^^^[0m
[31m[1m>[0m [90m3937 |[0m
  [90m     |[0m [31m[1m^[0m
[31m[1m>[0m [90m3938 |[0m # [33mExecution[0m trace:
  [90m     |[0m [31m[1m^^^^^^^^^^^^^^^^^^[0m
[31m[1m>[0m [90m3939 |[0m # write() creates poem.txt [36mwith[0m the content
  [90m     |[0m [31m[1m^^^^^^^^^^^^^^^^^^^^^^^^^^^^^^^^^^^^^^^^^^^[0m
[31m[1m>[0m [90m3940 |[0m # read() returns entire file [36mas[0m string
  [90m     |[0m [31m[1m^^^^^^^^^^^^^^^^^^^^^^^^^^^^^^^^^^^^^^[0m
[31m[1m>[0m [90m3941 |[0m # [36mfor[0m loop iterates through each line
  [90m     |[0m [31m[1m^^^^^^^^^^^^^^^^^^^^^^^^^^^^^^^^^^^^^[0m
[31m[1m>[0m [90m3942 |[0m
  [90m     |[0m [31m[1m^[0m
[31m[1m>[0m [90m3943 |[0m # [33mTRY[0m [33mTHIS[0m: [33mAdd[0m line numbers to each line when displaying
  [90m     |[0m [31m[1m^^^^^^^^^^^^^^^^^^^^^^^^^^^^^^^^^^^^^^^^^^^^^^^^^^^^^^^^^[0m
[31m[1m>[0m [90m3944 |[0m [32m`,[0m
  [90m     |[0m [31m[1m^[0m
  [90m3945 |[0m [32m    funFact: "The 'with' statement automatically closes files, even if an error occurs!"[0m
  [90m3946 |[0m [32m  },[0m
  [90m3947 |[0m [32m  {[0m

Parsing ecmascript source code failed

Import traces:
  App Route:
    ./src/data/pythonPrograms.ts
    ./app/api/admin/users/import-teachers-csv/route.ts

  Client Component Browser:
    ./src/data/pythonPrograms.ts [Client Component Browser]
    ./src/sections/ProgramsSection.tsx [Client Component Browser]
    ./src/sections/ProgramsSection.tsx [Server Component]
    ./app/page.tsx [Server Component]

  Client Component SSR:
    ./src/data/pythonPrograms.ts [Client Component SSR]
    ./src/sections/ProgramsSection.tsx [Client Component SSR]
    ./src/sections/ProgramsSection.tsx [Server Component]
    ./app/page.tsx [Server Component]


./src/data/pythonPrograms.ts:3945:14
Cannot assign to this
  [90m3943 |[0m # [33mTRY[0m [33mTHIS[0m: [33mAdd[0m line numbers to each line when displaying
  [90m3944 |[0m [32m`,[0m
[31m[1m>[0m [90m3945 |[0m [32m    funFact: "The 'with' statement automatically closes files, even if an error 
occurs!"[0m
  [90m     |[0m              [31m[1m^^^^^^^^^^^^^^^^^^^^^^^^^^^^^^^^^^^^^^^^^^^^^^^^^^^^^^^^^^^^^^^^^^^^^^^^^^^[0m
  [90m3946 |[0m [32m  },[0m
  [90m3947 |[0m [32m  {[0m
  [90m3948 |[0m [32m    id: "fh-3",[0m

Parsing ecmascript source code failed

Import traces:
  App Route:
    ./src/data/pythonPrograms.ts
    ./app/api/admin/users/import-teachers-csv/route.ts

  Client Component Browser:
    ./src/data/pythonPrograms.ts [Client Component Browser]
    ./src/sections/ProgramsSection.tsx [Client Component Browser]
    ./src/sections/ProgramsSection.tsx [Server Component]
    ./app/page.tsx [Server Component]

  Client Component SSR:
    ./src/data/pythonPrograms.ts [Client Component SSR]
    ./src/sections/ProgramsSection.tsx [Client Component SSR]
    ./src/sections/ProgramsSection.tsx [Server Component]
    ./app/page.tsx [Server Component]


./src/data/pythonPrograms.ts:3948:9
Cannot assign to this
  [90m3946 |[0m [32m  },[0m
  [90m3947 |[0m [32m  {[0m
[31m[1m>[0m [90m3948 |[0m [32m    id: "fh-3",[0m
  [90m     |[0m         [31m[1m^^^^^^[0m
  [90m3949 |[0m [32m    title: "Count Words in File",[0m
  [90m3950 |[0m [32m    language: "python" as const,[0m
  [90m3951 |[0m [32m    category: "File Handling" as const,[0m

Parsing ecmascript source code failed

Import traces:
  App Route:
    ./src/data/pythonPrograms.ts
    ./app/api/admin/users/import-teachers-csv/route.ts

  Client Component Browser:
    ./src/data/pythonPrograms.ts [Client Component Browser]
    ./src/sections/ProgramsSection.tsx [Client Component Browser]
    ./src/sections/ProgramsSection.tsx [Server Component]
    ./app/page.tsx [Server Component]

  Client Component SSR:
    ./src/data/pythonPrograms.ts [Client Component SSR]
    ./src/sections/ProgramsSection.tsx [Client Component SSR]
    ./src/sections/ProgramsSection.tsx [Server Component]
    ./app/page.tsx [Server Component]


./src/data/pythonPrograms.ts:3949:12
Cannot assign to this
  [90m3947 |[0m [32m  {[0m
  [90m3948 |[0m [32m    id: "fh-3",[0m
[31m[1m>[0m [90m3949 |[0m [32m    title: "Count Words in File",[0m
  [90m     |[0m            [31m[1m^^^^^^^^^^^^^^^^^^^^^[0m
  [90m3950 |[0m [32m    language: "python" as const,[0m
  [90m3951 |[0m [32m    category: "File Handling" as const,[0m
  [90m3952 |[0m [32m    difficulty: "Medium",[0m

Parsing ecmascript source code failed

Import traces:
  App Route:
    ./src/data/pythonPrograms.ts
    ./app/api/admin/users/import-teachers-csv/route.ts

  Client Component Browser:
    ./src/data/pythonPrograms.ts [Client Component Browser]
    ./src/sections/ProgramsSection.tsx [Client Component Browser]
    ./src/sections/ProgramsSection.tsx [Server Component]
    ./app/page.tsx [Server Component]

  Client Component SSR:
    ./src/data/pythonPrograms.ts [Client Component SSR]
    ./src/sections/ProgramsSection.tsx [Client Component SSR]
    ./src/sections/ProgramsSection.tsx [Server Component]
    ./app/page.tsx [Server Component]


./src/data/pythonPrograms.ts:3952:17
Cannot assign to this
  [90m3950 |[0m [32m    language: "python" as const,[0m
  [90m3951 |[0m [32m    category: "File Handling" as const,[0m
[31m[1m>[0m [90m3952 |[0m [32m    difficulty: "Medium",[0m
  [90m     |[0m                 [31m[1m^^^^^^^^[0m
  [90m3953 |[0m [32m    classLevel: "Class 10" as const,[0m
  [90m3954 |[0m [32m    description: "Read a file and count total words, lines, and characters.",[0m
  [90m3955 |[0m [32m    code: `[0m# [33mCount[0m [33mWords[0m [36min[0m [33mFile[0m [33mProgram[0m

Parsing ecmascript source code failed

Import traces:
  App Route:
    ./src/data/pythonPrograms.ts
    ./app/api/admin/users/import-teachers-csv/route.ts

  Client Component Browser:
    ./src/data/pythonPrograms.ts [Client Component Browser]
    ./src/sections/ProgramsSection.tsx [Client Component Browser]
    ./src/sections/ProgramsSection.tsx [Server Component]
    ./app/page.tsx [Server Component]

  Client Component SSR:
    ./src/data/pythonPrograms.ts [Client Component SSR]
    ./src/sections/ProgramsSection.tsx [Client Component SSR]
    ./src/sections/ProgramsSection.tsx [Server Component]
    ./app/page.tsx [Server Component]


./src/data/pythonPrograms.ts:3954:18
Cannot assign to this
  [90m3952 |[0m [32m    difficulty: "Medium",[0m
  [90m3953 |[0m [32m    classLevel: "Class 10" as const,[0m
[31m[1m>[0m [90m3954 |[0m [32m    description: "Read a file and count total words, lines, and characters.",[0m
  [90m     |[0m                  [31m[1m^^^^^^^^^^^^^^^^^^^^^^^^^^^^^^^^^^^^^^^^^^^^^^^^^^^^^^^^^^^[0m
  [90m3955 |[0m [32m    code: `[0m# [33mCount[0m [33mWords[0m [36min[0m [33mFile[0m [33mProgram[0m
  [90m3956 |[0m # ===========================
  [90m3957 |[0m # [33mAnalyze[0m text file content

Parsing ecmascript source code failed

Import traces:
  App Route:
    ./src/data/pythonPrograms.ts
    ./app/api/admin/users/import-teachers-csv/route.ts

  Client Component Browser:
    ./src/data/pythonPrograms.ts [Client Component Browser]
    ./src/sections/ProgramsSection.tsx [Client Component Browser]
    ./src/sections/ProgramsSection.tsx [Server Component]
    ./app/page.tsx [Server Component]

  Client Component SSR:
    ./src/data/pythonPrograms.ts [Client Component SSR]
    ./src/sections/ProgramsSection.tsx [Client Component SSR]
    ./src/sections/ProgramsSection.tsx [Server Component]
    ./app/page.tsx [Server Component]


./src/data/pythonPrograms.ts:3955:11
Cannot assign to this
  [90m3953 |[0m [32m    classLevel: "Class 10" as const,[0m
  [90m3954 |[0m [32m    description: "Read a file and count total words, lines, and characters.",[0m
[31m[1m>[0m [90m3955 |[0m [32m    code: `[0m# [33mCount[0m [33mWords[0m [36min[0m [33mFile[0m 
[33mProgram[0m
  [90m     |[0m           [31m[1m^^^^^^^^^^^^^^^^^^^^^^^^^^^^^[0m
[31m[1m>[0m [90m3956 |[0m # ===========================
  [90m     |[0m [31m[1m^^^^^^^^^^^^^^^^^^^^^^^^^^^^^[0m
[31m[1m>[0m [90m3957 |[0m # [33mAnalyze[0m text file content
  [90m     |[0m [31m[1m^^^^^^^^^^^^^^^^^^^^^^^^^^^[0m
[31m[1m>[0m [90m3958 |[0m
  [90m     |[0m [31m[1m^[0m
[31m[1m>[0m [90m3959 |[0m def analyze_file(filename):
  [90m     |[0m [31m[1m^^^^^^^^^^^^^^^^^^^^^^^^^^^[0m
[31m[1m>[0m [90m3960 |[0m     [36mwith[0m open(filename, [32m'r'[0m) [36mas[0m file:
  [90m     |[0m [31m[1m^^^^^^^^^^^^^^^^^^^^^^^^^^^^^^^^^^^^^[0m
[31m[1m>[0m [90m3961 |[0m         content = file.read()
  [90m     |[0m [31m[1m^^^^^^^^^^^^^^^^^^^^^^^^^^^^^[0m
[31m[1m>[0m [90m3962 |[0m
  [90m     |[0m [31m[1m^[0m
[31m[1m>[0m [90m3963 |[0m     # [33mSplit[0m content into words (splits on whitespace)
  [90m     |[0m [31m[1m^^^^^^^^^^^^^^^^^^^^^^^^^^^^^^^^^^^^^^^^^^^^^^^^^^^^^[0m
[31m[1m>[0m [90m3964 |[0m     words = content.split()
  [90m     |[0m [31m[1m^^^^^^^^^^^^^^^^^^^^^^^^^^^[0m
[31m[1m>[0m [90m3965 |[0m
  [90m     |[0m [31m[1m^[0m
[31m[1m>[0m [90m3966 |[0m     # [33mCount[0m using splitlines [36mfor[0m lines
  [90m     |[0m [31m[1m^^^^^^^^^^^^^^^^^^^^^^^^^^^^^^^^^^^^^^[0m
[31m[1m>[0m [90m3967 |[0m     lines = content.splitlines()
  [90m     |[0m [31m[1m^^^^^^^^^^^^^^^^^^^^^^^^^^^^^^^^[0m
[31m[1m>[0m [90m3968 |[0m
  [90m     |[0m [31m[1m^[0m
[31m[1m>[0m [90m3969 |[0m     # [33mAnalyze[0m
  [90m     |[0m [31m[1m^^^^^^^^^^^^^[0m
[31m[1m>[0m [90m3970 |[0m     word_count = len(words)
  [90m     |[0m [31m[1m^^^^^^^^^^^^^^^^^^^^^^^^^^^[0m
[31m[1m>[0m [90m3971 |[0m     line_count = len(lines)
  [90m     |[0m [31m[1m^^^^^^^^^^^^^^^^^^^^^^^^^^^[0m
[31m[1m>[0m [90m3972 |[0m     char_count = len(content)
  [90m     |[0m [31m[1m^^^^^^^^^^^^^^^^^^^^^^^^^^^^^[0m
[31m[1m>[0m [90m3973 |[0m
  [90m     |[0m [31m[1m^[0m
[31m[1m>[0m [90m3974 |[0m     # [33mFind[0m longest word
  [90m     |[0m [31m[1m^^^^^^^^^^^^^^^^^^^^^^^[0m
[31m[1m>[0m [90m3975 |[0m     longest = max(words, key=len) [36mif[0m words [36melse[0m [32m""[0m
  [90m     |[0m [31m[1m^^^^^^^^^^^^^^^^^^^^^^^^^^^^^^^^^^^^^^^^^^^^^^^^^^[0m
[31m[1m>[0m [90m3976 |[0m
  [90m     |[0m [31m[1m^[0m
[31m[1m>[0m [90m3977 |[0m     [36mreturn[0m {
  [90m     |[0m [31m[1m^^^^^^^^^^^^[0m
[31m[1m>[0m [90m3978 |[0m         [32m"words"[0m: word_count,
  [90m     |[0m [31m[1m^^^^^^^^^^^^^^^^^^^^^^^^^^^^[0m
[31m[1m>[0m [90m3979 |[0m         [32m"lines"[0m: line_count,
  [90m     |[0m [31m[1m^^^^^^^^^^^^^^^^^^^^^^^^^^^^[0m
[31m[1m>[0m [90m3980 |[0m         [32m"characters"[0m: char_count,
  [90m     |[0m [31m[1m^^^^^^^^^^^^^^^^^^^^^^^^^^^^^^^^^[0m
[31m[1m>[0m [90m3981 |[0m         [32m"longest"[0m: longest
  [90m     |[0m [31m[1m^^^^^^^^^^^^^^^^^^^^^^^^^^[0m
[31m[1m>[0m [90m3982 |[0m     }
  [90m     |[0m [31m[1m^^^^^[0m
[31m[1m>[0m [90m3983 |[0m
  [90m     |[0m [31m[1m^[0m
[31m[1m>[0m [90m3984 |[0m # [33mCreate[0m a sample file first
  [90m     |[0m [31m[1m^^^^^^^^^^^^^^^^^^^^^^^^^^^^[0m
[31m[1m>[0m [90m3985 |[0m sample_text = [32m""[0m[32m"Python is a versatile programming language.[0m
  [90m     |[0m [31m[1m^^^^^^^^^^^^^^^^^^^^^^^^^^^^^^^^^^^^^^^^^^^^^^^^^^^^^^^^^^^^[0m
[31m[1m>[0m [90m3986 |[0m [32mIt is used for web development, data science, and automation.[0m
  [90m     |[0m [31m[1m^^^^^^^^^^^^^^^^^^^^^^^^^^^^^^^^^^^^^^^^^^^^^^^^^^^^^^^^^^^^^[0m
[31m[1m>[0m [90m3987 |[0m [32mPython's simple syntax makes it great for beginners."[0m[32m""[0m
  [90m     |[0m [31m[1m^^^^^^^^^^^^^^^^^^^^^^^^^^^^^^^^^^^^^^^^^^^^^^^^^^^^^^^[0m
[31m[1m>[0m [90m3988 |[0m
  [90m     |[0m [31m[1m^[0m
[31m[1m>[0m [90m3989 |[0m [36mwith[0m open([32m"sample.txt"[0m, [32m"w"[0m) [36mas[0m f:
  [90m     |[0m [31m[1m^^^^^^^^^^^^^^^^^^^^^^^^^^^^^^^^^^[0m
[31m[1m>[0m [90m3990 |[0m     f.write(sample_text)
  [90m     |[0m [31m[1m^^^^^^^^^^^^^^^^^^^^^^^^[0m
[31m[1m>[0m [90m3991 |[0m
  [90m     |[0m [31m[1m^[0m
[31m[1m>[0m [90m3992 |[0m # [33mAnalyze[0m the file
  [90m     |[0m [31m[1m^^^^^^^^^^^^^^^^^^[0m
[31m[1m>[0m [90m3993 |[0m stats = analyze_file([32m"sample.txt"[0m)
  [90m     |[0m [31m[1m^^^^^^^^^^^^^^^^^^^^^^^^^^^^^^^^^^[0m
[31m[1m>[0m [90m3994 |[0m
  [90m     |[0m [31m[1m^[0m
[31m[1m>[0m [90m3995 |[0m print([32m"File Analysis:"[0m)
  [90m     |[0m [31m[1m^^^^^^^^^^^^^^^^^^^^^^^[0m
[31m[1m>[0m [90m3996 |[0m print([32m"="[0m * [35m40[0m)
  [90m     |[0m [31m[1m^^^^^^^^^^^^^^^[0m
[31m[1m>[0m [90m3997 |[0m print(f[32m"  Lines: {stats['lines']}"[0m)
  [90m     |[0m [31m[1m^^^^^^^^^^^^^^^^^^^^^^^^^^^^^^^^^^^[0m
[31m[1m>[0m [90m3998 |[0m print(f[32m"  Words: {stats['words']}"[0m)
  [90m     |[0m [31m[1m^^^^^^^^^^^^^^^^^^^^^^^^^^^^^^^^^^^[0m
[31m[1m>[0m [90m3999 |[0m print(f[32m"  Characters: {stats['characters']}"[0m)
  [90m     |[0m [31m[1m^^^^^^^^^^^^^^^^^^^^^^^^^^^^^^^^^^^^^^^^^^^^^[0m
[31m[1m>[0m [90m4000 |[0m print(f[32m"  Longest word: {stats['longest']}"[0m)
  [90m     |[0m [31m[1m^^^^^^^^^^^^^^^^^^^^^^^^^^^^^^^^^^^^^^^^^^^^[0m
[31m[1m>[0m [90m4001 |[0m
  [90m     |[0m [31m[1m^[0m
[31m[1m>[0m [90m4002 |[0m # [33mExecution[0m trace:
  [90m     |[0m [31m[1m^^^^^^^^^^^^^^^^^^[0m
[31m[1m>[0m [90m4003 |[0m # read() gets entire content
  [90m     |[0m [31m[1m^^^^^^^^^^^^^^^^^^^^^^^^^^^^[0m
[31m[1m>[0m [90m4004 |[0m # split() without args splits on any whitespace
  [90m     |[0m [31m[1m^^^^^^^^^^^^^^^^^^^^^^^^^^^^^^^^^^^^^^^^^^^^^^^[0m
[31m[1m>[0m [90m4005 |[0m # len() counts the resulting list elements
  [90m     |[0m [31m[1m^^^^^^^^^^^^^^^^^^^^^^^^^^^^^^^^^^^^^^^^^^[0m
[31m[1m>[0m [90m4006 |[0m
  [90m     |[0m [31m[1m^[0m
[31m[1m>[0m [90m4007 |[0m # [33mTRY[0m [33mTHIS[0m: [33mCount[0m frequency [36mof[0m each word 
[36min[0m the file
  [90m     |[0m [31m[1m^^^^^^^^^^^^^^^^^^^^^^^^^^^^^^^^^^^^^^^^^^^^^^^^^^^^[0m
[31m[1m>[0m [90m4008 |[0m [32m`,[0m
  [90m     |[0m [31m[1m^[0m
  [90m4009 |[0m [32m    funFact: "Python's split() method handles multiple spaces and tabs automatically!"[0m
  [90m4010 |[0m [32m  },[0m
  [90m4011 |[0m [32m  {[0m

Parsing ecmascript source code failed

Import traces:
  App Route:
    ./src/data/pythonPrograms.ts
    ./app/api/admin/users/import-teachers-csv/route.ts

  Client Component Browser:
    ./src/data/pythonPrograms.ts [Client Component Browser]
    ./src/sections/ProgramsSection.tsx [Client Component Browser]
    ./src/sections/ProgramsSection.tsx [Server Component]
    ./app/page.tsx [Server Component]

  Client Component SSR:
    ./src/data/pythonPrograms.ts [Client Component SSR]
    ./src/sections/ProgramsSection.tsx [Client Component SSR]
    ./src/sections/ProgramsSection.tsx [Server Component]
    ./app/page.tsx [Server Component]


./src/data/pythonPrograms.ts:4009:14
Cannot assign to this
  [90m4007 |[0m # [33mTRY[0m [33mTHIS[0m: [33mCount[0m frequency [36mof[0m each word [36min[0m the file
  [90m4008 |[0m [32m`,[0m
[31m[1m>[0m [90m4009 |[0m [32m    funFact: "Python's split() method handles multiple spaces and tabs 
automatically!"[0m
  [90m     |[0m              [31m[1m^^^^^^^^^^^^^^^^^^^^^^^^^^^^^^^^^^^^^^^^^^^^^^^^^^^^^^^^^^^^^^^^^^^^^^^^^[0m
  [90m4010 |[0m [32m  },[0m
  [90m4011 |[0m [32m  {[0m
  [90m4012 |[0m [32m    id: "fh-4",[0m

Parsing ecmascript source code failed

Import traces:
  App Route:
    ./src/data/pythonPrograms.ts
    ./app/api/admin/users/import-teachers-csv/route.ts

  Client Component Browser:
    ./src/data/pythonPrograms.ts [Client Component Browser]
    ./src/sections/ProgramsSection.tsx [Client Component Browser]
    ./src/sections/ProgramsSection.tsx [Server Component]
    ./app/page.tsx [Server Component]

  Client Component SSR:
    ./src/data/pythonPrograms.ts [Client Component SSR]
    ./src/sections/ProgramsSection.tsx [Client Component SSR]
    ./src/sections/ProgramsSection.tsx [Server Component]
    ./app/page.tsx [Server Component]


./src/data/pythonPrograms.ts:4012:9
Cannot assign to this
  [90m4010 |[0m [32m  },[0m
  [90m4011 |[0m [32m  {[0m
[31m[1m>[0m [90m4012 |[0m [32m    id: "fh-4",[0m
  [90m     |[0m         [31m[1m^^^^^^[0m
  [90m4013 |[0m [32m    title: "CSV Data Program",[0m
  [90m4014 |[0m [32m    language: "python" as const,[0m
  [90m4015 |[0m [32m    category: "File Handling" as const,[0m

Parsing ecmascript source code failed

Import traces:
  App Route:
    ./src/data/pythonPrograms.ts
    ./app/api/admin/users/import-teachers-csv/route.ts

  Client Component Browser:
    ./src/data/pythonPrograms.ts [Client Component Browser]
    ./src/sections/ProgramsSection.tsx [Client Component Browser]
    ./src/sections/ProgramsSection.tsx [Server Component]
    ./app/page.tsx [Server Component]

  Client Component SSR:
    ./src/data/pythonPrograms.ts [Client Component SSR]
    ./src/sections/ProgramsSection.tsx [Client Component SSR]
    ./src/sections/ProgramsSection.tsx [Server Component]
    ./app/page.tsx [Server Component]


./src/data/pythonPrograms.ts:4013:12
Cannot assign to this
  [90m4011 |[0m [32m  {[0m
  [90m4012 |[0m [32m    id: "fh-4",[0m
[31m[1m>[0m [90m4013 |[0m [32m    title: "CSV Data Program",[0m
  [90m     |[0m            [31m[1m^^^^^^^^^^^^^^^^^^[0m
  [90m4014 |[0m [32m    language: "python" as const,[0m
  [90m4015 |[0m [32m    category: "File Handling" as const,[0m
  [90m4016 |[0m [32m    difficulty: "Medium",[0m

Parsing ecmascript source code failed

Import traces:
  App Route:
    ./src/data/pythonPrograms.ts
    ./app/api/admin/users/import-teachers-csv/route.ts

  Client Component Browser:
    ./src/data/pythonPrograms.ts [Client Component Browser]
    ./src/sections/ProgramsSection.tsx [Client Component Browser]
    ./src/sections/ProgramsSection.tsx [Server Component]
    ./app/page.tsx [Server Component]

  Client Component SSR:
    ./src/data/pythonPrograms.ts [Client Component SSR]
    ./src/sections/ProgramsSection.tsx [Client Component SSR]
    ./src/sections/ProgramsSection.tsx [Server Component]
    ./app/page.tsx [Server Component]


./src/data/pythonPrograms.ts:4016:17
Cannot assign to this
  [90m4014 |[0m [32m    language: "python" as const,[0m
  [90m4015 |[0m [32m    category: "File Handling" as const,[0m
[31m[1m>[0m [90m4016 |[0m [32m    difficulty: "Medium",[0m
  [90m     |[0m                 [31m[1m^^^^^^^^[0m
  [90m4017 |[0m [32m    classLevel: "Class 10" as const,[0m
  [90m4018 |[0m [32m    description: "Read and process CSV data using Python's built-in csv module.",[0m
  [90m4019 |[0m [32m    code: `[0m# [33mCSV[0m [33mData[0m [33mProgram[0m

Parsing ecmascript source code failed

Import traces:
  App Route:
    ./src/data/pythonPrograms.ts
    ./app/api/admin/users/import-teachers-csv/route.ts

  Client Component Browser:
    ./src/data/pythonPrograms.ts [Client Component Browser]
    ./src/sections/ProgramsSection.tsx [Client Component Browser]
    ./src/sections/ProgramsSection.tsx [Server Component]
    ./app/page.tsx [Server Component]

  Client Component SSR:
    ./src/data/pythonPrograms.ts [Client Component SSR]
    ./src/sections/ProgramsSection.tsx [Client Component SSR]
    ./src/sections/ProgramsSection.tsx [Server Component]
    ./app/page.tsx [Server Component]


./src/data/pythonPrograms.ts:4018:18
Cannot assign to this
  [90m4016 |[0m [32m    difficulty: "Medium",[0m
  [90m4017 |[0m [32m    classLevel: "Class 10" as const,[0m
[31m[1m>[0m [90m4018 |[0m [32m    description: "Read and process CSV data using Python's built-in csv 
module.",[0m
  [90m     |[0m                  [31m[1m^^^^^^^^^^^^^^^^^^^^^^^^^^^^^^^^^^^^^^^^^^^^^^^^^^^^^^^^^^^^^^^[0m
  [90m4019 |[0m [32m    code: `[0m# [33mCSV[0m [33mData[0m [33mProgram[0m
  [90m4020 |[0m # ================
  [90m4021 |[0m # [33mWork[0m [36mwith[0m [33mCSV[0m files using the csv module

Parsing ecmascript source code failed

Import traces:
  App Route:
    ./src/data/pythonPrograms.ts
    ./app/api/admin/users/import-teachers-csv/route.ts

  Client Component Browser:
    ./src/data/pythonPrograms.ts [Client Component Browser]
    ./src/sections/ProgramsSection.tsx [Client Component Browser]
    ./src/sections/ProgramsSection.tsx [Server Component]
    ./app/page.tsx [Server Component]

  Client Component SSR:
    ./src/data/pythonPrograms.ts [Client Component SSR]
    ./src/sections/ProgramsSection.tsx [Client Component SSR]
    ./src/sections/ProgramsSection.tsx [Server Component]
    ./app/page.tsx [Server Component]


./src/data/pythonPrograms.ts:4019:11
Cannot assign to this
  [90m4017 |[0m [32m    classLevel: "Class 10" as const,[0m
  [90m4018 |[0m [32m    description: "Read and process CSV data using Python's built-in csv module.",[0m
[31m[1m>[0m [90m4019 |[0m [32m    code: `[0m# [33mCSV[0m [33mData[0m [33mProgram[0m
  [90m     |[0m           [31m[1m^^^^^^^^^^^^^^^^^^[0m
[31m[1m>[0m [90m4020 |[0m # ================
  [90m     |[0m [31m[1m^^^^^^^^^^^^^^^^^^[0m
[31m[1m>[0m [90m4021 |[0m # [33mWork[0m [36mwith[0m [33mCSV[0m files using the csv module
  [90m     |[0m [31m[1m^^^^^^^^^^^^^^^^^^^^^^^^^^^^^^^^^^^^^^^^^^[0m
[31m[1m>[0m [90m4022 |[0m
  [90m     |[0m [31m[1m^[0m
[31m[1m>[0m [90m4023 |[0m [36mimport[0m csv
  [90m     |[0m [31m[1m^^^^^^^^^^[0m
[31m[1m>[0m [90m4024 |[0m
  [90m     |[0m [31m[1m^[0m
[31m[1m>[0m [90m4025 |[0m # [33mCreate[0m sample [33mCSV[0m data
  [90m     |[0m [31m[1m^^^^^^^^^^^^^^^^^^^^^^^^[0m
[31m[1m>[0m [90m4026 |[0m students_data = [
  [90m     |[0m [31m[1m^^^^^^^^^^^^^^^^^[0m
[31m[1m>[0m [90m4027 |[0m     [[32m"Name"[0m, [32m"Age"[0m, [32m"Grade"[0m, [32m"City"[0m],
  [90m     |[0m [31m[1m^^^^^^^^^^^^^^^^^^^^^^^^^^^^^^^^^^^^^[0m
[31m[1m>[0m [90m4028 |[0m     [[32m"Alice"[0m, [35m15[0m, [32m"A"[0m, [32m"Delhi"[0m],
  [90m     |[0m [31m[1m^^^^^^^^^^^^^^^^^^^^^^^^^^^^^^^^[0m
[31m[1m>[0m [90m4029 |[0m     [[32m"Bob"[0m, [35m16[0m, [32m"B+"[0m, [32m"Mumbai"[0m],
  [90m     |[0m [31m[1m^^^^^^^^^^^^^^^^^^^^^^^^^^^^^^^^[0m
[31m[1m>[0m [90m4030 |[0m     [[32m"Charlie"[0m, [35m15[0m, [32m"A-"[0m, [32m"Bangalore"[0m],
  [90m     |[0m [31m[1m^^^^^^^^^^^^^^^^^^^^^^^^^^^^^^^^^^^^^^^[0m
[31m[1m>[0m [90m4031 |[0m     [[32m"Diana"[0m, [35m16[0m, [32m"B"[0m, [32m"Chennai"[0m]
  [90m     |[0m [31m[1m^^^^^^^^^^^^^^^^^^^^^^^^^^^^^^^^^[0m
[31m[1m>[0m [90m4032 |[0m ]
  [90m     |[0m [31m[1m^[0m
[31m[1m>[0m [90m4033 |[0m
  [90m     |[0m [31m[1m^[0m
[31m[1m>[0m [90m4034 |[0m # [33mWriting[0m [33mCSV[0m file
  [90m     |[0m [31m[1m^^^^^^^^^^^^^^^^^^[0m
[31m[1m>[0m [90m4035 |[0m print([32m"Writing CSV file..."[0m)
  [90m     |[0m [31m[1m^^^^^^^^^^^^^^^^^^^^^^^^^^^^[0m
[31m[1m>[0m [90m4036 |[0m [36mwith[0m open([32m"students.csv"[0m, [32m'w'[0m, newline=[32m''[0m) 
[36mas[0m file:
  [90m     |[0m [31m[1m^^^^^^^^^^^^^^^^^^^^^^^^^^^^^^^^^^^^^^^^^^^^^^^^^^^[0m
[31m[1m>[0m [90m4037 |[0m     writer = csv.writer(file)
  [90m     |[0m [31m[1m^^^^^^^^^^^^^^^^^^^^^^^^^^^^^[0m
[31m[1m>[0m [90m4038 |[0m     writer.writerows(students_data)
  [90m     |[0m [31m[1m^^^^^^^^^^^^^^^^^^^^^^^^^^^^^^^^^^^[0m
[31m[1m>[0m [90m4039 |[0m
  [90m     |[0m [31m[1m^[0m
[31m[1m>[0m [90m4040 |[0m # [33mReading[0m [33mCSV[0m file
  [90m     |[0m [31m[1m^^^^^^^^^^^^^^^^^^[0m
[31m[1m>[0m [90m4041 |[0m print([32m"\\nReading CSV file:"[0m)
  [90m     |[0m [31m[1m^^^^^^^^^^^^^^^^^^^^^^^^^^^^^[0m
[31m[1m>[0m [90m4042 |[0m print([32m"="[0m * [35m50[0m)
  [90m     |[0m [31m[1m^^^^^^^^^^^^^^^[0m
[31m[1m>[0m [90m4043 |[0m
  [90m     |[0m [31m[1m^[0m
[31m[1m>[0m [90m4044 |[0m [36mwith[0m open([32m"students.csv"[0m, [32m'r'[0m) [36mas[0m file:
  [90m     |[0m [31m[1m^^^^^^^^^^^^^^^^^^^^^^^^^^^^^^^^^^^^^^^[0m
[31m[1m>[0m [90m4045 |[0m     reader = csv.reader(file)
  [90m     |[0m [31m[1m^^^^^^^^^^^^^^^^^^^^^^^^^^^^^[0m
[31m[1m>[0m [90m4046 |[0m
  [90m     |[0m [31m[1m^[0m
[31m[1m>[0m [90m4047 |[0m     # [33mRead[0m header row
  [90m     |[0m [31m[1m^^^^^^^^^^^^^^^^^^^^^[0m
[31m[1m>[0m [90m4048 |[0m     header = next(reader)
  [90m     |[0m [31m[1m^^^^^^^^^^^^^^^^^^^^^^^^^[0m
[31m[1m>[0m [90m4049 |[0m     print(f[32m"  {'  '.join(header)}"[0m)
  [90m     |[0m [31m[1m^^^^^^^^^^^^^^^^^^^^^^^^^^^^^^^^^^^[0m
[31m[1m>[0m [90m4050 |[0m     print([32m"-"[0m * [35m50[0m)
  [90m     |[0m [31m[1m^^^^^^^^^^^^^^^^^^^[0m
[31m[1m>[0m [90m4051 |[0m
  [90m     |[0m [31m[1m^[0m
[31m[1m>[0m [90m4052 |[0m     # [33mRead[0m data rows
  [90m     |[0m [31m[1m^^^^^^^^^^^^^^^^^^^^[0m
[31m[1m>[0m [90m4053 |[0m     [36mfor[0m row [36min[0m reader:
  [90m     |[0m [31m[1m^^^^^^^^^^^^^^^^^^^^^^[0m
[31m[1m>[0m [90m4054 |[0m         print(f[32m"  {row[0]:<10} {row[1]:<6} {row[2]:<8} {row[3]}"[0m)
  [90m     |[0m [31m[1m^^^^^^^^^^^^^^^^^^^^^^^^^^^^^^^^^^^^^^^^^^^^^^^^^^^^^^^^^^^^^^^^^[0m
[31m[1m>[0m [90m4055 |[0m
  [90m     |[0m [31m[1m^[0m
[31m[1m>[0m [90m4056 |[0m # [33mProcessing[0m: find students older than [35m15[0m
  [90m     |[0m [31m[1m^^^^^^^^^^^^^^^^^^^^^^^^^^^^^^^^^^^^^^^^^[0m
[31m[1m>[0m [90m4057 |[0m print([32m"\\nStudents older than 15:"[0m)
  [90m     |[0m [31m[1m^^^^^^^^^^^^^^^^^^^^^^^^^^^^^^^^^^^[0m
[31m[1m>[0m [90m4058 |[0m [36mwith[0m open([32m"students.csv"[0m, [32m'r'[0m) [36mas[0m file:
  [90m     |[0m [31m[1m^^^^^^^^^^^^^^^^^^^^^^^^^^^^^^^^^^^^^^^[0m
[31m[1m>[0m [90m4059 |[0m     reader = csv.[33mDictReader[0m(file)  # [33mDictReader[0m uses header 
[36mas[0m keys
  [90m     |[0m [31m[1m^^^^^^^^^^^^^^^^^^^^^^^^^^^^^^^^^^^^^^^^^^^^^^^^^^^^^^^^^^^^^^^^^^^[0m
[31m[1m>[0m [90m4060 |[0m     [36mfor[0m row [36min[0m reader:
  [90m     |[0m [31m[1m^^^^^^^^^^^^^^^^^^^^^^[0m
[31m[1m>[0m [90m4061 |[0m         [36mif[0m int(row[[32m'Age'[0m]) > [35m15[0m:
  [90m     |[0m [31m[1m^^^^^^^^^^^^^^^^^^^^^^^^^^^^^^^^[0m
[31m[1m>[0m [90m4062 |[0m             print(f[32m"  {row['Name']} ({row['Age']} years old)"[0m)
  [90m     |[0m [31m[1m^^^^^^^^^^^^^^^^^^^^^^^^^^^^^^^^^^^^^^^^^^^^^^^^^^^^^^^^^^^^^^[0m
[31m[1m>[0m [90m4063 |[0m
  [90m     |[0m [31m[1m^[0m
[31m[1m>[0m [90m4064 |[0m # [33mExecution[0m trace:
  [90m     |[0m [31m[1m^^^^^^^^^^^^^^^^^^[0m
[31m[1m>[0m [90m4065 |[0m # csv.writer creates proper [33mCSV[0m format
  [90m     |[0m [31m[1m^^^^^^^^^^^^^^^^^^^^^^^^^^^^^^^^^^^^^^[0m
[31m[1m>[0m [90m4066 |[0m # csv.reader parses [33mCSV[0m back into lists
  [90m     |[0m [31m[1m^^^^^^^^^^^^^^^^^^^^^^^^^^^^^^^^^^^^^^^[0m
[31m[1m>[0m [90m4067 |[0m # csv.[33mDictReader[0m maps rows to dictionaries using headers
  [90m     |[0m [31m[1m^^^^^^^^^^^^^^^^^^^^^^^^^^^^^^^^^^^^^^^^^^^^^^^^^^^^^^^^[0m
[31m[1m>[0m [90m4068 |[0m
  [90m     |[0m [31m[1m^[0m
[31m[1m>[0m [90m4069 |[0m # [33mTRY[0m [33mTHIS[0m: [33mCalculate[0m average age [36mof[0m students 
[36mfrom[0m [33mCSV[0m
  [90m     |[0m [31m[1m^^^^^^^^^^^^^^^^^^^^^^^^^^^^^^^^^^^^^^^^^^^^^^^^^^^^^^[0m
[31m[1m>[0m [90m4070 |[0m [32m`,[0m
  [90m     |[0m [31m[1m^[0m
  [90m4071 |[0m [32m    funFact: "CSV stands for Comma-Separated Values - one of the oldest data formats sti...[0m
  [90m4072 |[0m [32m  },[0m
  [90m4073 |[0m [32m  {[0m

Parsing ecmascript source code failed

Import traces:
  App Route:
    ./src/data/pythonPrograms.ts
    ./app/api/admin/users/import-teachers-csv/route.ts

  Client Component Browser:
    ./src/data/pythonPrograms.ts [Client Component Browser]
    ./src/sections/ProgramsSection.tsx [Client Component Browser]
    ./src/sections/ProgramsSection.tsx [Server Component]
    ./app/page.tsx [Server Component]

  Client Component SSR:
    ./src/data/pythonPrograms.ts [Client Component SSR]
    ./src/sections/ProgramsSection.tsx [Client Component SSR]
    ./src/sections/ProgramsSection.tsx [Server Component]
    ./app/page.tsx [Server Component]


./src/data/pythonPrograms.ts:4071:14
Cannot assign to this
  [90m4069 |[0m ...[33mlculate[0m average age [36mof[0m students [36mfrom[0m [33mCSV[0m
  [90m4070 |[0m ...
[31m[1m>[0m [90m4071 |[0m ...[32mCSV stands for Comma-Separated Values - one of the oldest data formats still in 
use!"[0m
  [90m     |[0m    
[31m[1m^^^^^^^^^^^^^^^^^^^^^^^^^^^^^^^^^^^^^^^^^^^^^^^^^^^^^^^^^^^^^^^^^^^^^^^^^^^^^^^^^^^^^^[0m
  [90m4072 |[0m ...
  [90m4073 |[0m ...
  [90m4074 |[0m ...[32m,[0m

Parsing ecmascript source code failed

Import traces:
  App Route:
    ./src/data/pythonPrograms.ts
    ./app/api/admin/users/import-teachers-csv/route.ts

  Client Component Browser:
    ./src/data/pythonPrograms.ts [Client Component Browser]
    ./src/sections/ProgramsSection.tsx [Client Component Browser]
    ./src/sections/ProgramsSection.tsx [Server Component]
    ./app/page.tsx [Server Component]

  Client Component SSR:
    ./src/data/pythonPrograms.ts [Client Component SSR]
    ./src/sections/ProgramsSection.tsx [Client Component SSR]
    ./src/sections/ProgramsSection.tsx [Server Component]
    ./app/page.tsx [Server Component]


./src/data/pythonPrograms.ts:4074:9
Cannot assign to this
  [90m4072 |[0m [32m  },[0m
  [90m4073 |[0m [32m  {[0m
[31m[1m>[0m [90m4074 |[0m [32m    id: "eh-1",[0m
  [90m     |[0m         [31m[1m^^^^^^[0m
  [90m4075 |[0m [32m    title: "Try Except Basics",[0m
  [90m4076 |[0m [32m    language: "python" as const,[0m
  [90m4077 |[0m [32m    category: "Error Handling" as const,[0m

Parsing ecmascript source code failed

Import traces:
  App Route:
    ./src/data/pythonPrograms.ts
    ./app/api/admin/users/import-teachers-csv/route.ts

  Client Component Browser:
    ./src/data/pythonPrograms.ts [Client Component Browser]
    ./src/sections/ProgramsSection.tsx [Client Component Browser]
    ./src/sections/ProgramsSection.tsx [Server Component]
    ./app/page.tsx [Server Component]

  Client Component SSR:
    ./src/data/pythonPrograms.ts [Client Component SSR]
    ./src/sections/ProgramsSection.tsx [Client Component SSR]
    ./src/sections/ProgramsSection.tsx [Server Component]
    ./app/page.tsx [Server Component]


./src/data/pythonPrograms.ts:4075:12
Cannot assign to this
  [90m4073 |[0m [32m  {[0m
  [90m4074 |[0m [32m    id: "eh-1",[0m
[31m[1m>[0m [90m4075 |[0m [32m    title: "Try Except Basics",[0m
  [90m     |[0m            [31m[1m^^^^^^^^^^^^^^^^^^^[0m
  [90m4076 |[0m [32m    language: "python" as const,[0m
  [90m4077 |[0m [32m    category: "Error Handling" as const,[0m
  [90m4078 |[0m [32m    difficulty: "Easy",[0m

Parsing ecmascript source code failed

Import traces:
  App Route:
    ./src/data/pythonPrograms.ts
    ./app/api/admin/users/import-teachers-csv/route.ts

  Client Component Browser:
    ./src/data/pythonPrograms.ts [Client Component Browser]
    ./src/sections/ProgramsSection.tsx [Client Component Browser]
    ./src/sections/ProgramsSection.tsx [Server Component]
    ./app/page.tsx [Server Component]

  Client Component SSR:
    ./src/data/pythonPrograms.ts [Client Component SSR]
    ./src/sections/ProgramsSection.tsx [Client Component SSR]
    ./src/sections/ProgramsSection.tsx [Server Component]
    ./app/page.tsx [Server Component]


./src/data/pythonPrograms.ts:4078:17
Cannot assign to this
  [90m4076 |[0m [32m    language: "python" as const,[0m
  [90m4077 |[0m [32m    category: "Error Handling" as const,[0m
[31m[1m>[0m [90m4078 |[0m [32m    difficulty: "Easy",[0m
  [90m     |[0m                 [31m[1m^^^^^^[0m
  [90m4079 |[0m [32m    classLevel: "Class 10" as const,[0m
  [90m4080 |[0m [32m    description: "Handle runtime errors gracefully using try-except blocks.",[0m
  [90m4081 |[0m [32m    code: `[0m# [33mTry[0m [33mExcept[0m [33mBasics[0m [33mProgram[0m

Parsing ecmascript source code failed

Import traces:
  App Route:
    ./src/data/pythonPrograms.ts
    ./app/api/admin/users/import-teachers-csv/route.ts

  Client Component Browser:
    ./src/data/pythonPrograms.ts [Client Component Browser]
    ./src/sections/ProgramsSection.tsx [Client Component Browser]
    ./src/sections/ProgramsSection.tsx [Server Component]
    ./app/page.tsx [Server Component]

  Client Component SSR:
    ./src/data/pythonPrograms.ts [Client Component SSR]
    ./src/sections/ProgramsSection.tsx [Client Component SSR]
    ./src/sections/ProgramsSection.tsx [Server Component]
    ./app/page.tsx [Server Component]


./src/data/pythonPrograms.ts:4080:18
Cannot assign to this
  [90m4078 |[0m [32m    difficulty: "Easy",[0m
  [90m4079 |[0m [32m    classLevel: "Class 10" as const,[0m
[31m[1m>[0m [90m4080 |[0m [32m    description: "Handle runtime errors gracefully using try-except blocks.",[0m
  [90m     |[0m                  [31m[1m^^^^^^^^^^^^^^^^^^^^^^^^^^^^^^^^^^^^^^^^^^^^^^^^^^^^^^^^^^^[0m
  [90m4081 |[0m [32m    code: `[0m# [33mTry[0m [33mExcept[0m [33mBasics[0m [33mProgram[0m
  [90m4082 |[0m # =========================
  [90m4083 |[0m # [33mCatch[0m and handle errors without crashing

Parsing ecmascript source code failed

Import traces:
  App Route:
    ./src/data/pythonPrograms.ts
    ./app/api/admin/users/import-teachers-csv/route.ts

  Client Component Browser:
    ./src/data/pythonPrograms.ts [Client Component Browser]
    ./src/sections/ProgramsSection.tsx [Client Component Browser]
    ./src/sections/ProgramsSection.tsx [Server Component]
    ./app/page.tsx [Server Component]

  Client Component SSR:
    ./src/data/pythonPrograms.ts [Client Component SSR]
    ./src/sections/ProgramsSection.tsx [Client Component SSR]
    ./src/sections/ProgramsSection.tsx [Server Component]
    ./app/page.tsx [Server Component]


./src/data/pythonPrograms.ts:4081:11
Cannot assign to this
  [90m4079 |[0m [32m    classLevel: "Class 10" as const,[0m
  [90m4080 |[0m [32m    description: "Handle runtime errors gracefully using try-except blocks.",[0m
[31m[1m>[0m [90m4081 |[0m [32m    code: `[0m# [33mTry[0m [33mExcept[0m [33mBasics[0m [33mProgram[0m
  [90m     |[0m           [31m[1m^^^^^^^^^^^^^^^^^^^^^^^^^^^[0m
[31m[1m>[0m [90m4082 |[0m # =========================
  [90m     |[0m [31m[1m^^^^^^^^^^^^^^^^^^^^^^^^^^^[0m
[31m[1m>[0m [90m4083 |[0m # [33mCatch[0m and handle errors without crashing
  [90m     |[0m [31m[1m^^^^^^^^^^^^^^^^^^^^^^^^^^^^^^^^^^^^^^^^^^[0m
[31m[1m>[0m [90m4084 |[0m
  [90m     |[0m [31m[1m^[0m
[31m[1m>[0m [90m4085 |[0m def safe_divide(a, b):
  [90m     |[0m [31m[1m^^^^^^^^^^^^^^^^^^^^^^[0m
[31m[1m>[0m [90m4086 |[0m     [36mtry[0m:
  [90m     |[0m [31m[1m^^^^^^^^[0m
[31m[1m>[0m [90m4087 |[0m         # [33mAttempt[0m the division
  [90m     |[0m [31m[1m^^^^^^^^^^^^^^^^^^^^^^^^^^^^^^[0m
[31m[1m>[0m [90m4088 |[0m         result = a / b
  [90m     |[0m [31m[1m^^^^^^^^^^^^^^^^^^^^^^[0m
[31m[1m>[0m [90m4089 |[0m         print(f[32m"  {a} / {b} = {result}"[0m)
  [90m     |[0m [31m[1m^^^^^^^^^^^^^^^^^^^^^^^^^^^^^^^^^^^^^^^^[0m
[31m[1m>[0m [90m4090 |[0m         [36mreturn[0m result
  [90m     |[0m [31m[1m^^^^^^^^^^^^^^^^^^^^^[0m
[31m[1m>[0m [90m4091 |[0m     except [33mZeroDivisionError[0m:
  [90m     |[0m [31m[1m^^^^^^^^^^^^^^^^^^^^^^^^^^^^^[0m
[31m[1m>[0m [90m4092 |[0m         # [33mHandle[0m division by zero
  [90m     |[0m [31m[1m^^^^^^^^^^^^^^^^^^^^^^^^^^^^^^^^^[0m
[31m[1m>[0m [90m4093 |[0m         print(f[32m"  Error: Cannot divide {a} by zero!"[0m)
  [90m     |[0m [31m[1m^^^^^^^^^^^^^^^^^^^^^^^^^^^^^^^^^^^^^^^^^^^^^^^^^^^^^[0m
[31m[1m>[0m [90m4094 |[0m         [36mreturn[0m [33mNone[0m
  [90m     |[0m [31m[1m^^^^^^^^^^^^^^^^^^^[0m
[31m[1m>[0m [90m4095 |[0m
  [90m     |[0m [31m[1m^[0m
[31m[1m>[0m [90m4096 |[0m # [33mTest[0m cases
  [90m     |[0m [31m[1m^^^^^^^^^^^^[0m
[31m[1m>[0m [90m4097 |[0m print([32m"Safe Division:"[0m)
  [90m     |[0m [31m[1m^^^^^^^^^^^^^^^^^^^^^^^[0m
[31m[1m>[0m [90m4098 |[0m print([32m"="[0m * [35m40[0m)
  [90m     |[0m [31m[1m^^^^^^^^^^^^^^^[0m
[31m[1m>[0m [90m4099 |[0m
  [90m     |[0m [31m[1m^[0m
[31m[1m>[0m [90m4100 |[0m safe_divide([35m10[0m, [35m2[0m)
  [90m     |[0m [31m[1m^^^^^^^^^^^^^^^^^^[0m
[31m[1m>[0m [90m4101 |[0m safe_divide([35m10[0m, [35m0[0m)
  [90m     |[0m [31m[1m^^^^^^^^^^^^^^^^^^[0m
[31m[1m>[0m [90m4102 |[0m safe_divide([35m25[0m, [35m5[0m)
  [90m     |[0m [31m[1m^^^^^^^^^^^^^^^^^^[0m
[31m[1m>[0m [90m4103 |[0m
  [90m     |[0m [31m[1m^[0m
[31m[1m>[0m [90m4104 |[0m # [33mHandling[0m [36mtype[0m errors
  [90m     |[0m [31m[1m^^^^^^^^^^^^^^^^^^^^^^[0m
[31m[1m>[0m [90m4105 |[0m print()
  [90m     |[0m [31m[1m^^^^^^^[0m
[31m[1m>[0m [90m4106 |[0m print([32m"Type Error Handling:"[0m)
  [90m     |[0m [31m[1m^^^^^^^^^^^^^^^^^^^^^^^^^^^^^[0m
[31m[1m>[0m [90m4107 |[0m
  [90m     |[0m [31m[1m^[0m
[31m[1m>[0m [90m4108 |[0m def convert_to_int(value):
  [90m     |[0m [31m[1m^^^^^^^^^^^^^^^^^^^^^^^^^^[0m
[31m[1m>[0m [90m4109 |[0m     [36mtry[0m:
  [90m     |[0m [31m[1m^^^^^^^^[0m
[31m[1m>[0m [90m4110 |[0m         result = int(value)
  [90m     |[0m [31m[1m^^^^^^^^^^^^^^^^^^^^^^^^^^^[0m
[31m[1m>[0m [90m4111 |[0m         print(f[32m"  Converted '{value}' to {result}"[0m)
  [90m     |[0m [31m[1m^^^^^^^^^^^^^^^^^^^^^^^^^^^^^^^^^^^^^^^^^^^^^^^^^^^[0m
[31m[1m>[0m [90m4112 |[0m         [36mreturn[0m result
  [90m     |[0m [31m[1m^^^^^^^^^^^^^^^^^^^^^[0m
[31m[1m>[0m [90m4113 |[0m     except [33mValueError[0m:
  [90m     |[0m [31m[1m^^^^^^^^^^^^^^^^^^^^^^[0m
[31m[1m>[0m [90m4114 |[0m         print(f[32m"  Error: '{value}' cannot be converted to integer"[0m)
  [90m     |[0m [31m[1m^^^^^^^^^^^^^^^^^^^^^^^^^^^^^^^^^^^^^^^^^^^^^^^^^^^^^^^^^^^^^^^^^^^[0m
[31m[1m>[0m [90m4115 |[0m         [36mreturn[0m [33mNone[0m
  [90m     |[0m [31m[1m^^^^^^^^^^^^^^^^^^^[0m
[31m[1m>[0m [90m4116 |[0m
  [90m     |[0m [31m[1m^[0m
[31m[1m>[0m [90m4117 |[0m convert_to_int([32m"42"[0m)
  [90m     |[0m [31m[1m^^^^^^^^^^^^^^^^^^^^[0m
[31m[1m>[0m [90m4118 |[0m convert_to_int([32m"hello"[0m)
  [90m     |[0m [31m[1m^^^^^^^^^^^^^^^^^^^^^^^[0m
[31m[1m>[0m [90m4119 |[0m convert_to_int([32m"3.14"[0m)
  [90m     |[0m [31m[1m^^^^^^^^^^^^^^^^^^^^^^[0m
[31m[1m>[0m [90m4120 |[0m
  [90m     |[0m [31m[1m^[0m
[31m[1m>[0m [90m4121 |[0m # [33mExecution[0m trace:
  [90m     |[0m [31m[1m^^^^^^^^^^^^^^^^^^[0m
[31m[1m>[0m [90m4122 |[0m # [35m10[0m / [35m2[0m = [35m5.0[0m (success)
  [90m     |[0m [31m[1m^^^^^^^^^^^^^^^^^^^^^^^^[0m
[31m[1m>[0m [90m4123 |[0m # [35m10[0m / [35m0[0m triggers [33mZeroDivisionError[0m
  [90m     |[0m [31m[1m^^^^^^^^^^^^^^^^^^^^^^^^^^^^^^^^^^^[0m
[31m[1m>[0m [90m4124 |[0m # except block catches and prints error message
  [90m     |[0m [31m[1m^^^^^^^^^^^^^^^^^^^^^^^^^^^^^^^^^^^^^^^^^^^^^^^[0m
[31m[1m>[0m [90m4125 |[0m
  [90m     |[0m [31m[1m^[0m
[31m[1m>[0m [90m4126 |[0m # [33mTRY[0m [33mTHIS[0m: [33mCreate[0m a calculator that handles all errors 
gracefully
  [90m     |[0m [31m[1m^^^^^^^^^^^^^^^^^^^^^^^^^^^^^^^^^^^^^^^^^^^^^^^^^^^^^^^^^^^^^^^^^^[0m
[31m[1m>[0m [90m4127 |[0m [32m`,[0m
  [90m     |[0m [31m[1m^[0m
  [90m4128 |[0m [32m    funFact: "Python has over 60 built-in exception types for different error scenarios!"[0m
  [90m4129 |[0m [32m  },[0m
  [90m4130 |[0m [32m  {[0m

Parsing ecmascript source code failed

Import traces:
  App Route:
    ./src/data/pythonPrograms.ts
    ./app/api/admin/users/import-teachers-csv/route.ts

  Client Component Browser:
    ./src/data/pythonPrograms.ts [Client Component Browser]
    ./src/sections/ProgramsSection.tsx [Client Component Browser]
    ./src/sections/ProgramsSection.tsx [Server Component]
    ./app/page.tsx [Server Component]

  Client Component SSR:
    ./src/data/pythonPrograms.ts [Client Component SSR]
    ./src/sections/ProgramsSection.tsx [Client Component SSR]
    ./src/sections/ProgramsSection.tsx [Server Component]
    ./app/page.tsx [Server Component]


./src/data/pythonPrograms.ts:4128:14
Cannot assign to this
  [90m4126 |[0m # [33mTRY[0m [33mTHIS[0m: [33mCreate[0m a calculator that handles all errors gracefully
  [90m4127 |[0m [32m`,[0m
[31m[1m>[0m [90m4128 |[0m [32m    funFact: "Python has over 60 built-in exception types for different error 
scenarios!"[0m
  [90m     |[0m              
[31m[1m^^^^^^^^^^^^^^^^^^^^^^^^^^^^^^^^^^^^^^^^^^^^^^^^^^^^^^^^^^^^^^^^^^^^^^^^^^^^[0m
  [90m4129 |[0m [32m  },[0m
  [90m4130 |[0m [32m  {[0m
  [90m4131 |[0m [32m    id: "eh-2",[0m

Parsing ecmascript source code failed

Import traces:
  App Route:
    ./src/data/pythonPrograms.ts
    ./app/api/admin/users/import-teachers-csv/route.ts

  Client Component Browser:
    ./src/data/pythonPrograms.ts [Client Component Browser]
    ./src/sections/ProgramsSection.tsx [Client Component Browser]
    ./src/sections/ProgramsSection.tsx [Server Component]
    ./app/page.tsx [Server Component]

  Client Component SSR:
    ./src/data/pythonPrograms.ts [Client Component SSR]
    ./src/sections/ProgramsSection.tsx [Client Component SSR]
    ./src/sections/ProgramsSection.tsx [Server Component]
    ./app/page.tsx [Server Component]


./src/data/pythonPrograms.ts:4131:9
Cannot assign to this
  [90m4129 |[0m [32m  },[0m
  [90m4130 |[0m [32m  {[0m
[31m[1m>[0m [90m4131 |[0m [32m    id: "eh-2",[0m
  [90m     |[0m         [31m[1m^^^^^^[0m
  [90m4132 |[0m [32m    title: "Multiple Exceptions",[0m
  [90m4133 |[0m [32m    language: "python" as const,[0m
  [90m4134 |[0m [32m    category: "Error Handling" as const,[0m

Parsing ecmascript source code failed

Import traces:
  App Route:
    ./src/data/pythonPrograms.ts
    ./app/api/admin/users/import-teachers-csv/route.ts

  Client Component Browser:
    ./src/data/pythonPrograms.ts [Client Component Browser]
    ./src/sections/ProgramsSection.tsx [Client Component Browser]
    ./src/sections/ProgramsSection.tsx [Server Component]
    ./app/page.tsx [Server Component]

  Client Component SSR:
    ./src/data/pythonPrograms.ts [Client Component SSR]
    ./src/sections/ProgramsSection.tsx [Client Component SSR]
    ./src/sections/ProgramsSection.tsx [Server Component]
    ./app/page.tsx [Server Component]


./src/data/pythonPrograms.ts:4132:12
Cannot assign to this
  [90m4130 |[0m [32m  {[0m
  [90m4131 |[0m [32m    id: "eh-2",[0m
[31m[1m>[0m [90m4132 |[0m [32m    title: "Multiple Exceptions",[0m
  [90m     |[0m            [31m[1m^^^^^^^^^^^^^^^^^^^^^[0m
  [90m4133 |[0m [32m    language: "python" as const,[0m
  [90m4134 |[0m [32m    category: "Error Handling" as const,[0m
  [90m4135 |[0m [32m    difficulty: "Medium",[0m

Parsing ecmascript source code failed

Import traces:
  App Route:
    ./src/data/pythonPrograms.ts
    ./app/api/admin/users/import-teachers-csv/route.ts

  Client Component Browser:
    ./src/data/pythonPrograms.ts [Client Component Browser]
    ./src/sections/ProgramsSection.tsx [Client Component Browser]
    ./src/sections/ProgramsSection.tsx [Server Component]
    ./app/page.tsx [Server Component]

  Client Component SSR:
    ./src/data/pythonPrograms.ts [Client Component SSR]
    ./src/sections/ProgramsSection.tsx [Client Component SSR]
    ./src/sections/ProgramsSection.tsx [Server Component]
    ./app/page.tsx [Server Component]


./src/data/pythonPrograms.ts:4135:17
Cannot assign to this
  [90m4133 |[0m [32m    language: "python" as const,[0m
  [90m4134 |[0m [32m    category: "Error Handling" as const,[0m
[31m[1m>[0m [90m4135 |[0m [32m    difficulty: "Medium",[0m
  [90m     |[0m                 [31m[1m^^^^^^^^[0m
  [90m4136 |[0m [32m    classLevel: "Class 10" as const,[0m
  [90m4137 |[0m [32m    description: "Handle different types of exceptions with separate except blocks.",[0m
  [90m4138 |[0m [32m    code: `[0m# [33mMultiple[0m [33mExceptions[0m [33mProgram[0m

Parsing ecmascript source code failed

Import traces:
  App Route:
    ./src/data/pythonPrograms.ts
    ./app/api/admin/users/import-teachers-csv/route.ts

  Client Component Browser:
    ./src/data/pythonPrograms.ts [Client Component Browser]
    ./src/sections/ProgramsSection.tsx [Client Component Browser]
    ./src/sections/ProgramsSection.tsx [Server Component]
    ./app/page.tsx [Server Component]

  Client Component SSR:
    ./src/data/pythonPrograms.ts [Client Component SSR]
    ./src/sections/ProgramsSection.tsx [Client Component SSR]
    ./src/sections/ProgramsSection.tsx [Server Component]
    ./app/page.tsx [Server Component]


./src/data/pythonPrograms.ts:4137:18
Cannot assign to this
  [90m4135 |[0m [32m    difficulty: "Medium",[0m
  [90m4136 |[0m [32m    classLevel: "Class 10" as const,[0m
[31m[1m>[0m [90m4137 |[0m [32m    description: "Handle different types of exceptions with separate except 
blocks.",[0m
  [90m     |[0m                  [31m[1m^^^^^^^^^^^^^^^^^^^^^^^^^^^^^^^^^^^^^^^^^^^^^^^^^^^^^^^^^^^^^^^^^^^[0m
  [90m4138 |[0m [32m    code: `[0m# [33mMultiple[0m [33mExceptions[0m [33mProgram[0m
  [90m4139 |[0m # ===========================
  [90m4140 |[0m # [33mHandle[0m different errors [36mwith[0m specific except blocks

Parsing ecmascript source code failed

Import traces:
  App Route:
    ./src/data/pythonPrograms.ts
    ./app/api/admin/users/import-teachers-csv/route.ts

  Client Component Browser:
    ./src/data/pythonPrograms.ts [Client Component Browser]
    ./src/sections/ProgramsSection.tsx [Client Component Browser]
    ./src/sections/ProgramsSection.tsx [Server Component]
    ./app/page.tsx [Server Component]

  Client Component SSR:
    ./src/data/pythonPrograms.ts [Client Component SSR]
    ./src/sections/ProgramsSection.tsx [Client Component SSR]
    ./src/sections/ProgramsSection.tsx [Server Component]
    ./app/page.tsx [Server Component]


./src/data/pythonPrograms.ts:4138:11
Cannot assign to this
  [90m4136 |[0m [32m    classLevel: "Class 10" as const,[0m
  [90m4137 |[0m [32m    description: "Handle different types of exceptions with separate except blocks.",[0m
[31m[1m>[0m [90m4138 |[0m [32m    code: `[0m# [33mMultiple[0m [33mExceptions[0m [33mProgram[0m
  [90m     |[0m           [31m[1m^^^^^^^^^^^^^^^^^^^^^^^^^^^^^[0m
[31m[1m>[0m [90m4139 |[0m # ===========================
  [90m     |[0m [31m[1m^^^^^^^^^^^^^^^^^^^^^^^^^^^^^[0m
[31m[1m>[0m [90m4140 |[0m # [33mHandle[0m different errors [36mwith[0m specific except blocks
  [90m     |[0m [31m[1m^^^^^^^^^^^^^^^^^^^^^^^^^^^^^^^^^^^^^^^^^^^^^^^^^^^^^[0m
[31m[1m>[0m [90m4141 |[0m
  [90m     |[0m [31m[1m^[0m
[31m[1m>[0m [90m4142 |[0m def process_data(data):
  [90m     |[0m [31m[1m^^^^^^^^^^^^^^^^^^^^^^^[0m
[31m[1m>[0m [90m4143 |[0m     [36mtry[0m:
  [90m     |[0m [31m[1m^^^^^^^^[0m
[31m[1m>[0m [90m4144 |[0m         # [33mAttempt[0m to access and process data
  [90m     |[0m [31m[1m^^^^^^^^^^^^^^^^^^^^^^^^^^^^^^^^^^^^^^^^^^^^[0m
[31m[1m>[0m [90m4145 |[0m         value = data[[32m"value"[0m]
  [90m     |[0m [31m[1m^^^^^^^^^^^^^^^^^^^^^^^^^^^^^[0m
[31m[1m>[0m [90m4146 |[0m         result = [35m100[0m / value
  [90m     |[0m [31m[1m^^^^^^^^^^^^^^^^^^^^^^^^^^^^[0m
[31m[1m>[0m [90m4147 |[0m         print(f[32m"  Result: {result}"[0m)
  [90m     |[0m [31m[1m^^^^^^^^^^^^^^^^^^^^^^^^^^^^^^^^^^^^[0m
[31m[1m>[0m [90m4148 |[0m
  [90m     |[0m [31m[1m^[0m
[31m[1m>[0m [90m4149 |[0m     except [33mKeyError[0m [36mas[0m e:
  [90m     |[0m [31m[1m^^^^^^^^^^^^^^^^^^^^^^^^^[0m
[31m[1m>[0m [90m4150 |[0m         # [33mHandle[0m missing dictionary key
  [90m     |[0m [31m[1m^^^^^^^^^^^^^^^^^^^^^^^^^^^^^^^^^^^^^^^[0m
[31m[1m>[0m [90m4151 |[0m         print(f[32m"  Key Error: Missing key {e}"[0m)
  [90m     |[0m [31m[1m^^^^^^^^^^^^^^^^^^^^^^^^^^^^^^^^^^^^^^^^^^^^^^[0m
[31m[1m>[0m [90m4152 |[0m
  [90m     |[0m [31m[1m^[0m
[31m[1m>[0m [90m4153 |[0m     except [33mZeroDivisionError[0m:
  [90m     |[0m [31m[1m^^^^^^^^^^^^^^^^^^^^^^^^^^^^^[0m
[31m[1m>[0m [90m4154 |[0m         # [33mHandle[0m division by zero
  [90m     |[0m [31m[1m^^^^^^^^^^^^^^^^^^^^^^^^^^^^^^^^^[0m
[31m[1m>[0m [90m4155 |[0m         print(f[32m"  Math Error: Cannot divide by zero"[0m)
  [90m     |[0m [31m[1m^^^^^^^^^^^^^^^^^^^^^^^^^^^^^^^^^^^^^^^^^^^^^^^^^^^^^[0m
[31m[1m>[0m [90m4156 |[0m
  [90m     |[0m [31m[1m^[0m
[31m[1m>[0m [90m4157 |[0m     except [33mTypeError[0m [36mas[0m e:
  [90m     |[0m [31m[1m^^^^^^^^^^^^^^^^^^^^^^^^^^[0m
[31m[1m>[0m [90m4158 |[0m         # [33mHandle[0m wrong data [36mtype[0m
  [90m     |[0m [31m[1m^^^^^^^^^^^^^^^^^^^^^^^^^^^^^^^^[0m
[31m[1m>[0m [90m4159 |[0m         print(f[32m"  Type Error: {e}"[0m)
  [90m     |[0m [31m[1m^^^^^^^^^^^^^^^^^^^^^^^^^^^^^^^^^^^[0m
[31m[1m>[0m [90m4160 |[0m
  [90m     |[0m [31m[1m^[0m
[31m[1m>[0m [90m4161 |[0m     except [33mException[0m [36mas[0m e:
  [90m     |[0m [31m[1m^^^^^^^^^^^^^^^^^^^^^^^^^^[0m
[31m[1m>[0m [90m4162 |[0m         # [33mCatch[0m any other unexpected error
  [90m     |[0m [31m[1m^^^^^^^^^^^^^^^^^^^^^^^^^^^^^^^^^^^^^^^^^^[0m
[31m[1m>[0m [90m4163 |[0m         print(f[32m"  Unexpected error: {type(e).__name__}: {e}"[0m)
  [90m     |[0m [31m[1m^^^^^^^^^^^^^^^^^^^^^^^^^^^^^^^^^^^^^^^^^^^^^^^^^^^^^^^^^^^^^[0m
[31m[1m>[0m [90m4164 |[0m
  [90m     |[0m [31m[1m^[0m
[31m[1m>[0m [90m4165 |[0m # [33mTest[0m different scenarios
  [90m     |[0m [31m[1m^^^^^^^^^^^^^^^^^^^^^^^^^^[0m
[31m[1m>[0m [90m4166 |[0m print([32m"Processing Data:"[0m)
  [90m     |[0m [31m[1m^^^^^^^^^^^^^^^^^^^^^^^^^[0m
[31m[1m>[0m [90m4167 |[0m print([32m"="[0m * [35m40[0m)
  [90m     |[0m [31m[1m^^^^^^^^^^^^^^^[0m
[31m[1m>[0m [90m4168 |[0m
  [90m     |[0m [31m[1m^[0m
[31m[1m>[0m [90m4169 |[0m # [33mTest[0m [35m1[0m: [33mMissing[0m key
  [90m     |[0m [31m[1m^^^^^^^^^^^^^^^^^^^^^[0m
[31m[1m>[0m [90m4170 |[0m print([32m"Test 1 - Missing key:"[0m)
  [90m     |[0m [31m[1m^^^^^^^^^^^^^^^^^^^^^^^^^^^^^^[0m
[31m[1m>[0m [90m4171 |[0m process_data({[32m"name"[0m: [32m"test"[0m})
  [90m     |[0m [31m[1m^^^^^^^^^^^^^^^^^^^^^^^^^^^^^^[0m
[31m[1m>[0m [90m4172 |[0m
  [90m     |[0m [31m[1m^[0m
[31m[1m>[0m [90m4173 |[0m # [33mTest[0m [35m2[0m: [33mDivision[0m by zero
  [90m     |[0m [31m[1m^^^^^^^^^^^^^^^^^^^^^^^^^^[0m
[31m[1m>[0m [90m4174 |[0m print([32m"\\nTest 2 - Division by zero:"[0m)
  [90m     |[0m [31m[1m^^^^^^^^^^^^^^^^^^^^^^^^^^^^^^^^^^^^^^[0m
[31m[1m>[0m [90m4175 |[0m process_data({[32m"value"[0m: [35m0[0m})
  [90m     |[0m [31m[1m^^^^^^^^^^^^^^^^^^^^^^^^^^[0m
[31m[1m>[0m [90m4176 |[0m
  [90m     |[0m [31m[1m^[0m
[31m[1m>[0m [90m4177 |[0m # [33mTest[0m [35m3[0m: [33mWrong[0m [36mtype[0m
  [90m     |[0m [31m[1m^^^^^^^^^^^^^^^^^^^^[0m
[31m[1m>[0m [90m4178 |[0m print([32m"\\nTest 3 - Wrong type:"[0m)
  [90m     |[0m [31m[1m^^^^^^^^^^^^^^^^^^^^^^^^^^^^^^^^[0m
[31m[1m>[0m [90m4179 |[0m process_data({[32m"value"[0m: [32m"abc"[0m})
  [90m     |[0m [31m[1m^^^^^^^^^^^^^^^^^^^^^^^^^^^^^^[0m
[31m[1m>[0m [90m4180 |[0m
  [90m     |[0m [31m[1m^[0m
[31m[1m>[0m [90m4181 |[0m # [33mTest[0m [35m4[0m: [33mSuccess[0m
  [90m     |[0m [31m[1m^^^^^^^^^^^^^^^^^[0m
[31m[1m>[0m [90m4182 |[0m print([32m"\\nTest 4 - Success:"[0m)
  [90m     |[0m [31m[1m^^^^^^^^^^^^^^^^^^^^^^^^^^^^^[0m
[31m[1m>[0m [90m4183 |[0m process_data({[32m"value"[0m: [35m5[0m})
  [90m     |[0m [31m[1m^^^^^^^^^^^^^^^^^^^^^^^^^^[0m
[31m[1m>[0m [90m4184 |[0m
  [90m     |[0m [31m[1m^[0m
[31m[1m>[0m [90m4185 |[0m # [33mExecution[0m trace:
  [90m     |[0m [31m[1m^^^^^^^^^^^^^^^^^^[0m
[31m[1m>[0m [90m4186 |[0m # [33mTest[0m [35m1[0m: [33mKeyError[0m caught (no [32m'value'[0m key)
  [90m     |[0m [31m[1m^^^^^^^^^^^^^^^^^^^^^^^^^^^^^^^^^^^^^^^^^^[0m
[31m[1m>[0m [90m4187 |[0m # [33mTest[0m [35m2[0m: [33mZeroDivisionError[0m caught ([35m100[0m/[35m0[0m)
  [90m     |[0m [31m[1m^^^^^^^^^^^^^^^^^^^^^^^^^^^^^^^^^^^^^^^^^^[0m
[31m[1m>[0m [90m4188 |[0m # [33mTest[0m [35m3[0m: [33mTypeError[0m caught ([35m100[0m/[32m"abc"[0m)
  [90m     |[0m [31m[1m^^^^^^^^^^^^^^^^^^^^^^^^^^^^^^^^^^^^^^[0m
[31m[1m>[0m [90m4189 |[0m # [33mTest[0m [35m4[0m: [33mNo[0m error, prints [33mResult[0m: [35m20.0[0m
  [90m     |[0m [31m[1m^^^^^^^^^^^^^^^^^^^^^^^^^^^^^^^^^^^^^^^[0m
[31m[1m>[0m [90m4190 |[0m
  [90m     |[0m [31m[1m^[0m
[31m[1m>[0m [90m4191 |[0m # [33mTRY[0m [33mTHIS[0m: [33mAdd[0m input validation before processing
  [90m     |[0m [31m[1m^^^^^^^^^^^^^^^^^^^^^^^^^^^^^^^^^^^^^^^^^^^^^^^^^^[0m
[31m[1m>[0m [90m4192 |[0m [32m`,[0m
  [90m     |[0m [31m[1m^[0m
  [90m4193 |[0m [32m    funFact: "Always catch specific exceptions first - Python checks except blocks in or...[0m
  [90m4194 |[0m [32m  },[0m
  [90m4195 |[0m [32m  {[0m

Parsing ecmascript source code failed

Import traces:
  App Route:
    ./src/data/pythonPrograms.ts
    ./app/api/admin/users/import-teachers-csv/route.ts

  Client Component Browser:
    ./src/data/pythonPrograms.ts [Client Component Browser]
    ./src/sections/ProgramsSection.tsx [Client Component Browser]
    ./src/sections/ProgramsSection.tsx [Server Component]
    ./app/page.tsx [Server Component]

  Client Component SSR:
    ./src/data/pythonPrograms.ts [Client Component SSR]
    ./src/sections/ProgramsSection.tsx [Client Component SSR]
    ./src/sections/ProgramsSection.tsx [Server Component]
    ./app/page.tsx [Server Component]


./src/data/pythonPrograms.ts:4193:14
Cannot assign to this
  [90m4191 |[0m ... [33mAdd[0m input validation before processing
  [90m4192 |[0m ...
[31m[1m>[0m [90m4193 |[0m ...[32m: "Always catch specific exceptions first - Python checks except blocks in 
order!"[0m
  [90m     |[0m      [31m[1m^^^^^^^^^^^^^^^^^^^^^^^^^^^^^^^^^^^^^^^^^^^^^^^^^^^^^^^^^^^^^^^^^^^^^^^^^^^^^^^^[0m
  [90m4194 |[0m ...
  [90m4195 |[0m ...
  [90m4196 |[0m ...[32m-3",[0m

Parsing ecmascript source code failed

Import traces:
  App Route:
    ./src/data/pythonPrograms.ts
    ./app/api/admin/users/import-teachers-csv/route.ts

  Client Component Browser:
    ./src/data/pythonPrograms.ts [Client Component Browser]
    ./src/sections/ProgramsSection.tsx [Client Component Browser]
    ./src/sections/ProgramsSection.tsx [Server Component]
    ./app/page.tsx [Server Component]

  Client Component SSR:
    ./src/data/pythonPrograms.ts [Client Component SSR]
    ./src/sections/ProgramsSection.tsx [Client Component SSR]
    ./src/sections/ProgramsSection.tsx [Server Component]
    ./app/page.tsx [Server Component]


./src/data/pythonPrograms.ts:4196:9
Cannot assign to this
  [90m4194 |[0m [32m  },[0m
  [90m4195 |[0m [32m  {[0m
[31m[1m>[0m [90m4196 |[0m [32m    id: "eh-3",[0m
  [90m     |[0m         [31m[1m^^^^^^[0m
  [90m4197 |[0m [32m    title: "Finally Block",[0m
  [90m4198 |[0m [32m    language: "python" as const,[0m
  [90m4199 |[0m [32m    category: "Error Handling" as const,[0m

Parsing ecmascript source code failed

Import traces:
  App Route:
    ./src/data/pythonPrograms.ts
    ./app/api/admin/users/import-teachers-csv/route.ts

  Client Component Browser:
    ./src/data/pythonPrograms.ts [Client Component Browser]
    ./src/sections/ProgramsSection.tsx [Client Component Browser]
    ./src/sections/ProgramsSection.tsx [Server Component]
    ./app/page.tsx [Server Component]

  Client Component SSR:
    ./src/data/pythonPrograms.ts [Client Component SSR]
    ./src/sections/ProgramsSection.tsx [Client Component SSR]
    ./src/sections/ProgramsSection.tsx [Server Component]
    ./app/page.tsx [Server Component]


./src/data/pythonPrograms.ts:4197:12
Cannot assign to this
  [90m4195 |[0m [32m  {[0m
  [90m4196 |[0m [32m    id: "eh-3",[0m
[31m[1m>[0m [90m4197 |[0m [32m    title: "Finally Block",[0m
  [90m     |[0m            [31m[1m^^^^^^^^^^^^^^^[0m
  [90m4198 |[0m [32m    language: "python" as const,[0m
  [90m4199 |[0m [32m    category: "Error Handling" as const,[0m
  [90m4200 |[0m [32m    difficulty: "Medium",[0m

Parsing ecmascript source code failed

Import traces:
  App Route:
    ./src/data/pythonPrograms.ts
    ./app/api/admin/users/import-teachers-csv/route.ts

  Client Component Browser:
    ./src/data/pythonPrograms.ts [Client Component Browser]
    ./src/sections/ProgramsSection.tsx [Client Component Browser]
    ./src/sections/ProgramsSection.tsx [Server Component]
    ./app/page.tsx [Server Component]

  Client Component SSR:
    ./src/data/pythonPrograms.ts [Client Component SSR]
    ./src/sections/ProgramsSection.tsx [Client Component SSR]
    ./src/sections/ProgramsSection.tsx [Server Component]
    ./app/page.tsx [Server Component]


./src/data/pythonPrograms.ts:4200:17
Cannot assign to this
  [90m4198 |[0m [32m    language: "python" as const,[0m
  [90m4199 |[0m [32m    category: "Error Handling" as const,[0m
[31m[1m>[0m [90m4200 |[0m [32m    difficulty: "Medium",[0m
  [90m     |[0m                 [31m[1m^^^^^^^^[0m
  [90m4201 |[0m [32m    classLevel: "Class 10" as const,[0m
  [90m4202 |[0m [32m    description: "Use finally to execute code that must run regardless of errors.",[0m
  [90m4203 |[0m [32m    code: `[0m# [33mFinally[0m [33mBlock[0m [33mProgram[0m

Parsing ecmascript source code failed

Import traces:
  App Route:
    ./src/data/pythonPrograms.ts
    ./app/api/admin/users/import-teachers-csv/route.ts

  Client Component Browser:
    ./src/data/pythonPrograms.ts [Client Component Browser]
    ./src/sections/ProgramsSection.tsx [Client Component Browser]
    ./src/sections/ProgramsSection.tsx [Server Component]
    ./app/page.tsx [Server Component]

  Client Component SSR:
    ./src/data/pythonPrograms.ts [Client Component SSR]
    ./src/sections/ProgramsSection.tsx [Client Component SSR]
    ./src/sections/ProgramsSection.tsx [Server Component]
    ./app/page.tsx [Server Component]


./src/data/pythonPrograms.ts:4202:18
Cannot assign to this
  [90m4200 |[0m [32m    difficulty: "Medium",[0m
  [90m4201 |[0m [32m    classLevel: "Class 10" as const,[0m
[31m[1m>[0m [90m4202 |[0m [32m    description: "Use finally to execute code that must run regardless of 
errors.",[0m
  [90m     |[0m                  [31m[1m^^^^^^^^^^^^^^^^^^^^^^^^^^^^^^^^^^^^^^^^^^^^^^^^^^^^^^^^^^^^^^^^^[0m
  [90m4203 |[0m [32m    code: `[0m# [33mFinally[0m [33mBlock[0m [33mProgram[0m
  [90m4204 |[0m # =====================
  [90m4205 |[0m # [32m'finally'[0m runs whether or not an exception occurred

Parsing ecmascript source code failed

Import traces:
  App Route:
    ./src/data/pythonPrograms.ts
    ./app/api/admin/users/import-teachers-csv/route.ts

  Client Component Browser:
    ./src/data/pythonPrograms.ts [Client Component Browser]
    ./src/sections/ProgramsSection.tsx [Client Component Browser]
    ./src/sections/ProgramsSection.tsx [Server Component]
    ./app/page.tsx [Server Component]

  Client Component SSR:
    ./src/data/pythonPrograms.ts [Client Component SSR]
    ./src/sections/ProgramsSection.tsx [Client Component SSR]
    ./src/sections/ProgramsSection.tsx [Server Component]
    ./app/page.tsx [Server Component]


./src/data/pythonPrograms.ts:4203:11
Cannot assign to this
  [90m4201 |[0m [32m    classLevel: "Class 10" as const,[0m
  [90m4202 |[0m [32m    description: "Use finally to execute code that must run regardless of errors.",[0m
[31m[1m>[0m [90m4203 |[0m [32m    code: `[0m# [33mFinally[0m [33mBlock[0m [33mProgram[0m
  [90m     |[0m           [31m[1m^^^^^^^^^^^^^^^^^^^^^^^[0m
[31m[1m>[0m [90m4204 |[0m # =====================
  [90m     |[0m [31m[1m^^^^^^^^^^^^^^^^^^^^^^^[0m
[31m[1m>[0m [90m4205 |[0m # [32m'finally'[0m runs whether or not an exception occurred
  [90m     |[0m [31m[1m^^^^^^^^^^^^^^^^^^^^^^^^^^^^^^^^^^^^^^^^^^^^^^^^^^^^^[0m
[31m[1m>[0m [90m4206 |[0m
  [90m     |[0m [31m[1m^[0m
[31m[1m>[0m [90m4207 |[0m def process_file(filename):
  [90m     |[0m [31m[1m^^^^^^^^^^^^^^^^^^^^^^^^^^^[0m
[31m[1m>[0m [90m4208 |[0m     file = [33mNone[0m
  [90m     |[0m [31m[1m^^^^^^^^^^^^^^^[0m
[31m[1m>[0m [90m4209 |[0m     [36mtry[0m:
  [90m     |[0m [31m[1m^^^^^^^^[0m
[31m[1m>[0m [90m4210 |[0m         print(f[32m"  Opening {filename}..."[0m)
  [90m     |[0m [31m[1m^^^^^^^^^^^^^^^^^^^^^^^^^^^^^^^^^^^^^^^^^[0m
[31m[1m>[0m [90m4211 |[0m         file = open(filename, [32m'r'[0m)
  [90m     |[0m [31m[1m^^^^^^^^^^^^^^^^^^^^^^^^^^^^^^^^^^[0m
[31m[1m>[0m [90m4212 |[0m         content = file.read()
  [90m     |[0m [31m[1m^^^^^^^^^^^^^^^^^^^^^^^^^^^^^[0m
[31m[1m>[0m [90m4213 |[0m         print(f[32m"  Read {len(content)} characters"[0m)
  [90m     |[0m [31m[1m^^^^^^^^^^^^^^^^^^^^^^^^^^^^^^^^^^^^^^^^^^^^^^^^^^[0m
[31m[1m>[0m [90m4214 |[0m         [36mreturn[0m content
  [90m     |[0m [31m[1m^^^^^^^^^^^^^^^^^^^^^^[0m
[31m[1m>[0m [90m4215 |[0m
  [90m     |[0m [31m[1m^[0m
[31m[1m>[0m [90m4216 |[0m     except [33mFileNotFoundError[0m:
  [90m     |[0m [31m[1m^^^^^^^^^^^^^^^^^^^^^^^^^^^^^[0m
[31m[1m>[0m [90m4217 |[0m         print(f[32m"  Error: File '{filename}' not found!"[0m)
  [90m     |[0m [31m[1m^^^^^^^^^^^^^^^^^^^^^^^^^^^^^^^^^^^^^^^^^^^^^^^^^^^^^^^[0m
[31m[1m>[0m [90m4218 |[0m         [36mreturn[0m [33mNone[0m
  [90m     |[0m [31m[1m^^^^^^^^^^^^^^^^^^^[0m
[31m[1m>[0m [90m4219 |[0m
  [90m     |[0m [31m[1m^[0m
[31m[1m>[0m [90m4220 |[0m     except [33mPermissionError[0m:
  [90m     |[0m [31m[1m^^^^^^^^^^^^^^^^^^^^^^^^^^^[0m
[31m[1m>[0m [90m4221 |[0m         print(f[32m"  Error: No permission to read '{filename}'"[0m)
  [90m     |[0m [31m[1m^^^^^^^^^^^^^^^^^^^^^^^^^^^^^^^^^^^^^^^^^^^^^^^^^^^^^^^^^^^^^[0m
[31m[1m>[0m [90m4222 |[0m         [36mreturn[0m [33mNone[0m
  [90m     |[0m [31m[1m^^^^^^^^^^^^^^^^^^^[0m
[31m[1m>[0m [90m4223 |[0m
  [90m     |[0m [31m[1m^[0m
[31m[1m>[0m [90m4224 |[0m     [36mfinally[0m:
  [90m     |[0m [31m[1m^^^^^^^^^^^^[0m
[31m[1m>[0m [90m4225 |[0m         # [33mThis[0m [33mALWAYS[0m executes - cleanup code
  [90m     |[0m [31m[1m^^^^^^^^^^^^^^^^^^^^^^^^^^^^^^^^^^^^^^^^^^^^^[0m
[31m[1m>[0m [90m4226 |[0m         [36mif[0m file:
  [90m     |[0m [31m[1m^^^^^^^^^^^^^^^^[0m
[31m[1m>[0m [90m4227 |[0m             file.close()
  [90m     |[0m [31m[1m^^^^^^^^^^^^^^^^^^^^^^^^[0m
[31m[1m>[0m [90m4228 |[0m             print(f[32m"  Closed {filename}"[0m)
  [90m     |[0m [31m[1m^^^^^^^^^^^^^^^^^^^^^^^^^^^^^^^^^^^^^^^^^[0m
[31m[1m>[0m [90m4229 |[0m         print([32m"  Cleanup complete"[0m)
  [90m     |[0m [31m[1m^^^^^^^^^^^^^^^^^^^^^^^^^^^^^^^^^^^[0m
[31m[1m>[0m [90m4230 |[0m
  [90m     |[0m [31m[1m^[0m
[31m[1m>[0m [90m4231 |[0m # [33mTest[0m cases
  [90m     |[0m [31m[1m^^^^^^^^^^^^[0m
[31m[1m>[0m [90m4232 |[0m print([32m"File Processing:"[0m)
  [90m     |[0m [31m[1m^^^^^^^^^^^^^^^^^^^^^^^^^[0m
[31m[1m>[0m [90m4233 |[0m print([32m"="[0m * [35m40[0m)
  [90m     |[0m [31m[1m^^^^^^^^^^^^^^^[0m
[31m[1m>[0m [90m4234 |[0m
  [90m     |[0m [31m[1m^[0m
[31m[1m>[0m [90m4235 |[0m # [33mCreate[0m a test file first
  [90m     |[0m [31m[1m^^^^^^^^^^^^^^^^^^^^^^^^^^[0m
[31m[1m>[0m [90m4236 |[0m [36mwith[0m open([32m"test.txt"[0m, [32m"w"[0m) [36mas[0m f:
  [90m     |[0m [31m[1m^^^^^^^^^^^^^^^^^^^^^^^^^^^^^^^^[0m
[31m[1m>[0m [90m4237 |[0m     f.write([32m"Hello, Python!"[0m)
  [90m     |[0m [31m[1m^^^^^^^^^^^^^^^^^^^^^^^^^^^^^[0m
[31m[1m>[0m [90m4238 |[0m
  [90m     |[0m [31m[1m^[0m
[31m[1m>[0m [90m4239 |[0m print([32m"Test 1 - Existing file:"[0m)
  [90m     |[0m [31m[1m^^^^^^^^^^^^^^^^^^^^^^^^^^^^^^^^[0m
[31m[1m>[0m [90m4240 |[0m content = process_file([32m"test.txt"[0m)
  [90m     |[0m [31m[1m^^^^^^^^^^^^^^^^^^^^^^^^^^^^^^^^^^[0m
[31m[1m>[0m [90m4241 |[0m
  [90m     |[0m [31m[1m^[0m
[31m[1m>[0m [90m4242 |[0m print()
  [90m     |[0m [31m[1m^^^^^^^[0m
[31m[1m>[0m [90m4243 |[0m print([32m"Test 2 - Non-existent file:"[0m)
  [90m     |[0m [31m[1m^^^^^^^^^^^^^^^^^^^^^^^^^^^^^^^^^^^^[0m
[31m[1m>[0m [90m4244 |[0m content = process_file([32m"missing.txt"[0m)
  [90m     |[0m [31m[1m^^^^^^^^^^^^^^^^^^^^^^^^^^^^^^^^^^^^^[0m
[31m[1m>[0m [90m4245 |[0m
  [90m     |[0m [31m[1m^[0m
[31m[1m>[0m [90m4246 |[0m print()
  [90m     |[0m [31m[1m^^^^^^^[0m
[31m[1m>[0m [90m4247 |[0m print([32m"Test 3 - After exception:"[0m)
  [90m     |[0m [31m[1m^^^^^^^^^^^^^^^^^^^^^^^^^^^^^^^^^^[0m
[31m[1m>[0m [90m4248 |[0m print([32m"  Program continues running!"[0m)
  [90m     |[0m [31m[1m^^^^^^^^^^^^^^^^^^^^^^^^^^^^^^^^^^^^^[0m
[31m[1m>[0m [90m4249 |[0m
  [90m     |[0m [31m[1m^[0m
[31m[1m>[0m [90m4250 |[0m # [33mExecution[0m trace:
  [90m     |[0m [31m[1m^^^^^^^^^^^^^^^^^^[0m
[31m[1m>[0m [90m4251 |[0m # [33mSuccess[0m: [36mtry[0m block runs, [36mfinally[0m closes file
  [90m     |[0m [31m[1m^^^^^^^^^^^^^^^^^^^^^^^^^^^^^^^^^^^^^^^^^^^^^^[0m
[31m[1m>[0m [90m4252 |[0m # [33mError[0m: except block runs, [36mfinally[0m still runs
  [90m     |[0m [31m[1m^^^^^^^^^^^^^^^^^^^^^^^^^^^^^^^^^^^^^^^^^^^^^^[0m
[31m[1m>[0m [90m4253 |[0m # [36mfinally[0m [33mALWAYS[0m executes, even after [36mreturn[0m/exception
  [90m     |[0m [31m[1m^^^^^^^^^^^^^^^^^^^^^^^^^^^^^^^^^^^^^^^^^^^^^^^^^^^^^^[0m
[31m[1m>[0m [90m4254 |[0m
  [90m     |[0m [31m[1m^[0m
[31m[1m>[0m [90m4255 |[0m # [33mTRY[0m [33mTHIS[0m: [33mUse[0m [36mtry[0m-except-[36mfinally[0m 
[36mwith[0m database connections
  [90m     |[0m [31m[1m^^^^^^^^^^^^^^^^^^^^^^^^^^^^^^^^^^^^^^^^^^^^^^^^^^^^^^^^^^^^[0m
[31m[1m>[0m [90m4256 |[0m [32m`,[0m
  [90m     |[0m [31m[1m^[0m
  [90m4257 |[0m [32m    funFact: "The finally block is crucial for releasing resources like files, network c...[0m
  [90m4258 |[0m [32m  },[0m
  [90m4259 |[0m [32m  {[0m

Parsing ecmascript source code failed

Import traces:
  App Route:
    ./src/data/pythonPrograms.ts
    ./app/api/admin/users/import-teachers-csv/route.ts

  Client Component Browser:
    ./src/data/pythonPrograms.ts [Client Component Browser]
    ./src/sections/ProgramsSection.tsx [Client Component Browser]
    ./src/sections/ProgramsSection.tsx [Server Component]
    ./app/page.tsx [Server Component]

  Client Component SSR:
    ./src/data/pythonPrograms.ts [Client Component SSR]
    ./src/sections/ProgramsSection.tsx [Client Component SSR]
    ./src/sections/ProgramsSection.tsx [Server Component]
    ./app/page.tsx [Server Component]


./src/data/pythonPrograms.ts:4257:14
Cannot assign to this
  [90m4255 |[0m ...except-[36mfinally[0m [36mwith[0m database connections
  [90m4256 |[0m ...
[31m[1m>[0m [90m4257 |[0m ...[32mnally block is crucial for releasing resources like files, network connections, 
and m...[0m
  [90m     |[0m    
[31m[1m^^^^^^^^^^^^^^^^^^^^^^^^^^^^^^^^^^^^^^^^^^^^^^^^^^^^^^^^^^^^^^^^^^^^^^^^^^^^^^^^^^^^^^^^[0m
  [90m4258 |[0m ...
  [90m4259 |[0m ...
  [90m4260 |[0m ...

Parsing ecmascript source code failed

Import traces:
  App Route:
    ./src/data/pythonPrograms.ts
    ./app/api/admin/users/import-teachers-csv/route.ts

  Client Component Browser:
    ./src/data/pythonPrograms.ts [Client Component Browser]
    ./src/sections/ProgramsSection.tsx [Client Component Browser]
    ./src/sections/ProgramsSection.tsx [Server Component]
    ./app/page.tsx [Server Component]

  Client Component SSR:
    ./src/data/pythonPrograms.ts [Client Component SSR]
    ./src/sections/ProgramsSection.tsx [Client Component SSR]
    ./src/sections/ProgramsSection.tsx [Server Component]
    ./app/page.tsx [Server Component]


./src/data/pythonPrograms.ts:4260:9
Cannot assign to this
  [90m4258 |[0m [32m  },[0m
  [90m4259 |[0m [32m  {[0m
[31m[1m>[0m [90m4260 |[0m [32m    id: "mp-5",[0m
  [90m     |[0m         [31m[1m^^^^^^[0m
  [90m4261 |[0m [32m    title: "Caesar Cipher",[0m
  [90m4262 |[0m [32m    language: "python" as const,[0m
  [90m4263 |[0m [32m    category: "Modules & Projects" as const,[0m

Parsing ecmascript source code failed

Import traces:
  App Route:
    ./src/data/pythonPrograms.ts
    ./app/api/admin/users/import-teachers-csv/route.ts

  Client Component Browser:
    ./src/data/pythonPrograms.ts [Client Component Browser]
    ./src/sections/ProgramsSection.tsx [Client Component Browser]
    ./src/sections/ProgramsSection.tsx [Server Component]
    ./app/page.tsx [Server Component]

  Client Component SSR:
    ./src/data/pythonPrograms.ts [Client Component SSR]
    ./src/sections/ProgramsSection.tsx [Client Component SSR]
    ./src/sections/ProgramsSection.tsx [Server Component]
    ./app/page.tsx [Server Component]


./src/data/pythonPrograms.ts:4261:12
Cannot assign to this
  [90m4259 |[0m [32m  {[0m
  [90m4260 |[0m [32m    id: "mp-5",[0m
[31m[1m>[0m [90m4261 |[0m [32m    title: "Caesar Cipher",[0m
  [90m     |[0m            [31m[1m^^^^^^^^^^^^^^^[0m
  [90m4262 |[0m [32m    language: "python" as const,[0m
  [90m4263 |[0m [32m    category: "Modules & Projects" as const,[0m
  [90m4264 |[0m [32m    difficulty: "Medium",[0m

Parsing ecmascript source code failed

Import traces:
  App Route:
    ./src/data/pythonPrograms.ts
    ./app/api/admin/users/import-teachers-csv/route.ts

  Client Component Browser:
    ./src/data/pythonPrograms.ts [Client Component Browser]
    ./src/sections/ProgramsSection.tsx [Client Component Browser]
    ./src/sections/ProgramsSection.tsx [Server Component]
    ./app/page.tsx [Server Component]

  Client Component SSR:
    ./src/data/pythonPrograms.ts [Client Component SSR]
    ./src/sections/ProgramsSection.tsx [Client Component SSR]
    ./src/sections/ProgramsSection.tsx [Server Component]
    ./app/page.tsx [Server Component]


./src/data/pythonPrograms.ts:4264:17
Cannot assign to this
  [90m4262 |[0m [32m    language: "python" as const,[0m
  [90m4263 |[0m [32m    category: "Modules & Projects" as const,[0m
[31m[1m>[0m [90m4264 |[0m [32m    difficulty: "Medium",[0m
  [90m     |[0m                 [31m[1m^^^^^^^^[0m
  [90m4265 |[0m [32m    classLevel: "Class 10" as const,[0m
  [90m4266 |[0m [32m    description: "Encrypt and decrypt messages by shifting letters in the alphabet.",[0m
  [90m4267 |[0m [32m    code: `[0m# [33mCaesar[0m [33mCipher[0m [33mProgram[0m

Parsing ecmascript source code failed

Import traces:
  App Route:
    ./src/data/pythonPrograms.ts
    ./app/api/admin/users/import-teachers-csv/route.ts

  Client Component Browser:
    ./src/data/pythonPrograms.ts [Client Component Browser]
    ./src/sections/ProgramsSection.tsx [Client Component Browser]
    ./src/sections/ProgramsSection.tsx [Server Component]
    ./app/page.tsx [Server Component]

  Client Component SSR:
    ./src/data/pythonPrograms.ts [Client Component SSR]
    ./src/sections/ProgramsSection.tsx [Client Component SSR]
    ./src/sections/ProgramsSection.tsx [Server Component]
    ./app/page.tsx [Server Component]


./src/data/pythonPrograms.ts:4266:18
Cannot assign to this
  [90m4264 |[0m [32m    difficulty: "Medium",[0m
  [90m4265 |[0m [32m    classLevel: "Class 10" as const,[0m
[31m[1m>[0m [90m4266 |[0m [32m    description: "Encrypt and decrypt messages by shifting letters in the 
alphabet.",[0m
  [90m     |[0m                  [31m[1m^^^^^^^^^^^^^^^^^^^^^^^^^^^^^^^^^^^^^^^^^^^^^^^^^^^^^^^^^^^^^^^^^^^[0m
  [90m4267 |[0m [32m    code: `[0m# [33mCaesar[0m [33mCipher[0m [33mProgram[0m
  [90m4268 |[0m # =====================
  [90m4269 |[0m # [33mAncient[0m encryption: shift each letter by a fixed number

Parsing ecmascript source code failed

Import traces:
  App Route:
    ./src/data/pythonPrograms.ts
    ./app/api/admin/users/import-teachers-csv/route.ts

  Client Component Browser:
    ./src/data/pythonPrograms.ts [Client Component Browser]
    ./src/sections/ProgramsSection.tsx [Client Component Browser]
    ./src/sections/ProgramsSection.tsx [Server Component]
    ./app/page.tsx [Server Component]

  Client Component SSR:
    ./src/data/pythonPrograms.ts [Client Component SSR]
    ./src/sections/ProgramsSection.tsx [Client Component SSR]
    ./src/sections/ProgramsSection.tsx [Server Component]
    ./app/page.tsx [Server Component]


./src/data/pythonPrograms.ts:4267:11
Cannot assign to this
  [90m4265 |[0m [32m    classLevel: "Class 10" as const,[0m
  [90m4266 |[0m [32m    description: "Encrypt and decrypt messages by shifting letters in the alphabet.",[0m
[31m[1m>[0m [90m4267 |[0m [32m    code: `[0m# [33mCaesar[0m [33mCipher[0m [33mProgram[0m
  [90m     |[0m           [31m[1m^^^^^^^^^^^^^^^^^^^^^^^[0m
[31m[1m>[0m [90m4268 |[0m # =====================
  [90m     |[0m [31m[1m^^^^^^^^^^^^^^^^^^^^^^^[0m
[31m[1m>[0m [90m4269 |[0m # [33mAncient[0m encryption: shift each letter by a fixed number
  [90m     |[0m [31m[1m^^^^^^^^^^^^^^^^^^^^^^^^^^^^^^^^^^^^^^^^^^^^^^^^^^^^^^^^^[0m
[31m[1m>[0m [90m4270 |[0m
  [90m     |[0m [31m[1m^[0m
[31m[1m>[0m [90m4271 |[0m def encrypt(text, shift):
  [90m     |[0m [31m[1m^^^^^^^^^^^^^^^^^^^^^^^^^[0m
[31m[1m>[0m [90m4272 |[0m     result = [32m""[0m
  [90m     |[0m [31m[1m^^^^^^^^^^^^^^^[0m
[31m[1m>[0m [90m4273 |[0m     [36mfor[0m char [36min[0m text:
  [90m     |[0m [31m[1m^^^^^^^^^^^^^^^^^^^^^[0m
[31m[1m>[0m [90m4274 |[0m         [36mif[0m char.isalpha():
  [90m     |[0m [31m[1m^^^^^^^^^^^^^^^^^^^^^^^^^^[0m
[31m[1m>[0m [90m4275 |[0m             # [33mGet[0m [33mASCII[0m value, shift, wrap around using modulo
  [90m     |[0m [31m[1m^^^^^^^^^^^^^^^^^^^^^^^^^^^^^^^^^^^^^^^^^^^^^^^^^^^^^^^^^^^^^^[0m
[31m[1m>[0m [90m4276 |[0m             base = ord([32m'A'[0m) [36mif[0m char.isupper() [36melse[0m 
ord([32m'a'[0m)
  [90m     |[0m [31m[1m^^^^^^^^^^^^^^^^^^^^^^^^^^^^^^^^^^^^^^^^^^^^^^^^^^^^^^^^^^^[0m
[31m[1m>[0m [90m4277 |[0m             shifted = (ord(char) - base + shift) % [35m26[0m
  [90m     |[0m [31m[1m^^^^^^^^^^^^^^^^^^^^^^^^^^^^^^^^^^^^^^^^^^^^^^^^^^^^^[0m
[31m[1m>[0m [90m4278 |[0m             result += chr(base + shifted)
  [90m     |[0m [31m[1m^^^^^^^^^^^^^^^^^^^^^^^^^^^^^^^^^^^^^^^^^[0m
[31m[1m>[0m [90m4279 |[0m         [36melse[0m:
  [90m     |[0m [31m[1m^^^^^^^^^^^^^[0m
[31m[1m>[0m [90m4280 |[0m             # [33mNon[0m-alphabetic characters stay the same
  [90m     |[0m [31m[1m^^^^^^^^^^^^^^^^^^^^^^^^^^^^^^^^^^^^^^^^^^^^^^^^^^^^^[0m
[31m[1m>[0m [90m4281 |[0m             result += char
  [90m     |[0m [31m[1m^^^^^^^^^^^^^^^^^^^^^^^^^^[0m
[31m[1m>[0m [90m4282 |[0m     [36mreturn[0m result
  [90m     |[0m [31m[1m^^^^^^^^^^^^^^^^^[0m
[31m[1m>[0m [90m4283 |[0m
  [90m     |[0m [31m[1m^[0m
[31m[1m>[0m [90m4284 |[0m def decrypt(text, shift):
  [90m     |[0m [31m[1m^^^^^^^^^^^^^^^^^^^^^^^^^[0m
[31m[1m>[0m [90m4285 |[0m     # [33mDecrypt[0m is just encrypt [36mwith[0m negative shift
  [90m     |[0m [31m[1m^^^^^^^^^^^^^^^^^^^^^^^^^^^^^^^^^^^^^^^^^^^^^^^^^[0m
[31m[1m>[0m [90m4286 |[0m     [36mreturn[0m encrypt(text, -shift)
  [90m     |[0m [31m[1m^^^^^^^^^^^^^^^^^^^^^^^^^^^^^^^^[0m
[31m[1m>[0m [90m4287 |[0m
  [90m     |[0m [31m[1m^[0m
[31m[1m>[0m [90m4288 |[0m # [33mMain[0m program
  [90m     |[0m [31m[1m^^^^^^^^^^^^^^[0m
[31m[1m>[0m [90m4289 |[0m message = [32m"Hello, World!"[0m
  [90m     |[0m [31m[1m^^^^^^^^^^^^^^^^^^^^^^^^^[0m
[31m[1m>[0m [90m4290 |[0m shift = [35m3[0m
  [90m     |[0m [31m[1m^^^^^^^^^[0m
[31m[1m>[0m [90m4291 |[0m
  [90m     |[0m [31m[1m^[0m
[31m[1m>[0m [90m4292 |[0m print([32m"Caesar Cipher:"[0m)
  [90m     |[0m [31m[1m^^^^^^^^^^^^^^^^^^^^^^^[0m
[31m[1m>[0m [90m4293 |[0m print([32m"="[0m * [35m40[0m)
  [90m     |[0m [31m[1m^^^^^^^^^^^^^^^[0m
[31m[1m>[0m [90m4294 |[0m print(f[32m"Original:  {message}"[0m)
  [90m     |[0m [31m[1m^^^^^^^^^^^^^^^^^^^^^^^^^^^^^^[0m
[31m[1m>[0m [90m4295 |[0m
  [90m     |[0m [31m[1m^[0m
[31m[1m>[0m [90m4296 |[0m encrypted = encrypt(message, shift)
  [90m     |[0m [31m[1m^^^^^^^^^^^^^^^^^^^^^^^^^^^^^^^^^^^[0m
[31m[1m>[0m [90m4297 |[0m print(f[32m"Encrypted: {encrypted}"[0m)
  [90m     |[0m [31m[1m^^^^^^^^^^^^^^^^^^^^^^^^^^^^^^^^[0m
[31m[1m>[0m [90m4298 |[0m
  [90m     |[0m [31m[1m^[0m
[31m[1m>[0m [90m4299 |[0m decrypted = decrypt(encrypted, shift)
  [90m     |[0m [31m[1m^^^^^^^^^^^^^^^^^^^^^^^^^^^^^^^^^^^^^[0m
[31m[1m>[0m [90m4300 |[0m print(f[32m"Decrypted: {decrypted}"[0m)
  [90m     |[0m [31m[1m^^^^^^^^^^^^^^^^^^^^^^^^^^^^^^^^[0m
[31m[1m>[0m [90m4301 |[0m
  [90m     |[0m [31m[1m^[0m
[31m[1m>[0m [90m4302 |[0m # [33mExecution[0m trace [36mfor[0m [32m'H'[0m [36mwith[0m shift [35m3[0m:
  [90m     |[0m [31m[1m^^^^^^^^^^^^^^^^^^^^^^^^^^^^^^^^^^^^^^^[0m
[31m[1m>[0m [90m4303 |[0m # ord([32m'H'[0m) = [35m72[0m, ord([32m'A'[0m) = [35m65[0m
  [90m     |[0m [31m[1m^^^^^^^^^^^^^^^^^^^^^^^^^^^^^^[0m
[31m[1m>[0m [90m4304 |[0m # shifted = ([35m72[0m - [35m65[0m + [35m3[0m) % [35m26[0m = [35m10[0m
  [90m     |[0m [31m[1m^^^^^^^^^^^^^^^^^^^^^^^^^^^^^^^^^^^[0m
[31m[1m>[0m [90m4305 |[0m # chr([35m65[0m + [35m10[0m) = chr([35m75[0m) = [32m'K'[0m
  [90m     |[0m [31m[1m^^^^^^^^^^^^^^^^^^^^^^^^^^^^^^[0m
[31m[1m>[0m [90m4306 |[0m
  [90m     |[0m [31m[1m^[0m
[31m[1m>[0m [90m4307 |[0m # [33mTRY[0m [33mTHIS[0m: [33mTry[0m different shift values to create your own 
secret codes!
  [90m     |[0m [31m[1m^^^^^^^^^^^^^^^^^^^^^^^^^^^^^^^^^^^^^^^^^^^^^^^^^^^^^^^^^^^^^^^^^^^^^^^[0m
[31m[1m>[0m [90m4308 |[0m [32m`,[0m
  [90m     |[0m [31m[1m^[0m
  [90m4309 |[0m [32m    funFact: "Julius Caesar used this cipher with a shift of 3 to protect military messa...[0m
  [90m4310 |[0m [32m  },[0m
  [90m4311 |[0m [32m  {[0m

Parsing ecmascript source code failed

Import traces:
  App Route:
    ./src/data/pythonPrograms.ts
    ./app/api/admin/users/import-teachers-csv/route.ts

  Client Component Browser:
    ./src/data/pythonPrograms.ts [Client Component Browser]
    ./src/sections/ProgramsSection.tsx [Client Component Browser]
    ./src/sections/ProgramsSection.tsx [Server Component]
    ./app/page.tsx [Server Component]

  Client Component SSR:
    ./src/data/pythonPrograms.ts [Client Component SSR]
    ./src/sections/ProgramsSection.tsx [Client Component SSR]
    ./src/sections/ProgramsSection.tsx [Server Component]
    ./app/page.tsx [Server Component]


./src/data/pythonPrograms.ts:4309:14
Cannot assign to this
  [90m4307 |[0m ... [33mTry[0m different shift values to create your own secret codes!
  [90m4308 |[0m ...
[31m[1m>[0m [90m4309 |[0m ...[32m: "Julius Caesar used this cipher with a shift of 3 to protect military 
messages!"[0m
  [90m     |[0m      [31m[1m^^^^^^^^^^^^^^^^^^^^^^^^^^^^^^^^^^^^^^^^^^^^^^^^^^^^^^^^^^^^^^^^^^^^^^^^^^^^^^^^[0m
  [90m4310 |[0m ...
  [90m4311 |[0m ...
  [90m4312 |[0m ...[32m-6",[0m

Parsing ecmascript source code failed

Import traces:
  App Route:
    ./src/data/pythonPrograms.ts
    ./app/api/admin/users/import-teachers-csv/route.ts

  Client Component Browser:
    ./src/data/pythonPrograms.ts [Client Component Browser]
    ./src/sections/ProgramsSection.tsx [Client Component Browser]
    ./src/sections/ProgramsSection.tsx [Server Component]
    ./app/page.tsx [Server Component]

  Client Component SSR:
    ./src/data/pythonPrograms.ts [Client Component SSR]
    ./src/sections/ProgramsSection.tsx [Client Component SSR]
    ./src/sections/ProgramsSection.tsx [Server Component]
    ./app/page.tsx [Server Component]


./src/data/pythonPrograms.ts:4312:9
Cannot assign to this
  [90m4310 |[0m [32m  },[0m
  [90m4311 |[0m [32m  {[0m
[31m[1m>[0m [90m4312 |[0m [32m    id: "mp-6",[0m
  [90m     |[0m         [31m[1m^^^^^^[0m
  [90m4313 |[0m [32m    title: "Tic Tac Toe",[0m
  [90m4314 |[0m [32m    language: "python" as const,[0m
  [90m4315 |[0m [32m    category: "Modules & Projects" as const,[0m

Parsing ecmascript source code failed

Import traces:
  App Route:
    ./src/data/pythonPrograms.ts
    ./app/api/admin/users/import-teachers-csv/route.ts

  Client Component Browser:
    ./src/data/pythonPrograms.ts [Client Component Browser]
    ./src/sections/ProgramsSection.tsx [Client Component Browser]
    ./src/sections/ProgramsSection.tsx [Server Component]
    ./app/page.tsx [Server Component]

  Client Component SSR:
    ./src/data/pythonPrograms.ts [Client Component SSR]
    ./src/sections/ProgramsSection.tsx [Client Component SSR]
    ./src/sections/ProgramsSection.tsx [Server Component]
    ./app/page.tsx [Server Component]


./src/data/pythonPrograms.ts:4313:12
Cannot assign to this
  [90m4311 |[0m [32m  {[0m
  [90m4312 |[0m [32m    id: "mp-6",[0m
[31m[1m>[0m [90m4313 |[0m [32m    title: "Tic Tac Toe",[0m
  [90m     |[0m            [31m[1m^^^^^^^^^^^^^[0m
  [90m4314 |[0m [32m    language: "python" as const,[0m
  [90m4315 |[0m [32m    category: "Modules & Projects" as const,[0m
  [90m4316 |[0m [32m    difficulty: "Hard",[0m

Parsing ecmascript source code failed

Import traces:
  App Route:
    ./src/data/pythonPrograms.ts
    ./app/api/admin/users/import-teachers-csv/route.ts

  Client Component Browser:
    ./src/data/pythonPrograms.ts [Client Component Browser]
    ./src/sections/ProgramsSection.tsx [Client Component Browser]
    ./src/sections/ProgramsSection.tsx [Server Component]
    ./app/page.tsx [Server Component]

  Client Component SSR:
    ./src/data/pythonPrograms.ts [Client Component SSR]
    ./src/sections/ProgramsSection.tsx [Client Component SSR]
    ./src/sections/ProgramsSection.tsx [Server Component]
    ./app/page.tsx [Server Component]


./src/data/pythonPrograms.ts:4316:17
Cannot assign to this
  [90m4314 |[0m [32m    language: "python" as const,[0m
  [90m4315 |[0m [32m    category: "Modules & Projects" as const,[0m
[31m[1m>[0m [90m4316 |[0m [32m    difficulty: "Hard",[0m
  [90m     |[0m                 [31m[1m^^^^^^[0m
  [90m4317 |[0m [32m    classLevel: "Class 10" as const,[0m
  [90m4318 |[0m [32m    description: "Build a two-player Tic Tac Toe game with win detection.",[0m
  [90m4319 |[0m [32m    code: `[0m# [33mTic[0m [33mTac[0m [33mToe[0m [33mGame[0m

Parsing ecmascript source code failed

Import traces:
  App Route:
    ./src/data/pythonPrograms.ts
    ./app/api/admin/users/import-teachers-csv/route.ts

  Client Component Browser:
    ./src/data/pythonPrograms.ts [Client Component Browser]
    ./src/sections/ProgramsSection.tsx [Client Component Browser]
    ./src/sections/ProgramsSection.tsx [Server Component]
    ./app/page.tsx [Server Component]

  Client Component SSR:
    ./src/data/pythonPrograms.ts [Client Component SSR]
    ./src/sections/ProgramsSection.tsx [Client Component SSR]
    ./src/sections/ProgramsSection.tsx [Server Component]
    ./app/page.tsx [Server Component]


./src/data/pythonPrograms.ts:4318:18
Cannot assign to this
  [90m4316 |[0m [32m    difficulty: "Hard",[0m
  [90m4317 |[0m [32m    classLevel: "Class 10" as const,[0m
[31m[1m>[0m [90m4318 |[0m [32m    description: "Build a two-player Tic Tac Toe game with win detection.",[0m
  [90m     |[0m                  [31m[1m^^^^^^^^^^^^^^^^^^^^^^^^^^^^^^^^^^^^^^^^^^^^^^^^^^^^^^^^^[0m
  [90m4319 |[0m [32m    code: `[0m# [33mTic[0m [33mTac[0m [33mToe[0m [33mGame[0m
  [90m4320 |[0m # ================
  [90m4321 |[0m # [33mTwo[0m-player game on a [35m3[0mx3 grid

Parsing ecmascript source code failed

Import traces:
  App Route:
    ./src/data/pythonPrograms.ts
    ./app/api/admin/users/import-teachers-csv/route.ts

  Client Component Browser:
    ./src/data/pythonPrograms.ts [Client Component Browser]
    ./src/sections/ProgramsSection.tsx [Client Component Browser]
    ./src/sections/ProgramsSection.tsx [Server Component]
    ./app/page.tsx [Server Component]

  Client Component SSR:
    ./src/data/pythonPrograms.ts [Client Component SSR]
    ./src/sections/ProgramsSection.tsx [Client Component SSR]
    ./src/sections/ProgramsSection.tsx [Server Component]
    ./app/page.tsx [Server Component]


./src/data/pythonPrograms.ts:4319:11
Cannot assign to this
  [90m4317 |[0m [32m    classLevel: "Class 10" as const,[0m
  [90m4318 |[0m [32m    description: "Build a two-player Tic Tac Toe game with win detection.",[0m
[31m[1m>[0m [90m4319 |[0m [32m    code: `[0m# [33mTic[0m [33mTac[0m [33mToe[0m [33mGame[0m
  [90m     |[0m           [31m[1m^^^^^^^^^^^^^^^^^^[0m
[31m[1m>[0m [90m4320 |[0m # ================
  [90m     |[0m [31m[1m^^^^^^^^^^^^^^^^^^[0m
[31m[1m>[0m [90m4321 |[0m # [33mTwo[0m-player game on a [35m3[0mx3 grid
  [90m     |[0m [31m[1m^^^^^^^^^^^^^^^^^^^^^^^^^^^^^^^[0m
[31m[1m>[0m [90m4322 |[0m
  [90m     |[0m [31m[1m^[0m
[31m[1m>[0m [90m4323 |[0m # [33mInitialize[0m empty board
  [90m     |[0m [31m[1m^^^^^^^^^^^^^^^^^^^^^^^^[0m
[31m[1m>[0m [90m4324 |[0m board = [[32m' '[0m] * [35m9[0m  # positions [35m0[0m-[35m8[0m
  [90m     |[0m [31m[1m^^^^^^^^^^^^^^^^^^^^^^^^^^^^^^^^^^[0m
[31m[1m>[0m [90m4325 |[0m
  [90m     |[0m [31m[1m^[0m
[31m[1m>[0m [90m4326 |[0m def display_board():
  [90m     |[0m [31m[1m^^^^^^^^^^^^^^^^^^^^[0m
[31m[1m>[0m [90m4327 |[0m     print()
  [90m     |[0m [31m[1m^^^^^^^^^^^[0m
[31m[1m>[0m [90m4328 |[0m     [36mfor[0m i [36min[0m range([35m3[0m):
  [90m     |[0m [31m[1m^^^^^^^^^^^^^^^^^^^^^^[0m
[31m[1m>[0m [90m4329 |[0m         row = board[i*[35m3[0m:(i+[35m1[0m)*[35m3[0m]
  [90m     |[0m [31m[1m^^^^^^^^^^^^^^^^^^^^^^^^^^^^^^^^[0m
[31m[1m>[0m [90m4330 |[0m         print(f[32m"  {row[0]} | {row[1]} | {row[2]}"[0m)
  [90m     |[0m [31m[1m^^^^^^^^^^^^^^^^^^^^^^^^^^^^^^^^^^^^^^^^^^^^^^^^^^[0m
[31m[1m>[0m [90m4331 |[0m         [36mif[0m i < [35m2[0m:
  [90m     |[0m [31m[1m^^^^^^^^^^^^^^^^^[0m
[31m[1m>[0m [90m4332 |[0m             print([32m" ---|---|---"[0m)
  [90m     |[0m [31m[1m^^^^^^^^^^^^^^^^^^^^^^^^^^^^^^^^^[0m
[31m[1m>[0m [90m4333 |[0m     print()
  [90m     |[0m [31m[1m^^^^^^^^^^^[0m
[31m[1m>[0m [90m4334 |[0m
  [90m     |[0m [31m[1m^[0m
[31m[1m>[0m [90m4335 |[0m def check_winner(player):
  [90m     |[0m [31m[1m^^^^^^^^^^^^^^^^^^^^^^^^^[0m
[31m[1m>[0m [90m4336 |[0m     # [33mAll[0m winning combinations
  [90m     |[0m [31m[1m^^^^^^^^^^^^^^^^^^^^^^^^^^^^^^[0m
[31m[1m>[0m [90m4337 |[0m     wins = [
  [90m     |[0m [31m[1m^^^^^^^^^^^^[0m
[31m[1m>[0m [90m4338 |[0m         [[35m0[0m,[35m1[0m,[35m2[0m], [[35m3[0m,[35m4[0m,[35m5[0m], 
[[35m6[0m,[35m7[0m,[35m8[0m],  # rows
  [90m     |[0m [31m[1m^^^^^^^^^^^^^^^^^^^^^^^^^^^^^^^^^^^^^^^^^^[0m
[31m[1m>[0m [90m4339 |[0m         [[35m0[0m,[35m3[0m,[35m6[0m], [[35m1[0m,[35m4[0m,[35m7[0m], 
[[35m2[0m,[35m5[0m,[35m8[0m],  # columns
  [90m     |[0m [31m[1m^^^^^^^^^^^^^^^^^^^^^^^^^^^^^^^^^^^^^^^^^^^^^[0m
[31m[1m>[0m [90m4340 |[0m         [[35m0[0m,[35m4[0m,[35m8[0m], [[35m2[0m,[35m4[0m,[35m6[0m]          
   # diagonals
  [90m     |[0m [31m[1m^^^^^^^^^^^^^^^^^^^^^^^^^^^^^^^^^^^^^^^^^^^^^^^^[0m
[31m[1m>[0m [90m4341 |[0m     ]
  [90m     |[0m [31m[1m^^^^^[0m
[31m[1m>[0m [90m4342 |[0m     [36mreturn[0m any(board[i] == board[j] == board[k] == player
  [90m     |[0m [31m[1m^^^^^^^^^^^^^^^^^^^^^^^^^^^^^^^^^^^^^^^^^^^^^^^^^^^^^^^^^[0m
[31m[1m>[0m [90m4343 |[0m                [36mfor[0m i, j, k [36min[0m wins)
  [90m     |[0m [31m[1m^^^^^^^^^^^^^^^^^^^^^^^^^^^^^^^^^^^[0m
[31m[1m>[0m [90m4344 |[0m
  [90m     |[0m [31m[1m^[0m
[31m[1m>[0m [90m4345 |[0m def is_board_full():
  [90m     |[0m [31m[1m^^^^^^^^^^^^^^^^^^^^[0m
[31m[1m>[0m [90m4346 |[0m     [36mreturn[0m [32m' '[0m not [36min[0m board
  [90m     |[0m [31m[1m^^^^^^^^^^^^^^^^^^^^^^^^^^^[0m
[31m[1m>[0m [90m4347 |[0m
  [90m     |[0m [31m[1m^[0m
[31m[1m>[0m [90m4348 |[0m # [33mMain[0m game loop
  [90m     |[0m [31m[1m^^^^^^^^^^^^^^^^[0m
[31m[1m>[0m [90m4349 |[0m print([32m"Tic Tac Toe!"[0m)
  [90m     |[0m [31m[1m^^^^^^^^^^^^^^^^^^^^^[0m
[31m[1m>[0m [90m4350 |[0m print([32m"Enter position 0-8 to place your mark"[0m)
  [90m     |[0m [31m[1m^^^^^^^^^^^^^^^^^^^^^^^^^^^^^^^^^^^^^^^^^^^^^^[0m
[31m[1m>[0m [90m4351 |[0m display_board()
  [90m     |[0m [31m[1m^^^^^^^^^^^^^^^[0m
[31m[1m>[0m [90m4352 |[0m
  [90m     |[0m [31m[1m^[0m
[31m[1m>[0m [90m4353 |[0m current_player = [32m'X'[0m
  [90m     |[0m [31m[1m^^^^^^^^^^^^^^^^^^^^[0m
[31m[1m>[0m [90m4354 |[0m game_over = [33mFalse[0m
  [90m     |[0m [31m[1m^^^^^^^^^^^^^^^^^[0m
[31m[1m>[0m [90m4355 |[0m
  [90m     |[0m [31m[1m^[0m
[31m[1m>[0m [90m4356 |[0m [36mwhile[0m not game_over:
  [90m     |[0m [31m[1m^^^^^^^^^^^^^^^^^^^^[0m
[31m[1m>[0m [90m4357 |[0m     [36mtry[0m:
  [90m     |[0m [31m[1m^^^^^^^^[0m
[31m[1m>[0m [90m4358 |[0m         pos = int(input(f[32m"Player {current_player}, enter position (0-8): "[0m))
  [90m     |[0m [31m[1m^^^^^^^^^^^^^^^^^^^^^^^^^^^^^^^^^^^^^^^^^^^^^^^^^^^^^^^^^^^^^^^^^^^^^^^^^^^^[0m
[31m[1m>[0m [90m4359 |[0m         [36mif[0m board[pos] == [32m' '[0m:
  [90m     |[0m [31m[1m^^^^^^^^^^^^^^^^^^^^^^^^^^^^^[0m
[31m[1m>[0m [90m4360 |[0m             board[pos] = current_player
  [90m     |[0m [31m[1m^^^^^^^^^^^^^^^^^^^^^^^^^^^^^^^^^^^^^^^[0m
[31m[1m>[0m [90m4361 |[0m             display_board()
  [90m     |[0m [31m[1m^^^^^^^^^^^^^^^^^^^^^^^^^^^[0m
[31m[1m>[0m [90m4362 |[0m
  [90m     |[0m [31m[1m^[0m
[31m[1m>[0m [90m4363 |[0m             [36mif[0m check_winner(current_player):
  [90m     |[0m [31m[1m^^^^^^^^^^^^^^^^^^^^^^^^^^^^^^^^^^^^^^^^^^^^[0m
[31m[1m>[0m [90m4364 |[0m                 print(f[32m"Player {current_player} wins!"[0m)
  [90m     |[0m [31m[1m^^^^^^^^^^^^^^^^^^^^^^^^^^^^^^^^^^^^^^^^^^^^^^^^^^^^^^^[0m
[31m[1m>[0m [90m4365 |[0m                 game_over = [33mTrue[0m
  [90m     |[0m [31m[1m^^^^^^^^^^^^^^^^^^^^^^^^^^^^^^^^[0m
[31m[1m>[0m [90m4366 |[0m             elif is_board_full():
  [90m     |[0m [31m[1m^^^^^^^^^^^^^^^^^^^^^^^^^^^^^^^^^[0m
[31m[1m>[0m [90m4367 |[0m                 print([32m"It's a draw!"[0m)
  [90m     |[0m [31m[1m^^^^^^^^^^^^^^^^^^^^^^^^^^^^^^^^^^^^^[0m
[31m[1m>[0m [90m4368 |[0m                 game_over = [33mTrue[0m
  [90m     |[0m [31m[1m^^^^^^^^^^^^^^^^^^^^^^^^^^^^^^^^[0m
[31m[1m>[0m [90m4369 |[0m             [36melse[0m:
  [90m     |[0m [31m[1m^^^^^^^^^^^^^^^^^[0m
[31m[1m>[0m [90m4370 |[0m                 current_player = [32m'O'[0m [36mif[0m current_player == 
[32m'X'[0m [36melse[0m [32m'X'[0m
  [90m     |[0m [31m[1m^^^^^^^^^^^^^^^^^^^^^^^^^^^^^^^^^^^^^^^^^^^^^^^^^^^^^^^^^^^^^^^^^^^^^^[0m
[31m[1m>[0m [90m4371 |[0m         [36melse[0m:
  [90m     |[0m [31m[1m^^^^^^^^^^^^^[0m
[31m[1m>[0m [90m4372 |[0m             print([32m"Position taken! Try again."[0m)
  [90m     |[0m [31m[1m^^^^^^^^^^^^^^^^^^^^^^^^^^^^^^^^^^^^^^^^^^^^^^^[0m
[31m[1m>[0m [90m4373 |[0m     except ([33mValueError[0m, [33mIndexError[0m):
  [90m     |[0m [31m[1m^^^^^^^^^^^^^^^^^^^^^^^^^^^^^^^^^^^^[0m
[31m[1m>[0m [90m4374 |[0m         print([32m"Invalid input! Enter a number 0-8."[0m)
  [90m     |[0m [31m[1m^^^^^^^^^^^^^^^^^^^^^^^^^^^^^^^^^^^^^^^^^^^^^^^^^^^[0m
[31m[1m>[0m [90m4375 |[0m
  [90m     |[0m [31m[1m^[0m
[31m[1m>[0m [90m4376 |[0m # [33mExecution[0m trace:
  [90m     |[0m [31m[1m^^^^^^^^^^^^^^^^^^[0m
[31m[1m>[0m [90m4377 |[0m # [33mPlayer[0m [33mX[0m places at position [35m4[0m (center)
  [90m     |[0m [31m[1m^^^^^^^^^^^^^^^^^^^^^^^^^^^^^^^^^^^^^^^^[0m
[31m[1m>[0m [90m4378 |[0m # board = [[32m' '[0m,[32m' '[0m,[32m' '[0m,[32m' '[0m,[32m'X'[0m,[32m' 
'[0m,[32m' '[0m,[32m' '[0m,[32m' '[0m]
  [90m     |[0m [31m[1m^^^^^^^^^^^^^^^^^^^^^^^^^^^^^^^^^^^^^^^^^^^^^^^[0m
[31m[1m>[0m [90m4379 |[0m # check_winner checks all combinations
  [90m     |[0m [31m[1m^^^^^^^^^^^^^^^^^^^^^^^^^^^^^^^^^^^^^^[0m
[31m[1m>[0m [90m4380 |[0m
  [90m     |[0m [31m[1m^[0m
[31m[1m>[0m [90m4381 |[0m # [33mTRY[0m [33mTHIS[0m: [33mAdd[0m an [33mAI[0m opponent that makes random 
moves
  [90m     |[0m [31m[1m^^^^^^^^^^^^^^^^^^^^^^^^^^^^^^^^^^^^^^^^^^^^^^^^^^^^^^[0m
[31m[1m>[0m [90m4382 |[0m [32m`,[0m
  [90m     |[0m [31m[1m^[0m
  [90m4383 |[0m [32m    funFact: "Tic Tac Toe is a solved game - optimal play always results in a draw!"[0m
  [90m4384 |[0m [32m  },[0m
  [90m4385 |[0m [32m  {[0m

Parsing ecmascript source code failed

Import traces:
  App Route:
    ./src/data/pythonPrograms.ts
    ./app/api/admin/users/import-teachers-csv/route.ts

  Client Component Browser:
    ./src/data/pythonPrograms.ts [Client Component Browser]
    ./src/sections/ProgramsSection.tsx [Client Component Browser]
    ./src/sections/ProgramsSection.tsx [Server Component]
    ./app/page.tsx [Server Component]

  Client Component SSR:
    ./src/data/pythonPrograms.ts [Client Component SSR]
    ./src/sections/ProgramsSection.tsx [Client Component SSR]
    ./src/sections/ProgramsSection.tsx [Server Component]
    ./app/page.tsx [Server Component]


./src/data/pythonPrograms.ts:4383:14
Cannot assign to this
  [90m4381 |[0m # [33mTRY[0m [33mTHIS[0m: [33mAdd[0m an [33mAI[0m opponent that makes random moves
  [90m4382 |[0m [32m`,[0m
[31m[1m>[0m [90m4383 |[0m [32m    funFact: "Tic Tac Toe is a solved game - optimal play always results in a 
draw!"[0m
  [90m     |[0m              [31m[1m^^^^^^^^^^^^^^^^^^^^^^^^^^^^^^^^^^^^^^^^^^^^^^^^^^^^^^^^^^^^^^^^^^^^^^^[0m
  [90m4384 |[0m [32m  },[0m
  [90m4385 |[0m [32m  {[0m
  [90m4386 |[0m [32m    id: "mp-7",[0m

Parsing ecmascript source code failed

Import traces:
  App Route:
    ./src/data/pythonPrograms.ts
    ./app/api/admin/users/import-teachers-csv/route.ts

  Client Component Browser:
    ./src/data/pythonPrograms.ts [Client Component Browser]
    ./src/sections/ProgramsSection.tsx [Client Component Browser]
    ./src/sections/ProgramsSection.tsx [Server Component]
    ./app/page.tsx [Server Component]

  Client Component SSR:
    ./src/data/pythonPrograms.ts [Client Component SSR]
    ./src/sections/ProgramsSection.tsx [Client Component SSR]
    ./src/sections/ProgramsSection.tsx [Server Component]
    ./app/page.tsx [Server Component]


./src/data/pythonPrograms.ts:4386:9
Cannot assign to this
  [90m4384 |[0m [32m  },[0m
  [90m4385 |[0m [32m  {[0m
[31m[1m>[0m [90m4386 |[0m [32m    id: "mp-7",[0m
  [90m     |[0m         [31m[1m^^^^^^[0m
  [90m4387 |[0m [32m    title: "Quiz App",[0m
  [90m4388 |[0m [32m    language: "python" as const,[0m
  [90m4389 |[0m [32m    category: "Modules & Projects" as const,[0m

Parsing ecmascript source code failed

Import traces:
  App Route:
    ./src/data/pythonPrograms.ts
    ./app/api/admin/users/import-teachers-csv/route.ts

  Client Component Browser:
    ./src/data/pythonPrograms.ts [Client Component Browser]
    ./src/sections/ProgramsSection.tsx [Client Component Browser]
    ./src/sections/ProgramsSection.tsx [Server Component]
    ./app/page.tsx [Server Component]

  Client Component SSR:
    ./src/data/pythonPrograms.ts [Client Component SSR]
    ./src/sections/ProgramsSection.tsx [Client Component SSR]
    ./src/sections/ProgramsSection.tsx [Server Component]
    ./app/page.tsx [Server Component]


./src/data/pythonPrograms.ts:4387:12
Cannot assign to this
  [90m4385 |[0m [32m  {[0m
  [90m4386 |[0m [32m    id: "mp-7",[0m
[31m[1m>[0m [90m4387 |[0m [32m    title: "Quiz App",[0m
  [90m     |[0m            [31m[1m^^^^^^^^^^[0m
  [90m4388 |[0m [32m    language: "python" as const,[0m
  [90m4389 |[0m [32m    category: "Modules & Projects" as const,[0m
  [90m4390 |[0m [32m    difficulty: "Medium",[0m

Parsing ecmascript source code failed

Import traces:
  App Route:
    ./src/data/pythonPrograms.ts
    ./app/api/admin/users/import-teachers-csv/route.ts

  Client Component Browser:
    ./src/data/pythonPrograms.ts [Client Component Browser]
    ./src/sections/ProgramsSection.tsx [Client Component Browser]
    ./src/sections/ProgramsSection.tsx [Server Component]
    ./app/page.tsx [Server Component]

  Client Component SSR:
    ./src/data/pythonPrograms.ts [Client Component SSR]
    ./src/sections/ProgramsSection.tsx [Client Component SSR]
    ./src/sections/ProgramsSection.tsx [Server Component]
    ./app/page.tsx [Server Component]


./src/data/pythonPrograms.ts:4390:17
Cannot assign to this
  [90m4388 |[0m [32m    language: "python" as const,[0m
  [90m4389 |[0m [32m    category: "Modules & Projects" as const,[0m
[31m[1m>[0m [90m4390 |[0m [32m    difficulty: "Medium",[0m
  [90m     |[0m                 [31m[1m^^^^^^^^[0m
  [90m4391 |[0m [32m    classLevel: "Class 10" as const,[0m
  [90m4392 |[0m [32m    description: "Build a quiz application with scoring and feedback.",[0m
  [90m4393 |[0m [32m    code: `[0m# [33mQuiz[0m [33mApp[0m [33mProgram[0m

Parsing ecmascript source code failed

Import traces:
  App Route:
    ./src/data/pythonPrograms.ts
    ./app/api/admin/users/import-teachers-csv/route.ts

  Client Component Browser:
    ./src/data/pythonPrograms.ts [Client Component Browser]
    ./src/sections/ProgramsSection.tsx [Client Component Browser]
    ./src/sections/ProgramsSection.tsx [Server Component]
    ./app/page.tsx [Server Component]

  Client Component SSR:
    ./src/data/pythonPrograms.ts [Client Component SSR]
    ./src/sections/ProgramsSection.tsx [Client Component SSR]
    ./src/sections/ProgramsSection.tsx [Server Component]
    ./app/page.tsx [Server Component]


./src/data/pythonPrograms.ts:4392:18
Cannot assign to this
  [90m4390 |[0m [32m    difficulty: "Medium",[0m
  [90m4391 |[0m [32m    classLevel: "Class 10" as const,[0m
[31m[1m>[0m [90m4392 |[0m [32m    description: "Build a quiz application with scoring and feedback.",[0m
  [90m     |[0m                  [31m[1m^^^^^^^^^^^^^^^^^^^^^^^^^^^^^^^^^^^^^^^^^^^^^^^^^^^^^[0m
  [90m4393 |[0m [32m    code: `[0m# [33mQuiz[0m [33mApp[0m [33mProgram[0m
  [90m4394 |[0m # ================
  [90m4395 |[0m # [33mInteractive[0m quiz [36mwith[0m scoring

Parsing ecmascript source code failed

Import traces:
  App Route:
    ./src/data/pythonPrograms.ts
    ./app/api/admin/users/import-teachers-csv/route.ts

  Client Component Browser:
    ./src/data/pythonPrograms.ts [Client Component Browser]
    ./src/sections/ProgramsSection.tsx [Client Component Browser]
    ./src/sections/ProgramsSection.tsx [Server Component]
    ./app/page.tsx [Server Component]

  Client Component SSR:
    ./src/data/pythonPrograms.ts [Client Component SSR]
    ./src/sections/ProgramsSection.tsx [Client Component SSR]
    ./src/sections/ProgramsSection.tsx [Server Component]
    ./app/page.tsx [Server Component]


./src/data/pythonPrograms.ts:4393:11
Cannot assign to this
  [90m4391 |[0m [32m    classLevel: "Class 10" as const,[0m
  [90m4392 |[0m [32m    description: "Build a quiz application with scoring and feedback.",[0m
[31m[1m>[0m [90m4393 |[0m [32m    code: `[0m# [33mQuiz[0m [33mApp[0m [33mProgram[0m
  [90m     |[0m           [31m[1m^^^^^^^^^^^^^^^^^^[0m
[31m[1m>[0m [90m4394 |[0m # ================
  [90m     |[0m [31m[1m^^^^^^^^^^^^^^^^^^[0m
[31m[1m>[0m [90m4395 |[0m # [33mInteractive[0m quiz [36mwith[0m scoring
  [90m     |[0m [31m[1m^^^^^^^^^^^^^^^^^^^^^^^^^^^^^^^[0m
[31m[1m>[0m [90m4396 |[0m
  [90m     |[0m [31m[1m^[0m
[31m[1m>[0m [90m4397 |[0m # [33mStore[0m questions [36mas[0m list [36mof[0m dictionaries
  [90m     |[0m [31m[1m^^^^^^^^^^^^^^^^^^^^^^^^^^^^^^^^^^^^^^^^^[0m
[31m[1m>[0m [90m4398 |[0m questions = [
  [90m     |[0m [31m[1m^^^^^^^^^^^^^[0m
[31m[1m>[0m [90m4399 |[0m     {
  [90m     |[0m [31m[1m^^^^^[0m
[31m[1m>[0m [90m4400 |[0m         [32m"question"[0m: [32m"What is the capital of France?"[0m,
  [90m     |[0m [31m[1m^^^^^^^^^^^^^^^^^^^^^^^^^^^^^^^^^^^^^^^^^^^^^^^^^^^^^[0m
[31m[1m>[0m [90m4401 |[0m         [32m"options"[0m: [[32m"A) London"[0m, [32m"B) Paris"[0m, [32m"C) 
Berlin"[0m, [32m"D) Madrid"[0m],
  [90m     |[0m [31m[1m^^^^^^^^^^^^^^^^^^^^^^^^^^^^^^^^^^^^^^^^^^^^^^^^^^^^^^^^^^^^^^^^^^^^^^^[0m
[31m[1m>[0m [90m4402 |[0m         [32m"answer"[0m: [32m"B"[0m
  [90m     |[0m [31m[1m^^^^^^^^^^^^^^^^^^^^^[0m
[31m[1m>[0m [90m4403 |[0m     },
  [90m     |[0m [31m[1m^^^^^^[0m
[31m[1m>[0m [90m4404 |[0m     {
  [90m     |[0m [31m[1m^^^^^[0m
[31m[1m>[0m [90m4405 |[0m         [32m"question"[0m: [32m"Which planet is known as Red Planet?"[0m,
  [90m     |[0m [31m[1m^^^^^^^^^^^^^^^^^^^^^^^^^^^^^^^^^^^^^^^^^^^^^^^^^^^^^^^^^^^[0m
[31m[1m>[0m [90m4406 |[0m         [32m"options"[0m: [[32m"A) Venus"[0m, [32m"B) Jupiter"[0m, [32m"C) 
Mars"[0m, [32m"D) Saturn"[0m],
  [90m     |[0m [31m[1m^^^^^^^^^^^^^^^^^^^^^^^^^^^^^^^^^^^^^^^^^^^^^^^^^^^^^^^^^^^^^^^^^^^^^^[0m
[31m[1m>[0m [90m4407 |[0m         [32m"answer"[0m: [32m"C"[0m
  [90m     |[0m [31m[1m^^^^^^^^^^^^^^^^^^^^^[0m
[31m[1m>[0m [90m4408 |[0m     },
  [90m     |[0m [31m[1m^^^^^^[0m
[31m[1m>[0m [90m4409 |[0m     {
  [90m     |[0m [31m[1m^^^^^[0m
[31m[1m>[0m [90m4410 |[0m         [32m"question"[0m: [32m"What is 7 x 8?"[0m,
  [90m     |[0m [31m[1m^^^^^^^^^^^^^^^^^^^^^^^^^^^^^^^^^^^^^[0m
[31m[1m>[0m [90m4411 |[0m         [32m"options"[0m: [[32m"A) 54"[0m, [32m"B) 56"[0m, [32m"C) 48"[0m, 
[32m"D) 63"[0m],
  [90m     |[0m [31m[1m^^^^^^^^^^^^^^^^^^^^^^^^^^^^^^^^^^^^^^^^^^^^^^^^^^^^^^^^[0m
[31m[1m>[0m [90m4412 |[0m         [32m"answer"[0m: [32m"B"[0m
  [90m     |[0m [31m[1m^^^^^^^^^^^^^^^^^^^^^[0m
[31m[1m>[0m [90m4413 |[0m     }
  [90m     |[0m [31m[1m^^^^^[0m
[31m[1m>[0m [90m4414 |[0m ]
  [90m     |[0m [31m[1m^[0m
[31m[1m>[0m [90m4415 |[0m
  [90m     |[0m [31m[1m^[0m
[31m[1m>[0m [90m4416 |[0m def run_quiz():
  [90m     |[0m [31m[1m^^^^^^^^^^^^^^^[0m
[31m[1m>[0m [90m4417 |[0m     score = [35m0[0m
  [90m     |[0m [31m[1m^^^^^^^^^^^^^[0m
[31m[1m>[0m [90m4418 |[0m     total = len(questions)
  [90m     |[0m [31m[1m^^^^^^^^^^^^^^^^^^^^^^^^^^[0m
[31m[1m>[0m [90m4419 |[0m
  [90m     |[0m [31m[1m^[0m
[31m[1m>[0m [90m4420 |[0m     print([32m"Welcome to the Quiz!"[0m)
  [90m     |[0m [31m[1m^^^^^^^^^^^^^^^^^^^^^^^^^^^^^^^^^[0m
[31m[1m>[0m [90m4421 |[0m     print([32m"="[0m * [35m40[0m)
  [90m     |[0m [31m[1m^^^^^^^^^^^^^^^^^^^[0m
[31m[1m>[0m [90m4422 |[0m
  [90m     |[0m [31m[1m^[0m
[31m[1m>[0m [90m4423 |[0m     [36mfor[0m i, q [36min[0m enumerate(questions, [35m1[0m):
  [90m     |[0m [31m[1m^^^^^^^^^^^^^^^^^^^^^^^^^^^^^^^^^^^^^^^^[0m
[31m[1m>[0m [90m4424 |[0m         print(f[32m"\\nQuestion {i}/{total}:"[0m)
  [90m     |[0m [31m[1m^^^^^^^^^^^^^^^^^^^^^^^^^^^^^^^^^^^^^^^^^^[0m
[31m[1m>[0m [90m4425 |[0m         print(f[32m"  {q['question']}"[0m)
  [90m     |[0m [31m[1m^^^^^^^^^^^^^^^^^^^^^^^^^^^^^^^^^^^[0m
[31m[1m>[0m [90m4426 |[0m
  [90m     |[0m [31m[1m^[0m
[31m[1m>[0m [90m4427 |[0m         [36mfor[0m option [36min[0m q[[32m'options'[0m]:
  [90m     |[0m [31m[1m^^^^^^^^^^^^^^^^^^^^^^^^^^^^^^^^^^^[0m
[31m[1m>[0m [90m4428 |[0m             print(f[32m"  {option}"[0m)
  [90m     |[0m [31m[1m^^^^^^^^^^^^^^^^^^^^^^^^^^^^^^^^[0m
[31m[1m>[0m [90m4429 |[0m
  [90m     |[0m [31m[1m^[0m
[31m[1m>[0m [90m4430 |[0m         answer = input([32m"Your answer (A/B/C/D): "[0m).upper()
  [90m     |[0m [31m[1m^^^^^^^^^^^^^^^^^^^^^^^^^^^^^^^^^^^^^^^^^^^^^^^^^^^^^^^^^[0m
[31m[1m>[0m [90m4431 |[0m
  [90m     |[0m [31m[1m^[0m
[31m[1m>[0m [90m4432 |[0m         [36mif[0m answer == q[[32m'answer'[0m]:
  [90m     |[0m [31m[1m^^^^^^^^^^^^^^^^^^^^^^^^^^^^^^^^^[0m
[31m[1m>[0m [90m4433 |[0m             print([32m"  Correct!"[0m)
  [90m     |[0m [31m[1m^^^^^^^^^^^^^^^^^^^^^^^^^^^^^^^[0m
[31m[1m>[0m [90m4434 |[0m             score += [35m1[0m
  [90m     |[0m [31m[1m^^^^^^^^^^^^^^^^^^^^^^[0m
[31m[1m>[0m [90m4435 |[0m         [36melse[0m:
  [90m     |[0m [31m[1m^^^^^^^^^^^^^[0m
[31m[1m>[0m [90m4436 |[0m             print(f[32m"  Wrong! The answer was {q['answer']}"[0m)
  [90m     |[0m [31m[1m^^^^^^^^^^^^^^^^^^^^^^^^^^^^^^^^^^^^^^^^^^^^^^^^^^^^^^^^^^^[0m
[31m[1m>[0m [90m4437 |[0m
  [90m     |[0m [31m[1m^[0m
[31m[1m>[0m [90m4438 |[0m     # [33mFinal[0m score
  [90m     |[0m [31m[1m^^^^^^^^^^^^^^^^^[0m
[31m[1m>[0m [90m4439 |[0m     percentage = (score / total) * [35m100[0m
  [90m     |[0m [31m[1m^^^^^^^^^^^^^^^^^^^^^^^^^^^^^^^^^^^^^^[0m
[31m[1m>[0m [90m4440 |[0m     print([32m"\\n"[0m + [32m"="[0m * [35m40[0m)
  [90m     |[0m [31m[1m^^^^^^^^^^^^^^^^^^^^^^^^^^^[0m
[31m[1m>[0m [90m4441 |[0m     print(f[32m"Final Score: {score}/{total} ({percentage}%)"[0m)
  [90m     |[0m [31m[1m^^^^^^^^^^^^^^^^^^^^^^^^^^^^^^^^^^^^^^^^^^^^^^^^^^^^^^^^^^[0m
[31m[1m>[0m [90m4442 |[0m
  [90m     |[0m [31m[1m^[0m
[31m[1m>[0m [90m4443 |[0m     [36mif[0m percentage >= [35m80[0m:
  [90m     |[0m [31m[1m^^^^^^^^^^^^^^^^^^^^^^^^[0m
[31m[1m>[0m [90m4444 |[0m         print([32m"Excellent!"[0m)
  [90m     |[0m [31m[1m^^^^^^^^^^^^^^^^^^^^^^^^^^^[0m
[31m[1m>[0m [90m4445 |[0m     elif percentage >= [35m60[0m:
  [90m     |[0m [31m[1m^^^^^^^^^^^^^^^^^^^^^^^^^^[0m
[31m[1m>[0m [90m4446 |[0m         print([32m"Good job!"[0m)
  [90m     |[0m [31m[1m^^^^^^^^^^^^^^^^^^^^^^^^^^[0m
[31m[1m>[0m [90m4447 |[0m     [36melse[0m:
  [90m     |[0m [31m[1m^^^^^^^^^[0m
[31m[1m>[0m [90m4448 |[0m         print([32m"Keep practicing!"[0m)
  [90m     |[0m [31m[1m^^^^^^^^^^^^^^^^^^^^^^^^^^^^^^^^^[0m
[31m[1m>[0m [90m4449 |[0m
  [90m     |[0m [31m[1m^[0m
[31m[1m>[0m [90m4450 |[0m run_quiz()
  [90m     |[0m [31m[1m^^^^^^^^^^[0m
[31m[1m>[0m [90m4451 |[0m
  [90m     |[0m [31m[1m^[0m
[31m[1m>[0m [90m4452 |[0m # [33mExecution[0m trace:
  [90m     |[0m [31m[1m^^^^^^^^^^^^^^^^^^[0m
[31m[1m>[0m [90m4453 |[0m # [33mLoop[0m through questions list
  [90m     |[0m [31m[1m^^^^^^^^^^^^^^^^^^^^^^^^^^^^^[0m
[31m[1m>[0m [90m4454 |[0m # [33mGet[0m user input, compare [36mwith[0m correct answer
  [90m     |[0m [31m[1m^^^^^^^^^^^^^^^^^^^^^^^^^^^^^^^^^^^^^^^^^^^^^[0m
[31m[1m>[0m [90m4455 |[0m # [33mUpdate[0m score, show final results
  [90m     |[0m [31m[1m^^^^^^^^^^^^^^^^^^^^^^^^^^^^^^^^^^[0m
[31m[1m>[0m [90m4456 |[0m
  [90m     |[0m [31m[1m^[0m
[31m[1m>[0m [90m4457 |[0m # [33mTRY[0m [33mTHIS[0m: [33mAdd[0m more questions and a high score tracker
  [90m     |[0m [31m[1m^^^^^^^^^^^^^^^^^^^^^^^^^^^^^^^^^^^^^^^^^^^^^^^^^^^^^^^[0m
[31m[1m>[0m [90m4458 |[0m [32m`,[0m
  [90m     |[0m [31m[1m^[0m
  [90m4459 |[0m [32m    funFact: "The first computer-based quiz game was 'Computer Quiz' in 1976!"[0m
  [90m4460 |[0m [32m  },[0m
  [90m4461 |[0m [32m  {[0m

Parsing ecmascript source code failed

Import traces:
  App Route:
    ./src/data/pythonPrograms.ts
    ./app/api/admin/users/import-teachers-csv/route.ts

  Client Component Browser:
    ./src/data/pythonPrograms.ts [Client Component Browser]
    ./src/sections/ProgramsSection.tsx [Client Component Browser]
    ./src/sections/ProgramsSection.tsx [Server Component]
    ./app/page.tsx [Server Component]

  Client Component SSR:
    ./src/data/pythonPrograms.ts [Client Component SSR]
    ./src/sections/ProgramsSection.tsx [Client Component SSR]
    ./src/sections/ProgramsSection.tsx [Server Component]
    ./app/page.tsx [Server Component]


./src/data/pythonPrograms.ts:4459:14
Cannot assign to this
  [90m4457 |[0m # [33mTRY[0m [33mTHIS[0m: [33mAdd[0m more questions and a high score tracker
  [90m4458 |[0m [32m`,[0m
[31m[1m>[0m [90m4459 |[0m [32m    funFact: "The first computer-based quiz game was 'Computer Quiz' in 1976!"[0m
  [90m     |[0m              [31m[1m^^^^^^^^^^^^^^^^^^^^^^^^^^^^^^^^^^^^^^^^^^^^^^^^^^^^^^^^^^^^^^^^^[0m
  [90m4460 |[0m [32m  },[0m
  [90m4461 |[0m [32m  {[0m
  [90m4462 |[0m [32m    id: "mp-8",[0m

Parsing ecmascript source code failed

Import traces:
  App Route:
    ./src/data/pythonPrograms.ts
    ./app/api/admin/users/import-teachers-csv/route.ts

  Client Component Browser:
    ./src/data/pythonPrograms.ts [Client Component Browser]
    ./src/sections/ProgramsSection.tsx [Client Component Browser]
    ./src/sections/ProgramsSection.tsx [Server Component]
    ./app/page.tsx [Server Component]

  Client Component SSR:
    ./src/data/pythonPrograms.ts [Client Component SSR]
    ./src/sections/ProgramsSection.tsx [Client Component SSR]
    ./src/sections/ProgramsSection.tsx [Server Component]
    ./app/page.tsx [Server Component]


./src/data/pythonPrograms.ts:4462:9
Cannot assign to this
  [90m4460 |[0m [32m  },[0m
  [90m4461 |[0m [32m  {[0m
[31m[1m>[0m [90m4462 |[0m [32m    id: "mp-8",[0m
  [90m     |[0m         [31m[1m^^^^^^[0m
  [90m4463 |[0m [32m    title: "Student Manager",[0m
  [90m4464 |[0m [32m    language: "python" as const,[0m
  [90m4465 |[0m [32m    category: "Modules & Projects" as const,[0m

Parsing ecmascript source code failed

Import traces:
  App Route:
    ./src/data/pythonPrograms.ts
    ./app/api/admin/users/import-teachers-csv/route.ts

  Client Component Browser:
    ./src/data/pythonPrograms.ts [Client Component Browser]
    ./src/sections/ProgramsSection.tsx [Client Component Browser]
    ./src/sections/ProgramsSection.tsx [Server Component]
    ./app/page.tsx [Server Component]

  Client Component SSR:
    ./src/data/pythonPrograms.ts [Client Component SSR]
    ./src/sections/ProgramsSection.tsx [Client Component SSR]
    ./src/sections/ProgramsSection.tsx [Server Component]
    ./app/page.tsx [Server Component]


./src/data/pythonPrograms.ts:4463:12
Cannot assign to this
  [90m4461 |[0m [32m  {[0m
  [90m4462 |[0m [32m    id: "mp-8",[0m
[31m[1m>[0m [90m4463 |[0m [32m    title: "Student Manager",[0m
  [90m     |[0m            [31m[1m^^^^^^^^^^^^^^^^^[0m
  [90m4464 |[0m [32m    language: "python" as const,[0m
  [90m4465 |[0m [32m    category: "Modules & Projects" as const,[0m
  [90m4466 |[0m [32m    difficulty: "Medium",[0m

Parsing ecmascript source code failed

Import traces:
  App Route:
    ./src/data/pythonPrograms.ts
    ./app/api/admin/users/import-teachers-csv/route.ts

  Client Component Browser:
    ./src/data/pythonPrograms.ts [Client Component Browser]
    ./src/sections/ProgramsSection.tsx [Client Component Browser]
    ./src/sections/ProgramsSection.tsx [Server Component]
    ./app/page.tsx [Server Component]

  Client Component SSR:
    ./src/data/pythonPrograms.ts [Client Component SSR]
    ./src/sections/ProgramsSection.tsx [Client Component SSR]
    ./src/sections/ProgramsSection.tsx [Server Component]
    ./app/page.tsx [Server Component]


./src/data/pythonPrograms.ts:4466:17
Cannot assign to this
  [90m4464 |[0m [32m    language: "python" as const,[0m
  [90m4465 |[0m [32m    category: "Modules & Projects" as const,[0m
[31m[1m>[0m [90m4466 |[0m [32m    difficulty: "Medium",[0m
  [90m     |[0m                 [31m[1m^^^^^^^^[0m
  [90m4467 |[0m [32m    classLevel: "Class 10" as const,[0m
  [90m4468 |[0m [32m    description: "Manage student records with add, view, search, and save functionality.",[0m
  [90m4469 |[0m [32m    code: `[0m# [33mStudent[0m [33mManager[0m [33mProgram[0m

Parsing ecmascript source code failed

Import traces:
  App Route:
    ./src/data/pythonPrograms.ts
    ./app/api/admin/users/import-teachers-csv/route.ts

  Client Component Browser:
    ./src/data/pythonPrograms.ts [Client Component Browser]
    ./src/sections/ProgramsSection.tsx [Client Component Browser]
    ./src/sections/ProgramsSection.tsx [Server Component]
    ./app/page.tsx [Server Component]

  Client Component SSR:
    ./src/data/pythonPrograms.ts [Client Component SSR]
    ./src/sections/ProgramsSection.tsx [Client Component SSR]
    ./src/sections/ProgramsSection.tsx [Server Component]
    ./app/page.tsx [Server Component]


./src/data/pythonPrograms.ts:4468:18
Cannot assign to this
  [90m4466 |[0m [32m    difficulty: "Medium",[0m
  [90m4467 |[0m [32m    classLevel: "Class 10" as const,[0m
[31m[1m>[0m [90m4468 |[0m [32m    description: "Manage student records with add, view, search, and save 
functionality.",[0m
  [90m     |[0m                  
[31m[1m^^^^^^^^^^^^^^^^^^^^^^^^^^^^^^^^^^^^^^^^^^^^^^^^^^^^^^^^^^^^^^^^^^^^^^^^[0m
  [90m4469 |[0m [32m    code: `[0m# [33mStudent[0m [33mManager[0m [33mProgram[0m
  [90m4470 |[0m # =======================
  [90m4471 |[0m # [33mCRUD[0m operations on student records

Parsing ecmascript source code failed

Import traces:
  App Route:
    ./src/data/pythonPrograms.ts
    ./app/api/admin/users/import-teachers-csv/route.ts

  Client Component Browser:
    ./src/data/pythonPrograms.ts [Client Component Browser]
    ./src/sections/ProgramsSection.tsx [Client Component Browser]
    ./src/sections/ProgramsSection.tsx [Server Component]
    ./app/page.tsx [Server Component]

  Client Component SSR:
    ./src/data/pythonPrograms.ts [Client Component SSR]
    ./src/sections/ProgramsSection.tsx [Client Component SSR]
    ./src/sections/ProgramsSection.tsx [Server Component]
    ./app/page.tsx [Server Component]


./src/data/pythonPrograms.ts:4469:11
Cannot assign to this
  [90m4467 |[0m [32m    classLevel: "Class 10" as const,[0m
  [90m4468 |[0m [32m    description: "Manage student records with add, view, search, and save functionality.",[0m
[31m[1m>[0m [90m4469 |[0m [32m    code: `[0m# [33mStudent[0m [33mManager[0m [33mProgram[0m
  [90m     |[0m           [31m[1m^^^^^^^^^^^^^^^^^^^^^^^^^[0m
[31m[1m>[0m [90m4470 |[0m # =======================
  [90m     |[0m [31m[1m^^^^^^^^^^^^^^^^^^^^^^^^^[0m
[31m[1m>[0m [90m4471 |[0m # [33mCRUD[0m operations on student records
  [90m     |[0m [31m[1m^^^^^^^^^^^^^^^^^^^^^^^^^^^^^^^^^^^^[0m
[31m[1m>[0m [90m4472 |[0m
  [90m     |[0m [31m[1m^[0m
[31m[1m>[0m [90m4473 |[0m [36mimport[0m json
  [90m     |[0m [31m[1m^^^^^^^^^^^[0m
[31m[1m>[0m [90m4474 |[0m
  [90m     |[0m [31m[1m^[0m
[31m[1m>[0m [90m4475 |[0m # [33mList[0m to store student dictionaries
  [90m     |[0m [31m[1m^^^^^^^^^^^^^^^^^^^^^^^^^^^^^^^^^^^^[0m
[31m[1m>[0m [90m4476 |[0m students = []
  [90m     |[0m [31m[1m^^^^^^^^^^^^^[0m
[31m[1m>[0m [90m4477 |[0m
  [90m     |[0m [31m[1m^[0m
[31m[1m>[0m [90m4478 |[0m def add_student():
  [90m     |[0m [31m[1m^^^^^^^^^^^^^^^^^^[0m
[31m[1m>[0m [90m4479 |[0m     name = input([32m"Enter name: "[0m)
  [90m     |[0m [31m[1m^^^^^^^^^^^^^^^^^^^^^^^^^^^^^^^^[0m
[31m[1m>[0m [90m4480 |[0m     age = int(input([32m"Enter age: "[0m))
  [90m     |[0m [31m[1m^^^^^^^^^^^^^^^^^^^^^^^^^^^^^^^^^^^[0m
[31m[1m>[0m [90m4481 |[0m     grade = input([32m"Enter grade: "[0m)
  [90m     |[0m [31m[1m^^^^^^^^^^^^^^^^^^^^^^^^^^^^^^^^^^[0m
[31m[1m>[0m [90m4482 |[0m
  [90m     |[0m [31m[1m^[0m
[31m[1m>[0m [90m4483 |[0m     student = {
  [90m     |[0m [31m[1m^^^^^^^^^^^^^^^[0m
[31m[1m>[0m [90m4484 |[0m         [32m"name"[0m: name,
  [90m     |[0m [31m[1m^^^^^^^^^^^^^^^^^^^^^[0m
[31m[1m>[0m [90m4485 |[0m         [32m"age"[0m: age,
  [90m     |[0m [31m[1m^^^^^^^^^^^^^^^^^^^[0m
[31m[1m>[0m [90m4486 |[0m         [32m"grade"[0m: grade
  [90m     |[0m [31m[1m^^^^^^^^^^^^^^^^^^^^^^[0m
[31m[1m>[0m [90m4487 |[0m     }
  [90m     |[0m [31m[1m^^^^^[0m
[31m[1m>[0m [90m4488 |[0m     students.append(student)
  [90m     |[0m [31m[1m^^^^^^^^^^^^^^^^^^^^^^^^^^^^[0m
[31m[1m>[0m [90m4489 |[0m     print(f[32m"Added {name} successfully!"[0m)
  [90m     |[0m [31m[1m^^^^^^^^^^^^^^^^^^^^^^^^^^^^^^^^^^^^^^^^[0m
[31m[1m>[0m [90m4490 |[0m
  [90m     |[0m [31m[1m^[0m
[31m[1m>[0m [90m4491 |[0m def view_students():
  [90m     |[0m [31m[1m^^^^^^^^^^^^^^^^^^^^[0m
[31m[1m>[0m [90m4492 |[0m     [36mif[0m not students:
  [90m     |[0m [31m[1m^^^^^^^^^^^^^^^^^^^^[0m
[31m[1m>[0m [90m4493 |[0m         print([32m"No students found!"[0m)
  [90m     |[0m [31m[1m^^^^^^^^^^^^^^^^^^^^^^^^^^^^^^^^^^^[0m
[31m[1m>[0m [90m4494 |[0m         [36mreturn[0m
  [90m     |[0m [31m[1m^^^^^^^^^^^^^^[0m
[31m[1m>[0m [90m4495 |[0m
  [90m     |[0m [31m[1m^[0m
[31m[1m>[0m [90m4496 |[0m     print([32m"\\nStudent List:"[0m)
  [90m     |[0m [31m[1m^^^^^^^^^^^^^^^^^^^^^^^^^^^^^[0m
[31m[1m>[0m [90m4497 |[0m     print([32m"="[0m * [35m50[0m)
  [90m     |[0m [31m[1m^^^^^^^^^^^^^^^^^^^[0m
[31m[1m>[0m [90m4498 |[0m     [36mfor[0m i, s [36min[0m enumerate(students, [35m1[0m):
  [90m     |[0m [31m[1m^^^^^^^^^^^^^^^^^^^^^^^^^^^^^^^^^^^^^^^[0m
[31m[1m>[0m [90m4499 |[0m         print(f[32m"{i}. {s['name']} - Age: {s['age']}, Grade: {s['grade']}"[0m)
  [90m     |[0m [31m[1m^^^^^^^^^^^^^^^^^^^^^^^^^^^^^^^^^^^^^^^^^^^^^^^^^^^^^^^^^^^^^^^^^^^^^^^^^[0m
[31m[1m>[0m [90m4500 |[0m
  [90m     |[0m [31m[1m^[0m
[31m[1m>[0m [90m4501 |[0m def search_student():
  [90m     |[0m [31m[1m^^^^^^^^^^^^^^^^^^^^^[0m
[31m[1m>[0m [90m4502 |[0m     name = input([32m"Enter name to search: "[0m)
  [90m     |[0m [31m[1m^^^^^^^^^^^^^^^^^^^^^^^^^^^^^^^^^^^^^^^^^^[0m
[31m[1m>[0m [90m4503 |[0m     found = [s [36mfor[0m s [36min[0m students [36mif[0m name.lower() [36min[0m 
s[[32m'name'[0m].lower()]
  [90m     |[0m [31m[1m^^^^^^^^^^^^^^^^^^^^^^^^^^^^^^^^^^^^^^^^^^^^^^^^^^^^^^^^^^^^^^^^^^^^^^[0m
[31m[1m>[0m [90m4504 |[0m
  [90m     |[0m [31m[1m^[0m
[31m[1m>[0m [90m4505 |[0m     [36mif[0m found:
  [90m     |[0m [31m[1m^^^^^^^^^^^^^[0m
[31m[1m>[0m [90m4506 |[0m         print(f[32m"Found {len(found)} result(s):"[0m)
  [90m     |[0m [31m[1m^^^^^^^^^^^^^^^^^^^^^^^^^^^^^^^^^^^^^^^^^^^^^^^[0m
[31m[1m>[0m [90m4507 |[0m         [36mfor[0m s [36min[0m found:
  [90m     |[0m [31m[1m^^^^^^^^^^^^^^^^^^^^^^^[0m
[31m[1m>[0m [90m4508 |[0m             print(f[32m"  {s['name']} - Age: {s['age']}, Grade: {s['grade']}"[0m)
  [90m     |[0m [31m[1m^^^^^^^^^^^^^^^^^^^^^^^^^^^^^^^^^^^^^^^^^^^^^^^^^^^^^^^^^^^^^^^^^^^^^^^^^^[0m
[31m[1m>[0m [90m4509 |[0m     [36melse[0m:
  [90m     |[0m [31m[1m^^^^^^^^^[0m
[31m[1m>[0m [90m4510 |[0m         print([32m"No students found!"[0m)
  [90m     |[0m [31m[1m^^^^^^^^^^^^^^^^^^^^^^^^^^^^^^^^^^^[0m
[31m[1m>[0m [90m4511 |[0m
  [90m     |[0m [31m[1m^[0m
[31m[1m>[0m [90m4512 |[0m def save_to_file():
  [90m     |[0m [31m[1m^^^^^^^^^^^^^^^^^^^[0m
[31m[1m>[0m [90m4513 |[0m     [36mwith[0m open([32m"students.json"[0m, [32m"w"[0m) [36mas[0m f:
  [90m     |[0m [31m[1m^^^^^^^^^^^^^^^^^^^^^^^^^^^^^^^^^^^^^^^^^[0m
[31m[1m>[0m [90m4514 |[0m         json.dump(students, f, indent=[35m2[0m)
  [90m     |[0m [31m[1m^^^^^^^^^^^^^^^^^^^^^^^^^^^^^^^^^^^^^^^^[0m
[31m[1m>[0m [90m4515 |[0m     print(f[32m"Saved {len(students)} students to file"[0m)
  [90m     |[0m [31m[1m^^^^^^^^^^^^^^^^^^^^^^^^^^^^^^^^^^^^^^^^^^^^^^^^^^^^[0m
[31m[1m>[0m [90m4516 |[0m
  [90m     |[0m [31m[1m^[0m
[31m[1m>[0m [90m4517 |[0m # [33mMain[0m menu
  [90m     |[0m [31m[1m^^^^^^^^^^^[0m
[31m[1m>[0m [90m4518 |[0m [36mwhile[0m [33mTrue[0m:
  [90m     |[0m [31m[1m^^^^^^^^^^^[0m
[31m[1m>[0m [90m4519 |[0m     print([32m"\\n=== Student Manager ==="[0m)
  [90m     |[0m [31m[1m^^^^^^^^^^^^^^^^^^^^^^^^^^^^^^^^^^^^^^^[0m
[31m[1m>[0m [90m4520 |[0m     print([32m"1. Add Student"[0m)
  [90m     |[0m [31m[1m^^^^^^^^^^^^^^^^^^^^^^^^^^^[0m
[31m[1m>[0m [90m4521 |[0m     print([32m"2. View All"[0m)
  [90m     |[0m [31m[1m^^^^^^^^^^^^^^^^^^^^^^^^[0m
[31m[1m>[0m [90m4522 |[0m     print([32m"3. Search"[0m)
  [90m     |[0m [31m[1m^^^^^^^^^^^^^^^^^^^^^^[0m
[31m[1m>[0m [90m4523 |[0m     print([32m"4. Save & Exit"[0m)
  [90m     |[0m [31m[1m^^^^^^^^^^^^^^^^^^^^^^^^^^^[0m
[31m[1m>[0m [90m4524 |[0m
  [90m     |[0m [31m[1m^[0m
[31m[1m>[0m [90m4525 |[0m     choice = input([32m"Choice (1-4): "[0m)
  [90m     |[0m [31m[1m^^^^^^^^^^^^^^^^^^^^^^^^^^^^^^^^^^^^[0m
[31m[1m>[0m [90m4526 |[0m
  [90m     |[0m [31m[1m^[0m
[31m[1m>[0m [90m4527 |[0m     [36mif[0m choice == [32m"1"[0m:
  [90m     |[0m [31m[1m^^^^^^^^^^^^^^^^^^^^^[0m
[31m[1m>[0m [90m4528 |[0m         add_student()
  [90m     |[0m [31m[1m^^^^^^^^^^^^^^^^^^^^^[0m
[31m[1m>[0m [90m4529 |[0m     elif choice == [32m"2"[0m:
  [90m     |[0m [31m[1m^^^^^^^^^^^^^^^^^^^^^^^[0m
[31m[1m>[0m [90m4530 |[0m         view_students()
  [90m     |[0m [31m[1m^^^^^^^^^^^^^^^^^^^^^^^[0m
[31m[1m>[0m [90m4531 |[0m     elif choice == [32m"3"[0m:
  [90m     |[0m [31m[1m^^^^^^^^^^^^^^^^^^^^^^^[0m
[31m[1m>[0m [90m4532 |[0m         search_student()
  [90m     |[0m [31m[1m^^^^^^^^^^^^^^^^^^^^^^^^[0m
[31m[1m>[0m [90m4533 |[0m     elif choice == [32m"4"[0m:
  [90m     |[0m [31m[1m^^^^^^^^^^^^^^^^^^^^^^^[0m
[31m[1m>[0m [90m4534 |[0m         save_to_file()
  [90m     |[0m [31m[1m^^^^^^^^^^^^^^^^^^^^^^[0m
[31m[1m>[0m [90m4535 |[0m         [36mbreak[0m
  [90m     |[0m [31m[1m^^^^^^^^^^^^^[0m
[31m[1m>[0m [90m4536 |[0m
  [90m     |[0m [31m[1m^[0m
[31m[1m>[0m [90m4537 |[0m # [33mExecution[0m trace:
  [90m     |[0m [31m[1m^^^^^^^^^^^^^^^^^^[0m
[31m[1m>[0m [90m4538 |[0m # [33mAdd[0m: append dict to list
  [90m     |[0m [31m[1m^^^^^^^^^^^^^^^^^^^^^^^^^^[0m
[31m[1m>[0m [90m4539 |[0m # [33mView[0m: loop through list
  [90m     |[0m [31m[1m^^^^^^^^^^^^^^^^^^^^^^^^^[0m
[31m[1m>[0m [90m4540 |[0m # [33mSearch[0m: list comprehension [36mwith[0m filter
  [90m     |[0m [31m[1m^^^^^^^^^^^^^^^^^^^^^^^^^^^^^^^^^^^^^^^^[0m
[31m[1m>[0m [90m4541 |[0m # [33mSave[0m: json.dump writes to file
  [90m     |[0m [31m[1m^^^^^^^^^^^^^^^^^^^^^^^^^^^^^^^^[0m
[31m[1m>[0m [90m4542 |[0m
  [90m     |[0m [31m[1m^[0m
[31m[1m>[0m [90m4543 |[0m # [33mTRY[0m [33mTHIS[0m: [33mAdd[0m [36mdelete[0m and edit functionality
  [90m     |[0m [31m[1m^^^^^^^^^^^^^^^^^^^^^^^^^^^^^^^^^^^^^^^^^^^^^[0m
[31m[1m>[0m [90m4544 |[0m [32m`,[0m
  [90m     |[0m [31m[1m^[0m
  [90m4545 |[0m [32m    funFact: "JSON (JavaScript Object Notation) is the most popular data interchange for...[0m
  [90m4546 |[0m [32m  },[0m
  [90m4547 |[0m [32m  {[0m

Parsing ecmascript source code failed

Import traces:
  App Route:
    ./src/data/pythonPrograms.ts
    ./app/api/admin/users/import-teachers-csv/route.ts

  Client Component Browser:
    ./src/data/pythonPrograms.ts [Client Component Browser]
    ./src/sections/ProgramsSection.tsx [Client Component Browser]
    ./src/sections/ProgramsSection.tsx [Server Component]
    ./app/page.tsx [Server Component]

  Client Component SSR:
    ./src/data/pythonPrograms.ts [Client Component SSR]
    ./src/sections/ProgramsSection.tsx [Client Component SSR]
    ./src/sections/ProgramsSection.tsx [Server Component]
    ./app/page.tsx [Server Component]


./src/data/pythonPrograms.ts:4545:14
Cannot assign to this
  [90m4543 |[0m ... [33mAdd[0m [36mdelete[0m and edit functionality
  [90m4544 |[0m ...
[31m[1m>[0m [90m4545 |[0m ...[32m: "JSON (JavaScript Object Notation) is the most popular data interchange 
format!"[0m
  [90m     |[0m      [31m[1m^^^^^^^^^^^^^^^^^^^^^^^^^^^^^^^^^^^^^^^^^^^^^^^^^^^^^^^^^^^^^^^^^^^^^^^^^^^^^^^^[0m
  [90m4546 |[0m ...
  [90m4547 |[0m ...
  [90m4548 |[0m ...[32m-9",[0m

Parsing ecmascript source code failed

Import traces:
  App Route:
    ./src/data/pythonPrograms.ts
    ./app/api/admin/users/import-teachers-csv/route.ts

  Client Component Browser:
    ./src/data/pythonPrograms.ts [Client Component Browser]
    ./src/sections/ProgramsSection.tsx [Client Component Browser]
    ./src/sections/ProgramsSection.tsx [Server Component]
    ./app/page.tsx [Server Component]

  Client Component SSR:
    ./src/data/pythonPrograms.ts [Client Component SSR]
    ./src/sections/ProgramsSection.tsx [Client Component SSR]
    ./src/sections/ProgramsSection.tsx [Server Component]
    ./app/page.tsx [Server Component]


./src/data/pythonPrograms.ts:4548:9
Cannot assign to this
  [90m4546 |[0m [32m  },[0m
  [90m4547 |[0m [32m  {[0m
[31m[1m>[0m [90m4548 |[0m [32m    id: "mp-9",[0m
  [90m     |[0m         [31m[1m^^^^^^[0m
  [90m4549 |[0m [32m    title: "OS Module Basics",[0m
  [90m4550 |[0m [32m    language: "python" as const,[0m
  [90m4551 |[0m [32m    category: "Modules & Projects" as const,[0m

Parsing ecmascript source code failed

Import traces:
  App Route:
    ./src/data/pythonPrograms.ts
    ./app/api/admin/users/import-teachers-csv/route.ts

  Client Component Browser:
    ./src/data/pythonPrograms.ts [Client Component Browser]
    ./src/sections/ProgramsSection.tsx [Client Component Browser]
    ./src/sections/ProgramsSection.tsx [Server Component]
    ./app/page.tsx [Server Component]

  Client Component SSR:
    ./src/data/pythonPrograms.ts [Client Component SSR]
    ./src/sections/ProgramsSection.tsx [Client Component SSR]
    ./src/sections/ProgramsSection.tsx [Server Component]
    ./app/page.tsx [Server Component]


./src/data/pythonPrograms.ts:4549:12
Cannot assign to this
  [90m4547 |[0m [32m  {[0m
  [90m4548 |[0m [32m    id: "mp-9",[0m
[31m[1m>[0m [90m4549 |[0m [32m    title: "OS Module Basics",[0m
  [90m     |[0m            [31m[1m^^^^^^^^^^^^^^^^^^[0m
  [90m4550 |[0m [32m    language: "python" as const,[0m
  [90m4551 |[0m [32m    category: "Modules & Projects" as const,[0m
  [90m4552 |[0m [32m    difficulty: "Medium",[0m

Parsing ecmascript source code failed

Import traces:
  App Route:
    ./src/data/pythonPrograms.ts
    ./app/api/admin/users/import-teachers-csv/route.ts

  Client Component Browser:
    ./src/data/pythonPrograms.ts [Client Component Browser]
    ./src/sections/ProgramsSection.tsx [Client Component Browser]
    ./src/sections/ProgramsSection.tsx [Server Component]
    ./app/page.tsx [Server Component]

  Client Component SSR:
    ./src/data/pythonPrograms.ts [Client Component SSR]
    ./src/sections/ProgramsSection.tsx [Client Component SSR]
    ./src/sections/ProgramsSection.tsx [Server Component]
    ./app/page.tsx [Server Component]


./src/data/pythonPrograms.ts:4552:17
Cannot assign to this
  [90m4550 |[0m [32m    language: "python" as const,[0m
  [90m4551 |[0m [32m    category: "Modules & Projects" as const,[0m
[31m[1m>[0m [90m4552 |[0m [32m    difficulty: "Medium",[0m
  [90m     |[0m                 [31m[1m^^^^^^^^[0m
  [90m4553 |[0m [32m    classLevel: "Class 10" as const,[0m
  [90m4554 |[0m [32m    description: "Explore the OS module for file system operations and path manipulation.",[0m
  [90m4555 |[0m [32m    code: `[0m# [33mOS[0m [33mModule[0m [33mBasics[0m [33mProgram[0m

Parsing ecmascript source code failed

Import traces:
  App Route:
    ./src/data/pythonPrograms.ts
    ./app/api/admin/users/import-teachers-csv/route.ts

  Client Component Browser:
    ./src/data/pythonPrograms.ts [Client Component Browser]
    ./src/sections/ProgramsSection.tsx [Client Component Browser]
    ./src/sections/ProgramsSection.tsx [Server Component]
    ./app/page.tsx [Server Component]

  Client Component SSR:
    ./src/data/pythonPrograms.ts [Client Component SSR]
    ./src/sections/ProgramsSection.tsx [Client Component SSR]
    ./src/sections/ProgramsSection.tsx [Server Component]
    ./app/page.tsx [Server Component]


./src/data/pythonPrograms.ts:4554:18
Cannot assign to this
  [90m4552 |[0m [32m    difficulty: "Medium",[0m
  [90m4553 |[0m [32m    classLevel: "Class 10" as const,[0m
[31m[1m>[0m [90m4554 |[0m [32m    description: "Explore the OS module for file system operations and path 
manipulation.",[0m
  [90m     |[0m                  
[31m[1m^^^^^^^^^^^^^^^^^^^^^^^^^^^^^^^^^^^^^^^^^^^^^^^^^^^^^^^^^^^^^^^^^^^^^^^^^[0m
  [90m4555 |[0m [32m    code: `[0m# [33mOS[0m [33mModule[0m [33mBasics[0m [33mProgram[0m
  [90m4556 |[0m # ========================
  [90m4557 |[0m # [33mInteract[0m [36mwith[0m the operating system

Parsing ecmascript source code failed

Import traces:
  App Route:
    ./src/data/pythonPrograms.ts
    ./app/api/admin/users/import-teachers-csv/route.ts

  Client Component Browser:
    ./src/data/pythonPrograms.ts [Client Component Browser]
    ./src/sections/ProgramsSection.tsx [Client Component Browser]
    ./src/sections/ProgramsSection.tsx [Server Component]
    ./app/page.tsx [Server Component]

  Client Component SSR:
    ./src/data/pythonPrograms.ts [Client Component SSR]
    ./src/sections/ProgramsSection.tsx [Client Component SSR]
    ./src/sections/ProgramsSection.tsx [Server Component]
    ./app/page.tsx [Server Component]


./src/data/pythonPrograms.ts:4555:11
Cannot assign to this
  [90m4553 |[0m [32m    classLevel: "Class 10" as const,[0m
  [90m4554 |[0m [32m    description: "Explore the OS module for file system operations and path manipulation.",[0m
[31m[1m>[0m [90m4555 |[0m [32m    code: `[0m# [33mOS[0m [33mModule[0m [33mBasics[0m [33mProgram[0m
  [90m     |[0m           [31m[1m^^^^^^^^^^^^^^^^^^^^^^^^^^[0m
[31m[1m>[0m [90m4556 |[0m # ========================
  [90m     |[0m [31m[1m^^^^^^^^^^^^^^^^^^^^^^^^^^[0m
[31m[1m>[0m [90m4557 |[0m # [33mInteract[0m [36mwith[0m the operating system
  [90m     |[0m [31m[1m^^^^^^^^^^^^^^^^^^^^^^^^^^^^^^^^^^^^[0m
[31m[1m>[0m [90m4558 |[0m
  [90m     |[0m [31m[1m^[0m
[31m[1m>[0m [90m4559 |[0m [36mimport[0m os
  [90m     |[0m [31m[1m^^^^^^^^^[0m
[31m[1m>[0m [90m4560 |[0m
  [90m     |[0m [31m[1m^[0m
[31m[1m>[0m [90m4561 |[0m # [33mGet[0m current working directory
  [90m     |[0m [31m[1m^^^^^^^^^^^^^^^^^^^^^^^^^^^^^^^[0m
[31m[1m>[0m [90m4562 |[0m cwd = os.getcwd()
  [90m     |[0m [31m[1m^^^^^^^^^^^^^^^^^[0m
[31m[1m>[0m [90m4563 |[0m print(f[32m"Current Directory: {cwd}"[0m)
  [90m     |[0m [31m[1m^^^^^^^^^^^^^^^^^^^^^^^^^^^^^^^^^^[0m
[31m[1m>[0m [90m4564 |[0m
  [90m     |[0m [31m[1m^[0m
[31m[1m>[0m [90m4565 |[0m # [33mList[0m files [36min[0m current directory
  [90m     |[0m [31m[1m^^^^^^^^^^^^^^^^^^^^^^^^^^^^^^^^^[0m
[31m[1m>[0m [90m4566 |[0m print([32m"\\nFiles in current directory:"[0m)
  [90m     |[0m [31m[1m^^^^^^^^^^^^^^^^^^^^^^^^^^^^^^^^^^^^^^^[0m
[31m[1m>[0m [90m4567 |[0m files = os.listdir([32m"."[0m)
  [90m     |[0m [31m[1m^^^^^^^^^^^^^^^^^^^^^^^[0m
[31m[1m>[0m [90m4568 |[0m [36mfor[0m file [36min[0m files[:[35m5[0m]:  # [33mShow[0m first [35m5[0m
  [90m     |[0m [31m[1m^^^^^^^^^^^^^^^^^^^^^^^^^^^^^^^^^^^^^^[0m
[31m[1m>[0m [90m4569 |[0m     print(f[32m"  - {file}"[0m)
  [90m     |[0m [31m[1m^^^^^^^^^^^^^^^^^^^^^^^^[0m
[31m[1m>[0m [90m4570 |[0m print(f[32m"  ... and {len(files)-5} more files"[0m)
  [90m     |[0m [31m[1m^^^^^^^^^^^^^^^^^^^^^^^^^^^^^^^^^^^^^^^^^^^^^[0m
[31m[1m>[0m [90m4571 |[0m
  [90m     |[0m [31m[1m^[0m
[31m[1m>[0m [90m4572 |[0m # [33mPath[0m operations
  [90m     |[0m [31m[1m^^^^^^^^^^^^^^^^^[0m
[31m[1m>[0m [90m4573 |[0m print([32m"\\nPath Operations:"[0m)
  [90m     |[0m [31m[1m^^^^^^^^^^^^^^^^^^^^^^^^^^^^[0m
[31m[1m>[0m [90m4574 |[0m print(f[32m"  Join: {os.path.join('folder', 'subfolder', 'file.txt')}"[0m)
  [90m     |[0m [31m[1m^^^^^^^^^^^^^^^^^^^^^^^^^^^^^^^^^^^^^^^^^^^^^^^^^^^^^^^^^^^^^^^^^^^[0m
[31m[1m>[0m [90m4575 |[0m print(f[32m"  Basename: {os.path.basename('/home/user/file.txt')}"[0m)
  [90m     |[0m [31m[1m^^^^^^^^^^^^^^^^^^^^^^^^^^^^^^^^^^^^^^^^^^^^^^^^^^^^^^^^^^^^^^^[0m
[31m[1m>[0m [90m4576 |[0m print(f[32m"  Directory: {os.path.dirname('/home/user/file.txt')}"[0m)
  [90m     |[0m [31m[1m^^^^^^^^^^^^^^^^^^^^^^^^^^^^^^^^^^^^^^^^^^^^^^^^^^^^^^^^^^^^^^^[0m
[31m[1m>[0m [90m4577 |[0m print(f[32m"  Exists: {os.path.exists('README.md')}"[0m)
  [90m     |[0m [31m[1m^^^^^^^^^^^^^^^^^^^^^^^^^^^^^^^^^^^^^^^^^^^^^^^^^[0m
[31m[1m>[0m [90m4578 |[0m
  [90m     |[0m [31m[1m^[0m
[31m[1m>[0m [90m4579 |[0m # [33mCreate[0m and remove directory
  [90m     |[0m [31m[1m^^^^^^^^^^^^^^^^^^^^^^^^^^^^^[0m
[31m[1m>[0m [90m4580 |[0m test_dir = [32m"test_folder"[0m
  [90m     |[0m [31m[1m^^^^^^^^^^^^^^^^^^^^^^^^[0m
[31m[1m>[0m [90m4581 |[0m [36mif[0m not os.path.exists(test_dir):
  [90m     |[0m [31m[1m^^^^^^^^^^^^^^^^^^^^^^^^^^^^^^^^[0m
[31m[1m>[0m [90m4582 |[0m     os.makedirs(test_dir)
  [90m     |[0m [31m[1m^^^^^^^^^^^^^^^^^^^^^^^^^[0m
[31m[1m>[0m [90m4583 |[0m     print(f[32m"\\nCreated directory: {test_dir}"[0m)
  [90m     |[0m [31m[1m^^^^^^^^^^^^^^^^^^^^^^^^^^^^^^^^^^^^^^^^^^^^^^[0m
[31m[1m>[0m [90m4584 |[0m
  [90m     |[0m [31m[1m^[0m
[31m[1m>[0m [90m4585 |[0m # [33mFile[0m information
  [90m     |[0m [31m[1m^^^^^^^^^^^^^^^^^^[0m
[31m[1m>[0m [90m4586 |[0m print([32m"\\nFile Information:"[0m)
  [90m     |[0m [31m[1m^^^^^^^^^^^^^^^^^^^^^^^^^^^^^[0m
[31m[1m>[0m [90m4587 |[0m [36mif[0m os.path.exists([32m"README.md"[0m):
  [90m     |[0m [31m[1m^^^^^^^^^^^^^^^^^^^^^^^^^^^^^^^[0m
[31m[1m>[0m [90m4588 |[0m     size = os.path.getsize([32m"README.md"[0m)
  [90m     |[0m [31m[1m^^^^^^^^^^^^^^^^^^^^^^^^^^^^^^^^^^^^^^^[0m
[31m[1m>[0m [90m4589 |[0m     print(f[32m"  README.md size: {size} bytes"[0m)
  [90m     |[0m [31m[1m^^^^^^^^^^^^^^^^^^^^^^^^^^^^^^^^^^^^^^^^^^^^[0m
[31m[1m>[0m [90m4590 |[0m     print(f[32m"  Is file: {os.path.isfile('README.md')}"[0m)
  [90m     |[0m [31m[1m^^^^^^^^^^^^^^^^^^^^^^^^^^^^^^^^^^^^^^^^^^^^^^^^^^^^^^[0m
[31m[1m>[0m [90m4591 |[0m     print(f[32m"  Is dir: {os.path.isdir('README.md')}"[0m)
  [90m     |[0m [31m[1m^^^^^^^^^^^^^^^^^^^^^^^^^^^^^^^^^^^^^^^^^^^^^^^^^^^^[0m
[31m[1m>[0m [90m4592 |[0m
  [90m     |[0m [31m[1m^[0m
[31m[1m>[0m [90m4593 |[0m # [33mClean[0m up
  [90m     |[0m [31m[1m^^^^^^^^^^[0m
[31m[1m>[0m [90m4594 |[0m [36mif[0m os.path.exists(test_dir):
  [90m     |[0m [31m[1m^^^^^^^^^^^^^^^^^^^^^^^^^^^^[0m
[31m[1m>[0m [90m4595 |[0m     os.rmdir(test_dir)
  [90m     |[0m [31m[1m^^^^^^^^^^^^^^^^^^^^^^[0m
[31m[1m>[0m [90m4596 |[0m     print(f[32m"\\nRemoved directory: {test_dir}"[0m)
  [90m     |[0m [31m[1m^^^^^^^^^^^^^^^^^^^^^^^^^^^^^^^^^^^^^^^^^^^^^^[0m
[31m[1m>[0m [90m4597 |[0m
  [90m     |[0m [31m[1m^[0m
[31m[1m>[0m [90m4598 |[0m # [33mExecution[0m trace:
  [90m     |[0m [31m[1m^^^^^^^^^^^^^^^^^^[0m
[31m[1m>[0m [90m4599 |[0m # os.getcwd() returns current directory path
  [90m     |[0m [31m[1m^^^^^^^^^^^^^^^^^^^^^^^^^^^^^^^^^^^^^^^^^^^^[0m
[31m[1m>[0m [90m4600 |[0m # os.listdir() returns list [36mof[0m files/folders
  [90m     |[0m [31m[1m^^^^^^^^^^^^^^^^^^^^^^^^^^^^^^^^^^^^^^^^^^^^[0m
[31m[1m>[0m [90m4601 |[0m # os.path.join() creates platform-safe paths
  [90m     |[0m [31m[1m^^^^^^^^^^^^^^^^^^^^^^^^^^^^^^^^^^^^^^^^^^^^[0m
[31m[1m>[0m [90m4602 |[0m # os.path.exists() checks [36mif[0m path exists
  [90m     |[0m [31m[1m^^^^^^^^^^^^^^^^^^^^^^^^^^^^^^^^^^^^^^^^[0m
[31m[1m>[0m [90m4603 |[0m
  [90m     |[0m [31m[1m^[0m
[31m[1m>[0m [90m4604 |[0m # [33mTRY[0m [33mTHIS[0m: [33mWrite[0m a program to find all .txt files 
[36min[0m a directory
  [90m     |[0m [31m[1m^^^^^^^^^^^^^^^^^^^^^^^^^^^^^^^^^^^^^^^^^^^^^^^^^^^^^^^^^^^^^^^^^[0m
[31m[1m>[0m [90m4605 |[0m [32m`,[0m
  [90m     |[0m [31m[1m^[0m
  [90m4606 |[0m [32m    funFact: "The os module works on Windows, Mac, and Linux - it handles path differenc...[0m
  [90m4607 |[0m [32m  },] = [[0m
  [90m4608 |[0m [32m  // ========== STRINGS (87-88) ==========[0m

Parsing ecmascript source code failed

Import traces:
  App Route:
    ./src/data/pythonPrograms.ts
    ./app/api/admin/users/import-teachers-csv/route.ts

  Client Component Browser:
    ./src/data/pythonPrograms.ts [Client Component Browser]
    ./src/sections/ProgramsSection.tsx [Client Component Browser]
    ./src/sections/ProgramsSection.tsx [Server Component]
    ./app/page.tsx [Server Component]

  Client Component SSR:
    ./src/data/pythonPrograms.ts [Client Component SSR]
    ./src/sections/ProgramsSection.tsx [Client Component SSR]
    ./src/sections/ProgramsSection.tsx [Server Component]
    ./app/page.tsx [Server Component]


./src/data/pythonPrograms.ts:4606:14
Cannot assign to this
  [90m4604 |[0m ... a program to find all .txt files [36min[0m a directory
  [90m4605 |[0m ...
[31m[1m>[0m [90m4606 |[0m ...[32m os module works on Windows, Mac, and Linux - it handles path differences 
automatical...[0m
  [90m     |[0m    
[31m[1m^^^^^^^^^^^^^^^^^^^^^^^^^^^^^^^^^^^^^^^^^^^^^^^^^^^^^^^^^^^^^^^^^^^^^^^^^^^^^^^^^^^^^^^^[0m
  [90m4607 |[0m ...
  [90m4608 |[0m ...[32mTRINGS (87-88) ==========[0m
  [90m4609 |[0m ...

Parsing ecmascript source code failed

Import traces:
  App Route:
    ./src/data/pythonPrograms.ts
    ./app/api/admin/users/import-teachers-csv/route.ts

  Client Component Browser:
    ./src/data/pythonPrograms.ts [Client Component Browser]
    ./src/sections/ProgramsSection.tsx [Client Component Browser]
    ./src/sections/ProgramsSection.tsx [Server Component]
    ./app/page.tsx [Server Component]

  Client Component SSR:
    ./src/data/pythonPrograms.ts [Client Component SSR]
    ./src/sections/ProgramsSection.tsx [Client Component SSR]
    ./src/sections/ProgramsSection.tsx [Server Component]
    ./app/page.tsx [Server Component]


./src/data/pythonPrograms.ts:1313:15
Not a pattern
  [90m1311 |[0m [32m    id: "s-4",[0m
  [90m1312 |[0m [32m    title: "Reverse String",[0m
[31m[1m>[0m [90m1313 |[0m [32m    language: "python" as const,[0m
  [90m     |[0m               [31m[1m^^^^^^^^^^^^^^^^^[0m
  [90m1314 |[0m [32m    category: "Strings",[0m
  [90m1315 |[0m [32m    difficulty: "Easy",[0m
  [90m1316 |[0m [32m    classLevel: "Class 9" as const,[0m

Parsing ecmascript source code failed

Import traces:
  App Route:
    ./src/data/pythonPrograms.ts
    ./app/api/admin/users/import-teachers-csv/route.ts

  Client Component Browser:
    ./src/data/pythonPrograms.ts [Client Component Browser]
    ./src/sections/ProgramsSection.tsx [Client Component Browser]
    ./src/sections/ProgramsSection.tsx [Server Component]
    ./app/page.tsx [Server Component]

  Client Component SSR:
    ./src/data/pythonPrograms.ts [Client Component SSR]
    ./src/sections/ProgramsSection.tsx [Client Component SSR]
    ./src/sections/ProgramsSection.tsx [Server Component]
    ./app/page.tsx [Server Component]


./src/data/pythonPrograms.ts:1316:17
Not a pattern
  [90m1314 |[0m [32m    category: "Strings",[0m
  [90m1315 |[0m [32m    difficulty: "Easy",[0m
[31m[1m>[0m [90m1316 |[0m [32m    classLevel: "Class 9" as const,[0m
  [90m     |[0m                 [31m[1m^^^^^^^^^^^^^^^^^^[0m
  [90m1317 |[0m [32m    description: "Reverse a string using Python's slice notation [::-1].",[0m
  [90m1318 |[0m [32m    code: `[0m# ============================================
  [90m1319 |[0m # [33mReverse[0m a [33mString[0m using [33mSlicing[0m

Parsing ecmascript source code failed

Import traces:
  App Route:
    ./src/data/pythonPrograms.ts
    ./app/api/admin/users/import-teachers-csv/route.ts

  Client Component Browser:
    ./src/data/pythonPrograms.ts [Client Component Browser]
    ./src/sections/ProgramsSection.tsx [Client Component Browser]
    ./src/sections/ProgramsSection.tsx [Server Component]
    ./app/page.tsx [Server Component]

  Client Component SSR:
    ./src/data/pythonPrograms.ts [Client Component SSR]
    ./src/sections/ProgramsSection.tsx [Client Component SSR]
    ./src/sections/ProgramsSection.tsx [Server Component]
    ./app/page.tsx [Server Component]


./src/data/pythonPrograms.ts:1349:15
Not a pattern
  [90m1347 |[0m [32m    id: "s-5",[0m
  [90m1348 |[0m [32m    title: "Palindrome String",[0m
[31m[1m>[0m [90m1349 |[0m [32m    language: "python" as const,[0m
  [90m     |[0m               [31m[1m^^^^^^^^^^^^^^^^^[0m
  [90m1350 |[0m [32m    category: "Strings",[0m
  [90m1351 |[0m [32m    difficulty: "Easy",[0m
  [90m1352 |[0m [32m    classLevel: "Class 9" as const,[0m

Parsing ecmascript source code failed

Import traces:
  App Route:
    ./src/data/pythonPrograms.ts
    ./app/api/admin/users/import-teachers-csv/route.ts

  Client Component Browser:
    ./src/data/pythonPrograms.ts [Client Component Browser]
    ./src/sections/ProgramsSection.tsx [Client Component Browser]
    ./src/sections/ProgramsSection.tsx [Server Component]
    ./app/page.tsx [Server Component]

  Client Component SSR:
    ./src/data/pythonPrograms.ts [Client Component SSR]
    ./src/sections/ProgramsSection.tsx [Client Component SSR]
    ./src/sections/ProgramsSection.tsx [Server Component]
    ./app/page.tsx [Server Component]


./src/data/pythonPrograms.ts:1352:17
Not a pattern
  [90m1350 |[0m [32m    category: "Strings",[0m
  [90m1351 |[0m [32m    difficulty: "Easy",[0m
[31m[1m>[0m [90m1352 |[0m [32m    classLevel: "Class 9" as const,[0m
  [90m     |[0m                 [31m[1m^^^^^^^^^^^^^^^^^^[0m
  [90m1353 |[0m [32m    description: "Check if a string reads the same forwards and backwards.",[0m
  [90m1354 |[0m [32m    code: `[0m# ============================================
  [90m1355 |[0m # [33mPalindrome[0m [33mString[0m [33mChecker[0m

Parsing ecmascript source code failed

Import traces:
  App Route:
    ./src/data/pythonPrograms.ts
    ./app/api/admin/users/import-teachers-csv/route.ts

  Client Component Browser:
    ./src/data/pythonPrograms.ts [Client Component Browser]
    ./src/sections/ProgramsSection.tsx [Client Component Browser]
    ./src/sections/ProgramsSection.tsx [Server Component]
    ./app/page.tsx [Server Component]

  Client Component SSR:
    ./src/data/pythonPrograms.ts [Client Component SSR]
    ./src/sections/ProgramsSection.tsx [Client Component SSR]
    ./src/sections/ProgramsSection.tsx [Server Component]
    ./app/page.tsx [Server Component]


./src/data/pythonPrograms.ts:1388:15
Not a pattern
  [90m1386 |[0m [32m    id: "s-6",[0m
  [90m1387 |[0m [32m    title: "String Methods Chain",[0m
[31m[1m>[0m [90m1388 |[0m [32m    language: "python" as const,[0m
  [90m     |[0m               [31m[1m^^^^^^^^^^^^^^^^^[0m
  [90m1389 |[0m [32m    category: "Strings",[0m
  [90m1390 |[0m [32m    difficulty: "Medium",[0m
  [90m1391 |[0m [32m    classLevel: "Class 9" as const,[0m

Parsing ecmascript source code failed

Import traces:
  App Route:
    ./src/data/pythonPrograms.ts
    ./app/api/admin/users/import-teachers-csv/route.ts

  Client Component Browser:
    ./src/data/pythonPrograms.ts [Client Component Browser]
    ./src/sections/ProgramsSection.tsx [Client Component Browser]
    ./src/sections/ProgramsSection.tsx [Server Component]
    ./app/page.tsx [Server Component]

  Client Component SSR:
    ./src/data/pythonPrograms.ts [Client Component SSR]
    ./src/sections/ProgramsSection.tsx [Client Component SSR]
    ./src/sections/ProgramsSection.tsx [Server Component]
    ./app/page.tsx [Server Component]


./src/data/pythonPrograms.ts:1391:17
Not a pattern
  [90m1389 |[0m [32m    category: "Strings",[0m
  [90m1390 |[0m [32m    difficulty: "Medium",[0m
[31m[1m>[0m [90m1391 |[0m [32m    classLevel: "Class 9" as const,[0m
  [90m     |[0m                 [31m[1m^^^^^^^^^^^^^^^^^^[0m
  [90m1392 |[0m [32m    description: "Chain multiple string methods together: .strip().lower().split().",[0m
  [90m1393 |[0m [32m    code: `[0m# ============================================
  [90m1394 |[0m # [33mString[0m [33mMethods[0m [33mChain[0m

Parsing ecmascript source code failed

Import traces:
  App Route:
    ./src/data/pythonPrograms.ts
    ./app/api/admin/users/import-teachers-csv/route.ts

  Client Component Browser:
    ./src/data/pythonPrograms.ts [Client Component Browser]
    ./src/sections/ProgramsSection.tsx [Client Component Browser]
    ./src/sections/ProgramsSection.tsx [Server Component]
    ./app/page.tsx [Server Component]

  Client Component SSR:
    ./src/data/pythonPrograms.ts [Client Component SSR]
    ./src/sections/ProgramsSection.tsx [Client Component SSR]
    ./src/sections/ProgramsSection.tsx [Server Component]
    ./app/page.tsx [Server Component]


./src/data/pythonPrograms.ts:1430:15
Not a pattern
  [90m1428 |[0m [32m    id: "s-7",[0m
  [90m1429 |[0m [32m    title: "F-String Formatting",[0m
[31m[1m>[0m [90m1430 |[0m [32m    language: "python" as const,[0m
  [90m     |[0m               [31m[1m^^^^^^^^^^^^^^^^^[0m
  [90m1431 |[0m [32m    category: "Strings",[0m
  [90m1432 |[0m [32m    difficulty: "Easy",[0m
  [90m1433 |[0m [32m    classLevel: "Class 9" as const,[0m

Parsing ecmascript source code failed

Import traces:
  App Route:
    ./src/data/pythonPrograms.ts
    ./app/api/admin/users/import-teachers-csv/route.ts

  Client Component Browser:
    ./src/data/pythonPrograms.ts [Client Component Browser]
    ./src/sections/ProgramsSection.tsx [Client Component Browser]
    ./src/sections/ProgramsSection.tsx [Server Component]
    ./app/page.tsx [Server Component]

  Client Component SSR:
    ./src/data/pythonPrograms.ts [Client Component SSR]
    ./src/sections/ProgramsSection.tsx [Client Component SSR]
    ./src/sections/ProgramsSection.tsx [Server Component]
    ./app/page.tsx [Server Component]


./src/data/pythonPrograms.ts:1433:17
Not a pattern
  [90m1431 |[0m [32m    category: "Strings",[0m
  [90m1432 |[0m [32m    difficulty: "Easy",[0m
[31m[1m>[0m [90m1433 |[0m [32m    classLevel: "Class 9" as const,[0m
  [90m     |[0m                 [31m[1m^^^^^^^^^^^^^^^^^^[0m
  [90m1434 |[0m [32m    description: "Format strings beautifully using f-strings with alignment and precisio...[0m
  [90m1435 |[0m [32m    code: `[0m# ============================================
  [90m1436 |[0m # [33mF[0m-[33mString[0m [33mFormatting[0m

Parsing ecmascript source code failed

Import traces:
  App Route:
    ./src/data/pythonPrograms.ts
    ./app/api/admin/users/import-teachers-csv/route.ts

  Client Component Browser:
    ./src/data/pythonPrograms.ts [Client Component Browser]
    ./src/sections/ProgramsSection.tsx [Client Component Browser]
    ./src/sections/ProgramsSection.tsx [Server Component]
    ./app/page.tsx [Server Component]

  Client Component SSR:
    ./src/data/pythonPrograms.ts [Client Component SSR]
    ./src/sections/ProgramsSection.tsx [Client Component SSR]
    ./src/sections/ProgramsSection.tsx [Server Component]
    ./app/page.tsx [Server Component]


./src/data/pythonPrograms.ts:1480:15
Not a pattern
  [90m1478 |[0m     id: [32m"ml-5"[0m,
  [90m1479 |[0m     title: [32m"Largest of Three"[0m,
[31m[1m>[0m [90m1480 |[0m     language: [32m"python"[0m [36mas[0m [36mconst[0m,
  [90m     |[0m               [31m[1m^^^^^^^^^^^^^^^^^[0m
  [90m1481 |[0m     category: [32m"Math & Logic"[0m,
  [90m1482 |[0m     difficulty: [32m"Easy"[0m,
  [90m1483 |[0m     classLevel: [32m"Class 9"[0m [36mas[0m [36mconst[0m,

Parsing ecmascript source code failed

Import traces:
  App Route:
    ./src/data/pythonPrograms.ts
    ./app/api/admin/users/import-teachers-csv/route.ts

  Client Component Browser:
    ./src/data/pythonPrograms.ts [Client Component Browser]
    ./src/sections/ProgramsSection.tsx [Client Component Browser]
    ./src/sections/ProgramsSection.tsx [Server Component]
    ./app/page.tsx [Server Component]

  Client Component SSR:
    ./src/data/pythonPrograms.ts [Client Component SSR]
    ./src/sections/ProgramsSection.tsx [Client Component SSR]
    ./src/sections/ProgramsSection.tsx [Server Component]
    ./app/page.tsx [Server Component]


./src/data/pythonPrograms.ts:1483:17
Not a pattern
  [90m1481 |[0m     category: [32m"Math & Logic"[0m,
  [90m1482 |[0m     difficulty: [32m"Easy"[0m,
[31m[1m>[0m [90m1483 |[0m     classLevel: [32m"Class 9"[0m [36mas[0m [36mconst[0m,
  [90m     |[0m                 [31m[1m^^^^^^^^^^^^^^^^^^[0m
  [90m1484 |[0m     description: [32m"Find the largest among three numbers using if-elif-else."[0m,
  [90m1485 |[0m     code: [32m`# ============================================[0m
  [90m1486 |[0m [32m# Find the Largest of Three Numbers[0m

Parsing ecmascript source code failed

Import traces:
  App Route:
    ./src/data/pythonPrograms.ts
    ./app/api/admin/users/import-teachers-csv/route.ts

  Client Component Browser:
    ./src/data/pythonPrograms.ts [Client Component Browser]
    ./src/sections/ProgramsSection.tsx [Client Component Browser]
    ./src/sections/ProgramsSection.tsx [Server Component]
    ./app/page.tsx [Server Component]

  Client Component SSR:
    ./src/data/pythonPrograms.ts [Client Component SSR]
    ./src/sections/ProgramsSection.tsx [Client Component SSR]
    ./src/sections/ProgramsSection.tsx [Server Component]
    ./app/page.tsx [Server Component]


./src/data/pythonPrograms.ts:1522:15
Not a pattern
  [90m1520 |[0m [32m    id: "ml-6",[0m
  [90m1521 |[0m [32m    title: "Sum of Digits",[0m
[31m[1m>[0m [90m1522 |[0m [32m    language: "python" as const,[0m
  [90m     |[0m               [31m[1m^^^^^^^^^^^^^^^^^[0m
  [90m1523 |[0m [32m    category: "Math & Logic",[0m
  [90m1524 |[0m [32m    difficulty: "Easy",[0m
  [90m1525 |[0m [32m    classLevel: "Class 9" as const,[0m

Parsing ecmascript source code failed

Import traces:
  App Route:
    ./src/data/pythonPrograms.ts
    ./app/api/admin/users/import-teachers-csv/route.ts

  Client Component Browser:
    ./src/data/pythonPrograms.ts [Client Component Browser]
    ./src/sections/ProgramsSection.tsx [Client Component Browser]
    ./src/sections/ProgramsSection.tsx [Server Component]
    ./app/page.tsx [Server Component]

  Client Component SSR:
    ./src/data/pythonPrograms.ts [Client Component SSR]
    ./src/sections/ProgramsSection.tsx [Client Component SSR]
    ./src/sections/ProgramsSection.tsx [Server Component]
    ./app/page.tsx [Server Component]


./src/data/pythonPrograms.ts:1525:17
Not a pattern
  [90m1523 |[0m [32m    category: "Math & Logic",[0m
  [90m1524 |[0m [32m    difficulty: "Easy",[0m
[31m[1m>[0m [90m1525 |[0m [32m    classLevel: "Class 9" as const,[0m
  [90m     |[0m                 [31m[1m^^^^^^^^^^^^^^^^^^[0m
  [90m1526 |[0m [32m    description: "Calculate the sum of all digits in a number using a while loop.",[0m
  [90m1527 |[0m [32m    code: `[0m# ============================================
  [90m1528 |[0m # [33mSum[0m [36mof[0m [33mDigits[0m

Parsing ecmascript source code failed

Import traces:
  App Route:
    ./src/data/pythonPrograms.ts
    ./app/api/admin/users/import-teachers-csv/route.ts

  Client Component Browser:
    ./src/data/pythonPrograms.ts [Client Component Browser]
    ./src/sections/ProgramsSection.tsx [Client Component Browser]
    ./src/sections/ProgramsSection.tsx [Server Component]
    ./app/page.tsx [Server Component]

  Client Component SSR:
    ./src/data/pythonPrograms.ts [Client Component SSR]
    ./src/sections/ProgramsSection.tsx [Client Component SSR]
    ./src/sections/ProgramsSection.tsx [Server Component]
    ./app/page.tsx [Server Component]


./src/data/pythonPrograms.ts:1566:15
Not a pattern
  [90m1564 |[0m [32m    id: "ml-7",[0m
  [90m1565 |[0m [32m    title: "Reverse Number",[0m
[31m[1m>[0m [90m1566 |[0m [32m    language: "python" as const,[0m
  [90m     |[0m               [31m[1m^^^^^^^^^^^^^^^^^[0m
  [90m1567 |[0m [32m    category: "Math & Logic",[0m
  [90m1568 |[0m [32m    difficulty: "Easy",[0m
  [90m1569 |[0m [32m    classLevel: "Class 9" as const,[0m

Parsing ecmascript source code failed

Import traces:
  App Route:
    ./src/data/pythonPrograms.ts
    ./app/api/admin/users/import-teachers-csv/route.ts

  Client Component Browser:
    ./src/data/pythonPrograms.ts [Client Component Browser]
    ./src/sections/ProgramsSection.tsx [Client Component Browser]
    ./src/sections/ProgramsSection.tsx [Server Component]
    ./app/page.tsx [Server Component]

  Client Component SSR:
    ./src/data/pythonPrograms.ts [Client Component SSR]
    ./src/sections/ProgramsSection.tsx [Client Component SSR]
    ./src/sections/ProgramsSection.tsx [Server Component]
    ./app/page.tsx [Server Component]


./src/data/pythonPrograms.ts:1569:17
Not a pattern
  [90m1567 |[0m [32m    category: "Math & Logic",[0m
  [90m1568 |[0m [32m    difficulty: "Easy",[0m
[31m[1m>[0m [90m1569 |[0m [32m    classLevel: "Class 9" as const,[0m
  [90m     |[0m                 [31m[1m^^^^^^^^^^^^^^^^^^[0m
  [90m1570 |[0m [32m    description: "Reverse a number digit by digit using a while loop.",[0m
  [90m1571 |[0m [32m    code: `[0m# ============================================
  [90m1572 |[0m # [33mReverse[0m a [33mNumber[0m

Parsing ecmascript source code failed

Import traces:
  App Route:
    ./src/data/pythonPrograms.ts
    ./app/api/admin/users/import-teachers-csv/route.ts

  Client Component Browser:
    ./src/data/pythonPrograms.ts [Client Component Browser]
    ./src/sections/ProgramsSection.tsx [Client Component Browser]
    ./src/sections/ProgramsSection.tsx [Server Component]
    ./app/page.tsx [Server Component]

  Client Component SSR:
    ./src/data/pythonPrograms.ts [Client Component SSR]
    ./src/sections/ProgramsSection.tsx [Client Component SSR]
    ./src/sections/ProgramsSection.tsx [Server Component]
    ./app/page.tsx [Server Component]


./src/data/pythonPrograms.ts:1610:15
Not a pattern
  [90m1608 |[0m [32m    id: "ml-8",[0m
  [90m1609 |[0m [32m    title: "Palindrome Number",[0m
[31m[1m>[0m [90m1610 |[0m [32m    language: "python" as const,[0m
  [90m     |[0m               [31m[1m^^^^^^^^^^^^^^^^^[0m
  [90m1611 |[0m [32m    category: "Math & Logic",[0m
  [90m1612 |[0m [32m    difficulty: "Easy",[0m
  [90m1613 |[0m [32m    classLevel: "Class 9" as const,[0m

Parsing ecmascript source code failed

Import traces:
  App Route:
    ./src/data/pythonPrograms.ts
    ./app/api/admin/users/import-teachers-csv/route.ts

  Client Component Browser:
    ./src/data/pythonPrograms.ts [Client Component Browser]
    ./src/sections/ProgramsSection.tsx [Client Component Browser]
    ./src/sections/ProgramsSection.tsx [Server Component]
    ./app/page.tsx [Server Component]

  Client Component SSR:
    ./src/data/pythonPrograms.ts [Client Component SSR]
    ./src/sections/ProgramsSection.tsx [Client Component SSR]
    ./src/sections/ProgramsSection.tsx [Server Component]
    ./app/page.tsx [Server Component]


./src/data/pythonPrograms.ts:1613:17
Not a pattern
  [90m1611 |[0m [32m    category: "Math & Logic",[0m
  [90m1612 |[0m [32m    difficulty: "Easy",[0m
[31m[1m>[0m [90m1613 |[0m [32m    classLevel: "Class 9" as const,[0m
  [90m     |[0m                 [31m[1m^^^^^^^^^^^^^^^^^^[0m
  [90m1614 |[0m [32m    description: "Check if a number reads the same forwards and backwards.",[0m
  [90m1615 |[0m [32m    code: `[0m# ============================================
  [90m1616 |[0m # [33mPalindrome[0m [33mNumber[0m [33mChecker[0m

Parsing ecmascript source code failed

Import traces:
  App Route:
    ./src/data/pythonPrograms.ts
    ./app/api/admin/users/import-teachers-csv/route.ts

  Client Component Browser:
    ./src/data/pythonPrograms.ts [Client Component Browser]
    ./src/sections/ProgramsSection.tsx [Client Component Browser]
    ./src/sections/ProgramsSection.tsx [Server Component]
    ./app/page.tsx [Server Component]

  Client Component SSR:
    ./src/data/pythonPrograms.ts [Client Component SSR]
    ./src/sections/ProgramsSection.tsx [Client Component SSR]
    ./src/sections/ProgramsSection.tsx [Server Component]
    ./app/page.tsx [Server Component]


./src/data/pythonPrograms.ts:1655:15
Not a pattern
  [90m1653 |[0m [32m    id: "ml-9",[0m
  [90m1654 |[0m [32m    title: "Armstrong Number",[0m
[31m[1m>[0m [90m1655 |[0m [32m    language: "python" as const,[0m
  [90m     |[0m               [31m[1m^^^^^^^^^^^^^^^^^[0m
  [90m1656 |[0m [32m    category: "Math & Logic",[0m
  [90m1657 |[0m [32m    difficulty: "Medium",[0m
  [90m1658 |[0m [32m    classLevel: "Class 9" as const,[0m

Parsing ecmascript source code failed

Import traces:
  App Route:
    ./src/data/pythonPrograms.ts
    ./app/api/admin/users/import-teachers-csv/route.ts

  Client Component Browser:
    ./src/data/pythonPrograms.ts [Client Component Browser]
    ./src/sections/ProgramsSection.tsx [Client Component Browser]
    ./src/sections/ProgramsSection.tsx [Server Component]
    ./app/page.tsx [Server Component]

  Client Component SSR:
    ./src/data/pythonPrograms.ts [Client Component SSR]
    ./src/sections/ProgramsSection.tsx [Client Component SSR]
    ./src/sections/ProgramsSection.tsx [Server Component]
    ./app/page.tsx [Server Component]


./src/data/pythonPrograms.ts:1658:17
Not a pattern
  [90m1656 |[0m [32m    category: "Math & Logic",[0m
  [90m1657 |[0m [32m    difficulty: "Medium",[0m
[31m[1m>[0m [90m1658 |[0m [32m    classLevel: "Class 9" as const,[0m
  [90m     |[0m                 [31m[1m^^^^^^^^^^^^^^^^^^[0m
  [90m1659 |[0m [32m    description: "Check if a number equals the sum of its digits each raised to the powe...[0m
  [90m1660 |[0m [32m    code: `[0m# ============================================
  [90m1661 |[0m # [33mArmstrong[0m [33mNumber[0m [33mChecker[0m

Parsing ecmascript source code failed

Import traces:
  App Route:
    ./src/data/pythonPrograms.ts
    ./app/api/admin/users/import-teachers-csv/route.ts

  Client Component Browser:
    ./src/data/pythonPrograms.ts [Client Component Browser]
    ./src/sections/ProgramsSection.tsx [Client Component Browser]
    ./src/sections/ProgramsSection.tsx [Server Component]
    ./app/page.tsx [Server Component]

  Client Component SSR:
    ./src/data/pythonPrograms.ts [Client Component SSR]
    ./src/sections/ProgramsSection.tsx [Client Component SSR]
    ./src/sections/ProgramsSection.tsx [Server Component]
    ./app/page.tsx [Server Component]


./src/data/pythonPrograms.ts:1712:15
Not a pattern
  [90m1710 |[0m     id: [32m"lp-6"[0m,
  [90m1711 |[0m     title: [32m"Count Even and Odd"[0m,
[31m[1m>[0m [90m1712 |[0m     language: [32m"python"[0m [36mas[0m [36mconst[0m,
  [90m     |[0m               [31m[1m^^^^^^^^^^^^^^^^^[0m
  [90m1713 |[0m     category: [32m"Loops & Patterns"[0m,
  [90m1714 |[0m     difficulty: [32m"Easy"[0m,
  [90m1715 |[0m     classLevel: [32m"Class 9"[0m [36mas[0m [36mconst[0m,

Parsing ecmascript source code failed

Import traces:
  App Route:
    ./src/data/pythonPrograms.ts
    ./app/api/admin/users/import-teachers-csv/route.ts

  Client Component Browser:
    ./src/data/pythonPrograms.ts [Client Component Browser]
    ./src/sections/ProgramsSection.tsx [Client Component Browser]
    ./src/sections/ProgramsSection.tsx [Server Component]
    ./app/page.tsx [Server Component]

  Client Component SSR:
    ./src/data/pythonPrograms.ts [Client Component SSR]
    ./src/sections/ProgramsSection.tsx [Client Component SSR]
    ./src/sections/ProgramsSection.tsx [Server Component]
    ./app/page.tsx [Server Component]


./src/data/pythonPrograms.ts:1715:17
Not a pattern
  [90m1713 |[0m     category: [32m"Loops & Patterns"[0m,
  [90m1714 |[0m     difficulty: [32m"Easy"[0m,
[31m[1m>[0m [90m1715 |[0m     classLevel: [32m"Class 9"[0m [36mas[0m [36mconst[0m,
  [90m     |[0m                 [31m[1m^^^^^^^^^^^^^^^^^^[0m
  [90m1716 |[0m     description: [32m"Count how many even and odd numbers are in a list."[0m,
  [90m1717 |[0m     code: [32m`# ============================================[0m
  [90m1718 |[0m [32m# Count Even and Odd Numbers[0m

Parsing ecmascript source code failed

Import traces:
  App Route:
    ./src/data/pythonPrograms.ts
    ./app/api/admin/users/import-teachers-csv/route.ts

  Client Component Browser:
    ./src/data/pythonPrograms.ts [Client Component Browser]
    ./src/sections/ProgramsSection.tsx [Client Component Browser]
    ./src/sections/ProgramsSection.tsx [Server Component]
    ./app/page.tsx [Server Component]

  Client Component SSR:
    ./src/data/pythonPrograms.ts [Client Component SSR]
    ./src/sections/ProgramsSection.tsx [Client Component SSR]
    ./src/sections/ProgramsSection.tsx [Server Component]
    ./app/page.tsx [Server Component]


./src/data/pythonPrograms.ts:1759:15
Not a pattern
  [90m1757 |[0m [32m    id: "lp-7",[0m
  [90m1758 |[0m [32m    title: "Multiplication Grid",[0m
[31m[1m>[0m [90m1759 |[0m [32m    language: "python" as const,[0m
  [90m     |[0m               [31m[1m^^^^^^^^^^^^^^^^^[0m
  [90m1760 |[0m [32m    category: "Loops & Patterns",[0m
  [90m1761 |[0m [32m    difficulty: "Medium",[0m
  [90m1762 |[0m [32m    classLevel: "Class 9" as const,[0m

Parsing ecmascript source code failed

Import traces:
  App Route:
    ./src/data/pythonPrograms.ts
    ./app/api/admin/users/import-teachers-csv/route.ts

  Client Component Browser:
    ./src/data/pythonPrograms.ts [Client Component Browser]
    ./src/sections/ProgramsSection.tsx [Client Component Browser]
    ./src/sections/ProgramsSection.tsx [Server Component]
    ./app/page.tsx [Server Component]

  Client Component SSR:
    ./src/data/pythonPrograms.ts [Client Component SSR]
    ./src/sections/ProgramsSection.tsx [Client Component SSR]
    ./src/sections/ProgramsSection.tsx [Server Component]
    ./app/page.tsx [Server Component]


./src/data/pythonPrograms.ts:1762:17
Not a pattern
  [90m1760 |[0m [32m    category: "Loops & Patterns",[0m
  [90m1761 |[0m [32m    difficulty: "Medium",[0m
[31m[1m>[0m [90m1762 |[0m [32m    classLevel: "Class 9" as const,[0m
  [90m     |[0m                 [31m[1m^^^^^^^^^^^^^^^^^^[0m
  [90m1763 |[0m [32m    description: "Generate a multiplication table grid using nested loops.",[0m
  [90m1764 |[0m [32m    code: `[0m# ============================================
  [90m1765 |[0m # [33mMultiplication[0m [33mGrid[0m

Parsing ecmascript source code failed

Import traces:
  App Route:
    ./src/data/pythonPrograms.ts
    ./app/api/admin/users/import-teachers-csv/route.ts

  Client Component Browser:
    ./src/data/pythonPrograms.ts [Client Component Browser]
    ./src/sections/ProgramsSection.tsx [Client Component Browser]
    ./src/sections/ProgramsSection.tsx [Server Component]
    ./app/page.tsx [Server Component]

  Client Component SSR:
    ./src/data/pythonPrograms.ts [Client Component SSR]
    ./src/sections/ProgramsSection.tsx [Client Component SSR]
    ./src/sections/ProgramsSection.tsx [Server Component]
    ./app/page.tsx [Server Component]


./src/data/pythonPrograms.ts:1807:15
Not a pattern
  [90m1805 |[0m [32m    id: "lp-8",[0m
  [90m1806 |[0m [32m    title: "Floyds Triangle",[0m
[31m[1m>[0m [90m1807 |[0m [32m    language: "python" as const,[0m
  [90m     |[0m               [31m[1m^^^^^^^^^^^^^^^^^[0m
  [90m1808 |[0m [32m    category: "Loops & Patterns",[0m
  [90m1809 |[0m [32m    difficulty: "Medium",[0m
  [90m1810 |[0m [32m    classLevel: "Class 9" as const,[0m

Parsing ecmascript source code failed

Import traces:
  App Route:
    ./src/data/pythonPrograms.ts
    ./app/api/admin/users/import-teachers-csv/route.ts

  Client Component Browser:
    ./src/data/pythonPrograms.ts [Client Component Browser]
    ./src/sections/ProgramsSection.tsx [Client Component Browser]
    ./src/sections/ProgramsSection.tsx [Server Component]
    ./app/page.tsx [Server Component]

  Client Component SSR:
    ./src/data/pythonPrograms.ts [Client Component SSR]
    ./src/sections/ProgramsSection.tsx [Client Component SSR]
    ./src/sections/ProgramsSection.tsx [Server Component]
    ./app/page.tsx [Server Component]


./src/data/pythonPrograms.ts:1810:17
Not a pattern
  [90m1808 |[0m [32m    category: "Loops & Patterns",[0m
  [90m1809 |[0m [32m    difficulty: "Medium",[0m
[31m[1m>[0m [90m1810 |[0m [32m    classLevel: "Class 9" as const,[0m
  [90m     |[0m                 [31m[1m^^^^^^^^^^^^^^^^^^[0m
  [90m1811 |[0m [32m    description: "Print Floyd's Triangle ΓÇö a right-angled triangle of consecutive 
number...[0m
  [90m1812 |[0m [32m    code: `[0m# ============================================
  [90m1813 |[0m # [33mFloyd[0m[32m's Triangle[0m

Parsing ecmascript source code failed

Import traces:
  App Route:
    ./src/data/pythonPrograms.ts
    ./app/api/admin/users/import-teachers-csv/route.ts

  Client Component Browser:
    ./src/data/pythonPrograms.ts [Client Component Browser]
    ./src/sections/ProgramsSection.tsx [Client Component Browser]
    ./src/sections/ProgramsSection.tsx [Server Component]
    ./app/page.tsx [Server Component]

  Client Component SSR:
    ./src/data/pythonPrograms.ts [Client Component SSR]
    ./src/sections/ProgramsSection.tsx [Client Component SSR]
    ./src/sections/ProgramsSection.tsx [Server Component]
    ./app/page.tsx [Server Component]


./src/data/pythonPrograms.ts:1854:15
Not a pattern
  [90m1852 |[0m [32m    id: "lp-9",[0m
  [90m1853 |[0m [32m    title: "Diamond Pattern",[0m
[31m[1m>[0m [90m1854 |[0m [32m    language: "python" as const,[0m
  [90m     |[0m               [31m[1m^^^^^^^^^^^^^^^^^[0m
  [90m1855 |[0m [32m    category: "Loops & Patterns",[0m
  [90m1856 |[0m [32m    difficulty: "Hard",[0m
  [90m1857 |[0m [32m    classLevel: "Class 9" as const,[0m

Parsing ecmascript source code failed

Import traces:
  App Route:
    ./src/data/pythonPrograms.ts
    ./app/api/admin/users/import-teachers-csv/route.ts

  Client Component Browser:
    ./src/data/pythonPrograms.ts [Client Component Browser]
    ./src/sections/ProgramsSection.tsx [Client Component Browser]
    ./src/sections/ProgramsSection.tsx [Server Component]
    ./app/page.tsx [Server Component]

  Client Component SSR:
    ./src/data/pythonPrograms.ts [Client Component SSR]
    ./src/sections/ProgramsSection.tsx [Client Component SSR]
    ./src/sections/ProgramsSection.tsx [Server Component]
    ./app/page.tsx [Server Component]


./src/data/pythonPrograms.ts:1857:17
Not a pattern
  [90m1855 |[0m [32m    category: "Loops & Patterns",[0m
  [90m1856 |[0m [32m    difficulty: "Hard",[0m
[31m[1m>[0m [90m1857 |[0m [32m    classLevel: "Class 9" as const,[0m
  [90m     |[0m                 [31m[1m^^^^^^^^^^^^^^^^^^[0m
  [90m1858 |[0m [32m    description: "Print a diamond pattern using two triangles (upper and lower).",[0m
  [90m1859 |[0m [32m    code: `[0m# ============================================
  [90m1860 |[0m # [33mDiamond[0m [33mPattern[0m

Parsing ecmascript source code failed

Import traces:
  App Route:
    ./src/data/pythonPrograms.ts
    ./app/api/admin/users/import-teachers-csv/route.ts

  Client Component Browser:
    ./src/data/pythonPrograms.ts [Client Component Browser]
    ./src/sections/ProgramsSection.tsx [Client Component Browser]
    ./src/sections/ProgramsSection.tsx [Server Component]
    ./app/page.tsx [Server Component]

  Client Component SSR:
    ./src/data/pythonPrograms.ts [Client Component SSR]
    ./src/sections/ProgramsSection.tsx [Client Component SSR]
    ./src/sections/ProgramsSection.tsx [Server Component]
    ./app/page.tsx [Server Component]


./src/data/pythonPrograms.ts:1913:15
Not a pattern
  [90m1911 |[0m     id: [32m"lt-1"[0m,
  [90m1912 |[0m     title: [32m"List Operations"[0m,
[31m[1m>[0m [90m1913 |[0m     language: [32m"python"[0m [36mas[0m [36mconst[0m,
  [90m     |[0m               [31m[1m^^^^^^^^^^^^^^^^^[0m
  [90m1914 |[0m     category: [32m"Lists"[0m,
  [90m1915 |[0m     difficulty: [32m"Easy"[0m,
  [90m1916 |[0m     classLevel: [32m"Class 9"[0m [36mas[0m [36mconst[0m,

Parsing ecmascript source code failed

Import traces:
  App Route:
    ./src/data/pythonPrograms.ts
    ./app/api/admin/users/import-teachers-csv/route.ts

  Client Component Browser:
    ./src/data/pythonPrograms.ts [Client Component Browser]
    ./src/sections/ProgramsSection.tsx [Client Component Browser]
    ./src/sections/ProgramsSection.tsx [Server Component]
    ./app/page.tsx [Server Component]

  Client Component SSR:
    ./src/data/pythonPrograms.ts [Client Component SSR]
    ./src/sections/ProgramsSection.tsx [Client Component SSR]
    ./src/sections/ProgramsSection.tsx [Server Component]
    ./app/page.tsx [Server Component]


./src/data/pythonPrograms.ts:1916:17
Not a pattern
  [90m1914 |[0m     category: [32m"Lists"[0m,
  [90m1915 |[0m     difficulty: [32m"Easy"[0m,
[31m[1m>[0m [90m1916 |[0m     classLevel: [32m"Class 9"[0m [36mas[0m [36mconst[0m,
  [90m     |[0m                 [31m[1m^^^^^^^^^^^^^^^^^^[0m
  [90m1917 |[0m     description: [32m"Learn append, insert, remove, and other list operations."[0m,
  [90m1918 |[0m     code: [32m`# ============================================[0m
  [90m1919 |[0m [32m# List Operations[0m

Parsing ecmascript source code failed

Import traces:
  App Route:
    ./src/data/pythonPrograms.ts
    ./app/api/admin/users/import-teachers-csv/route.ts

  Client Component Browser:
    ./src/data/pythonPrograms.ts [Client Component Browser]
    ./src/sections/ProgramsSection.tsx [Client Component Browser]
    ./src/sections/ProgramsSection.tsx [Server Component]
    ./app/page.tsx [Server Component]

  Client Component SSR:
    ./src/data/pythonPrograms.ts [Client Component SSR]
    ./src/sections/ProgramsSection.tsx [Client Component SSR]
    ./src/sections/ProgramsSection.tsx [Server Component]
    ./app/page.tsx [Server Component]


./src/data/pythonPrograms.ts:1968:15
Not a pattern
  [90m1966 |[0m [32m    id: "lt-2",[0m
  [90m1967 |[0m [32m    title: "Largest in List",[0m
[31m[1m>[0m [90m1968 |[0m [32m    language: "python" as const,[0m
  [90m     |[0m               [31m[1m^^^^^^^^^^^^^^^^^[0m
  [90m1969 |[0m [32m    category: "Lists",[0m
  [90m1970 |[0m [32m    difficulty: "Easy",[0m
  [90m1971 |[0m [32m    classLevel: "Class 9" as const,[0m

Parsing ecmascript source code failed

Import traces:
  App Route:
    ./src/data/pythonPrograms.ts
    ./app/api/admin/users/import-teachers-csv/route.ts

  Client Component Browser:
    ./src/data/pythonPrograms.ts [Client Component Browser]
    ./src/sections/ProgramsSection.tsx [Client Component Browser]
    ./src/sections/ProgramsSection.tsx [Server Component]
    ./app/page.tsx [Server Component]

  Client Component SSR:
    ./src/data/pythonPrograms.ts [Client Component SSR]
    ./src/sections/ProgramsSection.tsx [Client Component SSR]
    ./src/sections/ProgramsSection.tsx [Server Component]
    ./app/page.tsx [Server Component]


./src/data/pythonPrograms.ts:1971:17
Not a pattern
  [90m1969 |[0m [32m    category: "Lists",[0m
  [90m1970 |[0m [32m    difficulty: "Easy",[0m
[31m[1m>[0m [90m1971 |[0m [32m    classLevel: "Class 9" as const,[0m
  [90m     |[0m                 [31m[1m^^^^^^^^^^^^^^^^^^[0m
  [90m1972 |[0m [32m    description: "Find the largest element in a list using max() and manual method.",[0m
  [90m1973 |[0m [32m    code: `[0m# ============================================
  [90m1974 |[0m # [33mFind[0m the [33mLargest[0m [36min[0m a [33mList[0m

Parsing ecmascript source code failed

Import traces:
  App Route:
    ./src/data/pythonPrograms.ts
    ./app/api/admin/users/import-teachers-csv/route.ts

  Client Component Browser:
    ./src/data/pythonPrograms.ts [Client Component Browser]
    ./src/sections/ProgramsSection.tsx [Client Component Browser]
    ./src/sections/ProgramsSection.tsx [Server Component]
    ./app/page.tsx [Server Component]

  Client Component SSR:
    ./src/data/pythonPrograms.ts [Client Component SSR]
    ./src/sections/ProgramsSection.tsx [Client Component SSR]
    ./src/sections/ProgramsSection.tsx [Server Component]
    ./app/page.tsx [Server Component]


./src/data/pythonPrograms.ts:2013:15
Not a pattern
  [90m2011 |[0m [32m    id: "lt-3",[0m
  [90m2012 |[0m [32m    title: "Bubble Sort",[0m
[31m[1m>[0m [90m2013 |[0m [32m    language: "python" as const,[0m
  [90m     |[0m               [31m[1m^^^^^^^^^^^^^^^^^[0m
  [90m2014 |[0m [32m    category: "Lists",[0m
  [90m2015 |[0m [32m    difficulty: "Medium",[0m
  [90m2016 |[0m [32m    classLevel: "Class 9" as const,[0m

Parsing ecmascript source code failed

Import traces:
  App Route:
    ./src/data/pythonPrograms.ts
    ./app/api/admin/users/import-teachers-csv/route.ts

  Client Component Browser:
    ./src/data/pythonPrograms.ts [Client Component Browser]
    ./src/sections/ProgramsSection.tsx [Client Component Browser]
    ./src/sections/ProgramsSection.tsx [Server Component]
    ./app/page.tsx [Server Component]

  Client Component SSR:
    ./src/data/pythonPrograms.ts [Client Component SSR]
    ./src/sections/ProgramsSection.tsx [Client Component SSR]
    ./src/sections/ProgramsSection.tsx [Server Component]
    ./app/page.tsx [Server Component]


./src/data/pythonPrograms.ts:2016:17
Not a pattern
  [90m2014 |[0m [32m    category: "Lists",[0m
  [90m2015 |[0m [32m    difficulty: "Medium",[0m
[31m[1m>[0m [90m2016 |[0m [32m    classLevel: "Class 9" as const,[0m
  [90m     |[0m                 [31m[1m^^^^^^^^^^^^^^^^^^[0m
  [90m2017 |[0m [32m    description: "Sort a list using the Bubble Sort algorithm with nested loops.",[0m
  [90m2018 |[0m [32m    code: `[0m# ============================================
  [90m2019 |[0m # [33mBubble[0m [33mSort[0m

Parsing ecmascript source code failed

Import traces:
  App Route:
    ./src/data/pythonPrograms.ts
    ./app/api/admin/users/import-teachers-csv/route.ts

  Client Component Browser:
    ./src/data/pythonPrograms.ts [Client Component Browser]
    ./src/sections/ProgramsSection.tsx [Client Component Browser]
    ./src/sections/ProgramsSection.tsx [Server Component]
    ./app/page.tsx [Server Component]

  Client Component SSR:
    ./src/data/pythonPrograms.ts [Client Component SSR]
    ./src/sections/ProgramsSection.tsx [Client Component SSR]
    ./src/sections/ProgramsSection.tsx [Server Component]
    ./app/page.tsx [Server Component]


./src/data/pythonPrograms.ts:2060:15
Not a pattern
  [90m2058 |[0m [32m    id: "lt-4",[0m
  [90m2059 |[0m [32m    title: "List Comprehension",[0m
[31m[1m>[0m [90m2060 |[0m [32m    language: "python" as const,[0m
  [90m     |[0m               [31m[1m^^^^^^^^^^^^^^^^^[0m
  [90m2061 |[0m [32m    category: "Lists",[0m
  [90m2062 |[0m [32m    difficulty: "Medium",[0m
  [90m2063 |[0m [32m    classLevel: "Class 9" as const,[0m

Parsing ecmascript source code failed

Import traces:
  App Route:
    ./src/data/pythonPrograms.ts
    ./app/api/admin/users/import-teachers-csv/route.ts

  Client Component Browser:
    ./src/data/pythonPrograms.ts [Client Component Browser]
    ./src/sections/ProgramsSection.tsx [Client Component Browser]
    ./src/sections/ProgramsSection.tsx [Server Component]
    ./app/page.tsx [Server Component]

  Client Component SSR:
    ./src/data/pythonPrograms.ts [Client Component SSR]
    ./src/sections/ProgramsSection.tsx [Client Component SSR]
    ./src/sections/ProgramsSection.tsx [Server Component]
    ./app/page.tsx [Server Component]


./src/data/pythonPrograms.ts:2063:17
Not a pattern
  [90m2061 |[0m [32m    category: "Lists",[0m
  [90m2062 |[0m [32m    difficulty: "Medium",[0m
[31m[1m>[0m [90m2063 |[0m [32m    classLevel: "Class 9" as const,[0m
  [90m     |[0m                 [31m[1m^^^^^^^^^^^^^^^^^^[0m
  [90m2064 |[0m [32m    description: "Create lists elegantly using list comprehension syntax.",[0m
  [90m2065 |[0m [32m    code: `[0m# ============================================
  [90m2066 |[0m # [33mList[0m [33mComprehension[0m

Parsing ecmascript source code failed

Import traces:
  App Route:
    ./src/data/pythonPrograms.ts
    ./app/api/admin/users/import-teachers-csv/route.ts

  Client Component Browser:
    ./src/data/pythonPrograms.ts [Client Component Browser]
    ./src/sections/ProgramsSection.tsx [Client Component Browser]
    ./src/sections/ProgramsSection.tsx [Server Component]
    ./app/page.tsx [Server Component]

  Client Component SSR:
    ./src/data/pythonPrograms.ts [Client Component SSR]
    ./src/sections/ProgramsSection.tsx [Client Component SSR]
    ./src/sections/ProgramsSection.tsx [Server Component]
    ./app/page.tsx [Server Component]


./src/data/pythonPrograms.ts:2117:15
Not a pattern
  [90m2115 |[0m     id: [32m"tp-1"[0m,
  [90m2116 |[0m     title: [32m"Tuple Basics"[0m,
[31m[1m>[0m [90m2117 |[0m     language: [32m"python"[0m [36mas[0m [36mconst[0m,
  [90m     |[0m               [31m[1m^^^^^^^^^^^^^^^^^[0m
  [90m2118 |[0m     category: [32m"Tuples"[0m,
  [90m2119 |[0m     difficulty: [32m"Easy"[0m,
  [90m2120 |[0m     classLevel: [32m"Class 9"[0m [36mas[0m [36mconst[0m,

Parsing ecmascript source code failed

Import traces:
  App Route:
    ./src/data/pythonPrograms.ts
    ./app/api/admin/users/import-teachers-csv/route.ts

  Client Component Browser:
    ./src/data/pythonPrograms.ts [Client Component Browser]
    ./src/sections/ProgramsSection.tsx [Client Component Browser]
    ./src/sections/ProgramsSection.tsx [Server Component]
    ./app/page.tsx [Server Component]

  Client Component SSR:
    ./src/data/pythonPrograms.ts [Client Component SSR]
    ./src/sections/ProgramsSection.tsx [Client Component SSR]
    ./src/sections/ProgramsSection.tsx [Server Component]
    ./app/page.tsx [Server Component]


./src/data/pythonPrograms.ts:2120:17
Not a pattern
  [90m2118 |[0m     category: [32m"Tuples"[0m,
  [90m2119 |[0m     difficulty: [32m"Easy"[0m,
[31m[1m>[0m [90m2120 |[0m     classLevel: [32m"Class 9"[0m [36mas[0m [36mconst[0m,
  [90m     |[0m                 [31m[1m^^^^^^^^^^^^^^^^^^[0m
  [90m2121 |[0m     description: [32m"Learn about tuples ΓÇö immutable sequences that can't be changed after 
c...[0m
  [90m2122 |[0m     code: [32m`# ============================================[0m
  [90m2123 |[0m [32m# Tuple Basics[0m

Parsing ecmascript source code failed

Import traces:
  App Route:
    ./src/data/pythonPrograms.ts
    ./app/api/admin/users/import-teachers-csv/route.ts

  Client Component Browser:
    ./src/data/pythonPrograms.ts [Client Component Browser]
    ./src/sections/ProgramsSection.tsx [Client Component Browser]
    ./src/sections/ProgramsSection.tsx [Server Component]
    ./app/page.tsx [Server Component]

  Client Component SSR:
    ./src/data/pythonPrograms.ts [Client Component SSR]
    ./src/sections/ProgramsSection.tsx [Client Component SSR]
    ./src/sections/ProgramsSection.tsx [Server Component]
    ./app/page.tsx [Server Component]


./src/data/pythonPrograms.ts:2174:15
Not a pattern
  [90m2172 |[0m [32m    id: "tp-2",[0m
  [90m2173 |[0m [32m    title: "Tuple Unpacking",[0m
[31m[1m>[0m [90m2174 |[0m [32m    language: "python" as const,[0m
  [90m     |[0m               [31m[1m^^^^^^^^^^^^^^^^^[0m
  [90m2175 |[0m [32m    category: "Tuples",[0m
  [90m2176 |[0m [32m    difficulty: "Easy",[0m
  [90m2177 |[0m [32m    classLevel: "Class 9" as const,[0m

Parsing ecmascript source code failed

Import traces:
  App Route:
    ./src/data/pythonPrograms.ts
    ./app/api/admin/users/import-teachers-csv/route.ts

  Client Component Browser:
    ./src/data/pythonPrograms.ts [Client Component Browser]
    ./src/sections/ProgramsSection.tsx [Client Component Browser]
    ./src/sections/ProgramsSection.tsx [Server Component]
    ./app/page.tsx [Server Component]

  Client Component SSR:
    ./src/data/pythonPrograms.ts [Client Component SSR]
    ./src/sections/ProgramsSection.tsx [Client Component SSR]
    ./src/sections/ProgramsSection.tsx [Server Component]
    ./app/page.tsx [Server Component]


./src/data/pythonPrograms.ts:2177:17
Not a pattern
  [90m2175 |[0m [32m    category: "Tuples",[0m
  [90m2176 |[0m [32m    difficulty: "Easy",[0m
[31m[1m>[0m [90m2177 |[0m [32m    classLevel: "Class 9" as const,[0m
  [90m     |[0m                 [31m[1m^^^^^^^^^^^^^^^^^^[0m
  [90m2178 |[0m [32m    description: "Assign tuple values to multiple variables in one line.",[0m
  [90m2179 |[0m [32m    code: `[0m# ============================================
  [90m2180 |[0m # [33mTuple[0m [33mUnpacking[0m

Parsing ecmascript source code failed

Import traces:
  App Route:
    ./src/data/pythonPrograms.ts
    ./app/api/admin/users/import-teachers-csv/route.ts

  Client Component Browser:
    ./src/data/pythonPrograms.ts [Client Component Browser]
    ./src/sections/ProgramsSection.tsx [Client Component Browser]
    ./src/sections/ProgramsSection.tsx [Server Component]
    ./app/page.tsx [Server Component]

  Client Component SSR:
    ./src/data/pythonPrograms.ts [Client Component SSR]
    ./src/sections/ProgramsSection.tsx [Client Component SSR]
    ./src/sections/ProgramsSection.tsx [Server Component]
    ./app/page.tsx [Server Component]


./src/data/pythonPrograms.ts:2232:15
Not a pattern
  [90m2230 |[0m     id: [32m"dc-1"[0m,
  [90m2231 |[0m     title: [32m"Dictionary Basics"[0m,
[31m[1m>[0m [90m2232 |[0m     language: [32m"python"[0m [36mas[0m [36mconst[0m,
  [90m     |[0m               [31m[1m^^^^^^^^^^^^^^^^^[0m
  [90m2233 |[0m     category: [32m"Dictionaries"[0m,
  [90m2234 |[0m     difficulty: [32m"Easy"[0m,
  [90m2235 |[0m     classLevel: [32m"Class 9"[0m [36mas[0m [36mconst[0m,

Parsing ecmascript source code failed

Import traces:
  App Route:
    ./src/data/pythonPrograms.ts
    ./app/api/admin/users/import-teachers-csv/route.ts

  Client Component Browser:
    ./src/data/pythonPrograms.ts [Client Component Browser]
    ./src/sections/ProgramsSection.tsx [Client Component Browser]
    ./src/sections/ProgramsSection.tsx [Server Component]
    ./app/page.tsx [Server Component]

  Client Component SSR:
    ./src/data/pythonPrograms.ts [Client Component SSR]
    ./src/sections/ProgramsSection.tsx [Client Component SSR]
    ./src/sections/ProgramsSection.tsx [Server Component]
    ./app/page.tsx [Server Component]


./src/data/pythonPrograms.ts:2235:17
Not a pattern
  [90m2233 |[0m     category: [32m"Dictionaries"[0m,
  [90m2234 |[0m     difficulty: [32m"Easy"[0m,
[31m[1m>[0m [90m2235 |[0m     classLevel: [32m"Class 9"[0m [36mas[0m [36mconst[0m,
  [90m     |[0m                 [31m[1m^^^^^^^^^^^^^^^^^^[0m
  [90m2236 |[0m     description: [32m"Learn dictionary creation, access, and basic methods."[0m,
  [90m2237 |[0m     code: [32m`# ============================================[0m
  [90m2238 |[0m [32m# Dictionary Basics[0m

Parsing ecmascript source code failed

Import traces:
  App Route:
    ./src/data/pythonPrograms.ts
    ./app/api/admin/users/import-teachers-csv/route.ts

  Client Component Browser:
    ./src/data/pythonPrograms.ts [Client Component Browser]
    ./src/sections/ProgramsSection.tsx [Client Component Browser]
    ./src/sections/ProgramsSection.tsx [Server Component]
    ./app/page.tsx [Server Component]

  Client Component SSR:
    ./src/data/pythonPrograms.ts [Client Component SSR]
    ./src/sections/ProgramsSection.tsx [Client Component SSR]
    ./src/sections/ProgramsSection.tsx [Server Component]
    ./app/page.tsx [Server Component]


./src/data/pythonPrograms.ts:2293:15
Not a pattern
  [90m2291 |[0m [32m    id: "dc-2",[0m
  [90m2292 |[0m [32m    title: "Dictionary Iteration",[0m
[31m[1m>[0m [90m2293 |[0m [32m    language: "python" as const,[0m
  [90m     |[0m               [31m[1m^^^^^^^^^^^^^^^^^[0m
  [90m2294 |[0m [32m    category: "Dictionaries",[0m
  [90m2295 |[0m [32m    difficulty: "Medium",[0m
  [90m2296 |[0m [32m    classLevel: "Class 9" as const,[0m

Parsing ecmascript source code failed

Import traces:
  App Route:
    ./src/data/pythonPrograms.ts
    ./app/api/admin/users/import-teachers-csv/route.ts

  Client Component Browser:
    ./src/data/pythonPrograms.ts [Client Component Browser]
    ./src/sections/ProgramsSection.tsx [Client Component Browser]
    ./src/sections/ProgramsSection.tsx [Server Component]
    ./app/page.tsx [Server Component]

  Client Component SSR:
    ./src/data/pythonPrograms.ts [Client Component SSR]
    ./src/sections/ProgramsSection.tsx [Client Component SSR]
    ./src/sections/ProgramsSection.tsx [Server Component]
    ./app/page.tsx [Server Component]


./src/data/pythonPrograms.ts:2296:17
Not a pattern
  [90m2294 |[0m [32m    category: "Dictionaries",[0m
  [90m2295 |[0m [32m    difficulty: "Medium",[0m
[31m[1m>[0m [90m2296 |[0m [32m    classLevel: "Class 9" as const,[0m
  [90m     |[0m                 [31m[1m^^^^^^^^^^^^^^^^^^[0m
  [90m2297 |[0m [32m    description: "Iterate through dictionaries using keys(), values(), and items().",[0m
  [90m2298 |[0m [32m    code: `[0m# ============================================
  [90m2299 |[0m # [33mDictionary[0m [33mIteration[0m

Parsing ecmascript source code failed

Import traces:
  App Route:
    ./src/data/pythonPrograms.ts
    ./app/api/admin/users/import-teachers-csv/route.ts

  Client Component Browser:
    ./src/data/pythonPrograms.ts [Client Component Browser]
    ./src/sections/ProgramsSection.tsx [Client Component Browser]
    ./src/sections/ProgramsSection.tsx [Server Component]
    ./app/page.tsx [Server Component]

  Client Component SSR:
    ./src/data/pythonPrograms.ts [Client Component SSR]
    ./src/sections/ProgramsSection.tsx [Client Component SSR]
    ./src/sections/ProgramsSection.tsx [Server Component]
    ./app/page.tsx [Server Component]


./src/data/pythonPrograms.ts:2354:15
Not a pattern
  [90m2352 |[0m [32m    id: "dc-3",[0m
  [90m2353 |[0m [32m    title: "Word Counter",[0m
[31m[1m>[0m [90m2354 |[0m [32m    language: "python" as const,[0m
  [90m     |[0m               [31m[1m^^^^^^^^^^^^^^^^^[0m
  [90m2355 |[0m [32m    category: "Dictionaries",[0m
  [90m2356 |[0m [32m    difficulty: "Medium",[0m
  [90m2357 |[0m [32m    classLevel: "Class 9" as const,[0m

Parsing ecmascript source code failed

Import traces:
  App Route:
    ./src/data/pythonPrograms.ts
    ./app/api/admin/users/import-teachers-csv/route.ts

  Client Component Browser:
    ./src/data/pythonPrograms.ts [Client Component Browser]
    ./src/sections/ProgramsSection.tsx [Client Component Browser]
    ./src/sections/ProgramsSection.tsx [Server Component]
    ./app/page.tsx [Server Component]

  Client Component SSR:
    ./src/data/pythonPrograms.ts [Client Component SSR]
    ./src/sections/ProgramsSection.tsx [Client Component SSR]
    ./src/sections/ProgramsSection.tsx [Server Component]
    ./app/page.tsx [Server Component]


./src/data/pythonPrograms.ts:2357:17
Not a pattern
  [90m2355 |[0m [32m    category: "Dictionaries",[0m
  [90m2356 |[0m [32m    difficulty: "Medium",[0m
[31m[1m>[0m [90m2357 |[0m [32m    classLevel: "Class 9" as const,[0m
  [90m     |[0m                 [31m[1m^^^^^^^^^^^^^^^^^^[0m
  [90m2358 |[0m [32m    description: "Count word frequencies in text using dictionary counting technique.",[0m
  [90m2359 |[0m [32m    code: `[0m# ============================================
  [90m2360 |[0m # [33mWord[0m [33mCounter[0m

Parsing ecmascript source code failed

Import traces:
  App Route:
    ./src/data/pythonPrograms.ts
    ./app/api/admin/users/import-teachers-csv/route.ts

  Client Component Browser:
    ./src/data/pythonPrograms.ts [Client Component Browser]
    ./src/sections/ProgramsSection.tsx [Client Component Browser]
    ./src/sections/ProgramsSection.tsx [Server Component]
    ./app/page.tsx [Server Component]

  Client Component SSR:
    ./src/data/pythonPrograms.ts [Client Component SSR]
    ./src/sections/ProgramsSection.tsx [Client Component SSR]
    ./src/sections/ProgramsSection.tsx [Server Component]
    ./app/page.tsx [Server Component]


./src/data/pythonPrograms.ts:2415:15
Not a pattern
  [90m2413 |[0m     id: [32m"fn-1"[0m,
  [90m2414 |[0m     title: [32m"What is a Function"[0m,
[31m[1m>[0m [90m2415 |[0m     language: [32m"python"[0m [36mas[0m [36mconst[0m,
  [90m     |[0m               [31m[1m^^^^^^^^^^^^^^^^^[0m
  [90m2416 |[0m     category: [32m"Functions"[0m,
  [90m2417 |[0m     difficulty: [32m"Easy"[0m,
  [90m2418 |[0m     classLevel: [32m"Class 9"[0m [36mas[0m [36mconst[0m,

Parsing ecmascript source code failed

Import traces:
  App Route:
    ./src/data/pythonPrograms.ts
    ./app/api/admin/users/import-teachers-csv/route.ts

  Client Component Browser:
    ./src/data/pythonPrograms.ts [Client Component Browser]
    ./src/sections/ProgramsSection.tsx [Client Component Browser]
    ./src/sections/ProgramsSection.tsx [Server Component]
    ./app/page.tsx [Server Component]

  Client Component SSR:
    ./src/data/pythonPrograms.ts [Client Component SSR]
    ./src/sections/ProgramsSection.tsx [Client Component SSR]
    ./src/sections/ProgramsSection.tsx [Server Component]
    ./app/page.tsx [Server Component]


./src/data/pythonPrograms.ts:2418:17
Not a pattern
  [90m2416 |[0m     category: [32m"Functions"[0m,
  [90m2417 |[0m     difficulty: [32m"Easy"[0m,
[31m[1m>[0m [90m2418 |[0m     classLevel: [32m"Class 9"[0m [36mas[0m [36mconst[0m,
  [90m     |[0m                 [31m[1m^^^^^^^^^^^^^^^^^^[0m
  [90m2419 |[0m     description: [32m"Understand functions ΓÇö reusable blocks of code defined with 'def'."[0m,
  [90m2420 |[0m     code: [32m`# ============================================[0m
  [90m2421 |[0m [32m# What is a Function?[0m

Parsing ecmascript source code failed

Import traces:
  App Route:
    ./src/data/pythonPrograms.ts
    ./app/api/admin/users/import-teachers-csv/route.ts

  Client Component Browser:
    ./src/data/pythonPrograms.ts [Client Component Browser]
    ./src/sections/ProgramsSection.tsx [Client Component Browser]
    ./src/sections/ProgramsSection.tsx [Server Component]
    ./app/page.tsx [Server Component]

  Client Component SSR:
    ./src/data/pythonPrograms.ts [Client Component SSR]
    ./src/sections/ProgramsSection.tsx [Client Component SSR]
    ./src/sections/ProgramsSection.tsx [Server Component]
    ./app/page.tsx [Server Component]


./src/data/pythonPrograms.ts:2476:15
Not a pattern
  [90m2474 |[0m [32m    id: "fn-2",[0m
  [90m2475 |[0m [32m    title: "Function with Arguments",[0m
[31m[1m>[0m [90m2476 |[0m [32m    language: "python" as const,[0m
  [90m     |[0m               [31m[1m^^^^^^^^^^^^^^^^^[0m
  [90m2477 |[0m [32m    category: "Functions",[0m
  [90m2478 |[0m [32m    difficulty: "Easy",[0m
  [90m2479 |[0m [32m    classLevel: "Class 9" as const,[0m

Parsing ecmascript source code failed

Import traces:
  App Route:
    ./src/data/pythonPrograms.ts
    ./app/api/admin/users/import-teachers-csv/route.ts

  Client Component Browser:
    ./src/data/pythonPrograms.ts [Client Component Browser]
    ./src/sections/ProgramsSection.tsx [Client Component Browser]
    ./src/sections/ProgramsSection.tsx [Server Component]
    ./app/page.tsx [Server Component]

  Client Component SSR:
    ./src/data/pythonPrograms.ts [Client Component SSR]
    ./src/sections/ProgramsSection.tsx [Client Component SSR]
    ./src/sections/ProgramsSection.tsx [Server Component]
    ./app/page.tsx [Server Component]


./src/data/pythonPrograms.ts:2479:17
Not a pattern
  [90m2477 |[0m [32m    category: "Functions",[0m
  [90m2478 |[0m [32m    difficulty: "Easy",[0m
[31m[1m>[0m [90m2479 |[0m [32m    classLevel: "Class 9" as const,[0m
  [90m     |[0m                 [31m[1m^^^^^^^^^^^^^^^^^^[0m
  [90m2480 |[0m [32m    description: "Pass data into functions using parameters and arguments.",[0m
  [90m2481 |[0m [32m    code: `[0m# ============================================
  [90m2482 |[0m # [33mFunction[0m [36mwith[0m [33mArguments[0m

Parsing ecmascript source code failed

Import traces:
  App Route:
    ./src/data/pythonPrograms.ts
    ./app/api/admin/users/import-teachers-csv/route.ts

  Client Component Browser:
    ./src/data/pythonPrograms.ts [Client Component Browser]
    ./src/sections/ProgramsSection.tsx [Client Component Browser]
    ./src/sections/ProgramsSection.tsx [Server Component]
    ./app/page.tsx [Server Component]

  Client Component SSR:
    ./src/data/pythonPrograms.ts [Client Component SSR]
    ./src/sections/ProgramsSection.tsx [Client Component SSR]
    ./src/sections/ProgramsSection.tsx [Server Component]
    ./app/page.tsx [Server Component]


./src/data/pythonPrograms.ts:2538:15
Not a pattern
  [90m2536 |[0m [32m    id: "fn-3",[0m
  [90m2537 |[0m [32m    title: "Default Parameters",[0m
[31m[1m>[0m [90m2538 |[0m [32m    language: "python" as const,[0m
  [90m     |[0m               [31m[1m^^^^^^^^^^^^^^^^^[0m
  [90m2539 |[0m [32m    category: "Functions",[0m
  [90m2540 |[0m [32m    difficulty: "Easy",[0m
  [90m2541 |[0m [32m    classLevel: "Class 9" as const,[0m

Parsing ecmascript source code failed

Import traces:
  App Route:
    ./src/data/pythonPrograms.ts
    ./app/api/admin/users/import-teachers-csv/route.ts

  Client Component Browser:
    ./src/data/pythonPrograms.ts [Client Component Browser]
    ./src/sections/ProgramsSection.tsx [Client Component Browser]
    ./src/sections/ProgramsSection.tsx [Server Component]
    ./app/page.tsx [Server Component]

  Client Component SSR:
    ./src/data/pythonPrograms.ts [Client Component SSR]
    ./src/sections/ProgramsSection.tsx [Client Component SSR]
    ./src/sections/ProgramsSection.tsx [Server Component]
    ./app/page.tsx [Server Component]


./src/data/pythonPrograms.ts:2541:17
Not a pattern
  [90m2539 |[0m [32m    category: "[0m[33mFunctions[0m[32m",[0m
  [90m2540 |[0m [32m    difficulty: "[0m[33mEasy[0m[32m",[0m
[31m[1m>[0m [90m2541 |[0m [32m    classLevel: "[0m[33mClass[0m [35m9[0m[32m" as const,[0m
  [90m     |[0m                 [31m[1m^^^^^^^^^^^^^^^^^^[0m
  [90m2542 |[0m [32m    description: "[0m[33mSet[0m [36mdefault[0m values [36mfor[0m parameters so functions 
work [36mwith[0m fewer argumen...
  [90m2543 |[0m [32m    code: `# ============================================[0m
  [90m2544 |[0m [32m# Default Parameters[0m

Parsing ecmascript source code failed

Import traces:
  App Route:
    ./src/data/pythonPrograms.ts
    ./app/api/admin/users/import-teachers-csv/route.ts

  Client Component Browser:
    ./src/data/pythonPrograms.ts [Client Component Browser]
    ./src/sections/ProgramsSection.tsx [Client Component Browser]
    ./src/sections/ProgramsSection.tsx [Server Component]
    ./app/page.tsx [Server Component]

  Client Component SSR:
    ./src/data/pythonPrograms.ts [Client Component SSR]
    ./src/sections/ProgramsSection.tsx [Client Component SSR]
    ./src/sections/ProgramsSection.tsx [Server Component]
    ./app/page.tsx [Server Component]


./src/data/pythonPrograms.ts:2598:15
Not a pattern
  [90m2596 |[0m [32m    id: "fn-4",[0m
  [90m2597 |[0m [32m    title: "Return vs Print",[0m
[31m[1m>[0m [90m2598 |[0m [32m    language: "python" as const,[0m
  [90m     |[0m               [31m[1m^^^^^^^^^^^^^^^^^[0m
  [90m2599 |[0m [32m    category: "Functions",[0m
  [90m2600 |[0m [32m    difficulty: "Easy",[0m
  [90m2601 |[0m [32m    classLevel: "Class 9" as const,[0m

Parsing ecmascript source code failed

Import traces:
  App Route:
    ./src/data/pythonPrograms.ts
    ./app/api/admin/users/import-teachers-csv/route.ts

  Client Component Browser:
    ./src/data/pythonPrograms.ts [Client Component Browser]
    ./src/sections/ProgramsSection.tsx [Client Component Browser]
    ./src/sections/ProgramsSection.tsx [Server Component]
    ./app/page.tsx [Server Component]

  Client Component SSR:
    ./src/data/pythonPrograms.ts [Client Component SSR]
    ./src/sections/ProgramsSection.tsx [Client Component SSR]
    ./src/sections/ProgramsSection.tsx [Server Component]
    ./app/page.tsx [Server Component]


./src/data/pythonPrograms.ts:2601:17
Not a pattern
  [90m2599 |[0m [32m    category: "Functions",[0m
  [90m2600 |[0m [32m    difficulty: "Easy",[0m
[31m[1m>[0m [90m2601 |[0m [32m    classLevel: "Class 9" as const,[0m
  [90m     |[0m                 [31m[1m^^^^^^^^^^^^^^^^^^[0m
  [90m2602 |[0m [32m    description: "Understand the critical difference between return and print in functio...[0m
  [90m2603 |[0m [32m    code: `[0m# ============================================
  [90m2604 |[0m # [33mReturn[0m vs [33mPrint[0m ΓÇö [33mCRITICAL[0m [33mDIFFERENCE[0m!

Parsing ecmascript source code failed

Import traces:
  App Route:
    ./src/data/pythonPrograms.ts
    ./app/api/admin/users/import-teachers-csv/route.ts

  Client Component Browser:
    ./src/data/pythonPrograms.ts [Client Component Browser]
    ./src/sections/ProgramsSection.tsx [Client Component Browser]
    ./src/sections/ProgramsSection.tsx [Server Component]
    ./app/page.tsx [Server Component]

  Client Component SSR:
    ./src/data/pythonPrograms.ts [Client Component SSR]
    ./src/sections/ProgramsSection.tsx [Client Component SSR]
    ./src/sections/ProgramsSection.tsx [Server Component]
    ./app/page.tsx [Server Component]


./src/data/pythonPrograms.ts:2666:15
Not a pattern
  [90m2664 |[0m [32m    id: "fn-5",[0m
  [90m2665 |[0m [32m    title: "Lambda One-Liner",[0m
[31m[1m>[0m [90m2666 |[0m [32m    language: "python" as const,[0m
  [90m     |[0m               [31m[1m^^^^^^^^^^^^^^^^^[0m
  [90m2667 |[0m [32m    category: "Functions",[0m
  [90m2668 |[0m [32m    difficulty: "Medium",[0m
  [90m2669 |[0m [32m    classLevel: "Class 9" as const,[0m

Parsing ecmascript source code failed

Import traces:
  App Route:
    ./src/data/pythonPrograms.ts
    ./app/api/admin/users/import-teachers-csv/route.ts

  Client Component Browser:
    ./src/data/pythonPrograms.ts [Client Component Browser]
    ./src/sections/ProgramsSection.tsx [Client Component Browser]
    ./src/sections/ProgramsSection.tsx [Server Component]
    ./app/page.tsx [Server Component]

  Client Component SSR:
    ./src/data/pythonPrograms.ts [Client Component SSR]
    ./src/sections/ProgramsSection.tsx [Client Component SSR]
    ./src/sections/ProgramsSection.tsx [Server Component]
    ./app/page.tsx [Server Component]


./src/data/pythonPrograms.ts:2669:17
Not a pattern
  [90m2667 |[0m [32m    category: "Functions",[0m
  [90m2668 |[0m [32m    difficulty: "Medium",[0m
[31m[1m>[0m [90m2669 |[0m [32m    classLevel: "Class 9" as const,[0m
  [90m     |[0m                 [31m[1m^^^^^^^^^^^^^^^^^^[0m
  [90m2670 |[0m [32m    description: "Create small anonymous functions using the lambda keyword.",[0m
  [90m2671 |[0m [32m    code: `[0m# ============================================
  [90m2672 |[0m # [33mLambda[0m [33mOne[0m-[33mLiner[0m [33mFunctions[0m

Parsing ecmascript source code failed

Import traces:
  App Route:
    ./src/data/pythonPrograms.ts
    ./app/api/admin/users/import-teachers-csv/route.ts

  Client Component Browser:
    ./src/data/pythonPrograms.ts [Client Component Browser]
    ./src/sections/ProgramsSection.tsx [Client Component Browser]
    ./src/sections/ProgramsSection.tsx [Server Component]
    ./app/page.tsx [Server Component]

  Client Component SSR:
    ./src/data/pythonPrograms.ts [Client Component SSR]
    ./src/sections/ProgramsSection.tsx [Client Component SSR]
    ./src/sections/ProgramsSection.tsx [Server Component]
    ./app/page.tsx [Server Component]


./src/data/pythonPrograms.ts:2728:15
Not a pattern
  [90m2726 |[0m [32m    id: "fn-6",[0m
  [90m2727 |[0m [32m    title: "Map and Filter",[0m
[31m[1m>[0m [90m2728 |[0m [32m    language: "python" as const,[0m
  [90m     |[0m               [31m[1m^^^^^^^^^^^^^^^^^[0m
  [90m2729 |[0m [32m    category: "Functions",[0m
  [90m2730 |[0m [32m    difficulty: "Medium",[0m
  [90m2731 |[0m [32m    classLevel: "Class 9" as const,[0m

Parsing ecmascript source code failed

Import traces:
  App Route:
    ./src/data/pythonPrograms.ts
    ./app/api/admin/users/import-teachers-csv/route.ts

  Client Component Browser:
    ./src/data/pythonPrograms.ts [Client Component Browser]
    ./src/sections/ProgramsSection.tsx [Client Component Browser]
    ./src/sections/ProgramsSection.tsx [Server Component]
    ./app/page.tsx [Server Component]

  Client Component SSR:
    ./src/data/pythonPrograms.ts [Client Component SSR]
    ./src/sections/ProgramsSection.tsx [Client Component SSR]
    ./src/sections/ProgramsSection.tsx [Server Component]
    ./app/page.tsx [Server Component]


./src/data/pythonPrograms.ts:2731:17
Not a pattern
  [90m2729 |[0m [32m    category: "Functions",[0m
  [90m2730 |[0m [32m    difficulty: "Medium",[0m
[31m[1m>[0m [90m2731 |[0m [32m    classLevel: "Class 9" as const,[0m
  [90m     |[0m                 [31m[1m^^^^^^^^^^^^^^^^^^[0m
  [90m2732 |[0m [32m    description: "Transform and filter lists using map() and filter() functions.",[0m
  [90m2733 |[0m [32m    code: `[0m# ============================================
  [90m2734 |[0m # [33mMap[0m and [33mFilter[0m

Parsing ecmascript source code failed

Import traces:
  App Route:
    ./src/data/pythonPrograms.ts
    ./app/api/admin/users/import-teachers-csv/route.ts

  Client Component Browser:
    ./src/data/pythonPrograms.ts [Client Component Browser]
    ./src/sections/ProgramsSection.tsx [Client Component Browser]
    ./src/sections/ProgramsSection.tsx [Server Component]
    ./app/page.tsx [Server Component]

  Client Component SSR:
    ./src/data/pythonPrograms.ts [Client Component SSR]
    ./src/sections/ProgramsSection.tsx [Client Component SSR]
    ./src/sections/ProgramsSection.tsx [Server Component]
    ./app/page.tsx [Server Component]


./src/data/pythonPrograms.ts:2793:15
Not a pattern
  [90m2791 |[0m     id: [32m"fh-1"[0m,
  [90m2792 |[0m     title: [32m"File Write"[0m,
[31m[1m>[0m [90m2793 |[0m     language: [32m"python"[0m [36mas[0m [36mconst[0m,
  [90m     |[0m               [31m[1m^^^^^^^^^^^^^^^^^[0m
  [90m2794 |[0m     category: [32m"File Handling"[0m,
  [90m2795 |[0m     difficulty: [32m"Easy"[0m,
  [90m2796 |[0m     classLevel: [32m"Class 9"[0m [36mas[0m [36mconst[0m,

Parsing ecmascript source code failed

Import traces:
  App Route:
    ./src/data/pythonPrograms.ts
    ./app/api/admin/users/import-teachers-csv/route.ts

  Client Component Browser:
    ./src/data/pythonPrograms.ts [Client Component Browser]
    ./src/sections/ProgramsSection.tsx [Client Component Browser]
    ./src/sections/ProgramsSection.tsx [Server Component]
    ./app/page.tsx [Server Component]

  Client Component SSR:
    ./src/data/pythonPrograms.ts [Client Component SSR]
    ./src/sections/ProgramsSection.tsx [Client Component SSR]
    ./src/sections/ProgramsSection.tsx [Server Component]
    ./app/page.tsx [Server Component]


./src/data/pythonPrograms.ts:2796:17
Not a pattern
  [90m2794 |[0m     category: [32m"File Handling"[0m,
  [90m2795 |[0m     difficulty: [32m"Easy"[0m,
[31m[1m>[0m [90m2796 |[0m     classLevel: [32m"Class 9"[0m [36mas[0m [36mconst[0m,
  [90m     |[0m                 [31m[1m^^^^^^^^^^^^^^^^^^[0m
  [90m2797 |[0m     description: [32m"Create and write content to files using open() and write()."[0m,
  [90m2798 |[0m     code: [32m`# ============================================[0m
  [90m2799 |[0m [32m# File Write Operations[0m

Parsing ecmascript source code failed

Import traces:
  App Route:
    ./src/data/pythonPrograms.ts
    ./app/api/admin/users/import-teachers-csv/route.ts

  Client Component Browser:
    ./src/data/pythonPrograms.ts [Client Component Browser]
    ./src/sections/ProgramsSection.tsx [Client Component Browser]
    ./src/sections/ProgramsSection.tsx [Server Component]
    ./app/page.tsx [Server Component]

  Client Component SSR:
    ./src/data/pythonPrograms.ts [Client Component SSR]
    ./src/sections/ProgramsSection.tsx [Client Component SSR]
    ./src/sections/ProgramsSection.tsx [Server Component]
    ./app/page.tsx [Server Component]


./src/data/pythonPrograms.ts:2858:15
Not a pattern
  [90m2856 |[0m     id: [32m"mp-3"[0m,
  [90m2857 |[0m     title: [32m"Datetime Program"[0m,
[31m[1m>[0m [90m2858 |[0m     language: [32m"python"[0m [36mas[0m [36mconst[0m,
  [90m     |[0m               [31m[1m^^^^^^^^^^^^^^^^^[0m
  [90m2859 |[0m     category: [32m"Modules & Projects"[0m,
  [90m2860 |[0m     difficulty: [32m"Easy"[0m,
  [90m2861 |[0m     classLevel: [32m"Class 9"[0m [36mas[0m [36mconst[0m,

Parsing ecmascript source code failed

Import traces:
  App Route:
    ./src/data/pythonPrograms.ts
    ./app/api/admin/users/import-teachers-csv/route.ts

  Client Component Browser:
    ./src/data/pythonPrograms.ts [Client Component Browser]
    ./src/sections/ProgramsSection.tsx [Client Component Browser]
    ./src/sections/ProgramsSection.tsx [Server Component]
    ./app/page.tsx [Server Component]

  Client Component SSR:
    ./src/data/pythonPrograms.ts [Client Component SSR]
    ./src/sections/ProgramsSection.tsx [Client Component SSR]
    ./src/sections/ProgramsSection.tsx [Server Component]
    ./app/page.tsx [Server Component]


./src/data/pythonPrograms.ts:2861:17
Not a pattern
  [90m2859 |[0m     category: [32m"Modules & Projects"[0m,
  [90m2860 |[0m     difficulty: [32m"Easy"[0m,
[31m[1m>[0m [90m2861 |[0m     classLevel: [32m"Class 9"[0m [36mas[0m [36mconst[0m,
  [90m     |[0m                 [31m[1m^^^^^^^^^^^^^^^^^^[0m
  [90m2862 |[0m     description: [32m"Work with dates and times using Python's datetime module."[0m,
  [90m2863 |[0m     code: [32m`# ============================================[0m
  [90m2864 |[0m [32m# Datetime Program[0m

Parsing ecmascript source code failed

Import traces:
  App Route:
    ./src/data/pythonPrograms.ts
    ./app/api/admin/users/import-teachers-csv/route.ts

  Client Component Browser:
    ./src/data/pythonPrograms.ts [Client Component Browser]
    ./src/sections/ProgramsSection.tsx [Client Component Browser]
    ./src/sections/ProgramsSection.tsx [Server Component]
    ./app/page.tsx [Server Component]

  Client Component SSR:
    ./src/data/pythonPrograms.ts [Client Component SSR]
    ./src/sections/ProgramsSection.tsx [Client Component SSR]
    ./src/sections/ProgramsSection.tsx [Server Component]
    ./app/page.tsx [Server Component]


./src/data/pythonPrograms.ts:2919:15
Not a pattern
  [90m2917 |[0m [32m    id: "mp-4",[0m
  [90m2918 |[0m [32m    title: "Random Password Generator",[0m
[31m[1m>[0m [90m2919 |[0m [32m    language: "python" as const,[0m
  [90m     |[0m               [31m[1m^^^^^^^^^^^^^^^^^[0m
  [90m2920 |[0m [32m    category: "Modules & Projects",[0m
  [90m2921 |[0m [32m    difficulty: "Medium",[0m
  [90m2922 |[0m [32m    classLevel: "Class 9" as const,[0m

Parsing ecmascript source code failed

Import traces:
  App Route:
    ./src/data/pythonPrograms.ts
    ./app/api/admin/users/import-teachers-csv/route.ts

  Client Component Browser:
    ./src/data/pythonPrograms.ts [Client Component Browser]
    ./src/sections/ProgramsSection.tsx [Client Component Browser]
    ./src/sections/ProgramsSection.tsx [Server Component]
    ./app/page.tsx [Server Component]

  Client Component SSR:
    ./src/data/pythonPrograms.ts [Client Component SSR]
    ./src/sections/ProgramsSection.tsx [Client Component SSR]
    ./src/sections/ProgramsSection.tsx [Server Component]
    ./app/page.tsx [Server Component]


./src/data/pythonPrograms.ts:2922:17
Not a pattern
  [90m2920 |[0m [32m    category: "Modules & Projects",[0m
  [90m2921 |[0m [32m    difficulty: "Medium",[0m
[31m[1m>[0m [90m2922 |[0m [32m    classLevel: "Class 9" as const,[0m
  [90m     |[0m                 [31m[1m^^^^^^^^^^^^^^^^^^[0m
  [90m2923 |[0m [32m    description: "Generate secure random passwords using the random module.",[0m
  [90m2924 |[0m [32m    code: `[0m# ============================================
  [90m2925 |[0m # [33mRandom[0m [33mPassword[0m [33mGenerator[0m

Parsing ecmascript source code failed

Import traces:
  App Route:
    ./src/data/pythonPrograms.ts
    ./app/api/admin/users/import-teachers-csv/route.ts

  Client Component Browser:
    ./src/data/pythonPrograms.ts [Client Component Browser]
    ./src/sections/ProgramsSection.tsx [Client Component Browser]
    ./src/sections/ProgramsSection.tsx [Server Component]
    ./app/page.tsx [Server Component]

  Client Component SSR:
    ./src/data/pythonPrograms.ts [Client Component SSR]
    ./src/sections/ProgramsSection.tsx [Client Component SSR]
    ./src/sections/ProgramsSection.tsx [Server Component]
    ./app/page.tsx [Server Component]


./src/data/pythonPrograms.ts:2999:15
Not a pattern
  [90m2997 |[0m     id: [32m"fn-7"[0m,
  [90m2998 |[0m     title: [32m"Calculator Class Preview"[0m,
[31m[1m>[0m [90m2999 |[0m     language: [32m"python"[0m [36mas[0m [36mconst[0m,
  [90m     |[0m               [31m[1m^^^^^^^^^^^^^^^^^[0m
  [90m3000 |[0m     category: [32m"Functions"[0m,
  [90m3001 |[0m     difficulty: [32m"Medium"[0m,
  [90m3002 |[0m     classLevel: [32m"Class 9"[0m [36mas[0m [36mconst[0m,

Parsing ecmascript source code failed

Import traces:
  App Route:
    ./src/data/pythonPrograms.ts
    ./app/api/admin/users/import-teachers-csv/route.ts

  Client Component Browser:
    ./src/data/pythonPrograms.ts [Client Component Browser]
    ./src/sections/ProgramsSection.tsx [Client Component Browser]
    ./src/sections/ProgramsSection.tsx [Server Component]
    ./app/page.tsx [Server Component]

  Client Component SSR:
    ./src/data/pythonPrograms.ts [Client Component SSR]
    ./src/sections/ProgramsSection.tsx [Client Component SSR]
    ./src/sections/ProgramsSection.tsx [Server Component]
    ./app/page.tsx [Server Component]


./src/data/pythonPrograms.ts:3002:17
Not a pattern
  [90m3000 |[0m     category: [32m"Functions"[0m,
  [90m3001 |[0m     difficulty: [32m"Medium"[0m,
[31m[1m>[0m [90m3002 |[0m     classLevel: [32m"Class 9"[0m [36mas[0m [36mconst[0m,
  [90m     |[0m                 [31m[1m^^^^^^^^^^^^^^^^^^[0m
  [90m3003 |[0m     description: [32m"Introduction to classes and objects ΓÇö the foundation of 
Object-Oriente...[0m
  [90m3004 |[0m     code: [32m`# ============================================[0m
  [90m3005 |[0m [32m# Calculator Class Preview (OOP Introduction)[0m

Parsing ecmascript source code failed

Import traces:
  App Route:
    ./src/data/pythonPrograms.ts
    ./app/api/admin/users/import-teachers-csv/route.ts

  Client Component Browser:
    ./src/data/pythonPrograms.ts [Client Component Browser]
    ./src/sections/ProgramsSection.tsx [Client Component Browser]
    ./src/sections/ProgramsSection.tsx [Server Component]
    ./app/page.tsx [Server Component]

  Client Component SSR:
    ./src/data/pythonPrograms.ts [Client Component SSR]
    ./src/sections/ProgramsSection.tsx [Client Component SSR]
    ./src/sections/ProgramsSection.tsx [Server Component]
    ./app/page.tsx [Server Component]


./src/data/pythonPrograms.ts:3079:15
Not a pattern
  [90m3077 |[0m [32m    id: "s-8",[0m
  [90m3078 |[0m [32m    title: "String Methods Exam",[0m
[31m[1m>[0m [90m3079 |[0m [32m    language: "python" as const,[0m
  [90m     |[0m               [31m[1m^^^^^^^^^^^^^^^^^[0m
  [90m3080 |[0m [32m    category: "Strings" as const,[0m
  [90m3081 |[0m [32m    difficulty: "Medium",[0m
  [90m3082 |[0m [32m    classLevel: "Class 10" as const,[0m

Parsing ecmascript source code failed

Import traces:
  App Route:
    ./src/data/pythonPrograms.ts
    ./app/api/admin/users/import-teachers-csv/route.ts

  Client Component Browser:
    ./src/data/pythonPrograms.ts [Client Component Browser]
    ./src/sections/ProgramsSection.tsx [Client Component Browser]
    ./src/sections/ProgramsSection.tsx [Server Component]
    ./app/page.tsx [Server Component]

  Client Component SSR:
    ./src/data/pythonPrograms.ts [Client Component SSR]
    ./src/sections/ProgramsSection.tsx [Client Component SSR]
    ./src/sections/ProgramsSection.tsx [Server Component]
    ./app/page.tsx [Server Component]


./src/data/pythonPrograms.ts:3080:15
Not a pattern
  [90m3078 |[0m [32m    title: "String Methods Exam",[0m
  [90m3079 |[0m [32m    language: "python" as const,[0m
[31m[1m>[0m [90m3080 |[0m [32m    category: "Strings" as const,[0m
  [90m     |[0m               [31m[1m^^^^^^^^^^^^^^^^^^[0m
  [90m3081 |[0m [32m    difficulty: "Medium",[0m
  [90m3082 |[0m [32m    classLevel: "Class 10" as const,[0m
  [90m3083 |[0m [32m    description: "Combine split, join, and replace to manipulate strings in creative way...[0m

Parsing ecmascript source code failed

Import traces:
  App Route:
    ./src/data/pythonPrograms.ts
    ./app/api/admin/users/import-teachers-csv/route.ts

  Client Component Browser:
    ./src/data/pythonPrograms.ts [Client Component Browser]
    ./src/sections/ProgramsSection.tsx [Client Component Browser]
    ./src/sections/ProgramsSection.tsx [Server Component]
    ./app/page.tsx [Server Component]

  Client Component SSR:
    ./src/data/pythonPrograms.ts [Client Component SSR]
    ./src/sections/ProgramsSection.tsx [Client Component SSR]
    ./src/sections/ProgramsSection.tsx [Server Component]
    ./app/page.tsx [Server Component]


./src/data/pythonPrograms.ts:3082:17
Not a pattern
  [90m3080 |[0m [32m    category: "Strings" as const,[0m
  [90m3081 |[0m [32m    difficulty: "Medium",[0m
[31m[1m>[0m [90m3082 |[0m [32m    classLevel: "Class 10" as const,[0m
  [90m     |[0m                 [31m[1m^^^^^^^^^^^^^^^^^^^[0m
  [90m3083 |[0m [32m    description: "Combine split, join, and replace to manipulate strings in creative way...[0m
  [90m3084 |[0m [32m    code: `[0m# [33mString[0m [33mMethods[0m [33mExam[0m [33mProgram[0m
  [90m3085 |[0m # ==========================

Parsing ecmascript source code failed

Import traces:
  App Route:
    ./src/data/pythonPrograms.ts
    ./app/api/admin/users/import-teachers-csv/route.ts

  Client Component Browser:
    ./src/data/pythonPrograms.ts [Client Component Browser]
    ./src/sections/ProgramsSection.tsx [Client Component Browser]
    ./src/sections/ProgramsSection.tsx [Server Component]
    ./app/page.tsx [Server Component]

  Client Component SSR:
    ./src/data/pythonPrograms.ts [Client Component SSR]
    ./src/sections/ProgramsSection.tsx [Client Component SSR]
    ./src/sections/ProgramsSection.tsx [Server Component]
    ./app/page.tsx [Server Component]


./src/data/pythonPrograms.ts:3123:15
Not a pattern
  [90m3121 |[0m [32m    id: "s-9",[0m
  [90m3122 |[0m [32m    title: "Anagram Check",[0m
[31m[1m>[0m [90m3123 |[0m [32m    language: "python" as const,[0m
  [90m     |[0m               [31m[1m^^^^^^^^^^^^^^^^^[0m
  [90m3124 |[0m [32m    category: "Strings" as const,[0m
  [90m3125 |[0m [32m    difficulty: "Medium",[0m
  [90m3126 |[0m [32m    classLevel: "Class 10" as const,[0m

Parsing ecmascript source code failed

Import traces:
  App Route:
    ./src/data/pythonPrograms.ts
    ./app/api/admin/users/import-teachers-csv/route.ts

  Client Component Browser:
    ./src/data/pythonPrograms.ts [Client Component Browser]
    ./src/sections/ProgramsSection.tsx [Client Component Browser]
    ./src/sections/ProgramsSection.tsx [Server Component]
    ./app/page.tsx [Server Component]

  Client Component SSR:
    ./src/data/pythonPrograms.ts [Client Component SSR]
    ./src/sections/ProgramsSection.tsx [Client Component SSR]
    ./src/sections/ProgramsSection.tsx [Server Component]
    ./app/page.tsx [Server Component]


./src/data/pythonPrograms.ts:3124:15
Not a pattern
  [90m3122 |[0m [32m    title: "Anagram Check",[0m
  [90m3123 |[0m [32m    language: "python" as const,[0m
[31m[1m>[0m [90m3124 |[0m [32m    category: "Strings" as const,[0m
  [90m     |[0m               [31m[1m^^^^^^^^^^^^^^^^^^[0m
  [90m3125 |[0m [32m    difficulty: "Medium",[0m
  [90m3126 |[0m [32m    classLevel: "Class 10" as const,[0m
  [90m3127 |[0m [32m    description: "Check if two words are anagrams using sorted() comparison.",[0m

Parsing ecmascript source code failed

Import traces:
  App Route:
    ./src/data/pythonPrograms.ts
    ./app/api/admin/users/import-teachers-csv/route.ts

  Client Component Browser:
    ./src/data/pythonPrograms.ts [Client Component Browser]
    ./src/sections/ProgramsSection.tsx [Client Component Browser]
    ./src/sections/ProgramsSection.tsx [Server Component]
    ./app/page.tsx [Server Component]

  Client Component SSR:
    ./src/data/pythonPrograms.ts [Client Component SSR]
    ./src/sections/ProgramsSection.tsx [Client Component SSR]
    ./src/sections/ProgramsSection.tsx [Server Component]
    ./app/page.tsx [Server Component]


./src/data/pythonPrograms.ts:3126:17
Not a pattern
  [90m3124 |[0m [32m    category: "Strings" as const,[0m
  [90m3125 |[0m [32m    difficulty: "Medium",[0m
[31m[1m>[0m [90m3126 |[0m [32m    classLevel: "Class 10" as const,[0m
  [90m     |[0m                 [31m[1m^^^^^^^^^^^^^^^^^^^[0m
  [90m3127 |[0m [32m    description: "Check if two words are anagrams using sorted() comparison.",[0m
  [90m3128 |[0m [32m    code: `[0m# [33mAnagram[0m [33mCheck[0m [33mProgram[0m
  [90m3129 |[0m # =====================

Parsing ecmascript source code failed

Import traces:
  App Route:
    ./src/data/pythonPrograms.ts
    ./app/api/admin/users/import-teachers-csv/route.ts

  Client Component Browser:
    ./src/data/pythonPrograms.ts [Client Component Browser]
    ./src/sections/ProgramsSection.tsx [Client Component Browser]
    ./src/sections/ProgramsSection.tsx [Server Component]
    ./app/page.tsx [Server Component]

  Client Component SSR:
    ./src/data/pythonPrograms.ts [Client Component SSR]
    ./src/sections/ProgramsSection.tsx [Client Component SSR]
    ./src/sections/ProgramsSection.tsx [Server Component]
    ./app/page.tsx [Server Component]


./src/data/pythonPrograms.ts:3174:15
Not a pattern
  [90m3172 |[0m [32m    id: "lt-5",[0m
  [90m3173 |[0m [32m    title: "Matrix Addition",[0m
[31m[1m>[0m [90m3174 |[0m [32m    language: "python" as const,[0m
  [90m     |[0m               [31m[1m^^^^^^^^^^^^^^^^^[0m
  [90m3175 |[0m [32m    category: "Lists" as const,[0m
  [90m3176 |[0m [32m    difficulty: "Medium",[0m
  [90m3177 |[0m [32m    classLevel: "Class 10" as const,[0m

Parsing ecmascript source code failed

Import traces:
  App Route:
    ./src/data/pythonPrograms.ts
    ./app/api/admin/users/import-teachers-csv/route.ts

  Client Component Browser:
    ./src/data/pythonPrograms.ts [Client Component Browser]
    ./src/sections/ProgramsSection.tsx [Client Component Browser]
    ./src/sections/ProgramsSection.tsx [Server Component]
    ./app/page.tsx [Server Component]

  Client Component SSR:
    ./src/data/pythonPrograms.ts [Client Component SSR]
    ./src/sections/ProgramsSection.tsx [Client Component SSR]
    ./src/sections/ProgramsSection.tsx [Server Component]
    ./app/page.tsx [Server Component]


./src/data/pythonPrograms.ts:3175:15
Not a pattern
  [90m3173 |[0m [32m    title: "Matrix Addition",[0m
  [90m3174 |[0m [32m    language: "python" as const,[0m
[31m[1m>[0m [90m3175 |[0m [32m    category: "Lists" as const,[0m
  [90m     |[0m               [31m[1m^^^^^^^^^^^^^^^^[0m
  [90m3176 |[0m [32m    difficulty: "Medium",[0m
  [90m3177 |[0m [32m    classLevel: "Class 10" as const,[0m
  [90m3178 |[0m [32m    description: "Add two matrices using nested loops to traverse rows and columns.",[0m

Parsing ecmascript source code failed

Import traces:
  App Route:
    ./src/data/pythonPrograms.ts
    ./app/api/admin/users/import-teachers-csv/route.ts

  Client Component Browser:
    ./src/data/pythonPrograms.ts [Client Component Browser]
    ./src/sections/ProgramsSection.tsx [Client Component Browser]
    ./src/sections/ProgramsSection.tsx [Server Component]
    ./app/page.tsx [Server Component]

  Client Component SSR:
    ./src/data/pythonPrograms.ts [Client Component SSR]
    ./src/sections/ProgramsSection.tsx [Client Component SSR]
    ./src/sections/ProgramsSection.tsx [Server Component]
    ./app/page.tsx [Server Component]


./src/data/pythonPrograms.ts:3177:17
Not a pattern
  [90m3175 |[0m [32m    category: "Lists" as const,[0m
  [90m3176 |[0m [32m    difficulty: "Medium",[0m
[31m[1m>[0m [90m3177 |[0m [32m    classLevel: "Class 10" as const,[0m
  [90m     |[0m                 [31m[1m^^^^^^^^^^^^^^^^^^^[0m
  [90m3178 |[0m [32m    description: "Add two matrices using nested loops to traverse rows and columns.",[0m
  [90m3179 |[0m [32m    code: `[0m# [33mMatrix[0m [33mAddition[0m [33mProgram[0m
  [90m3180 |[0m # ======================

Parsing ecmascript source code failed

Import traces:
  App Route:
    ./src/data/pythonPrograms.ts
    ./app/api/admin/users/import-teachers-csv/route.ts

  Client Component Browser:
    ./src/data/pythonPrograms.ts [Client Component Browser]
    ./src/sections/ProgramsSection.tsx [Client Component Browser]
    ./src/sections/ProgramsSection.tsx [Server Component]
    ./app/page.tsx [Server Component]

  Client Component SSR:
    ./src/data/pythonPrograms.ts [Client Component SSR]
    ./src/sections/ProgramsSection.tsx [Client Component SSR]
    ./src/sections/ProgramsSection.tsx [Server Component]
    ./app/page.tsx [Server Component]


./src/data/pythonPrograms.ts:3238:15
Not a pattern
  [90m3236 |[0m [32m    id: "lt-6",[0m
  [90m3237 |[0m [32m    title: "Matrix Transpose",[0m
[31m[1m>[0m [90m3238 |[0m [32m    language: "python" as const,[0m
  [90m     |[0m               [31m[1m^^^^^^^^^^^^^^^^^[0m
  [90m3239 |[0m [32m    category: "Lists" as const,[0m
  [90m3240 |[0m [32m    difficulty: "Medium",[0m
  [90m3241 |[0m [32m    classLevel: "Class 10" as const,[0m

Parsing ecmascript source code failed

Import traces:
  App Route:
    ./src/data/pythonPrograms.ts
    ./app/api/admin/users/import-teachers-csv/route.ts

  Client Component Browser:
    ./src/data/pythonPrograms.ts [Client Component Browser]
    ./src/sections/ProgramsSection.tsx [Client Component Browser]
    ./src/sections/ProgramsSection.tsx [Server Component]
    ./app/page.tsx [Server Component]

  Client Component SSR:
    ./src/data/pythonPrograms.ts [Client Component SSR]
    ./src/sections/ProgramsSection.tsx [Client Component SSR]
    ./src/sections/ProgramsSection.tsx [Server Component]
    ./app/page.tsx [Server Component]


./src/data/pythonPrograms.ts:3239:15
Not a pattern
  [90m3237 |[0m [32m    title: "Matrix Transpose",[0m
  [90m3238 |[0m [32m    language: "python" as const,[0m
[31m[1m>[0m [90m3239 |[0m [32m    category: "Lists" as const,[0m
  [90m     |[0m               [31m[1m^^^^^^^^^^^^^^^^[0m
  [90m3240 |[0m [32m    difficulty: "Medium",[0m
  [90m3241 |[0m [32m    classLevel: "Class 10" as const,[0m
  [90m3242 |[0m [32m    description: "Transpose a matrix using list comprehension to swap rows and columns.",[0m

Parsing ecmascript source code failed

Import traces:
  App Route:
    ./src/data/pythonPrograms.ts
    ./app/api/admin/users/import-teachers-csv/route.ts

  Client Component Browser:
    ./src/data/pythonPrograms.ts [Client Component Browser]
    ./src/sections/ProgramsSection.tsx [Client Component Browser]
    ./src/sections/ProgramsSection.tsx [Server Component]
    ./app/page.tsx [Server Component]

  Client Component SSR:
    ./src/data/pythonPrograms.ts [Client Component SSR]
    ./src/sections/ProgramsSection.tsx [Client Component SSR]
    ./src/sections/ProgramsSection.tsx [Server Component]
    ./app/page.tsx [Server Component]


./src/data/pythonPrograms.ts:3241:17
Not a pattern
  [90m3239 |[0m [32m    category: "Lists" as const,[0m
  [90m3240 |[0m [32m    difficulty: "Medium",[0m
[31m[1m>[0m [90m3241 |[0m [32m    classLevel: "Class 10" as const,[0m
  [90m     |[0m                 [31m[1m^^^^^^^^^^^^^^^^^^^[0m
  [90m3242 |[0m [32m    description: "Transpose a matrix using list comprehension to swap rows and columns.",[0m
  [90m3243 |[0m [32m    code: `[0m# [33mMatrix[0m [33mTranspose[0m [33mProgram[0m
  [90m3244 |[0m # =======================

Parsing ecmascript source code failed

Import traces:
  App Route:
    ./src/data/pythonPrograms.ts
    ./app/api/admin/users/import-teachers-csv/route.ts

  Client Component Browser:
    ./src/data/pythonPrograms.ts [Client Component Browser]
    ./src/sections/ProgramsSection.tsx [Client Component Browser]
    ./src/sections/ProgramsSection.tsx [Server Component]
    ./app/page.tsx [Server Component]

  Client Component SSR:
    ./src/data/pythonPrograms.ts [Client Component SSR]
    ./src/sections/ProgramsSection.tsx [Client Component SSR]
    ./src/sections/ProgramsSection.tsx [Server Component]
    ./app/page.tsx [Server Component]


./src/data/pythonPrograms.ts:3286:15
Not a pattern
  [90m3284 |[0m [32m    id: "lt-7",[0m
  [90m3285 |[0m [32m    title: "Linear Search",[0m
[31m[1m>[0m [90m3286 |[0m [32m    language: "python" as const,[0m
  [90m     |[0m               [31m[1m^^^^^^^^^^^^^^^^^[0m
  [90m3287 |[0m [32m    category: "Lists" as const,[0m
  [90m3288 |[0m [32m    difficulty: "Easy",[0m
  [90m3289 |[0m [32m    classLevel: "Class 10" as const,[0m

Parsing ecmascript source code failed

Import traces:
  App Route:
    ./src/data/pythonPrograms.ts
    ./app/api/admin/users/import-teachers-csv/route.ts

  Client Component Browser:
    ./src/data/pythonPrograms.ts [Client Component Browser]
    ./src/sections/ProgramsSection.tsx [Client Component Browser]
    ./src/sections/ProgramsSection.tsx [Server Component]
    ./app/page.tsx [Server Component]

  Client Component SSR:
    ./src/data/pythonPrograms.ts [Client Component SSR]
    ./src/sections/ProgramsSection.tsx [Client Component SSR]
    ./src/sections/ProgramsSection.tsx [Server Component]
    ./app/page.tsx [Server Component]


./src/data/pythonPrograms.ts:3287:15
Not a pattern
  [90m3285 |[0m [32m    title: "Linear Search",[0m
  [90m3286 |[0m [32m    language: "python" as const,[0m
[31m[1m>[0m [90m3287 |[0m [32m    category: "Lists" as const,[0m
  [90m     |[0m               [31m[1m^^^^^^^^^^^^^^^^[0m
  [90m3288 |[0m [32m    difficulty: "Easy",[0m
  [90m3289 |[0m [32m    classLevel: "Class 10" as const,[0m
  [90m3290 |[0m [32m    description: "Search for an element in a list by checking each element one by one.",[0m

Parsing ecmascript source code failed

Import traces:
  App Route:
    ./src/data/pythonPrograms.ts
    ./app/api/admin/users/import-teachers-csv/route.ts

  Client Component Browser:
    ./src/data/pythonPrograms.ts [Client Component Browser]
    ./src/sections/ProgramsSection.tsx [Client Component Browser]
    ./src/sections/ProgramsSection.tsx [Server Component]
    ./app/page.tsx [Server Component]

  Client Component SSR:
    ./src/data/pythonPrograms.ts [Client Component SSR]
    ./src/sections/ProgramsSection.tsx [Client Component SSR]
    ./src/sections/ProgramsSection.tsx [Server Component]
    ./app/page.tsx [Server Component]


./src/data/pythonPrograms.ts:3289:17
Not a pattern
  [90m3287 |[0m [32m    category: "Lists" as const,[0m
  [90m3288 |[0m [32m    difficulty: "Easy",[0m
[31m[1m>[0m [90m3289 |[0m [32m    classLevel: "Class 10" as const,[0m
  [90m     |[0m                 [31m[1m^^^^^^^^^^^^^^^^^^^[0m
  [90m3290 |[0m [32m    description: "Search for an element in a list by checking each element one by one.",[0m
  [90m3291 |[0m [32m    code: `[0m# [33mLinear[0m [33mSearch[0m [33mProgram[0m
  [90m3292 |[0m # ====================

Parsing ecmascript source code failed

Import traces:
  App Route:
    ./src/data/pythonPrograms.ts
    ./app/api/admin/users/import-teachers-csv/route.ts

  Client Component Browser:
    ./src/data/pythonPrograms.ts [Client Component Browser]
    ./src/sections/ProgramsSection.tsx [Client Component Browser]
    ./src/sections/ProgramsSection.tsx [Server Component]
    ./app/page.tsx [Server Component]

  Client Component SSR:
    ./src/data/pythonPrograms.ts [Client Component SSR]
    ./src/sections/ProgramsSection.tsx [Client Component SSR]
    ./src/sections/ProgramsSection.tsx [Server Component]
    ./app/page.tsx [Server Component]


./src/data/pythonPrograms.ts:3332:15
Not a pattern
  [90m3330 |[0m [32m    id: "lt-8",[0m
  [90m3331 |[0m [32m    title: "Binary Search",[0m
[31m[1m>[0m [90m3332 |[0m [32m    language: "python" as const,[0m
  [90m     |[0m               [31m[1m^^^^^^^^^^^^^^^^^[0m
  [90m3333 |[0m [32m    category: "Lists" as const,[0m
  [90m3334 |[0m [32m    difficulty: "Hard",[0m
  [90m3335 |[0m [32m    classLevel: "Class 10" as const,[0m

Parsing ecmascript source code failed

Import traces:
  App Route:
    ./src/data/pythonPrograms.ts
    ./app/api/admin/users/import-teachers-csv/route.ts

  Client Component Browser:
    ./src/data/pythonPrograms.ts [Client Component Browser]
    ./src/sections/ProgramsSection.tsx [Client Component Browser]
    ./src/sections/ProgramsSection.tsx [Server Component]
    ./app/page.tsx [Server Component]

  Client Component SSR:
    ./src/data/pythonPrograms.ts [Client Component SSR]
    ./src/sections/ProgramsSection.tsx [Client Component SSR]
    ./src/sections/ProgramsSection.tsx [Server Component]
    ./app/page.tsx [Server Component]


./src/data/pythonPrograms.ts:3333:15
Not a pattern
  [90m3331 |[0m [32m    title: "Binary Search",[0m
  [90m3332 |[0m [32m    language: "python" as const,[0m
[31m[1m>[0m [90m3333 |[0m [32m    category: "Lists" as const,[0m
  [90m     |[0m               [31m[1m^^^^^^^^^^^^^^^^[0m
  [90m3334 |[0m [32m    difficulty: "Hard",[0m
  [90m3335 |[0m [32m    classLevel: "Class 10" as const,[0m
  [90m3336 |[0m [32m    description: "Efficiently search a sorted list by repeatedly dividing the search ran...[0m

Parsing ecmascript source code failed

Import traces:
  App Route:
    ./src/data/pythonPrograms.ts
    ./app/api/admin/users/import-teachers-csv/route.ts

  Client Component Browser:
    ./src/data/pythonPrograms.ts [Client Component Browser]
    ./src/sections/ProgramsSection.tsx [Client Component Browser]
    ./src/sections/ProgramsSection.tsx [Server Component]
    ./app/page.tsx [Server Component]

  Client Component SSR:
    ./src/data/pythonPrograms.ts [Client Component SSR]
    ./src/sections/ProgramsSection.tsx [Client Component SSR]
    ./src/sections/ProgramsSection.tsx [Server Component]
    ./app/page.tsx [Server Component]


./src/data/pythonPrograms.ts:3335:17
Not a pattern
  [90m3333 |[0m [32m    category: "Lists" as const,[0m
  [90m3334 |[0m [32m    difficulty: "Hard",[0m
[31m[1m>[0m [90m3335 |[0m [32m    classLevel: "Class 10" as const,[0m
  [90m     |[0m                 [31m[1m^^^^^^^^^^^^^^^^^^^[0m
  [90m3336 |[0m [32m    description: "Efficiently search a sorted list by repeatedly dividing the search ran...[0m
  [90m3337 |[0m [32m    code: `[0m# [33mBinary[0m [33mSearch[0m [33mProgram[0m
  [90m3338 |[0m # ====================

Parsing ecmascript source code failed

Import traces:
  App Route:
    ./src/data/pythonPrograms.ts
    ./app/api/admin/users/import-teachers-csv/route.ts

  Client Component Browser:
    ./src/data/pythonPrograms.ts [Client Component Browser]
    ./src/sections/ProgramsSection.tsx [Client Component Browser]
    ./src/sections/ProgramsSection.tsx [Server Component]
    ./app/page.tsx [Server Component]

  Client Component SSR:
    ./src/data/pythonPrograms.ts [Client Component SSR]
    ./src/sections/ProgramsSection.tsx [Client Component SSR]
    ./src/sections/ProgramsSection.tsx [Server Component]
    ./app/page.tsx [Server Component]


./src/data/pythonPrograms.ts:3389:15
Not a pattern
  [90m3387 |[0m [32m    id: "tp-3",[0m
  [90m3388 |[0m [32m    title: "Nested Tuple",[0m
[31m[1m>[0m [90m3389 |[0m [32m    language: "python" as const,[0m
  [90m     |[0m               [31m[1m^^^^^^^^^^^^^^^^^[0m
  [90m3390 |[0m [32m    category: "Tuples" as const,[0m
  [90m3391 |[0m [32m    difficulty: "Easy",[0m
  [90m3392 |[0m [32m    classLevel: "Class 10" as const,[0m

Parsing ecmascript source code failed

Import traces:
  App Route:
    ./src/data/pythonPrograms.ts
    ./app/api/admin/users/import-teachers-csv/route.ts

  Client Component Browser:
    ./src/data/pythonPrograms.ts [Client Component Browser]
    ./src/sections/ProgramsSection.tsx [Client Component Browser]
    ./src/sections/ProgramsSection.tsx [Server Component]
    ./app/page.tsx [Server Component]

  Client Component SSR:
    ./src/data/pythonPrograms.ts [Client Component SSR]
    ./src/sections/ProgramsSection.tsx [Client Component SSR]
    ./src/sections/ProgramsSection.tsx [Server Component]
    ./app/page.tsx [Server Component]


./src/data/pythonPrograms.ts:3390:15
Not a pattern
  [90m3388 |[0m [32m    title: "Nested Tuple",[0m
  [90m3389 |[0m [32m    language: "python" as const,[0m
[31m[1m>[0m [90m3390 |[0m [32m    category: "Tuples" as const,[0m
  [90m     |[0m               [31m[1m^^^^^^^^^^^^^^^^^[0m
  [90m3391 |[0m [32m    difficulty: "Easy",[0m
  [90m3392 |[0m [32m    classLevel: "Class 10" as const,[0m
  [90m3393 |[0m [32m    description: "Access elements in nested tuples using double indexing.",[0m

Parsing ecmascript source code failed

Import traces:
  App Route:
    ./src/data/pythonPrograms.ts
    ./app/api/admin/users/import-teachers-csv/route.ts

  Client Component Browser:
    ./src/data/pythonPrograms.ts [Client Component Browser]
    ./src/sections/ProgramsSection.tsx [Client Component Browser]
    ./src/sections/ProgramsSection.tsx [Server Component]
    ./app/page.tsx [Server Component]

  Client Component SSR:
    ./src/data/pythonPrograms.ts [Client Component SSR]
    ./src/sections/ProgramsSection.tsx [Client Component SSR]
    ./src/sections/ProgramsSection.tsx [Server Component]
    ./app/page.tsx [Server Component]


./src/data/pythonPrograms.ts:3392:17
Not a pattern
  [90m3390 |[0m [32m    category: "Tuples" as const,[0m
  [90m3391 |[0m [32m    difficulty: "Easy",[0m
[31m[1m>[0m [90m3392 |[0m [32m    classLevel: "Class 10" as const,[0m
  [90m     |[0m                 [31m[1m^^^^^^^^^^^^^^^^^^^[0m
  [90m3393 |[0m [32m    description: "Access elements in nested tuples using double indexing.",[0m
  [90m3394 |[0m [32m    code: `[0m# [33mNested[0m [33mTuple[0m [33mProgram[0m
  [90m3395 |[0m # ====================

Parsing ecmascript source code failed

Import traces:
  App Route:
    ./src/data/pythonPrograms.ts
    ./app/api/admin/users/import-teachers-csv/route.ts

  Client Component Browser:
    ./src/data/pythonPrograms.ts [Client Component Browser]
    ./src/sections/ProgramsSection.tsx [Client Component Browser]
    ./src/sections/ProgramsSection.tsx [Server Component]
    ./app/page.tsx [Server Component]

  Client Component SSR:
    ./src/data/pythonPrograms.ts [Client Component SSR]
    ./src/sections/ProgramsSection.tsx [Client Component SSR]
    ./src/sections/ProgramsSection.tsx [Server Component]
    ./app/page.tsx [Server Component]


./src/data/pythonPrograms.ts:3437:15
Not a pattern
  [90m3435 |[0m [32m    id: "tp-4",[0m
  [90m3436 |[0m [32m    title: "Tuple as Dict Key",[0m
[31m[1m>[0m [90m3437 |[0m [32m    language: "python" as const,[0m
  [90m     |[0m               [31m[1m^^^^^^^^^^^^^^^^^[0m
  [90m3438 |[0m [32m    category: "Tuples" as const,[0m
  [90m3439 |[0m [32m    difficulty: "Medium",[0m
  [90m3440 |[0m [32m    classLevel: "Class 10" as const,[0m

Parsing ecmascript source code failed

Import traces:
  App Route:
    ./src/data/pythonPrograms.ts
    ./app/api/admin/users/import-teachers-csv/route.ts

  Client Component Browser:
    ./src/data/pythonPrograms.ts [Client Component Browser]
    ./src/sections/ProgramsSection.tsx [Client Component Browser]
    ./src/sections/ProgramsSection.tsx [Server Component]
    ./app/page.tsx [Server Component]

  Client Component SSR:
    ./src/data/pythonPrograms.ts [Client Component SSR]
    ./src/sections/ProgramsSection.tsx [Client Component SSR]
    ./src/sections/ProgramsSection.tsx [Server Component]
    ./app/page.tsx [Server Component]


./src/data/pythonPrograms.ts:3438:15
Not a pattern
  [90m3436 |[0m [32m    title: "Tuple as Dict Key",[0m
  [90m3437 |[0m [32m    language: "python" as const,[0m
[31m[1m>[0m [90m3438 |[0m [32m    category: "Tuples" as const,[0m
  [90m     |[0m               [31m[1m^^^^^^^^^^^^^^^^^[0m
  [90m3439 |[0m [32m    difficulty: "Medium",[0m
  [90m3440 |[0m [32m    classLevel: "Class 10" as const,[0m
  [90m3441 |[0m [32m    description: "Use tuples as dictionary keys because they are hashable and immutable.",[0m

Parsing ecmascript source code failed

Import traces:
  App Route:
    ./src/data/pythonPrograms.ts
    ./app/api/admin/users/import-teachers-csv/route.ts

  Client Component Browser:
    ./src/data/pythonPrograms.ts [Client Component Browser]
    ./src/sections/ProgramsSection.tsx [Client Component Browser]
    ./src/sections/ProgramsSection.tsx [Server Component]
    ./app/page.tsx [Server Component]

  Client Component SSR:
    ./src/data/pythonPrograms.ts [Client Component SSR]
    ./src/sections/ProgramsSection.tsx [Client Component SSR]
    ./src/sections/ProgramsSection.tsx [Server Component]
    ./app/page.tsx [Server Component]


./src/data/pythonPrograms.ts:3440:17
Not a pattern
  [90m3438 |[0m [32m    category: "Tuples" as const,[0m
  [90m3439 |[0m [32m    difficulty: "Medium",[0m
[31m[1m>[0m [90m3440 |[0m [32m    classLevel: "Class 10" as const,[0m
  [90m     |[0m                 [31m[1m^^^^^^^^^^^^^^^^^^^[0m
  [90m3441 |[0m [32m    description: "Use tuples as dictionary keys because they are hashable and immutable.",[0m
  [90m3442 |[0m [32m    code: `[0m# [33mTuple[0m [36mas[0m [33mDictionary[0m [33mKey[0m [33mProgram[0m
  [90m3443 |[0m # ===============================

Parsing ecmascript source code failed

Import traces:
  App Route:
    ./src/data/pythonPrograms.ts
    ./app/api/admin/users/import-teachers-csv/route.ts

  Client Component Browser:
    ./src/data/pythonPrograms.ts [Client Component Browser]
    ./src/sections/ProgramsSection.tsx [Client Component Browser]
    ./src/sections/ProgramsSection.tsx [Server Component]
    ./app/page.tsx [Server Component]

  Client Component SSR:
    ./src/data/pythonPrograms.ts [Client Component SSR]
    ./src/sections/ProgramsSection.tsx [Client Component SSR]
    ./src/sections/ProgramsSection.tsx [Server Component]
    ./app/page.tsx [Server Component]


./src/data/pythonPrograms.ts:3490:15
Not a pattern
  [90m3488 |[0m [32m    id: "tp-5",[0m
  [90m3489 |[0m [32m    title: "Tuple to Dict",[0m
[31m[1m>[0m [90m3490 |[0m [32m    language: "python" as const,[0m
  [90m     |[0m               [31m[1m^^^^^^^^^^^^^^^^^[0m
  [90m3491 |[0m [32m    category: "Tuples" as const,[0m
  [90m3492 |[0m [32m    difficulty: "Medium",[0m
  [90m3493 |[0m [32m    classLevel: "Class 10" as const,[0m

Parsing ecmascript source code failed

Import traces:
  App Route:
    ./src/data/pythonPrograms.ts
    ./app/api/admin/users/import-teachers-csv/route.ts

  Client Component Browser:
    ./src/data/pythonPrograms.ts [Client Component Browser]
    ./src/sections/ProgramsSection.tsx [Client Component Browser]
    ./src/sections/ProgramsSection.tsx [Server Component]
    ./app/page.tsx [Server Component]

  Client Component SSR:
    ./src/data/pythonPrograms.ts [Client Component SSR]
    ./src/sections/ProgramsSection.tsx [Client Component SSR]
    ./src/sections/ProgramsSection.tsx [Server Component]
    ./app/page.tsx [Server Component]


./src/data/pythonPrograms.ts:3491:15
Not a pattern
  [90m3489 |[0m [32m    title: "Tuple to Dict",[0m
  [90m3490 |[0m [32m    language: "python" as const,[0m
[31m[1m>[0m [90m3491 |[0m [32m    category: "Tuples" as const,[0m
  [90m     |[0m               [31m[1m^^^^^^^^^^^^^^^^^[0m
  [90m3492 |[0m [32m    difficulty: "Medium",[0m
  [90m3493 |[0m [32m    classLevel: "Class 10" as const,[0m
  [90m3494 |[0m [32m    description: "Convert tuples to dictionaries using the zip() function.",[0m

Parsing ecmascript source code failed

Import traces:
  App Route:
    ./src/data/pythonPrograms.ts
    ./app/api/admin/users/import-teachers-csv/route.ts

  Client Component Browser:
    ./src/data/pythonPrograms.ts [Client Component Browser]
    ./src/sections/ProgramsSection.tsx [Client Component Browser]
    ./src/sections/ProgramsSection.tsx [Server Component]
    ./app/page.tsx [Server Component]

  Client Component SSR:
    ./src/data/pythonPrograms.ts [Client Component SSR]
    ./src/sections/ProgramsSection.tsx [Client Component SSR]
    ./src/sections/ProgramsSection.tsx [Server Component]
    ./app/page.tsx [Server Component]


./src/data/pythonPrograms.ts:3493:17
Not a pattern
  [90m3491 |[0m [32m    category: "Tuples" as const,[0m
  [90m3492 |[0m [32m    difficulty: "Medium",[0m
[31m[1m>[0m [90m3493 |[0m [32m    classLevel: "Class 10" as const,[0m
  [90m     |[0m                 [31m[1m^^^^^^^^^^^^^^^^^^^[0m
  [90m3494 |[0m [32m    description: "Convert tuples to dictionaries using the zip() function.",[0m
  [90m3495 |[0m [32m    code: `[0m# [33mTuple[0m to [33mDictionary[0m [33mProgram[0m
  [90m3496 |[0m # ==========================

Parsing ecmascript source code failed

Import traces:
  App Route:
    ./src/data/pythonPrograms.ts
    ./app/api/admin/users/import-teachers-csv/route.ts

  Client Component Browser:
    ./src/data/pythonPrograms.ts [Client Component Browser]
    ./src/sections/ProgramsSection.tsx [Client Component Browser]
    ./src/sections/ProgramsSection.tsx [Server Component]
    ./app/page.tsx [Server Component]

  Client Component SSR:
    ./src/data/pythonPrograms.ts [Client Component SSR]
    ./src/sections/ProgramsSection.tsx [Client Component SSR]
    ./src/sections/ProgramsSection.tsx [Server Component]
    ./app/page.tsx [Server Component]


./src/data/pythonPrograms.ts:3539:15
Not a pattern
  [90m3537 |[0m [32m    id: "dc-4",[0m
  [90m3538 |[0m [32m    title: "Nested Dictionary",[0m
[31m[1m>[0m [90m3539 |[0m [32m    language: "python" as const,[0m
  [90m     |[0m               [31m[1m^^^^^^^^^^^^^^^^^[0m
  [90m3540 |[0m [32m    category: "Dictionaries" as const,[0m
  [90m3541 |[0m [32m    difficulty: "Medium",[0m
  [90m3542 |[0m [32m    classLevel: "Class 10" as const,[0m

Parsing ecmascript source code failed

Import traces:
  App Route:
    ./src/data/pythonPrograms.ts
    ./app/api/admin/users/import-teachers-csv/route.ts

  Client Component Browser:
    ./src/data/pythonPrograms.ts [Client Component Browser]
    ./src/sections/ProgramsSection.tsx [Client Component Browser]
    ./src/sections/ProgramsSection.tsx [Server Component]
    ./app/page.tsx [Server Component]

  Client Component SSR:
    ./src/data/pythonPrograms.ts [Client Component SSR]
    ./src/sections/ProgramsSection.tsx [Client Component SSR]
    ./src/sections/ProgramsSection.tsx [Server Component]
    ./app/page.tsx [Server Component]


./src/data/pythonPrograms.ts:3540:15
Not a pattern
  [90m3538 |[0m [32m    title: "Nested Dictionary",[0m
  [90m3539 |[0m [32m    language: "python" as const,[0m
[31m[1m>[0m [90m3540 |[0m [32m    category: "Dictionaries" as const,[0m
  [90m     |[0m               [31m[1m^^^^^^^^^^^^^^^^^^^^^^^[0m
  [90m3541 |[0m [32m    difficulty: "Medium",[0m
  [90m3542 |[0m [32m    classLevel: "Class 10" as const,[0m
  [90m3543 |[0m [32m    description: "Create and access dictionaries within dictionaries to model complex da...[0m

Parsing ecmascript source code failed

Import traces:
  App Route:
    ./src/data/pythonPrograms.ts
    ./app/api/admin/users/import-teachers-csv/route.ts

  Client Component Browser:
    ./src/data/pythonPrograms.ts [Client Component Browser]
    ./src/sections/ProgramsSection.tsx [Client Component Browser]
    ./src/sections/ProgramsSection.tsx [Server Component]
    ./app/page.tsx [Server Component]

  Client Component SSR:
    ./src/data/pythonPrograms.ts [Client Component SSR]
    ./src/sections/ProgramsSection.tsx [Client Component SSR]
    ./src/sections/ProgramsSection.tsx [Server Component]
    ./app/page.tsx [Server Component]


./src/data/pythonPrograms.ts:3542:17
Not a pattern
  [90m3540 |[0m [32m    category: "Dictionaries" as const,[0m
  [90m3541 |[0m [32m    difficulty: "Medium",[0m
[31m[1m>[0m [90m3542 |[0m [32m    classLevel: "Class 10" as const,[0m
  [90m     |[0m                 [31m[1m^^^^^^^^^^^^^^^^^^^[0m
  [90m3543 |[0m [32m    description: "Create and access dictionaries within dictionaries to model complex da...[0m
  [90m3544 |[0m [32m    code: `[0m# [33mNested[0m [33mDictionary[0m [33mProgram[0m
  [90m3545 |[0m # ========================

Parsing ecmascript source code failed

Import traces:
  App Route:
    ./src/data/pythonPrograms.ts
    ./app/api/admin/users/import-teachers-csv/route.ts

  Client Component Browser:
    ./src/data/pythonPrograms.ts [Client Component Browser]
    ./src/sections/ProgramsSection.tsx [Client Component Browser]
    ./src/sections/ProgramsSection.tsx [Server Component]
    ./app/page.tsx [Server Component]

  Client Component SSR:
    ./src/data/pythonPrograms.ts [Client Component SSR]
    ./src/sections/ProgramsSection.tsx [Client Component SSR]
    ./src/sections/ProgramsSection.tsx [Server Component]
    ./app/page.tsx [Server Component]


./src/data/pythonPrograms.ts:3602:15
Not a pattern
  [90m3600 |[0m [32m    id: "dc-5",[0m
  [90m3601 |[0m [32m    title: "Dictionary of Lists",[0m
[31m[1m>[0m [90m3602 |[0m [32m    language: "python" as const,[0m
  [90m     |[0m               [31m[1m^^^^^^^^^^^^^^^^^[0m
  [90m3603 |[0m [32m    category: "Dictionaries" as const,[0m
  [90m3604 |[0m [32m    difficulty: "Medium",[0m
  [90m3605 |[0m [32m    classLevel: "Class 10" as const,[0m

Parsing ecmascript source code failed

Import traces:
  App Route:
    ./src/data/pythonPrograms.ts
    ./app/api/admin/users/import-teachers-csv/route.ts

  Client Component Browser:
    ./src/data/pythonPrograms.ts [Client Component Browser]
    ./src/sections/ProgramsSection.tsx [Client Component Browser]
    ./src/sections/ProgramsSection.tsx [Server Component]
    ./app/page.tsx [Server Component]

  Client Component SSR:
    ./src/data/pythonPrograms.ts [Client Component SSR]
    ./src/sections/ProgramsSection.tsx [Client Component SSR]
    ./src/sections/ProgramsSection.tsx [Server Component]
    ./app/page.tsx [Server Component]


./src/data/pythonPrograms.ts:3603:15
Not a pattern
  [90m3601 |[0m [32m    title: "Dictionary of Lists",[0m
  [90m3602 |[0m [32m    language: "python" as const,[0m
[31m[1m>[0m [90m3603 |[0m [32m    category: "Dictionaries" as const,[0m
  [90m     |[0m               [31m[1m^^^^^^^^^^^^^^^^^^^^^^^[0m
  [90m3604 |[0m [32m    difficulty: "Medium",[0m
  [90m3605 |[0m [32m    classLevel: "Class 10" as const,[0m
  [90m3606 |[0m [32m    description: "Use dictionary values as lists to store multiple items per key.",[0m

Parsing ecmascript source code failed

Import traces:
  App Route:
    ./src/data/pythonPrograms.ts
    ./app/api/admin/users/import-teachers-csv/route.ts

  Client Component Browser:
    ./src/data/pythonPrograms.ts [Client Component Browser]
    ./src/sections/ProgramsSection.tsx [Client Component Browser]
    ./src/sections/ProgramsSection.tsx [Server Component]
    ./app/page.tsx [Server Component]

  Client Component SSR:
    ./src/data/pythonPrograms.ts [Client Component SSR]
    ./src/sections/ProgramsSection.tsx [Client Component SSR]
    ./src/sections/ProgramsSection.tsx [Server Component]
    ./app/page.tsx [Server Component]


./src/data/pythonPrograms.ts:3605:17
Not a pattern
  [90m3603 |[0m [32m    category: "Dictionaries" as const,[0m
  [90m3604 |[0m [32m    difficulty: "Medium",[0m
[31m[1m>[0m [90m3605 |[0m [32m    classLevel: "Class 10" as const,[0m
  [90m     |[0m                 [31m[1m^^^^^^^^^^^^^^^^^^^[0m
  [90m3606 |[0m [32m    description: "Use dictionary values as lists to store multiple items per key.",[0m
  [90m3607 |[0m [32m    code: `[0m# [33mDictionary[0m [36mof[0m [33mLists[0m [33mProgram[0m
  [90m3608 |[0m # ==========================

Parsing ecmascript source code failed

Import traces:
  App Route:
    ./src/data/pythonPrograms.ts
    ./app/api/admin/users/import-teachers-csv/route.ts

  Client Component Browser:
    ./src/data/pythonPrograms.ts [Client Component Browser]
    ./src/sections/ProgramsSection.tsx [Client Component Browser]
    ./src/sections/ProgramsSection.tsx [Server Component]
    ./app/page.tsx [Server Component]

  Client Component SSR:
    ./src/data/pythonPrograms.ts [Client Component SSR]
    ./src/sections/ProgramsSection.tsx [Client Component SSR]
    ./src/sections/ProgramsSection.tsx [Server Component]
    ./app/page.tsx [Server Component]


./src/data/pythonPrograms.ts:3651:15
Not a pattern
  [90m3649 |[0m [32m    id: "dc-6",[0m
  [90m3650 |[0m [32m    title: "Merge Dictionaries",[0m
[31m[1m>[0m [90m3651 |[0m [32m    language: "python" as const,[0m
  [90m     |[0m               [31m[1m^^^^^^^^^^^^^^^^^[0m
  [90m3652 |[0m [32m    category: "Dictionaries" as const,[0m
  [90m3653 |[0m [32m    difficulty: "Medium",[0m
  [90m3654 |[0m [32m    classLevel: "Class 10" as const,[0m

Parsing ecmascript source code failed

Import traces:
  App Route:
    ./src/data/pythonPrograms.ts
    ./app/api/admin/users/import-teachers-csv/route.ts

  Client Component Browser:
    ./src/data/pythonPrograms.ts [Client Component Browser]
    ./src/sections/ProgramsSection.tsx [Client Component Browser]
    ./src/sections/ProgramsSection.tsx [Server Component]
    ./app/page.tsx [Server Component]

  Client Component SSR:
    ./src/data/pythonPrograms.ts [Client Component SSR]
    ./src/sections/ProgramsSection.tsx [Client Component SSR]
    ./src/sections/ProgramsSection.tsx [Server Component]
    ./app/page.tsx [Server Component]


./src/data/pythonPrograms.ts:3652:15
Not a pattern
  [90m3650 |[0m [32m    title: "Merge Dictionaries",[0m
  [90m3651 |[0m [32m    language: "python" as const,[0m
[31m[1m>[0m [90m3652 |[0m [32m    category: "Dictionaries" as const,[0m
  [90m     |[0m               [31m[1m^^^^^^^^^^^^^^^^^^^^^^^[0m
  [90m3653 |[0m [32m    difficulty: "Medium",[0m
  [90m3654 |[0m [32m    classLevel: "Class 10" as const,[0m
  [90m3655 |[0m [32m    description: "Combine two dictionaries using the unpacking operator **.",[0m

Parsing ecmascript source code failed

Import traces:
  App Route:
    ./src/data/pythonPrograms.ts
    ./app/api/admin/users/import-teachers-csv/route.ts

  Client Component Browser:
    ./src/data/pythonPrograms.ts [Client Component Browser]
    ./src/sections/ProgramsSection.tsx [Client Component Browser]
    ./src/sections/ProgramsSection.tsx [Server Component]
    ./app/page.tsx [Server Component]

  Client Component SSR:
    ./src/data/pythonPrograms.ts [Client Component SSR]
    ./src/sections/ProgramsSection.tsx [Client Component SSR]
    ./src/sections/ProgramsSection.tsx [Server Component]
    ./app/page.tsx [Server Component]


./src/data/pythonPrograms.ts:3654:17
Not a pattern
  [90m3652 |[0m [32m    category: "Dictionaries" as const,[0m
  [90m3653 |[0m [32m    difficulty: "Medium",[0m
[31m[1m>[0m [90m3654 |[0m [32m    classLevel: "Class 10" as const,[0m
  [90m     |[0m                 [31m[1m^^^^^^^^^^^^^^^^^^^[0m
  [90m3655 |[0m [32m    description: "Combine two dictionaries using the unpacking operator **.",[0m
  [90m3656 |[0m [32m    code: `[0m# [33mMerge[0m [33mDictionaries[0m [33mProgram[0m
  [90m3657 |[0m # =========================

Parsing ecmascript source code failed

Import traces:
  App Route:
    ./src/data/pythonPrograms.ts
    ./app/api/admin/users/import-teachers-csv/route.ts

  Client Component Browser:
    ./src/data/pythonPrograms.ts [Client Component Browser]
    ./src/sections/ProgramsSection.tsx [Client Component Browser]
    ./src/sections/ProgramsSection.tsx [Server Component]
    ./app/page.tsx [Server Component]

  Client Component SSR:
    ./src/data/pythonPrograms.ts [Client Component SSR]
    ./src/sections/ProgramsSection.tsx [Client Component SSR]
    ./src/sections/ProgramsSection.tsx [Server Component]
    ./app/page.tsx [Server Component]


./src/data/pythonPrograms.ts:3694:15
Not a pattern
  [90m3692 |[0m [32m    id: "fn-8",[0m
  [90m3693 |[0m [32m    title: "Recursive Fibonacci",[0m
[31m[1m>[0m [90m3694 |[0m [32m    language: "python" as const,[0m
  [90m     |[0m               [31m[1m^^^^^^^^^^^^^^^^^[0m
  [90m3695 |[0m [32m    category: "Functions" as const,[0m
  [90m3696 |[0m [32m    difficulty: "Medium",[0m
  [90m3697 |[0m [32m    classLevel: "Class 10" as const,[0m

Parsing ecmascript source code failed

Import traces:
  App Route:
    ./src/data/pythonPrograms.ts
    ./app/api/admin/users/import-teachers-csv/route.ts

  Client Component Browser:
    ./src/data/pythonPrograms.ts [Client Component Browser]
    ./src/sections/ProgramsSection.tsx [Client Component Browser]
    ./src/sections/ProgramsSection.tsx [Server Component]
    ./app/page.tsx [Server Component]

  Client Component SSR:
    ./src/data/pythonPrograms.ts [Client Component SSR]
    ./src/sections/ProgramsSection.tsx [Client Component SSR]
    ./src/sections/ProgramsSection.tsx [Server Component]
    ./app/page.tsx [Server Component]


./src/data/pythonPrograms.ts:3695:15
Not a pattern
  [90m3693 |[0m [32m    title: "Recursive Fibonacci",[0m
  [90m3694 |[0m [32m    language: "python" as const,[0m
[31m[1m>[0m [90m3695 |[0m [32m    category: "Functions" as const,[0m
  [90m     |[0m               [31m[1m^^^^^^^^^^^^^^^^^^^^[0m
  [90m3696 |[0m [32m    difficulty: "Medium",[0m
  [90m3697 |[0m [32m    classLevel: "Class 10" as const,[0m
  [90m3698 |[0m [32m    description: "Generate Fibonacci numbers using recursion with memoization for effici...[0m

Parsing ecmascript source code failed

Import traces:
  App Route:
    ./src/data/pythonPrograms.ts
    ./app/api/admin/users/import-teachers-csv/route.ts

  Client Component Browser:
    ./src/data/pythonPrograms.ts [Client Component Browser]
    ./src/sections/ProgramsSection.tsx [Client Component Browser]
    ./src/sections/ProgramsSection.tsx [Server Component]
    ./app/page.tsx [Server Component]

  Client Component SSR:
    ./src/data/pythonPrograms.ts [Client Component SSR]
    ./src/sections/ProgramsSection.tsx [Client Component SSR]
    ./src/sections/ProgramsSection.tsx [Server Component]
    ./app/page.tsx [Server Component]


./src/data/pythonPrograms.ts:3697:17
Not a pattern
  [90m3695 |[0m [32m    category: "Functions" as const,[0m
  [90m3696 |[0m [32m    difficulty: "Medium",[0m
[31m[1m>[0m [90m3697 |[0m [32m    classLevel: "Class 10" as const,[0m
  [90m     |[0m                 [31m[1m^^^^^^^^^^^^^^^^^^^[0m
  [90m3698 |[0m [32m    description: "Generate Fibonacci numbers using recursion with memoization for effici...[0m
  [90m3699 |[0m [32m    code: `[0m# [33mRecursive[0m [33mFibonacci[0m [33mProgram[0m
  [90m3700 |[0m # ===========================

Parsing ecmascript source code failed

Import traces:
  App Route:
    ./src/data/pythonPrograms.ts
    ./app/api/admin/users/import-teachers-csv/route.ts

  Client Component Browser:
    ./src/data/pythonPrograms.ts [Client Component Browser]
    ./src/sections/ProgramsSection.tsx [Client Component Browser]
    ./src/sections/ProgramsSection.tsx [Server Component]
    ./app/page.tsx [Server Component]

  Client Component SSR:
    ./src/data/pythonPrograms.ts [Client Component SSR]
    ./src/sections/ProgramsSection.tsx [Client Component SSR]
    ./src/sections/ProgramsSection.tsx [Server Component]
    ./app/page.tsx [Server Component]


./src/data/pythonPrograms.ts:3742:15
Not a pattern
  [90m3740 |[0m [32m    id: "fn-9",[0m
  [90m3741 |[0m [32m    title: "Recursive Power",[0m
[31m[1m>[0m [90m3742 |[0m [32m    language: "python" as const,[0m
  [90m     |[0m               [31m[1m^^^^^^^^^^^^^^^^^[0m
  [90m3743 |[0m [32m    category: "Functions" as const,[0m
  [90m3744 |[0m [32m    difficulty: "Medium",[0m
  [90m3745 |[0m [32m    classLevel: "Class 10" as const,[0m

Parsing ecmascript source code failed

Import traces:
  App Route:
    ./src/data/pythonPrograms.ts
    ./app/api/admin/users/import-teachers-csv/route.ts

  Client Component Browser:
    ./src/data/pythonPrograms.ts [Client Component Browser]
    ./src/sections/ProgramsSection.tsx [Client Component Browser]
    ./src/sections/ProgramsSection.tsx [Server Component]
    ./app/page.tsx [Server Component]

  Client Component SSR:
    ./src/data/pythonPrograms.ts [Client Component SSR]
    ./src/sections/ProgramsSection.tsx [Client Component SSR]
    ./src/sections/ProgramsSection.tsx [Server Component]
    ./app/page.tsx [Server Component]


./src/data/pythonPrograms.ts:3743:15
Not a pattern
  [90m3741 |[0m [32m    title: "Recursive Power",[0m
  [90m3742 |[0m [32m    language: "python" as const,[0m
[31m[1m>[0m [90m3743 |[0m [32m    category: "Functions" as const,[0m
  [90m     |[0m               [31m[1m^^^^^^^^^^^^^^^^^^^^[0m
  [90m3744 |[0m [32m    difficulty: "Medium",[0m
  [90m3745 |[0m [32m    classLevel: "Class 10" as const,[0m
  [90m3746 |[0m [32m    description: "Calculate powers using recursion: power(base, exp) = power(base, exp-1...[0m

Parsing ecmascript source code failed

Import traces:
  App Route:
    ./src/data/pythonPrograms.ts
    ./app/api/admin/users/import-teachers-csv/route.ts

  Client Component Browser:
    ./src/data/pythonPrograms.ts [Client Component Browser]
    ./src/sections/ProgramsSection.tsx [Client Component Browser]
    ./src/sections/ProgramsSection.tsx [Server Component]
    ./app/page.tsx [Server Component]

  Client Component SSR:
    ./src/data/pythonPrograms.ts [Client Component SSR]
    ./src/sections/ProgramsSection.tsx [Client Component SSR]
    ./src/sections/ProgramsSection.tsx [Server Component]
    ./app/page.tsx [Server Component]


./src/data/pythonPrograms.ts:3745:17
Not a pattern
  [90m3743 |[0m [32m    category: "Functions" as const,[0m
  [90m3744 |[0m [32m    difficulty: "Medium",[0m
[31m[1m>[0m [90m3745 |[0m [32m    classLevel: "Class 10" as const,[0m
  [90m     |[0m                 [31m[1m^^^^^^^^^^^^^^^^^^^[0m
  [90m3746 |[0m [32m    description: "Calculate powers using recursion: power(base, exp) = power(base, exp-1...[0m
  [90m3747 |[0m [32m    code: `[0m# [33mRecursive[0m [33mPower[0m [33mProgram[0m
  [90m3748 |[0m # =======================

Parsing ecmascript source code failed

Import traces:
  App Route:
    ./src/data/pythonPrograms.ts
    ./app/api/admin/users/import-teachers-csv/route.ts

  Client Component Browser:
    ./src/data/pythonPrograms.ts [Client Component Browser]
    ./src/sections/ProgramsSection.tsx [Client Component Browser]
    ./src/sections/ProgramsSection.tsx [Server Component]
    ./app/page.tsx [Server Component]

  Client Component SSR:
    ./src/data/pythonPrograms.ts [Client Component SSR]
    ./src/sections/ProgramsSection.tsx [Client Component SSR]
    ./src/sections/ProgramsSection.tsx [Server Component]
    ./app/page.tsx [Server Component]


./src/data/pythonPrograms.ts:3784:15
Not a pattern
  [90m3782 |[0m [32m    id: "fn-10",[0m
  [90m3783 |[0m [32m    title: "Higher Order Function",[0m
[31m[1m>[0m [90m3784 |[0m [32m    language: "python" as const,[0m
  [90m     |[0m               [31m[1m^^^^^^^^^^^^^^^^^[0m
  [90m3785 |[0m [32m    category: "Functions" as const,[0m
  [90m3786 |[0m [32m    difficulty: "Hard",[0m
  [90m3787 |[0m [32m    classLevel: "Class 10" as const,[0m

Parsing ecmascript source code failed

Import traces:
  App Route:
    ./src/data/pythonPrograms.ts
    ./app/api/admin/users/import-teachers-csv/route.ts

  Client Component Browser:
    ./src/data/pythonPrograms.ts [Client Component Browser]
    ./src/sections/ProgramsSection.tsx [Client Component Browser]
    ./src/sections/ProgramsSection.tsx [Server Component]
    ./app/page.tsx [Server Component]

  Client Component SSR:
    ./src/data/pythonPrograms.ts [Client Component SSR]
    ./src/sections/ProgramsSection.tsx [Client Component SSR]
    ./src/sections/ProgramsSection.tsx [Server Component]
    ./app/page.tsx [Server Component]


./src/data/pythonPrograms.ts:3785:15
Not a pattern
  [90m3783 |[0m [32m    title: "Higher Order Function",[0m
  [90m3784 |[0m [32m    language: "python" as const,[0m
[31m[1m>[0m [90m3785 |[0m [32m    category: "Functions" as const,[0m
  [90m     |[0m               [31m[1m^^^^^^^^^^^^^^^^^^^^[0m
  [90m3786 |[0m [32m    difficulty: "Hard",[0m
  [90m3787 |[0m [32m    classLevel: "Class 10" as const,[0m
  [90m3788 |[0m [32m    description: "Create functions that return other functions, enabling powerful patter...[0m

Parsing ecmascript source code failed

Import traces:
  App Route:
    ./src/data/pythonPrograms.ts
    ./app/api/admin/users/import-teachers-csv/route.ts

  Client Component Browser:
    ./src/data/pythonPrograms.ts [Client Component Browser]
    ./src/sections/ProgramsSection.tsx [Client Component Browser]
    ./src/sections/ProgramsSection.tsx [Server Component]
    ./app/page.tsx [Server Component]

  Client Component SSR:
    ./src/data/pythonPrograms.ts [Client Component SSR]
    ./src/sections/ProgramsSection.tsx [Client Component SSR]
    ./src/sections/ProgramsSection.tsx [Server Component]
    ./app/page.tsx [Server Component]


./src/data/pythonPrograms.ts:3787:17
Not a pattern
  [90m3785 |[0m [32m    category: "Functions" as const,[0m
  [90m3786 |[0m [32m    difficulty: "Hard",[0m
[31m[1m>[0m [90m3787 |[0m [32m    classLevel: "Class 10" as const,[0m
  [90m     |[0m                 [31m[1m^^^^^^^^^^^^^^^^^^^[0m
  [90m3788 |[0m [32m    description: "Create functions that return other functions, enabling powerful patter...[0m
  [90m3789 |[0m [32m    code: `[0m# [33mHigher[0m [33mOrder[0m [33mFunction[0m [33mProgram[0m
  [90m3790 |[0m # =============================

Parsing ecmascript source code failed

Import traces:
  App Route:
    ./src/data/pythonPrograms.ts
    ./app/api/admin/users/import-teachers-csv/route.ts

  Client Component Browser:
    ./src/data/pythonPrograms.ts [Client Component Browser]
    ./src/sections/ProgramsSection.tsx [Client Component Browser]
    ./src/sections/ProgramsSection.tsx [Server Component]
    ./app/page.tsx [Server Component]

  Client Component SSR:
    ./src/data/pythonPrograms.ts [Client Component SSR]
    ./src/sections/ProgramsSection.tsx [Client Component SSR]
    ./src/sections/ProgramsSection.tsx [Server Component]
    ./app/page.tsx [Server Component]


./src/data/pythonPrograms.ts:3845:15
Not a pattern
  [90m3843 |[0m [32m    id: "fn-11",[0m
  [90m3844 |[0m [32m    title: "Scope Variables",[0m
[31m[1m>[0m [90m3845 |[0m [32m    language: "python" as const,[0m
  [90m     |[0m               [31m[1m^^^^^^^^^^^^^^^^^[0m
  [90m3846 |[0m [32m    category: "Functions" as const,[0m
  [90m3847 |[0m [32m    difficulty: "Medium",[0m
  [90m3848 |[0m [32m    classLevel: "Class 10" as const,[0m

Parsing ecmascript source code failed

Import traces:
  App Route:
    ./src/data/pythonPrograms.ts
    ./app/api/admin/users/import-teachers-csv/route.ts

  Client Component Browser:
    ./src/data/pythonPrograms.ts [Client Component Browser]
    ./src/sections/ProgramsSection.tsx [Client Component Browser]
    ./src/sections/ProgramsSection.tsx [Server Component]
    ./app/page.tsx [Server Component]

  Client Component SSR:
    ./src/data/pythonPrograms.ts [Client Component SSR]
    ./src/sections/ProgramsSection.tsx [Client Component SSR]
    ./src/sections/ProgramsSection.tsx [Server Component]
    ./app/page.tsx [Server Component]


./src/data/pythonPrograms.ts:3846:15
Not a pattern
  [90m3844 |[0m [32m    title: "Scope Variables",[0m
  [90m3845 |[0m [32m    language: "python" as const,[0m
[31m[1m>[0m [90m3846 |[0m [32m    category: "Functions" as const,[0m
  [90m     |[0m               [31m[1m^^^^^^^^^^^^^^^^^^^^[0m
  [90m3847 |[0m [32m    difficulty: "Medium",[0m
  [90m3848 |[0m [32m    classLevel: "Class 10" as const,[0m
  [90m3849 |[0m [32m    description: "Understand global, local, and nonlocal variable scopes in Python.",[0m

Parsing ecmascript source code failed

Import traces:
  App Route:
    ./src/data/pythonPrograms.ts
    ./app/api/admin/users/import-teachers-csv/route.ts

  Client Component Browser:
    ./src/data/pythonPrograms.ts [Client Component Browser]
    ./src/sections/ProgramsSection.tsx [Client Component Browser]
    ./src/sections/ProgramsSection.tsx [Server Component]
    ./app/page.tsx [Server Component]

  Client Component SSR:
    ./src/data/pythonPrograms.ts [Client Component SSR]
    ./src/sections/ProgramsSection.tsx [Client Component SSR]
    ./src/sections/ProgramsSection.tsx [Server Component]
    ./app/page.tsx [Server Component]


./src/data/pythonPrograms.ts:3848:17
Not a pattern
  [90m3846 |[0m [32m    category: "Functions" as const,[0m
  [90m3847 |[0m [32m    difficulty: "Medium",[0m
[31m[1m>[0m [90m3848 |[0m [32m    classLevel: "Class 10" as const,[0m
  [90m     |[0m                 [31m[1m^^^^^^^^^^^^^^^^^^^[0m
  [90m3849 |[0m [32m    description: "Understand global, local, and nonlocal variable scopes in Python.",[0m
  [90m3850 |[0m [32m    code: `[0m# [33mScope[0m [33mVariables[0m [33mProgram[0m
  [90m3851 |[0m # =======================

Parsing ecmascript source code failed

Import traces:
  App Route:
    ./src/data/pythonPrograms.ts
    ./app/api/admin/users/import-teachers-csv/route.ts

  Client Component Browser:
    ./src/data/pythonPrograms.ts [Client Component Browser]
    ./src/sections/ProgramsSection.tsx [Client Component Browser]
    ./src/sections/ProgramsSection.tsx [Server Component]
    ./app/page.tsx [Server Component]

  Client Component SSR:
    ./src/data/pythonPrograms.ts [Client Component SSR]
    ./src/sections/ProgramsSection.tsx [Client Component SSR]
    ./src/sections/ProgramsSection.tsx [Server Component]
    ./app/page.tsx [Server Component]


./src/data/pythonPrograms.ts:3902:15
Not a pattern
  [90m3900 |[0m [32m    id: "fh-2",[0m
  [90m3901 |[0m [32m    title: "File Read and Write",[0m
[31m[1m>[0m [90m3902 |[0m [32m    language: "python" as const,[0m
  [90m     |[0m               [31m[1m^^^^^^^^^^^^^^^^^[0m
  [90m3903 |[0m [32m    category: "File Handling" as const,[0m
  [90m3904 |[0m [32m    difficulty: "Easy",[0m
  [90m3905 |[0m [32m    classLevel: "Class 10" as const,[0m

Parsing ecmascript source code failed

Import traces:
  App Route:
    ./src/data/pythonPrograms.ts
    ./app/api/admin/users/import-teachers-csv/route.ts

  Client Component Browser:
    ./src/data/pythonPrograms.ts [Client Component Browser]
    ./src/sections/ProgramsSection.tsx [Client Component Browser]
    ./src/sections/ProgramsSection.tsx [Server Component]
    ./app/page.tsx [Server Component]

  Client Component SSR:
    ./src/data/pythonPrograms.ts [Client Component SSR]
    ./src/sections/ProgramsSection.tsx [Client Component SSR]
    ./src/sections/ProgramsSection.tsx [Server Component]
    ./app/page.tsx [Server Component]


./src/data/pythonPrograms.ts:3903:15
Not a pattern
  [90m3901 |[0m [32m    title: "File Read and Write",[0m
  [90m3902 |[0m [32m    language: "python" as const,[0m
[31m[1m>[0m [90m3903 |[0m [32m    category: "File Handling" as const,[0m
  [90m     |[0m               [31m[1m^^^^^^^^^^^^^^^^^^^^^^^^[0m
  [90m3904 |[0m [32m    difficulty: "Easy",[0m
  [90m3905 |[0m [32m    classLevel: "Class 10" as const,[0m
  [90m3906 |[0m [32m    description: "Read from and write to files using the with open() context manager.",[0m

Parsing ecmascript source code failed

Import traces:
  App Route:
    ./src/data/pythonPrograms.ts
    ./app/api/admin/users/import-teachers-csv/route.ts

  Client Component Browser:
    ./src/data/pythonPrograms.ts [Client Component Browser]
    ./src/sections/ProgramsSection.tsx [Client Component Browser]
    ./src/sections/ProgramsSection.tsx [Server Component]
    ./app/page.tsx [Server Component]

  Client Component SSR:
    ./src/data/pythonPrograms.ts [Client Component SSR]
    ./src/sections/ProgramsSection.tsx [Client Component SSR]
    ./src/sections/ProgramsSection.tsx [Server Component]
    ./app/page.tsx [Server Component]


./src/data/pythonPrograms.ts:3905:17
Not a pattern
  [90m3903 |[0m [32m    category: "File Handling" as const,[0m
  [90m3904 |[0m [32m    difficulty: "Easy",[0m
[31m[1m>[0m [90m3905 |[0m [32m    classLevel: "Class 10" as const,[0m
  [90m     |[0m                 [31m[1m^^^^^^^^^^^^^^^^^^^[0m
  [90m3906 |[0m [32m    description: "Read from and write to files using the with open() context manager.",[0m
  [90m3907 |[0m [32m    code: `[0m# [33mFile[0m [33mRead[0m and [33mWrite[0m [33mProgram[0m
  [90m3908 |[0m # ==========================

Parsing ecmascript source code failed

Import traces:
  App Route:
    ./src/data/pythonPrograms.ts
    ./app/api/admin/users/import-teachers-csv/route.ts

  Client Component Browser:
    ./src/data/pythonPrograms.ts [Client Component Browser]
    ./src/sections/ProgramsSection.tsx [Client Component Browser]
    ./src/sections/ProgramsSection.tsx [Server Component]
    ./app/page.tsx [Server Component]

  Client Component SSR:
    ./src/data/pythonPrograms.ts [Client Component SSR]
    ./src/sections/ProgramsSection.tsx [Client Component SSR]
    ./src/sections/ProgramsSection.tsx [Server Component]
    ./app/page.tsx [Server Component]


./src/data/pythonPrograms.ts:3950:15
Not a pattern
  [90m3948 |[0m [32m    id: "fh-3",[0m
  [90m3949 |[0m [32m    title: "Count Words in File",[0m
[31m[1m>[0m [90m3950 |[0m [32m    language: "python" as const,[0m
  [90m     |[0m               [31m[1m^^^^^^^^^^^^^^^^^[0m
  [90m3951 |[0m [32m    category: "File Handling" as const,[0m
  [90m3952 |[0m [32m    difficulty: "Medium",[0m
  [90m3953 |[0m [32m    classLevel: "Class 10" as const,[0m

Parsing ecmascript source code failed

Import traces:
  App Route:
    ./src/data/pythonPrograms.ts
    ./app/api/admin/users/import-teachers-csv/route.ts

  Client Component Browser:
    ./src/data/pythonPrograms.ts [Client Component Browser]
    ./src/sections/ProgramsSection.tsx [Client Component Browser]
    ./src/sections/ProgramsSection.tsx [Server Component]
    ./app/page.tsx [Server Component]

  Client Component SSR:
    ./src/data/pythonPrograms.ts [Client Component SSR]
    ./src/sections/ProgramsSection.tsx [Client Component SSR]
    ./src/sections/ProgramsSection.tsx [Server Component]
    ./app/page.tsx [Server Component]


./src/data/pythonPrograms.ts:3951:15
Not a pattern
  [90m3949 |[0m [32m    title: "Count Words in File",[0m
  [90m3950 |[0m [32m    language: "python" as const,[0m
[31m[1m>[0m [90m3951 |[0m [32m    category: "File Handling" as const,[0m
  [90m     |[0m               [31m[1m^^^^^^^^^^^^^^^^^^^^^^^^[0m
  [90m3952 |[0m [32m    difficulty: "Medium",[0m
  [90m3953 |[0m [32m    classLevel: "Class 10" as const,[0m
  [90m3954 |[0m [32m    description: "Read a file and count total words, lines, and characters.",[0m

Parsing ecmascript source code failed

Import traces:
  App Route:
    ./src/data/pythonPrograms.ts
    ./app/api/admin/users/import-teachers-csv/route.ts

  Client Component Browser:
    ./src/data/pythonPrograms.ts [Client Component Browser]
    ./src/sections/ProgramsSection.tsx [Client Component Browser]
    ./src/sections/ProgramsSection.tsx [Server Component]
    ./app/page.tsx [Server Component]

  Client Component SSR:
    ./src/data/pythonPrograms.ts [Client Component SSR]
    ./src/sections/ProgramsSection.tsx [Client Component SSR]
    ./src/sections/ProgramsSection.tsx [Server Component]
    ./app/page.tsx [Server Component]


./src/data/pythonPrograms.ts:3953:17
Not a pattern
  [90m3951 |[0m [32m    category: "File Handling" as const,[0m
  [90m3952 |[0m [32m    difficulty: "Medium",[0m
[31m[1m>[0m [90m3953 |[0m [32m    classLevel: "Class 10" as const,[0m
  [90m     |[0m                 [31m[1m^^^^^^^^^^^^^^^^^^^[0m
  [90m3954 |[0m [32m    description: "Read a file and count total words, lines, and characters.",[0m
  [90m3955 |[0m [32m    code: `[0m# [33mCount[0m [33mWords[0m [36min[0m [33mFile[0m [33mProgram[0m
  [90m3956 |[0m # ===========================

Parsing ecmascript source code failed

Import traces:
  App Route:
    ./src/data/pythonPrograms.ts
    ./app/api/admin/users/import-teachers-csv/route.ts

  Client Component Browser:
    ./src/data/pythonPrograms.ts [Client Component Browser]
    ./src/sections/ProgramsSection.tsx [Client Component Browser]
    ./src/sections/ProgramsSection.tsx [Server Component]
    ./app/page.tsx [Server Component]

  Client Component SSR:
    ./src/data/pythonPrograms.ts [Client Component SSR]
    ./src/sections/ProgramsSection.tsx [Client Component SSR]
    ./src/sections/ProgramsSection.tsx [Server Component]
    ./app/page.tsx [Server Component]


./src/data/pythonPrograms.ts:4014:15
Not a pattern
  [90m4012 |[0m [32m    id: "fh-4",[0m
  [90m4013 |[0m [32m    title: "CSV Data Program",[0m
[31m[1m>[0m [90m4014 |[0m [32m    language: "python" as const,[0m
  [90m     |[0m               [31m[1m^^^^^^^^^^^^^^^^^[0m
  [90m4015 |[0m [32m    category: "File Handling" as const,[0m
  [90m4016 |[0m [32m    difficulty: "Medium",[0m
  [90m4017 |[0m [32m    classLevel: "Class 10" as const,[0m

Parsing ecmascript source code failed

Import traces:
  App Route:
    ./src/data/pythonPrograms.ts
    ./app/api/admin/users/import-teachers-csv/route.ts

  Client Component Browser:
    ./src/data/pythonPrograms.ts [Client Component Browser]
    ./src/sections/ProgramsSection.tsx [Client Component Browser]
    ./src/sections/ProgramsSection.tsx [Server Component]
    ./app/page.tsx [Server Component]

  Client Component SSR:
    ./src/data/pythonPrograms.ts [Client Component SSR]
    ./src/sections/ProgramsSection.tsx [Client Component SSR]
    ./src/sections/ProgramsSection.tsx [Server Component]
    ./app/page.tsx [Server Component]


./src/data/pythonPrograms.ts:4015:15
Not a pattern
  [90m4013 |[0m [32m    title: "CSV Data Program",[0m
  [90m4014 |[0m [32m    language: "python" as const,[0m
[31m[1m>[0m [90m4015 |[0m [32m    category: "File Handling" as const,[0m
  [90m     |[0m               [31m[1m^^^^^^^^^^^^^^^^^^^^^^^^[0m
  [90m4016 |[0m [32m    difficulty: "Medium",[0m
  [90m4017 |[0m [32m    classLevel: "Class 10" as const,[0m
  [90m4018 |[0m [32m    description: "Read and process CSV data using Python's built-in csv module.",[0m

Parsing ecmascript source code failed

Import traces:
  App Route:
    ./src/data/pythonPrograms.ts
    ./app/api/admin/users/import-teachers-csv/route.ts

  Client Component Browser:
    ./src/data/pythonPrograms.ts [Client Component Browser]
    ./src/sections/ProgramsSection.tsx [Client Component Browser]
    ./src/sections/ProgramsSection.tsx [Server Component]
    ./app/page.tsx [Server Component]

  Client Component SSR:
    ./src/data/pythonPrograms.ts [Client Component SSR]
    ./src/sections/ProgramsSection.tsx [Client Component SSR]
    ./src/sections/ProgramsSection.tsx [Server Component]
    ./app/page.tsx [Server Component]


./src/data/pythonPrograms.ts:4017:17
Not a pattern
  [90m4015 |[0m [32m    category: "File Handling" as const,[0m
  [90m4016 |[0m [32m    difficulty: "Medium",[0m
[31m[1m>[0m [90m4017 |[0m [32m    classLevel: "Class 10" as const,[0m
  [90m     |[0m                 [31m[1m^^^^^^^^^^^^^^^^^^^[0m
  [90m4018 |[0m [32m    description: "Read and process CSV data using Python's built-in csv module.",[0m
  [90m4019 |[0m [32m    code: `[0m# [33mCSV[0m [33mData[0m [33mProgram[0m
  [90m4020 |[0m # ================

Parsing ecmascript source code failed

Import traces:
  App Route:
    ./src/data/pythonPrograms.ts
    ./app/api/admin/users/import-teachers-csv/route.ts

  Client Component Browser:
    ./src/data/pythonPrograms.ts [Client Component Browser]
    ./src/sections/ProgramsSection.tsx [Client Component Browser]
    ./src/sections/ProgramsSection.tsx [Server Component]
    ./app/page.tsx [Server Component]

  Client Component SSR:
    ./src/data/pythonPrograms.ts [Client Component SSR]
    ./src/sections/ProgramsSection.tsx [Client Component SSR]
    ./src/sections/ProgramsSection.tsx [Server Component]
    ./app/page.tsx [Server Component]


./src/data/pythonPrograms.ts:4076:15
Not a pattern
  [90m4074 |[0m [32m    id: "eh-1",[0m
  [90m4075 |[0m [32m    title: "Try Except Basics",[0m
[31m[1m>[0m [90m4076 |[0m [32m    language: "python" as const,[0m
  [90m     |[0m               [31m[1m^^^^^^^^^^^^^^^^^[0m
  [90m4077 |[0m [32m    category: "Error Handling" as const,[0m
  [90m4078 |[0m [32m    difficulty: "Easy",[0m
  [90m4079 |[0m [32m    classLevel: "Class 10" as const,[0m

Parsing ecmascript source code failed

Import traces:
  App Route:
    ./src/data/pythonPrograms.ts
    ./app/api/admin/users/import-teachers-csv/route.ts

  Client Component Browser:
    ./src/data/pythonPrograms.ts [Client Component Browser]
    ./src/sections/ProgramsSection.tsx [Client Component Browser]
    ./src/sections/ProgramsSection.tsx [Server Component]
    ./app/page.tsx [Server Component]

  Client Component SSR:
    ./src/data/pythonPrograms.ts [Client Component SSR]
    ./src/sections/ProgramsSection.tsx [Client Component SSR]
    ./src/sections/ProgramsSection.tsx [Server Component]
    ./app/page.tsx [Server Component]


./src/data/pythonPrograms.ts:4077:15
Not a pattern
  [90m4075 |[0m [32m    title: "Try Except Basics",[0m
  [90m4076 |[0m [32m    language: "python" as const,[0m
[31m[1m>[0m [90m4077 |[0m [32m    category: "Error Handling" as const,[0m
  [90m     |[0m               [31m[1m^^^^^^^^^^^^^^^^^^^^^^^^^[0m
  [90m4078 |[0m [32m    difficulty: "Easy",[0m
  [90m4079 |[0m [32m    classLevel: "Class 10" as const,[0m
  [90m4080 |[0m [32m    description: "Handle runtime errors gracefully using try-except blocks.",[0m

Parsing ecmascript source code failed

Import traces:
  App Route:
    ./src/data/pythonPrograms.ts
    ./app/api/admin/users/import-teachers-csv/route.ts

  Client Component Browser:
    ./src/data/pythonPrograms.ts [Client Component Browser]
    ./src/sections/ProgramsSection.tsx [Client Component Browser]
    ./src/sections/ProgramsSection.tsx [Server Component]
    ./app/page.tsx [Server Component]

  Client Component SSR:
    ./src/data/pythonPrograms.ts [Client Component SSR]
    ./src/sections/ProgramsSection.tsx [Client Component SSR]
    ./src/sections/ProgramsSection.tsx [Server Component]
    ./app/page.tsx [Server Component]


./src/data/pythonPrograms.ts:4079:17
Not a pattern
  [90m4077 |[0m [32m    category: "Error Handling" as const,[0m
  [90m4078 |[0m [32m    difficulty: "Easy",[0m
[31m[1m>[0m [90m4079 |[0m [32m    classLevel: "Class 10" as const,[0m
  [90m     |[0m                 [31m[1m^^^^^^^^^^^^^^^^^^^[0m
  [90m4080 |[0m [32m    description: "Handle runtime errors gracefully using try-except blocks.",[0m
  [90m4081 |[0m [32m    code: `[0m# [33mTry[0m [33mExcept[0m [33mBasics[0m [33mProgram[0m
  [90m4082 |[0m # =========================

Parsing ecmascript source code failed

Import traces:
  App Route:
    ./src/data/pythonPrograms.ts
    ./app/api/admin/users/import-teachers-csv/route.ts

  Client Component Browser:
    ./src/data/pythonPrograms.ts [Client Component Browser]
    ./src/sections/ProgramsSection.tsx [Client Component Browser]
    ./src/sections/ProgramsSection.tsx [Server Component]
    ./app/page.tsx [Server Component]

  Client Component SSR:
    ./src/data/pythonPrograms.ts [Client Component SSR]
    ./src/sections/ProgramsSection.tsx [Client Component SSR]
    ./src/sections/ProgramsSection.tsx [Server Component]
    ./app/page.tsx [Server Component]


./src/data/pythonPrograms.ts:4133:15
Not a pattern
  [90m4131 |[0m [32m    id: "eh-2",[0m
  [90m4132 |[0m [32m    title: "Multiple Exceptions",[0m
[31m[1m>[0m [90m4133 |[0m [32m    language: "python" as const,[0m
  [90m     |[0m               [31m[1m^^^^^^^^^^^^^^^^^[0m
  [90m4134 |[0m [32m    category: "Error Handling" as const,[0m
  [90m4135 |[0m [32m    difficulty: "Medium",[0m
  [90m4136 |[0m [32m    classLevel: "Class 10" as const,[0m

Parsing ecmascript source code failed

Import traces:
  App Route:
    ./src/data/pythonPrograms.ts
    ./app/api/admin/users/import-teachers-csv/route.ts

  Client Component Browser:
    ./src/data/pythonPrograms.ts [Client Component Browser]
    ./src/sections/ProgramsSection.tsx [Client Component Browser]
    ./src/sections/ProgramsSection.tsx [Server Component]
    ./app/page.tsx [Server Component]

  Client Component SSR:
    ./src/data/pythonPrograms.ts [Client Component SSR]
    ./src/sections/ProgramsSection.tsx [Client Component SSR]
    ./src/sections/ProgramsSection.tsx [Server Component]
    ./app/page.tsx [Server Component]


./src/data/pythonPrograms.ts:4134:15
Not a pattern
  [90m4132 |[0m [32m    title: "Multiple Exceptions",[0m
  [90m4133 |[0m [32m    language: "python" as const,[0m
[31m[1m>[0m [90m4134 |[0m [32m    category: "Error Handling" as const,[0m
  [90m     |[0m               [31m[1m^^^^^^^^^^^^^^^^^^^^^^^^^[0m
  [90m4135 |[0m [32m    difficulty: "Medium",[0m
  [90m4136 |[0m [32m    classLevel: "Class 10" as const,[0m
  [90m4137 |[0m [32m    description: "Handle different types of exceptions with separate except blocks.",[0m

Parsing ecmascript source code failed

Import traces:
  App Route:
    ./src/data/pythonPrograms.ts
    ./app/api/admin/users/import-teachers-csv/route.ts

  Client Component Browser:
    ./src/data/pythonPrograms.ts [Client Component Browser]
    ./src/sections/ProgramsSection.tsx [Client Component Browser]
    ./src/sections/ProgramsSection.tsx [Server Component]
    ./app/page.tsx [Server Component]

  Client Component SSR:
    ./src/data/pythonPrograms.ts [Client Component SSR]
    ./src/sections/ProgramsSection.tsx [Client Component SSR]
    ./src/sections/ProgramsSection.tsx [Server Component]
    ./app/page.tsx [Server Component]


./src/data/pythonPrograms.ts:4136:17
Not a pattern
  [90m4134 |[0m [32m    category: "Error Handling" as const,[0m
  [90m4135 |[0m [32m    difficulty: "Medium",[0m
[31m[1m>[0m [90m4136 |[0m [32m    classLevel: "Class 10" as const,[0m
  [90m     |[0m                 [31m[1m^^^^^^^^^^^^^^^^^^^[0m
  [90m4137 |[0m [32m    description: "Handle different types of exceptions with separate except blocks.",[0m
  [90m4138 |[0m [32m    code: `[0m# [33mMultiple[0m [33mExceptions[0m [33mProgram[0m
  [90m4139 |[0m # ===========================

Parsing ecmascript source code failed

Import traces:
  App Route:
    ./src/data/pythonPrograms.ts
    ./app/api/admin/users/import-teachers-csv/route.ts

  Client Component Browser:
    ./src/data/pythonPrograms.ts [Client Component Browser]
    ./src/sections/ProgramsSection.tsx [Client Component Browser]
    ./src/sections/ProgramsSection.tsx [Server Component]
    ./app/page.tsx [Server Component]

  Client Component SSR:
    ./src/data/pythonPrograms.ts [Client Component SSR]
    ./src/sections/ProgramsSection.tsx [Client Component SSR]
    ./src/sections/ProgramsSection.tsx [Server Component]
    ./app/page.tsx [Server Component]


./src/data/pythonPrograms.ts:4198:15
Not a pattern
  [90m4196 |[0m [32m    id: "eh-3",[0m
  [90m4197 |[0m [32m    title: "Finally Block",[0m
[31m[1m>[0m [90m4198 |[0m [32m    language: "python" as const,[0m
  [90m     |[0m               [31m[1m^^^^^^^^^^^^^^^^^[0m
  [90m4199 |[0m [32m    category: "Error Handling" as const,[0m
  [90m4200 |[0m [32m    difficulty: "Medium",[0m
  [90m4201 |[0m [32m    classLevel: "Class 10" as const,[0m

Parsing ecmascript source code failed

Import traces:
  App Route:
    ./src/data/pythonPrograms.ts
    ./app/api/admin/users/import-teachers-csv/route.ts

  Client Component Browser:
    ./src/data/pythonPrograms.ts [Client Component Browser]
    ./src/sections/ProgramsSection.tsx [Client Component Browser]
    ./src/sections/ProgramsSection.tsx [Server Component]
    ./app/page.tsx [Server Component]

  Client Component SSR:
    ./src/data/pythonPrograms.ts [Client Component SSR]
    ./src/sections/ProgramsSection.tsx [Client Component SSR]
    ./src/sections/ProgramsSection.tsx [Server Component]
    ./app/page.tsx [Server Component]


./src/data/pythonPrograms.ts:4199:15
Not a pattern
  [90m4197 |[0m [32m    title: "Finally Block",[0m
  [90m4198 |[0m [32m    language: "python" as const,[0m
[31m[1m>[0m [90m4199 |[0m [32m    category: "Error Handling" as const,[0m
  [90m     |[0m               [31m[1m^^^^^^^^^^^^^^^^^^^^^^^^^[0m
  [90m4200 |[0m [32m    difficulty: "Medium",[0m
  [90m4201 |[0m [32m    classLevel: "Class 10" as const,[0m
  [90m4202 |[0m [32m    description: "Use finally to execute code that must run regardless of errors.",[0m

Parsing ecmascript source code failed

Import traces:
  App Route:
    ./src/data/pythonPrograms.ts
    ./app/api/admin/users/import-teachers-csv/route.ts

  Client Component Browser:
    ./src/data/pythonPrograms.ts [Client Component Browser]
    ./src/sections/ProgramsSection.tsx [Client Component Browser]
    ./src/sections/ProgramsSection.tsx [Server Component]
    ./app/page.tsx [Server Component]

  Client Component SSR:
    ./src/data/pythonPrograms.ts [Client Component SSR]
    ./src/sections/ProgramsSection.tsx [Client Component SSR]
    ./src/sections/ProgramsSection.tsx [Server Component]
    ./app/page.tsx [Server Component]


./src/data/pythonPrograms.ts:4201:17
Not a pattern
  [90m4199 |[0m [32m    category: "Error Handling" as const,[0m
  [90m4200 |[0m [32m    difficulty: "Medium",[0m
[31m[1m>[0m [90m4201 |[0m [32m    classLevel: "Class 10" as const,[0m
  [90m     |[0m                 [31m[1m^^^^^^^^^^^^^^^^^^^[0m
  [90m4202 |[0m [32m    description: "Use finally to execute code that must run regardless of errors.",[0m
  [90m4203 |[0m [32m    code: `[0m# [33mFinally[0m [33mBlock[0m [33mProgram[0m
  [90m4204 |[0m # =====================

Parsing ecmascript source code failed

Import traces:
  App Route:
    ./src/data/pythonPrograms.ts
    ./app/api/admin/users/import-teachers-csv/route.ts

  Client Component Browser:
    ./src/data/pythonPrograms.ts [Client Component Browser]
    ./src/sections/ProgramsSection.tsx [Client Component Browser]
    ./src/sections/ProgramsSection.tsx [Server Component]
    ./app/page.tsx [Server Component]

  Client Component SSR:
    ./src/data/pythonPrograms.ts [Client Component SSR]
    ./src/sections/ProgramsSection.tsx [Client Component SSR]
    ./src/sections/ProgramsSection.tsx [Server Component]
    ./app/page.tsx [Server Component]


./src/data/pythonPrograms.ts:4262:15
Not a pattern
  [90m4260 |[0m [32m    id: "mp-5",[0m
  [90m4261 |[0m [32m    title: "Caesar Cipher",[0m
[31m[1m>[0m [90m4262 |[0m [32m    language: "python" as const,[0m
  [90m     |[0m               [31m[1m^^^^^^^^^^^^^^^^^[0m
  [90m4263 |[0m [32m    category: "Modules & Projects" as const,[0m
  [90m4264 |[0m [32m    difficulty: "Medium",[0m
  [90m4265 |[0m [32m    classLevel: "Class 10" as const,[0m

Parsing ecmascript source code failed

Import traces:
  App Route:
    ./src/data/pythonPrograms.ts
    ./app/api/admin/users/import-teachers-csv/route.ts

  Client Component Browser:
    ./src/data/pythonPrograms.ts [Client Component Browser]
    ./src/sections/ProgramsSection.tsx [Client Component Browser]
    ./src/sections/ProgramsSection.tsx [Server Component]
    ./app/page.tsx [Server Component]

  Client Component SSR:
    ./src/data/pythonPrograms.ts [Client Component SSR]
    ./src/sections/ProgramsSection.tsx [Client Component SSR]
    ./src/sections/ProgramsSection.tsx [Server Component]
    ./app/page.tsx [Server Component]


./src/data/pythonPrograms.ts:4263:15
Not a pattern
  [90m4261 |[0m [32m    title: "Caesar Cipher",[0m
  [90m4262 |[0m [32m    language: "python" as const,[0m
[31m[1m>[0m [90m4263 |[0m [32m    category: "Modules & Projects" as const,[0m
  [90m     |[0m               [31m[1m^^^^^^^^^^^^^^^^^^^^^^^^^^^^^[0m
  [90m4264 |[0m [32m    difficulty: "Medium",[0m
  [90m4265 |[0m [32m    classLevel: "Class 10" as const,[0m
  [90m4266 |[0m [32m    description: "Encrypt and decrypt messages by shifting letters in the alphabet.",[0m

Parsing ecmascript source code failed

Import traces:
  App Route:
    ./src/data/pythonPrograms.ts
    ./app/api/admin/users/import-teachers-csv/route.ts

  Client Component Browser:
    ./src/data/pythonPrograms.ts [Client Component Browser]
    ./src/sections/ProgramsSection.tsx [Client Component Browser]
    ./src/sections/ProgramsSection.tsx [Server Component]
    ./app/page.tsx [Server Component]

  Client Component SSR:
    ./src/data/pythonPrograms.ts [Client Component SSR]
    ./src/sections/ProgramsSection.tsx [Client Component SSR]
    ./src/sections/ProgramsSection.tsx [Server Component]
    ./app/page.tsx [Server Component]


./src/data/pythonPrograms.ts:4265:17
Not a pattern
  [90m4263 |[0m [32m    category: "Modules & Projects" as const,[0m
  [90m4264 |[0m [32m    difficulty: "Medium",[0m
[31m[1m>[0m [90m4265 |[0m [32m    classLevel: "Class 10" as const,[0m
  [90m     |[0m                 [31m[1m^^^^^^^^^^^^^^^^^^^[0m
  [90m4266 |[0m [32m    description: "Encrypt and decrypt messages by shifting letters in the alphabet.",[0m
  [90m4267 |[0m [32m    code: `[0m# [33mCaesar[0m [33mCipher[0m [33mProgram[0m
  [90m4268 |[0m # =====================

Parsing ecmascript source code failed

Import traces:
  App Route:
    ./src/data/pythonPrograms.ts
    ./app/api/admin/users/import-teachers-csv/route.ts

  Client Component Browser:
    ./src/data/pythonPrograms.ts [Client Component Browser]
    ./src/sections/ProgramsSection.tsx [Client Component Browser]
    ./src/sections/ProgramsSection.tsx [Server Component]
    ./app/page.tsx [Server Component]

  Client Component SSR:
    ./src/data/pythonPrograms.ts [Client Component SSR]
    ./src/sections/ProgramsSection.tsx [Client Component SSR]
    ./src/sections/ProgramsSection.tsx [Server Component]
    ./app/page.tsx [Server Component]


./src/data/pythonPrograms.ts:4314:15
Not a pattern
  [90m4312 |[0m [32m    id: "mp-6",[0m
  [90m4313 |[0m [32m    title: "Tic Tac Toe",[0m
[31m[1m>[0m [90m4314 |[0m [32m    language: "python" as const,[0m
  [90m     |[0m               [31m[1m^^^^^^^^^^^^^^^^^[0m
  [90m4315 |[0m [32m    category: "Modules & Projects" as const,[0m
  [90m4316 |[0m [32m    difficulty: "Hard",[0m
  [90m4317 |[0m [32m    classLevel: "Class 10" as const,[0m

Parsing ecmascript source code failed

Import traces:
  App Route:
    ./src/data/pythonPrograms.ts
    ./app/api/admin/users/import-teachers-csv/route.ts

  Client Component Browser:
    ./src/data/pythonPrograms.ts [Client Component Browser]
    ./src/sections/ProgramsSection.tsx [Client Component Browser]
    ./src/sections/ProgramsSection.tsx [Server Component]
    ./app/page.tsx [Server Component]

  Client Component SSR:
    ./src/data/pythonPrograms.ts [Client Component SSR]
    ./src/sections/ProgramsSection.tsx [Client Component SSR]
    ./src/sections/ProgramsSection.tsx [Server Component]
    ./app/page.tsx [Server Component]


./src/data/pythonPrograms.ts:4315:15
Not a pattern
  [90m4313 |[0m [32m    title: "Tic Tac Toe",[0m
  [90m4314 |[0m [32m    language: "python" as const,[0m
[31m[1m>[0m [90m4315 |[0m [32m    category: "Modules & Projects" as const,[0m
  [90m     |[0m               [31m[1m^^^^^^^^^^^^^^^^^^^^^^^^^^^^^[0m
  [90m4316 |[0m [32m    difficulty: "Hard",[0m
  [90m4317 |[0m [32m    classLevel: "Class 10" as const,[0m
  [90m4318 |[0m [32m    description: "Build a two-player Tic Tac Toe game with win detection.",[0m

Parsing ecmascript source code failed

Import traces:
  App Route:
    ./src/data/pythonPrograms.ts
    ./app/api/admin/users/import-teachers-csv/route.ts

  Client Component Browser:
    ./src/data/pythonPrograms.ts [Client Component Browser]
    ./src/sections/ProgramsSection.tsx [Client Component Browser]
    ./src/sections/ProgramsSection.tsx [Server Component]
    ./app/page.tsx [Server Component]

  Client Component SSR:
    ./src/data/pythonPrograms.ts [Client Component SSR]
    ./src/sections/ProgramsSection.tsx [Client Component SSR]
    ./src/sections/ProgramsSection.tsx [Server Component]
    ./app/page.tsx [Server Component]


./src/data/pythonPrograms.ts:4317:17
Not a pattern
  [90m4315 |[0m [32m    category: "Modules & Projects" as const,[0m
  [90m4316 |[0m [32m    difficulty: "Hard",[0m
[31m[1m>[0m [90m4317 |[0m [32m    classLevel: "Class 10" as const,[0m
  [90m     |[0m                 [31m[1m^^^^^^^^^^^^^^^^^^^[0m
  [90m4318 |[0m [32m    description: "Build a two-player Tic Tac Toe game with win detection.",[0m
  [90m4319 |[0m [32m    code: `[0m# [33mTic[0m [33mTac[0m [33mToe[0m [33mGame[0m
  [90m4320 |[0m # ================

Parsing ecmascript source code failed

Import traces:
  App Route:
    ./src/data/pythonPrograms.ts
    ./app/api/admin/users/import-teachers-csv/route.ts

  Client Component Browser:
    ./src/data/pythonPrograms.ts [Client Component Browser]
    ./src/sections/ProgramsSection.tsx [Client Component Browser]
    ./src/sections/ProgramsSection.tsx [Server Component]
    ./app/page.tsx [Server Component]

  Client Component SSR:
    ./src/data/pythonPrograms.ts [Client Component SSR]
    ./src/sections/ProgramsSection.tsx [Client Component SSR]
    ./src/sections/ProgramsSection.tsx [Server Component]
    ./app/page.tsx [Server Component]


./src/data/pythonPrograms.ts:4388:15
Not a pattern
  [90m4386 |[0m [32m    id: "mp-7",[0m
  [90m4387 |[0m [32m    title: "Quiz App",[0m
[31m[1m>[0m [90m4388 |[0m [32m    language: "python" as const,[0m
  [90m     |[0m               [31m[1m^^^^^^^^^^^^^^^^^[0m
  [90m4389 |[0m [32m    category: "Modules & Projects" as const,[0m
  [90m4390 |[0m [32m    difficulty: "Medium",[0m
  [90m4391 |[0m [32m    classLevel: "Class 10" as const,[0m

Parsing ecmascript source code failed

Import traces:
  App Route:
    ./src/data/pythonPrograms.ts
    ./app/api/admin/users/import-teachers-csv/route.ts

  Client Component Browser:
    ./src/data/pythonPrograms.ts [Client Component Browser]
    ./src/sections/ProgramsSection.tsx [Client Component Browser]
    ./src/sections/ProgramsSection.tsx [Server Component]
    ./app/page.tsx [Server Component]

  Client Component SSR:
    ./src/data/pythonPrograms.ts [Client Component SSR]
    ./src/sections/ProgramsSection.tsx [Client Component SSR]
    ./src/sections/ProgramsSection.tsx [Server Component]
    ./app/page.tsx [Server Component]


./src/data/pythonPrograms.ts:4389:15
Not a pattern
  [90m4387 |[0m [32m    title: "Quiz App",[0m
  [90m4388 |[0m [32m    language: "python" as const,[0m
[31m[1m>[0m [90m4389 |[0m [32m    category: "Modules & Projects" as const,[0m
  [90m     |[0m               [31m[1m^^^^^^^^^^^^^^^^^^^^^^^^^^^^^[0m
  [90m4390 |[0m [32m    difficulty: "Medium",[0m
  [90m4391 |[0m [32m    classLevel: "Class 10" as const,[0m
  [90m4392 |[0m [32m    description: "Build a quiz application with scoring and feedback.",[0m

Parsing ecmascript source code failed

Import traces:
  App Route:
    ./src/data/pythonPrograms.ts
    ./app/api/admin/users/import-teachers-csv/route.ts

  Client Component Browser:
    ./src/data/pythonPrograms.ts [Client Component Browser]
    ./src/sections/ProgramsSection.tsx [Client Component Browser]
    ./src/sections/ProgramsSection.tsx [Server Component]
    ./app/page.tsx [Server Component]

  Client Component SSR:
    ./src/data/pythonPrograms.ts [Client Component SSR]
    ./src/sections/ProgramsSection.tsx [Client Component SSR]
    ./src/sections/ProgramsSection.tsx [Server Component]
    ./app/page.tsx [Server Component]


./src/data/pythonPrograms.ts:4391:17
Not a pattern
  [90m4389 |[0m [32m    category: "Modules & Projects" as const,[0m
  [90m4390 |[0m [32m    difficulty: "Medium",[0m
[31m[1m>[0m [90m4391 |[0m [32m    classLevel: "Class 10" as const,[0m
  [90m     |[0m                 [31m[1m^^^^^^^^^^^^^^^^^^^[0m
  [90m4392 |[0m [32m    description: "Build a quiz application with scoring and feedback.",[0m
  [90m4393 |[0m [32m    code: `[0m# [33mQuiz[0m [33mApp[0m [33mProgram[0m
  [90m4394 |[0m # ================

Parsing ecmascript source code failed

Import traces:
  App Route:
    ./src/data/pythonPrograms.ts
    ./app/api/admin/users/import-teachers-csv/route.ts

  Client Component Browser:
    ./src/data/pythonPrograms.ts [Client Component Browser]
    ./src/sections/ProgramsSection.tsx [Client Component Browser]
    ./src/sections/ProgramsSection.tsx [Server Component]
    ./app/page.tsx [Server Component]

  Client Component SSR:
    ./src/data/pythonPrograms.ts [Client Component SSR]
    ./src/sections/ProgramsSection.tsx [Client Component SSR]
    ./src/sections/ProgramsSection.tsx [Server Component]
    ./app/page.tsx [Server Component]


./src/data/pythonPrograms.ts:4464:15
Not a pattern
  [90m4462 |[0m [32m    id: "mp-8",[0m
  [90m4463 |[0m [32m    title: "Student Manager",[0m
[31m[1m>[0m [90m4464 |[0m [32m    language: "python" as const,[0m
  [90m     |[0m               [31m[1m^^^^^^^^^^^^^^^^^[0m
  [90m4465 |[0m [32m    category: "Modules & Projects" as const,[0m
  [90m4466 |[0m [32m    difficulty: "Medium",[0m
  [90m4467 |[0m [32m    classLevel: "Class 10" as const,[0m

Parsing ecmascript source code failed

Import traces:
  App Route:
    ./src/data/pythonPrograms.ts
    ./app/api/admin/users/import-teachers-csv/route.ts

  Client Component Browser:
    ./src/data/pythonPrograms.ts [Client Component Browser]
    ./src/sections/ProgramsSection.tsx [Client Component Browser]
    ./src/sections/ProgramsSection.tsx [Server Component]
    ./app/page.tsx [Server Component]

  Client Component SSR:
    ./src/data/pythonPrograms.ts [Client Component SSR]
    ./src/sections/ProgramsSection.tsx [Client Component SSR]
    ./src/sections/ProgramsSection.tsx [Server Component]
    ./app/page.tsx [Server Component]


./src/data/pythonPrograms.ts:4465:15
Not a pattern
  [90m4463 |[0m [32m    title: "Student Manager",[0m
  [90m4464 |[0m [32m    language: "python" as const,[0m
[31m[1m>[0m [90m4465 |[0m [32m    category: "Modules & Projects" as const,[0m
  [90m     |[0m               [31m[1m^^^^^^^^^^^^^^^^^^^^^^^^^^^^^[0m
  [90m4466 |[0m [32m    difficulty: "Medium",[0m
  [90m4467 |[0m [32m    classLevel: "Class 10" as const,[0m
  [90m4468 |[0m [32m    description: "Manage student records with add, view, search, and save functionality.",[0m

Parsing ecmascript source code failed

Import traces:
  App Route:
    ./src/data/pythonPrograms.ts
    ./app/api/admin/users/import-teachers-csv/route.ts

  Client Component Browser:
    ./src/data/pythonPrograms.ts [Client Component Browser]
    ./src/sections/ProgramsSection.tsx [Client Component Browser]
    ./src/sections/ProgramsSection.tsx [Server Component]
    ./app/page.tsx [Server Component]

  Client Component SSR:
    ./src/data/pythonPrograms.ts [Client Component SSR]
    ./src/sections/ProgramsSection.tsx [Client Component SSR]
    ./src/sections/ProgramsSection.tsx [Server Component]
    ./app/page.tsx [Server Component]


./src/data/pythonPrograms.ts:4467:17
Not a pattern
  [90m4465 |[0m [32m    category: "Modules & Projects" as const,[0m
  [90m4466 |[0m [32m    difficulty: "Medium",[0m
[31m[1m>[0m [90m4467 |[0m [32m    classLevel: "Class 10" as const,[0m
  [90m     |[0m                 [31m[1m^^^^^^^^^^^^^^^^^^^[0m
  [90m4468 |[0m [32m    description: "Manage student records with add, view, search, and save functionality.",[0m
  [90m4469 |[0m [32m    code: `[0m# [33mStudent[0m [33mManager[0m [33mProgram[0m
  [90m4470 |[0m # =======================

Parsing ecmascript source code failed

Import traces:
  App Route:
    ./src/data/pythonPrograms.ts
    ./app/api/admin/users/import-teachers-csv/route.ts

  Client Component Browser:
    ./src/data/pythonPrograms.ts [Client Component Browser]
    ./src/sections/ProgramsSection.tsx [Client Component Browser]
    ./src/sections/ProgramsSection.tsx [Server Component]
    ./app/page.tsx [Server Component]

  Client Component SSR:
    ./src/data/pythonPrograms.ts [Client Component SSR]
    ./src/sections/ProgramsSection.tsx [Client Component SSR]
    ./src/sections/ProgramsSection.tsx [Server Component]
    ./app/page.tsx [Server Component]


./src/data/pythonPrograms.ts:4550:15
Not a pattern
  [90m4548 |[0m [32m    id: "mp-9",[0m
  [90m4549 |[0m [32m    title: "OS Module Basics",[0m
[31m[1m>[0m [90m4550 |[0m [32m    language: "python" as const,[0m
  [90m     |[0m               [31m[1m^^^^^^^^^^^^^^^^^[0m
  [90m4551 |[0m [32m    category: "Modules & Projects" as const,[0m
  [90m4552 |[0m [32m    difficulty: "Medium",[0m
  [90m4553 |[0m [32m    classLevel: "Class 10" as const,[0m

Parsing ecmascript source code failed

Import traces:
  App Route:
    ./src/data/pythonPrograms.ts
    ./app/api/admin/users/import-teachers-csv/route.ts

  Client Component Browser:
    ./src/data/pythonPrograms.ts [Client Component Browser]
    ./src/sections/ProgramsSection.tsx [Client Component Browser]
    ./src/sections/ProgramsSection.tsx [Server Component]
    ./app/page.tsx [Server Component]

  Client Component SSR:
    ./src/data/pythonPrograms.ts [Client Component SSR]
    ./src/sections/ProgramsSection.tsx [Client Component SSR]
    ./src/sections/ProgramsSection.tsx [Server Component]
    ./app/page.tsx [Server Component]


./src/data/pythonPrograms.ts:4551:15
Not a pattern
  [90m4549 |[0m [32m    title: "OS Module Basics",[0m
  [90m4550 |[0m [32m    language: "python" as const,[0m
[31m[1m>[0m [90m4551 |[0m [32m    category: "Modules & Projects" as const,[0m
  [90m     |[0m               [31m[1m^^^^^^^^^^^^^^^^^^^^^^^^^^^^^[0m
  [90m4552 |[0m [32m    difficulty: "Medium",[0m
  [90m4553 |[0m [32m    classLevel: "Class 10" as const,[0m
  [90m4554 |[0m [32m    description: "Explore the OS module for file system operations and path manipulation.",[0m

Parsing ecmascript source code failed

Import traces:
  App Route:
    ./src/data/pythonPrograms.ts
    ./app/api/admin/users/import-teachers-csv/route.ts

  Client Component Browser:
    ./src/data/pythonPrograms.ts [Client Component Browser]
    ./src/sections/ProgramsSection.tsx [Client Component Browser]
    ./src/sections/ProgramsSection.tsx [Server Component]
    ./app/page.tsx [Server Component]

  Client Component SSR:
    ./src/data/pythonPrograms.ts [Client Component SSR]
    ./src/sections/ProgramsSection.tsx [Client Component SSR]
    ./src/sections/ProgramsSection.tsx [Server Component]
    ./app/page.tsx [Server Component]


./src/data/pythonPrograms.ts:4553:17
Not a pattern
  [90m4551 |[0m [32m    category: "Modules & Projects" as const,[0m
  [90m4552 |[0m [32m    difficulty: "Medium",[0m
[31m[1m>[0m [90m4553 |[0m [32m    classLevel: "Class 10" as const,[0m
  [90m     |[0m                 [31m[1m^^^^^^^^^^^^^^^^^^^[0m
  [90m4554 |[0m [32m    description: "Explore the OS module for file system operations and path manipulation.",[0m
  [90m4555 |[0m [32m    code: `[0m# [33mOS[0m [33mModule[0m [33mBasics[0m [33mProgram[0m
  [90m4556 |[0m # ========================

Parsing ecmascript source code failed

Import traces:
  App Route:
    ./src/data/pythonPrograms.ts
    ./app/api/admin/users/import-teachers-csv/route.ts

  Client Component Browser:
    ./src/data/pythonPrograms.ts [Client Component Browser]
    ./src/sections/ProgramsSection.tsx [Client Component Browser]
    ./src/sections/ProgramsSection.tsx [Server Component]
    ./app/page.tsx [Server Component]

  Client Component SSR:
    ./src/data/pythonPrograms.ts [Client Component SSR]
    ./src/sections/ProgramsSection.tsx [Client Component SSR]
    ./src/sections/ProgramsSection.tsx [Server Component]
    ./app/page.tsx [Server Component]


    at <unknown> (./src/data/pythonPrograms.ts:75:9)
    at <unknown> (./src/data/pythonPrograms.ts:76:12)
    at <unknown> (./src/data/pythonPrograms.ts:77:15)
    at <unknown> (./src/data/pythonPrograms.ts:78:15)
    at <unknown> (./src/data/pythonPrograms.ts:79:17)
    at <unknown> (./src/data/pythonPrograms.ts:80:17)
    at <unknown> (./src/data/pythonPrograms.ts:81:18)
    at <unknown> (./src/data/pythonPrograms.ts:82:11)
    at <unknown> (./src/data/pythonPrograms.ts:105:14)
    at <unknown> (./src/data/pythonPrograms.ts:108:9)
    at <unknown> (./src/data/pythonPrograms.ts:109:12)
    at <unknown> (./src/data/pythonPrograms.ts:110:15)
    at <unknown> (./src/data/pythonPrograms.ts:111:15)
    at <unknown> (./src/data/pythonPrograms.ts:112:17)
    at <unknown> (./src/data/pythonPrograms.ts:113:17)
    at <unknown> (./src/data/pythonPrograms.ts:114:18)
    at <unknown> (./src/data/pythonPrograms.ts:115:11)
    at <unknown> (./src/data/pythonPrograms.ts:142:14)
    at <unknown> (./src/data/pythonPrograms.ts:145:9)
    at <unknown> (./src/data/pythonPrograms.ts:146:12)
    at <unknown> (./src/data/pythonPrograms.ts:147:15)
    at <unknown> (./src/data/pythonPrograms.ts:148:15)
    at <unknown> (./src/data/pythonPrograms.ts:149:17)
    at <unknown> (./src/data/pythonPrograms.ts:150:17)
    at <unknown> (./src/data/pythonPrograms.ts:151:18)
    at <unknown> (./src/data/pythonPrograms.ts:152:11)
    at <unknown> (./src/data/pythonPrograms.ts:181:14)
    at <unknown> (./src/data/pythonPrograms.ts:184:9)
    at <unknown> (./src/data/pythonPrograms.ts:185:12)
    at <unknown> (./src/data/pythonPrograms.ts:186:15)
    at <unknown> (./src/data/pythonPrograms.ts:187:15)
    at <unknown> (./src/data/pythonPrograms.ts:188:17)
    at <unknown> (./src/data/pythonPrograms.ts:189:17)
    at <unknown> (./src/data/pythonPrograms.ts:190:18)
    at <unknown> (./src/data/pythonPrograms.ts:191:11)
    at <unknown> (./src/data/pythonPrograms.ts:233:14)
    at <unknown> (./src/data/pythonPrograms.ts:236:9)
    at <unknown> (./src/data/pythonPrograms.ts:237:12)
    at <unknown> (./src/data/pythonPrograms.ts:238:15)
    at <unknown> (./src/data/pythonPrograms.ts:239:15)
    at <unknown> (./src/data/pythonPrograms.ts:240:17)
    at <unknown> (./src/data/pythonPrograms.ts:241:17)
    at <unknown> (./src/data/pythonPrograms.ts:242:18)
    at <unknown> (./src/data/pythonPrograms.ts:243:11)
    at <unknown> (./src/data/pythonPrograms.ts:272:14)
    at <unknown> (./src/data/pythonPrograms.ts:275:9)
    at <unknown> (./src/data/pythonPrograms.ts:276:12)
    at <unknown> (./src/data/pythonPrograms.ts:277:15)
    at <unknown> (./src/data/pythonPrograms.ts:278:15)
    at <unknown> (./src/data/pythonPrograms.ts:279:17)
    at <unknown> (./src/data/pythonPrograms.ts:280:17)
    at <unknown> (./src/data/pythonPrograms.ts:281:18)
    at <unknown> (./src/data/pythonPrograms.ts:282:11)
    at <unknown> (./src/data/pythonPrograms.ts:309:14)
    at <unknown> (./src/data/pythonPrograms.ts:312:9)
    at <unknown> (./src/data/pythonPrograms.ts:313:12)
    at <unknown> (./src/data/pythonPrograms.ts:314:15)
    at <unknown> (./src/data/pythonPrograms.ts:315:15)
    at <unknown> (./src/data/pythonPrograms.ts:316:17)
    at <unknown> (./src/data/pythonPrograms.ts:317:17)
    at <unknown> (./src/data/pythonPrograms.ts:318:18)
    at <unknown> (./src/data/pythonPrograms.ts:319:11)
    at <unknown> (./src/data/pythonPrograms.ts:353:14)
    at <unknown> (./src/data/pythonPrograms.ts:356:9)
    at <unknown> (./src/data/pythonPrograms.ts:357:12)
    at <unknown> (./src/data/pythonPrograms.ts:358:15)
    at <unknown> (./src/data/pythonPrograms.ts:359:15)
    at <unknown> (./src/data/pythonPrograms.ts:360:17)
    at <unknown> (./src/data/pythonPrograms.ts:361:17)
    at <unknown> (./src/data/pythonPrograms.ts:362:18)
    at <unknown> (./src/data/pythonPrograms.ts:363:11)
    at <unknown> (./src/data/pythonPrograms.ts:399:14)
    at <unknown> (./src/data/pythonPrograms.ts:402:9)
    at <unknown> (./src/data/pythonPrograms.ts:403:12)
    at <unknown> (./src/data/pythonPrograms.ts:404:15)
    at <unknown> (./src/data/pythonPrograms.ts:405:15)
    at <unknown> (./src/data/pythonPrograms.ts:406:17)
    at <unknown> (./src/data/pythonPrograms.ts:407:17)
    at <unknown> (./src/data/pythonPrograms.ts:408:18)
    at <unknown> (./src/data/pythonPrograms.ts:409:11)
    at <unknown> (./src/data/pythonPrograms.ts:454:14)
    at <unknown> (./src/data/pythonPrograms.ts:457:9)
    at <unknown> (./src/data/pythonPrograms.ts:458:12)
    at <unknown> (./src/data/pythonPrograms.ts:459:15)
    at <unknown> (./src/data/pythonPrograms.ts:460:15)
    at <unknown> (./src/data/pythonPrograms.ts:461:17)
    at <unknown> (./src/data/pythonPrograms.ts:462:17)
    at <unknown> (./src/data/pythonPrograms.ts:463:18)
    at <unknown> (./src/data/pythonPrograms.ts:464:11)
    at <unknown> (./src/data/pythonPrograms.ts:502:14)
    at <unknown> (./src/data/pythonPrograms.ts:505:9)
    at <unknown> (./src/data/pythonPrograms.ts:506:12)
    at <unknown> (./src/data/pythonPrograms.ts:507:15)
    at <unknown> (./src/data/pythonPrograms.ts:508:15)
    at <unknown> (./src/data/pythonPrograms.ts:509:17)
    at <unknown> (./src/data/pythonPrograms.ts:510:17)
    at <unknown> (./src/data/pythonPrograms.ts:511:18)
    at <unknown> (./src/data/pythonPrograms.ts:512:11)
    at <unknown> (./src/data/pythonPrograms.ts:543:14)
    at <unknown> (./src/data/pythonPrograms.ts:546:9)
    at <unknown> (./src/data/pythonPrograms.ts:547:12)
    at <unknown> (./src/data/pythonPrograms.ts:548:15)
    at <unknown> (./src/data/pythonPrograms.ts:549:15)
    at <unknown> (./src/data/pythonPrograms.ts:550:17)
    at <unknown> (./src/data/pythonPrograms.ts:551:17)
    at <unknown> (./src/data/pythonPrograms.ts:552:18)
    at <unknown> (./src/data/pythonPrograms.ts:553:11)
    at <unknown> (./src/data/pythonPrograms.ts:590:14)
    at <unknown> (./src/data/pythonPrograms.ts:593:9)
    at <unknown> (./src/data/pythonPrograms.ts:594:12)
    at <unknown> (./src/data/pythonPrograms.ts:595:15)
    at <unknown> (./src/data/pythonPrograms.ts:596:15)
    at <unknown> (./src/data/pythonPrograms.ts:597:17)
    at <unknown> (./src/data/pythonPrograms.ts:598:17)
    at <unknown> (./src/data/pythonPrograms.ts:599:18)
    at <unknown> (./src/data/pythonPrograms.ts:600:11)
    at <unknown> (./src/data/pythonPrograms.ts:645:14)
    at <unknown> (./src/data/pythonPrograms.ts:648:9)
    at <unknown> (./src/data/pythonPrograms.ts:649:12)
    at <unknown> (./src/data/pythonPrograms.ts:650:15)
    at <unknown> (./src/data/pythonPrograms.ts:651:15)
    at <unknown> (./src/data/pythonPrograms.ts:652:17)
    at <unknown> (./src/data/pythonPrograms.ts:653:17)
    at <unknown> (./src/data/pythonPrograms.ts:654:18)
    at <unknown> (./src/data/pythonPrograms.ts:655:11)
    at <unknown> (./src/data/pythonPrograms.ts:690:14)
    at <unknown> (./src/data/pythonPrograms.ts:693:9)
    at <unknown> (./src/data/pythonPrograms.ts:694:12)
    at <unknown> (./src/data/pythonPrograms.ts:695:15)
    at <unknown> (./src/data/pythonPrograms.ts:696:15)
    at <unknown> (./src/data/pythonPrograms.ts:697:17)
    at <unknown> (./src/data/pythonPrograms.ts:698:17)
    at <unknown> (./src/data/pythonPrograms.ts:699:18)
    at <unknown> (./src/data/pythonPrograms.ts:700:11)
    at <unknown> (./src/data/pythonPrograms.ts:729:14)
    at <unknown> (./src/data/pythonPrograms.ts:732:9)
    at <unknown> (./src/data/pythonPrograms.ts:733:12)
    at <unknown> (./src/data/pythonPrograms.ts:734:15)
    at <unknown> (./src/data/pythonPrograms.ts:735:15)
    at <unknown> (./src/data/pythonPrograms.ts:736:17)
    at <unknown> (./src/data/pythonPrograms.ts:737:17)
    at <unknown> (./src/data/pythonPrograms.ts:738:18)
    at <unknown> (./src/data/pythonPrograms.ts:739:11)
    at <unknown> (./src/data/pythonPrograms.ts:772:14)
    at <unknown> (./src/data/pythonPrograms.ts:775:9)
    at <unknown> (./src/data/pythonPrograms.ts:776:12)
    at <unknown> (./src/data/pythonPrograms.ts:777:15)
    at <unknown> (./src/data/pythonPrograms.ts:778:15)
    at <unknown> (./src/data/pythonPrograms.ts:779:17)
    at <unknown> (./src/data/pythonPrograms.ts:780:17)
    at <unknown> (./src/data/pythonPrograms.ts:781:18)
    at <unknown> (./src/data/pythonPrograms.ts:782:11)
    at <unknown> (./src/data/pythonPrograms.ts:810:14)
    at <unknown> (./src/data/pythonPrograms.ts:813:9)
    at <unknown> (./src/data/pythonPrograms.ts:814:12)
    at <unknown> (./src/data/pythonPrograms.ts:815:15)
    at <unknown> (./src/data/pythonPrograms.ts:816:15)
    at <unknown> (./src/data/pythonPrograms.ts:817:17)
    at <unknown> (./src/data/pythonPrograms.ts:818:17)
    at <unknown> (./src/data/pythonPrograms.ts:819:18)
    at <unknown> (./src/data/pythonPrograms.ts:820:11)
    at <unknown> (./src/data/pythonPrograms.ts:858:14)
    at <unknown> (./src/data/pythonPrograms.ts:861:9)
    at <unknown> (./src/data/pythonPrograms.ts:862:12)
    at <unknown> (./src/data/pythonPrograms.ts:863:15)
    at <unknown> (./src/data/pythonPrograms.ts:864:15)
    at <unknown> (./src/data/pythonPrograms.ts:865:17)
    at <unknown> (./src/data/pythonPrograms.ts:866:17)
    at <unknown> (./src/data/pythonPrograms.ts:867:18)
    at <unknown> (./src/data/pythonPrograms.ts:868:11)
    at <unknown> (./src/data/pythonPrograms.ts:911:14)
    at <unknown> (./src/data/pythonPrograms.ts:914:9)
    at <unknown> (./src/data/pythonPrograms.ts:915:12)
    at <unknown> (./src/data/pythonPrograms.ts:916:15)
    at <unknown> (./src/data/pythonPrograms.ts:917:15)
    at <unknown> (./src/data/pythonPrograms.ts:918:17)
    at <unknown> (./src/data/pythonPrograms.ts:919:17)
    at <unknown> (./src/data/pythonPrograms.ts:920:18)
    at <unknown> (./src/data/pythonPrograms.ts:921:11)
    at <unknown> (./src/data/pythonPrograms.ts:959:14)
    at <unknown> (./src/data/pythonPrograms.ts:962:9)
    at <unknown> (./src/data/pythonPrograms.ts:963:12)
    at <unknown> (./src/data/pythonPrograms.ts:964:15)
    at <unknown> (./src/data/pythonPrograms.ts:965:15)
    at <unknown> (./src/data/pythonPrograms.ts:966:17)
    at <unknown> (./src/data/pythonPrograms.ts:967:17)
    at <unknown> (./src/data/pythonPrograms.ts:968:18)
    at <unknown> (./src/data/pythonPrograms.ts:969:11)
    at <unknown> (./src/data/pythonPrograms.ts:1003:14)
    at <unknown> (./src/data/pythonPrograms.ts:1006:9)
    at <unknown> (./src/data/pythonPrograms.ts:1007:12)
    at <unknown> (./src/data/pythonPrograms.ts:1008:15)
    at <unknown> (./src/data/pythonPrograms.ts:1009:15)
    at <unknown> (./src/data/pythonPrograms.ts:1010:17)
    at <unknown> (./src/data/pythonPrograms.ts:1011:17)
    at <unknown> (./src/data/pythonPrograms.ts:1012:18)
    at <unknown> (./src/data/pythonPrograms.ts:1013:11)
    at <unknown> (./src/data/pythonPrograms.ts:1059:14)
    at <unknown> (./src/data/pythonPrograms.ts:1062:9)
    at <unknown> (./src/data/pythonPrograms.ts:1063:12)
    at <unknown> (./src/data/pythonPrograms.ts:1064:15)
    at <unknown> (./src/data/pythonPrograms.ts:1065:15)
    at <unknown> (./src/data/pythonPrograms.ts:1066:17)
    at <unknown> (./src/data/pythonPrograms.ts:1067:17)
    at <unknown> (./src/data/pythonPrograms.ts:1068:18)
    at <unknown> (./src/data/pythonPrograms.ts:1069:11)
    at <unknown> (./src/data/pythonPrograms.ts:1106:14)
    at <unknown> (./src/data/pythonPrograms.ts:1109:9)
    at <unknown> (./src/data/pythonPrograms.ts:1110:12)
    at <unknown> (./src/data/pythonPrograms.ts:1111:15)
    at <unknown> (./src/data/pythonPrograms.ts:1112:15)
    at <unknown> (./src/data/pythonPrograms.ts:1113:17)
    at <unknown> (./src/data/pythonPrograms.ts:1114:17)
    at <unknown> (./src/data/pythonPrograms.ts:1115:18)
    at <unknown> (./src/data/pythonPrograms.ts:1116:11)
    at <unknown> (./src/data/pythonPrograms.ts:1160:14)
    at <unknown> (./src/data/pythonPrograms.ts:1163:9)
    at <unknown> (./src/data/pythonPrograms.ts:1164:12)
    at <unknown> (./src/data/pythonPrograms.ts:1165:15)
    at <unknown> (./src/data/pythonPrograms.ts:1166:15)
    at <unknown> (./src/data/pythonPrograms.ts:1167:17)
    at <unknown> (./src/data/pythonPrograms.ts:1168:17)
    at <unknown> (./src/data/pythonPrograms.ts:1169:18)
    at <unknown> (./src/data/pythonPrograms.ts:1170:11)
    at <unknown> (./src/data/pythonPrograms.ts:1203:14)
    at <unknown> (./src/data/pythonPrograms.ts:1206:9)
    at <unknown> (./src/data/pythonPrograms.ts:1207:12)
    at <unknown> (./src/data/pythonPrograms.ts:1208:15)
    at <unknown> (./src/data/pythonPrograms.ts:1209:15)
    at <unknown> (./src/data/pythonPrograms.ts:1210:17)
    at <unknown> (./src/data/pythonPrograms.ts:1211:17)
    at <unknown> (./src/data/pythonPrograms.ts:1212:18)
    at <unknown> (./src/data/pythonPrograms.ts:1213:11)
    at <unknown> (./src/data/pythonPrograms.ts:1251:14)
    at <unknown> (./src/data/pythonPrograms.ts:1254:9)
    at <unknown> (./src/data/pythonPrograms.ts:1255:12)
    at <unknown> (./src/data/pythonPrograms.ts:1256:15)
    at <unknown> (./src/data/pythonPrograms.ts:1257:15)
    at <unknown> (./src/data/pythonPrograms.ts:1258:17)
    at <unknown> (./src/data/pythonPrograms.ts:1259:17)
    at <unknown> (./src/data/pythonPrograms.ts:1260:18)
    at <unknown> (./src/data/pythonPrograms.ts:1261:11)
    at <unknown> (./src/data/pythonPrograms.ts:1307:14)
    at <unknown> (./src/data/pythonPrograms.ts:1311:9)
    at <unknown> (./src/data/pythonPrograms.ts:1312:12)
    at <unknown> (./src/data/pythonPrograms.ts:1314:15)
    at <unknown> (./src/data/pythonPrograms.ts:1315:17)
    at <unknown> (./src/data/pythonPrograms.ts:1317:18)
    at <unknown> (./src/data/pythonPrograms.ts:1318:11)
    at <unknown> (./src/data/pythonPrograms.ts:1344:14)
    at <unknown> (./src/data/pythonPrograms.ts:1347:9)
    at <unknown> (./src/data/pythonPrograms.ts:1348:12)
    at <unknown> (./src/data/pythonPrograms.ts:1350:15)
    at <unknown> (./src/data/pythonPrograms.ts:1351:17)
    at <unknown> (./src/data/pythonPrograms.ts:1353:18)
    at <unknown> (./src/data/pythonPrograms.ts:1354:11)
    at <unknown> (./src/data/pythonPrograms.ts:1383:14)
    at <unknown> (./src/data/pythonPrograms.ts:1386:9)
    at <unknown> (./src/data/pythonPrograms.ts:1387:12)
    at <unknown> (./src/data/pythonPrograms.ts:1389:15)
    at <unknown> (./src/data/pythonPrograms.ts:1390:17)
    at <unknown> (./src/data/pythonPrograms.ts:1392:18)
    at <unknown> (./src/data/pythonPrograms.ts:1393:11)
    at <unknown> (./src/data/pythonPrograms.ts:1425:14)
    at <unknown> (./src/data/pythonPrograms.ts:1428:9)
    at <unknown> (./src/data/pythonPrograms.ts:1429:12)
    at <unknown> (./src/data/pythonPrograms.ts:1431:15)
    at <unknown> (./src/data/pythonPrograms.ts:1432:17)
    at <unknown> (./src/data/pythonPrograms.ts:1434:18)
    at <unknown> (./src/data/pythonPrograms.ts:1435:11)
    at <unknown> (./src/data/pythonPrograms.ts:1473:14)
    at <unknown> (./src/data/pythonPrograms.ts:1478:9)
    at <unknown> (./src/data/pythonPrograms.ts:1479:12)
    at <unknown> (./src/data/pythonPrograms.ts:1481:15)
    at <unknown> (./src/data/pythonPrograms.ts:1482:17)
    at <unknown> (./src/data/pythonPrograms.ts:1484:18)
    at <unknown> (./src/data/pythonPrograms.ts:1485:11)
    at <unknown> (./src/data/pythonPrograms.ts:1517:14)
    at <unknown> (./src/data/pythonPrograms.ts:1520:9)
    at <unknown> (./src/data/pythonPrograms.ts:1521:12)
    at <unknown> (./src/data/pythonPrograms.ts:1523:15)
    at <unknown> (./src/data/pythonPrograms.ts:1524:17)
    at <unknown> (./src/data/pythonPrograms.ts:1526:18)
    at <unknown> (./src/data/pythonPrograms.ts:1527:11)
    at <unknown> (./src/data/pythonPrograms.ts:1561:14)
    at <unknown> (./src/data/pythonPrograms.ts:1564:9)
    at <unknown> (./src/data/pythonPrograms.ts:1565:12)
    at <unknown> (./src/data/pythonPrograms.ts:1567:15)
    at <unknown> (./src/data/pythonPrograms.ts:1568:17)
    at <unknown> (./src/data/pythonPrograms.ts:1570:18)
    at <unknown> (./src/data/pythonPrograms.ts:1571:11)
    at <unknown> (./src/data/pythonPrograms.ts:1605:14)
    at <unknown> (./src/data/pythonPrograms.ts:1608:9)
    at <unknown> (./src/data/pythonPrograms.ts:1609:12)
    at <unknown> (./src/data/pythonPrograms.ts:1611:15)
    at <unknown> (./src/data/pythonPrograms.ts:1612:17)
    at <unknown> (./src/data/pythonPrograms.ts:1614:18)
    at <unknown> (./src/data/pythonPrograms.ts:1615:11)
    at <unknown> (./src/data/pythonPrograms.ts:1650:14)
    at <unknown> (./src/data/pythonPrograms.ts:1653:9)
    at <unknown> (./src/data/pythonPrograms.ts:1654:12)
    at <unknown> (./src/data/pythonPrograms.ts:1656:15)
    at <unknown> (./src/data/pythonPrograms.ts:1657:17)
    at <unknown> (./src/data/pythonPrograms.ts:1659:18)
    at <unknown> (./src/data/pythonPrograms.ts:1660:11)
    at <unknown> (./src/data/pythonPrograms.ts:1705:14)
    at <unknown> (./src/data/pythonPrograms.ts:1710:9)
    at <unknown> (./src/data/pythonPrograms.ts:1711:12)
    at <unknown> (./src/data/pythonPrograms.ts:1713:15)
    at <unknown> (./src/data/pythonPrograms.ts:1714:17)
    at <unknown> (./src/data/pythonPrograms.ts:1716:18)
    at <unknown> (./src/data/pythonPrograms.ts:1717:11)
    at <unknown> (./src/data/pythonPrograms.ts:1754:14)
    at <unknown> (./src/data/pythonPrograms.ts:1757:9)
    at <unknown> (./src/data/pythonPrograms.ts:1758:12)
    at <unknown> (./src/data/pythonPrograms.ts:1760:15)
    at <unknown> (./src/data/pythonPrograms.ts:1761:17)
    at <unknown> (./src/data/pythonPrograms.ts:1763:18)
    at <unknown> (./src/data/pythonPrograms.ts:1764:11)
    at <unknown> (./src/data/pythonPrograms.ts:1802:14)
    at <unknown> (./src/data/pythonPrograms.ts:1805:9)
    at <unknown> (./src/data/pythonPrograms.ts:1806:12)
    at <unknown> (./src/data/pythonPrograms.ts:1808:15)
    at <unknown> (./src/data/pythonPrograms.ts:1809:17)
    at <unknown> (./src/data/pythonPrograms.ts:1811:18)
    at <unknown> (./src/data/pythonPrograms.ts:1812:11)
    at <unknown> (./src/data/pythonPrograms.ts:1849:14)
    at <unknown> (./src/data/pythonPrograms.ts:1852:9)
    at <unknown> (./src/data/pythonPrograms.ts:1853:12)
    at <unknown> (./src/data/pythonPrograms.ts:1855:15)
    at <unknown> (./src/data/pythonPrograms.ts:1856:17)
    at <unknown> (./src/data/pythonPrograms.ts:1858:18)
    at <unknown> (./src/data/pythonPrograms.ts:1859:11)
    at <unknown> (./src/data/pythonPrograms.ts:1906:14)
    at <unknown> (./src/data/pythonPrograms.ts:1911:9)
    at <unknown> (./src/data/pythonPrograms.ts:1912:12)
    at <unknown> (./src/data/pythonPrograms.ts:1914:15)
    at <unknown> (./src/data/pythonPrograms.ts:1915:17)
    at <unknown> (./src/data/pythonPrograms.ts:1917:18)
    at <unknown> (./src/data/pythonPrograms.ts:1918:11)
    at <unknown> (./src/data/pythonPrograms.ts:1963:14)
    at <unknown> (./src/data/pythonPrograms.ts:1966:9)
    at <unknown> (./src/data/pythonPrograms.ts:1967:12)
    at <unknown> (./src/data/pythonPrograms.ts:1969:15)
    at <unknown> (./src/data/pythonPrograms.ts:1970:17)
    at <unknown> (./src/data/pythonPrograms.ts:1972:18)
    at <unknown> (./src/data/pythonPrograms.ts:1973:11)
    at <unknown> (./src/data/pythonPrograms.ts:2008:14)
    at <unknown> (./src/data/pythonPrograms.ts:2011:9)
    at <unknown> (./src/data/pythonPrograms.ts:2012:12)
    at <unknown> (./src/data/pythonPrograms.ts:2014:15)
    at <unknown> (./src/data/pythonPrograms.ts:2015:17)
    at <unknown> (./src/data/pythonPrograms.ts:2017:18)
    at <unknown> (./src/data/pythonPrograms.ts:2018:11)
    at <unknown> (./src/data/pythonPrograms.ts:2055:14)
    at <unknown> (./src/data/pythonPrograms.ts:2058:9)
    at <unknown> (./src/data/pythonPrograms.ts:2059:12)
    at <unknown> (./src/data/pythonPrograms.ts:2061:15)
    at <unknown> (./src/data/pythonPrograms.ts:2062:17)
    at <unknown> (./src/data/pythonPrograms.ts:2064:18)
    at <unknown> (./src/data/pythonPrograms.ts:2065:11)
    at <unknown> (./src/data/pythonPrograms.ts:2110:14)
    at <unknown> (./src/data/pythonPrograms.ts:2115:9)
    at <unknown> (./src/data/pythonPrograms.ts:2116:12)
    at <unknown> (./src/data/pythonPrograms.ts:2118:15)
    at <unknown> (./src/data/pythonPrograms.ts:2119:17)
    at <unknown> (./src/data/pythonPrograms.ts:2121:18)
    at <unknown> (./src/data/pythonPrograms.ts:2122:11)
    at <unknown> (./src/data/pythonPrograms.ts:2169:14)
    at <unknown> (./src/data/pythonPrograms.ts:2172:9)
    at <unknown> (./src/data/pythonPrograms.ts:2173:12)
    at <unknown> (./src/data/pythonPrograms.ts:2175:15)
    at <unknown> (./src/data/pythonPrograms.ts:2176:17)
    at <unknown> (./src/data/pythonPrograms.ts:2178:18)
    at <unknown> (./src/data/pythonPrograms.ts:2179:11)
    at <unknown> (./src/data/pythonPrograms.ts:2225:14)
    at <unknown> (./src/data/pythonPrograms.ts:2230:9)
    at <unknown> (./src/data/pythonPrograms.ts:2231:12)
    at <unknown> (./src/data/pythonPrograms.ts:2233:15)
    at <unknown> (./src/data/pythonPrograms.ts:2234:17)
    at <unknown> (./src/data/pythonPrograms.ts:2236:18)
    at <unknown> (./src/data/pythonPrograms.ts:2237:11)
    at <unknown> (./src/data/pythonPrograms.ts:2288:14)
    at <unknown> (./src/data/pythonPrograms.ts:2291:9)
    at <unknown> (./src/data/pythonPrograms.ts:2292:12)
    at <unknown> (./src/data/pythonPrograms.ts:2294:15)
    at <unknown> (./src/data/pythonPrograms.ts:2295:17)
    at <unknown> (./src/data/pythonPrograms.ts:2297:18)
    at <unknown> (./src/data/pythonPrograms.ts:2298:11)
    at <unknown> (./src/data/pythonPrograms.ts:2349:14)
    at <unknown> (./src/data/pythonPrograms.ts:2352:9)
    at <unknown> (./src/data/pythonPrograms.ts:2353:12)
    at <unknown> (./src/data/pythonPrograms.ts:2355:15)
    at <unknown> (./src/data/pythonPrograms.ts:2356:17)
    at <unknown> (./src/data/pythonPrograms.ts:2358:18)
    at <unknown> (./src/data/pythonPrograms.ts:2359:11)
    at <unknown> (./src/data/pythonPrograms.ts:2408:14)
    at <unknown> (./src/data/pythonPrograms.ts:2413:9)
    at <unknown> (./src/data/pythonPrograms.ts:2414:12)
    at <unknown> (./src/data/pythonPrograms.ts:2416:15)
    at <unknown> (./src/data/pythonPrograms.ts:2417:17)
    at <unknown> (./src/data/pythonPrograms.ts:2419:18)
    at <unknown> (./src/data/pythonPrograms.ts:2420:11)
    at <unknown> (./src/data/pythonPrograms.ts:2471:14)
    at <unknown> (./src/data/pythonPrograms.ts:2474:9)
    at <unknown> (./src/data/pythonPrograms.ts:2475:12)
    at <unknown> (./src/data/pythonPrograms.ts:2477:15)
    at <unknown> (./src/data/pythonPrograms.ts:2478:17)
    at <unknown> (./src/data/pythonPrograms.ts:2480:18)
    at <unknown> (./src/data/pythonPrograms.ts:2481:11)
    at <unknown> (./src/data/pythonPrograms.ts:2533:14)
    at <unknown> (./src/data/pythonPrograms.ts:2536:9)
    at <unknown> (./src/data/pythonPrograms.ts:2537:12)
    at <unknown> (./src/data/pythonPrograms.ts:2539:15)
    at <unknown> (./src/data/pythonPrograms.ts:2540:17)
    at <unknown> (./src/data/pythonPrograms.ts:2542:18)
    at <unknown> (./src/data/pythonPrograms.ts:2543:11)
    at <unknown> (./src/data/pythonPrograms.ts:2593:14)
    at <unknown> (./src/data/pythonPrograms.ts:2596:9)
    at <unknown> (./src/data/pythonPrograms.ts:2597:12)
    at <unknown> (./src/data/pythonPrograms.ts:2599:15)
    at <unknown> (./src/data/pythonPrograms.ts:2600:17)
    at <unknown> (./src/data/pythonPrograms.ts:2602:18)
    at <unknown> (./src/data/pythonPrograms.ts:2603:11)
    at <unknown> (./src/data/pythonPrograms.ts:2661:14)
    at <unknown> (./src/data/pythonPrograms.ts:2664:9)
    at <unknown> (./src/data/pythonPrograms.ts:2665:12)
    at <unknown> (./src/data/pythonPrograms.ts:2667:15)
    at <unknown> (./src/data/pythonPrograms.ts:2668:17)
    at <unknown> (./src/data/pythonPrograms.ts:2670:18)
    at <unknown> (./src/data/pythonPrograms.ts:2671:11)
    at <unknown> (./src/data/pythonPrograms.ts:2723:14)
    at <unknown> (./src/data/pythonPrograms.ts:2726:9)
    at <unknown> (./src/data/pythonPrograms.ts:2727:12)
    at <unknown> (./src/data/pythonPrograms.ts:2729:15)
    at <unknown> (./src/data/pythonPrograms.ts:2730:17)
    at <unknown> (./src/data/pythonPrograms.ts:2732:18)
    at <unknown> (./src/data/pythonPrograms.ts:2733:11)
    at <unknown> (./src/data/pythonPrograms.ts:2786:14)
    at <unknown> (./src/data/pythonPrograms.ts:2791:9)
    at <unknown> (./src/data/pythonPrograms.ts:2792:12)
    at <unknown> (./src/data/pythonPrograms.ts:2794:15)
    at <unknown> (./src/data/pythonPrograms.ts:2795:17)
    at <unknown> (./src/data/pythonPrograms.ts:2797:18)
    at <unknown> (./src/data/pythonPrograms.ts:2798:11)
    at <unknown> (./src/data/pythonPrograms.ts:2851:14)
    at <unknown> (./src/data/pythonPrograms.ts:2856:9)
    at <unknown> (./src/data/pythonPrograms.ts:2857:12)
    at <unknown> (./src/data/pythonPrograms.ts:2859:15)
    at <unknown> (./src/data/pythonPrograms.ts:2860:17)
    at <unknown> (./src/data/pythonPrograms.ts:2862:18)
    at <unknown> (./src/data/pythonPrograms.ts:2863:11)
    at <unknown> (./src/data/pythonPrograms.ts:2914:14)
    at <unknown> (./src/data/pythonPrograms.ts:2917:9)
    at <unknown> (./src/data/pythonPrograms.ts:2918:12)
    at <unknown> (./src/data/pythonPrograms.ts:2920:15)
    at <unknown> (./src/data/pythonPrograms.ts:2921:17)
    at <unknown> (./src/data/pythonPrograms.ts:2923:18)
    at <unknown> (./src/data/pythonPrograms.ts:2924:11)
    at <unknown> (./src/data/pythonPrograms.ts:2992:14)
    at <unknown> (./src/data/pythonPrograms.ts:2997:9)
    at <unknown> (./src/data/pythonPrograms.ts:2998:12)
    at <unknown> (./src/data/pythonPrograms.ts:3000:15)
    at <unknown> (./src/data/pythonPrograms.ts:3001:17)
    at <unknown> (./src/data/pythonPrograms.ts:3003:18)
    at <unknown> (./src/data/pythonPrograms.ts:3004:11)
    at <unknown> (./src/data/pythonPrograms.ts:3074:14)
    at <unknown> (./src/data/pythonPrograms.ts:3077:9)
    at <unknown> (./src/data/pythonPrograms.ts:3078:12)
    at <unknown> (./src/data/pythonPrograms.ts:3081:17)
    at <unknown> (./src/data/pythonPrograms.ts:3083:18)
    at <unknown> (./src/data/pythonPrograms.ts:3084:11)
    at <unknown> (./src/data/pythonPrograms.ts:3118:14)
    at <unknown> (./src/data/pythonPrograms.ts:3121:9)
    at <unknown> (./src/data/pythonPrograms.ts:3122:12)
    at <unknown> (./src/data/pythonPrograms.ts:3125:17)
    at <unknown> (./src/data/pythonPrograms.ts:3127:18)
    at <unknown> (./src/data/pythonPrograms.ts:3128:11)
    at <unknown> (./src/data/pythonPrograms.ts:3169:14)
    at <unknown> (./src/data/pythonPrograms.ts:3172:9)
    at <unknown> (./src/data/pythonPrograms.ts:3173:12)
    at <unknown> (./src/data/pythonPrograms.ts:3176:17)
    at <unknown> (./src/data/pythonPrograms.ts:3178:18)
    at <unknown> (./src/data/pythonPrograms.ts:3179:11)
    at <unknown> (./src/data/pythonPrograms.ts:3233:14)
    at <unknown> (./src/data/pythonPrograms.ts:3236:9)
    at <unknown> (./src/data/pythonPrograms.ts:3237:12)
    at <unknown> (./src/data/pythonPrograms.ts:3240:17)
    at <unknown> (./src/data/pythonPrograms.ts:3242:18)
    at <unknown> (./src/data/pythonPrograms.ts:3243:11)
    at <unknown> (./src/data/pythonPrograms.ts:3281:14)
    at <unknown> (./src/data/pythonPrograms.ts:3284:9)
    at <unknown> (./src/data/pythonPrograms.ts:3285:12)
    at <unknown> (./src/data/pythonPrograms.ts:3288:17)
    at <unknown> (./src/data/pythonPrograms.ts:3290:18)
    at <unknown> (./src/data/pythonPrograms.ts:3291:11)
    at <unknown> (./src/data/pythonPrograms.ts:3327:14)
    at <unknown> (./src/data/pythonPrograms.ts:3330:9)
    at <unknown> (./src/data/pythonPrograms.ts:3331:12)
    at <unknown> (./src/data/pythonPrograms.ts:3334:17)
    at <unknown> (./src/data/pythonPrograms.ts:3336:18)
    at <unknown> (./src/data/pythonPrograms.ts:3337:11)
    at <unknown> (./src/data/pythonPrograms.ts:3384:14)
    at <unknown> (./src/data/pythonPrograms.ts:3387:9)
    at <unknown> (./src/data/pythonPrograms.ts:3388:12)
    at <unknown> (./src/data/pythonPrograms.ts:3391:17)
    at <unknown> (./src/data/pythonPrograms.ts:3393:18)
    at <unknown> (./src/data/pythonPrograms.ts:3394:11)
    at <unknown> (./src/data/pythonPrograms.ts:3432:14)
    at <unknown> (./src/data/pythonPrograms.ts:3435:9)
    at <unknown> (./src/data/pythonPrograms.ts:3436:12)
    at <unknown> (./src/data/pythonPrograms.ts:3439:17)
    at <unknown> (./src/data/pythonPrograms.ts:3441:18)
    at <unknown> (./src/data/pythonPrograms.ts:3442:11)
    at <unknown> (./src/data/pythonPrograms.ts:3485:14)
    at <unknown> (./src/data/pythonPrograms.ts:3488:9)
    at <unknown> (./src/data/pythonPrograms.ts:3489:12)
    at <unknown> (./src/data/pythonPrograms.ts:3492:17)
    at <unknown> (./src/data/pythonPrograms.ts:3494:18)
    at <unknown> (./src/data/pythonPrograms.ts:3495:11)
    at <unknown> (./src/data/pythonPrograms.ts:3534:14)
    at <unknown> (./src/data/pythonPrograms.ts:3537:9)
    at <unknown> (./src/data/pythonPrograms.ts:3538:12)
    at <unknown> (./src/data/pythonPrograms.ts:3541:17)
    at <unknown> (./src/data/pythonPrograms.ts:3543:18)
    at <unknown> (./src/data/pythonPrograms.ts:3544:11)
    at <unknown> (./src/data/pythonPrograms.ts:3597:14)
    at <unknown> (./src/data/pythonPrograms.ts:3600:9)
    at <unknown> (./src/data/pythonPrograms.ts:3601:12)
    at <unknown> (./src/data/pythonPrograms.ts:3604:17)
    at <unknown> (./src/data/pythonPrograms.ts:3606:18)
    at <unknown> (./src/data/pythonPrograms.ts:3607:11)
    at <unknown> (./src/data/pythonPrograms.ts:3646:14)
    at <unknown> (./src/data/pythonPrograms.ts:3649:9)
    at <unknown> (./src/data/pythonPrograms.ts:3650:12)
    at <unknown> (./src/data/pythonPrograms.ts:3653:17)
    at <unknown> (./src/data/pythonPrograms.ts:3655:18)
    at <unknown> (./src/data/pythonPrograms.ts:3656:11)
    at <unknown> (./src/data/pythonPrograms.ts:3689:14)
    at <unknown> (./src/data/pythonPrograms.ts:3692:9)
    at <unknown> (./src/data/pythonPrograms.ts:3693:12)
    at <unknown> (./src/data/pythonPrograms.ts:3696:17)
    at <unknown> (./src/data/pythonPrograms.ts:3698:18)
    at <unknown> (./src/data/pythonPrograms.ts:3699:11)
    at <unknown> (./src/data/pythonPrograms.ts:3737:14)
    at <unknown> (./src/data/pythonPrograms.ts:3740:9)
    at <unknown> (./src/data/pythonPrograms.ts:3741:12)
    at <unknown> (./src/data/pythonPrograms.ts:3744:17)
    at <unknown> (./src/data/pythonPrograms.ts:3746:18)
    at <unknown> (./src/data/pythonPrograms.ts:3747:11)
    at <unknown> (./src/data/pythonPrograms.ts:3779:14)
    at <unknown> (./src/data/pythonPrograms.ts:3782:9)
    at <unknown> (./src/data/pythonPrograms.ts:3783:12)
    at <unknown> (./src/data/pythonPrograms.ts:3786:17)
    at <unknown> (./src/data/pythonPrograms.ts:3788:18)
    at <unknown> (./src/data/pythonPrograms.ts:3789:11)
    at <unknown> (./src/data/pythonPrograms.ts:3840:14)
    at <unknown> (./src/data/pythonPrograms.ts:3843:9)
    at <unknown> (./src/data/pythonPrograms.ts:3844:12)
    at <unknown> (./src/data/pythonPrograms.ts:3847:17)
    at <unknown> (./src/data/pythonPrograms.ts:3849:18)
    at <unknown> (./src/data/pythonPrograms.ts:3850:11)
    at <unknown> (./src/data/pythonPrograms.ts:3897:14)
    at <unknown> (./src/data/pythonPrograms.ts:3900:9)
    at <unknown> (./src/data/pythonPrograms.ts:3901:12)
    at <unknown> (./src/data/pythonPrograms.ts:3904:17)
    at <unknown> (./src/data/pythonPrograms.ts:3906:18)
    at <unknown> (./src/data/pythonPrograms.ts:3907:11)
    at <unknown> (./src/data/pythonPrograms.ts:3945:14)
    at <unknown> (./src/data/pythonPrograms.ts:3948:9)
    at <unknown> (./src/data/pythonPrograms.ts:3949:12)
    at <unknown> (./src/data/pythonPrograms.ts:3952:17)
    at <unknown> (./src/data/pythonPrograms.ts:3954:18)
    at <unknown> (./src/data/pythonPrograms.ts:3955:11)
    at <unknown> (./src/data/pythonPrograms.ts:4009:14)
    at <unknown> (./src/data/pythonPrograms.ts:4012:9)
    at <unknown> (./src/data/pythonPrograms.ts:4013:12)
    at <unknown> (./src/data/pythonPrograms.ts:4016:17)
    at <unknown> (./src/data/pythonPrograms.ts:4018:18)
    at <unknown> (./src/data/pythonPrograms.ts:4019:11)
    at <unknown> (./src/data/pythonPrograms.ts:4071:14)
    at <unknown> (./src/data/pythonPrograms.ts:4074:9)
    at <unknown> (./src/data/pythonPrograms.ts:4075:12)
    at <unknown> (./src/data/pythonPrograms.ts:4078:17)
    at <unknown> (./src/data/pythonPrograms.ts:4080:18)
    at <unknown> (./src/data/pythonPrograms.ts:4081:11)
    at <unknown> (./src/data/pythonPrograms.ts:4128:14)
    at <unknown> (./src/data/pythonPrograms.ts:4131:9)
    at <unknown> (./src/data/pythonPrograms.ts:4132:12)
    at <unknown> (./src/data/pythonPrograms.ts:4135:17)
    at <unknown> (./src/data/pythonPrograms.ts:4137:18)
    at <unknown> (./src/data/pythonPrograms.ts:4138:11)
    at <unknown> (./src/data/pythonPrograms.ts:4193:14)
    at <unknown> (./src/data/pythonPrograms.ts:4196:9)
    at <unknown> (./src/data/pythonPrograms.ts:4197:12)
    at <unknown> (./src/data/pythonPrograms.ts:4200:17)
    at <unknown> (./src/data/pythonPrograms.ts:4202:18)
    at <unknown> (./src/data/pythonPrograms.ts:4203:11)
    at <unknown> (./src/data/pythonPrograms.ts:4257:14)
    at <unknown> (./src/data/pythonPrograms.ts:4260:9)
    at <unknown> (./src/data/pythonPrograms.ts:4261:12)
    at <unknown> (./src/data/pythonPrograms.ts:4264:17)
    at <unknown> (./src/data/pythonPrograms.ts:4266:18)
    at <unknown> (./src/data/pythonPrograms.ts:4267:11)
    at <unknown> (./src/data/pythonPrograms.ts:4309:14)
    at <unknown> (./src/data/pythonPrograms.ts:4312:9)
    at <unknown> (./src/data/pythonPrograms.ts:4313:12)
    at <unknown> (./src/data/pythonPrograms.ts:4316:17)
    at <unknown> (./src/data/pythonPrograms.ts:4318:18)
    at <unknown> (./src/data/pythonPrograms.ts:4319:11)
    at <unknown> (./src/data/pythonPrograms.ts:4383:14)
    at <unknown> (./src/data/pythonPrograms.ts:4386:9)
    at <unknown> (./src/data/pythonPrograms.ts:4387:12)
    at <unknown> (./src/data/pythonPrograms.ts:4390:17)
    at <unknown> (./src/data/pythonPrograms.ts:4392:18)
    at <unknown> (./src/data/pythonPrograms.ts:4393:11)
    at <unknown> (./src/data/pythonPrograms.ts:4459:14)
    at <unknown> (./src/data/pythonPrograms.ts:4462:9)
    at <unknown> (./src/data/pythonPrograms.ts:4463:12)
    at <unknown> (./src/data/pythonPrograms.ts:4466:17)
    at <unknown> (./src/data/pythonPrograms.ts:4468:18)
    at <unknown> (./src/data/pythonPrograms.ts:4469:11)
    at <unknown> (./src/data/pythonPrograms.ts:4545:14)
    at <unknown> (./src/data/pythonPrograms.ts:4548:9)
    at <unknown> (./src/data/pythonPrograms.ts:4549:12)
    at <unknown> (./src/data/pythonPrograms.ts:4552:17)
    at <unknown> (./src/data/pythonPrograms.ts:4554:18)
    at <unknown> (./src/data/pythonPrograms.ts:4555:11)
    at <unknown> (./src/data/pythonPrograms.ts:4606:14)
    at <unknown> (./src/data/pythonPrograms.ts:1313:15)
    at <unknown> (./src/data/pythonPrograms.ts:1316:17)
    at <unknown> (./src/data/pythonPrograms.ts:1349:15)
    at <unknown> (./src/data/pythonPrograms.ts:1352:17)
    at <unknown> (./src/data/pythonPrograms.ts:1388:15)
    at <unknown> (./src/data/pythonPrograms.ts:1391:17)
    at <unknown> (./src/data/pythonPrograms.ts:1430:15)
    at <unknown> (./src/data/pythonPrograms.ts:1433:17)
    at <unknown> (./src/data/pythonPrograms.ts:1480:15)
    at <unknown> (./src/data/pythonPrograms.ts:1483:17)
    at <unknown> (./src/data/pythonPrograms.ts:1522:15)
    at <unknown> (./src/data/pythonPrograms.ts:1525:17)
    at <unknown> (./src/data/pythonPrograms.ts:1566:15)
    at <unknown> (./src/data/pythonPrograms.ts:1569:17)
    at <unknown> (./src/data/pythonPrograms.ts:1610:15)
    at <unknown> (./src/data/pythonPrograms.ts:1613:17)
    at <unknown> (./src/data/pythonPrograms.ts:1655:15)
    at <unknown> (./src/data/pythonPrograms.ts:1658:17)
    at <unknown> (./src/data/pythonPrograms.ts:1712:15)
    at <unknown> (./src/data/pythonPrograms.ts:1715:17)
    at <unknown> (./src/data/pythonPrograms.ts:1759:15)
    at <unknown> (./src/data/pythonPrograms.ts:1762:17)
    at <unknown> (./src/data/pythonPrograms.ts:1807:15)
    at <unknown> (./src/data/pythonPrograms.ts:1810:17)
    at <unknown> (./src/data/pythonPrograms.ts:1854:15)
    at <unknown> (./src/data/pythonPrograms.ts:1857:17)
    at <unknown> (./src/data/pythonPrograms.ts:1913:15)
    at <unknown> (./src/data/pythonPrograms.ts:1916:17)
    at <unknown> (./src/data/pythonPrograms.ts:1968:15)
    at <unknown> (./src/data/pythonPrograms.ts:1971:17)
    at <unknown> (./src/data/pythonPrograms.ts:2013:15)
    at <unknown> (./src/data/pythonPrograms.ts:2016:17)
    at <unknown> (./src/data/pythonPrograms.ts:2060:15)
    at <unknown> (./src/data/pythonPrograms.ts:2063:17)
    at <unknown> (./src/data/pythonPrograms.ts:2117:15)
    at <unknown> (./src/data/pythonPrograms.ts:2120:17)
    at <unknown> (./src/data/pythonPrograms.ts:2174:15)
    at <unknown> (./src/data/pythonPrograms.ts:2177:17)
    at <unknown> (./src/data/pythonPrograms.ts:2232:15)
    at <unknown> (./src/data/pythonPrograms.ts:2235:17)
    at <unknown> (./src/data/pythonPrograms.ts:2293:15)
    at <unknown> (./src/data/pythonPrograms.ts:2296:17)
    at <unknown> (./src/data/pythonPrograms.ts:2354:15)
    at <unknown> (./src/data/pythonPrograms.ts:2357:17)
    at <unknown> (./src/data/pythonPrograms.ts:2415:15)
    at <unknown> (./src/data/pythonPrograms.ts:2418:17)
    at <unknown> (./src/data/pythonPrograms.ts:2476:15)
    at <unknown> (./src/data/pythonPrograms.ts:2479:17)
    at <unknown> (./src/data/pythonPrograms.ts:2538:15)
    at <unknown> (./src/data/pythonPrograms.ts:2541:17)
    at <unknown> (./src/data/pythonPrograms.ts:2598:15)
    at <unknown> (./src/data/pythonPrograms.ts:2601:17)
    at <unknown> (./src/data/pythonPrograms.ts:2666:15)
    at <unknown> (./src/data/pythonPrograms.ts:2669:17)
    at <unknown> (./src/data/pythonPrograms.ts:2728:15)
    at <unknown> (./src/data/pythonPrograms.ts:2731:17)
    at <unknown> (./src/data/pythonPrograms.ts:2793:15)
    at <unknown> (./src/data/pythonPrograms.ts:2796:17)
    at <unknown> (./src/data/pythonPrograms.ts:2858:15)
    at <unknown> (./src/data/pythonPrograms.ts:2861:17)
    at <unknown> (./src/data/pythonPrograms.ts:2919:15)
    at <unknown> (./src/data/pythonPrograms.ts:2922:17)
    at <unknown> (./src/data/pythonPrograms.ts:2999:15)
    at <unknown> (./src/data/pythonPrograms.ts:3002:17)
    at <unknown> (./src/data/pythonPrograms.ts:3079:15)
    at <unknown> (./src/data/pythonPrograms.ts:3080:15)
    at <unknown> (./src/data/pythonPrograms.ts:3082:17)
    at <unknown> (./src/data/pythonPrograms.ts:3123:15)
    at <unknown> (./src/data/pythonPrograms.ts:3124:15)
    at <unknown> (./src/data/pythonPrograms.ts:3126:17)
    at <unknown> (./src/data/pythonPrograms.ts:3174:15)
    at <unknown> (./src/data/pythonPrograms.ts:3175:15)
    at <unknown> (./src/data/pythonPrograms.ts:3177:17)
    at <unknown> (./src/data/pythonPrograms.ts:3238:15)
    at <unknown> (./src/data/pythonPrograms.ts:3239:15)
    at <unknown> (./src/data/pythonPrograms.ts:3241:17)
    at <unknown> (./src/data/pythonPrograms.ts:3286:15)
    at <unknown> (./src/data/pythonPrograms.ts:3287:15)
    at <unknown> (./src/data/pythonPrograms.ts:3289:17)
    at <unknown> (./src/data/pythonPrograms.ts:3332:15)
    at <unknown> (./src/data/pythonPrograms.ts:3333:15)
    at <unknown> (./src/data/pythonPrograms.ts:3335:17)
    at <unknown> (./src/data/pythonPrograms.ts:3389:15)
    at <unknown> (./src/data/pythonPrograms.ts:3390:15)
    at <unknown> (./src/data/pythonPrograms.ts:3392:17)
    at <unknown> (./src/data/pythonPrograms.ts:3437:15)
    at <unknown> (./src/data/pythonPrograms.ts:3438:15)
    at <unknown> (./src/data/pythonPrograms.ts:3440:17)
    at <unknown> (./src/data/pythonPrograms.ts:3490:15)
    at <unknown> (./src/data/pythonPrograms.ts:3491:15)
    at <unknown> (./src/data/pythonPrograms.ts:3493:17)
    at <unknown> (./src/data/pythonPrograms.ts:3539:15)
    at <unknown> (./src/data/pythonPrograms.ts:3540:15)
    at <unknown> (./src/data/pythonPrograms.ts:3542:17)
    at <unknown> (./src/data/pythonPrograms.ts:3602:15)
    at <unknown> (./src/data/pythonPrograms.ts:3603:15)
    at <unknown> (./src/data/pythonPrograms.ts:3605:17)
    at <unknown> (./src/data/pythonPrograms.ts:3651:15)
    at <unknown> (./src/data/pythonPrograms.ts:3652:15)
    at <unknown> (./src/data/pythonPrograms.ts:3654:17)
    at <unknown> (./src/data/pythonPrograms.ts:3694:15)
    at <unknown> (./src/data/pythonPrograms.ts:3695:15)
    at <unknown> (./src/data/pythonPrograms.ts:3697:17)
    at <unknown> (./src/data/pythonPrograms.ts:3742:15)
    at <unknown> (./src/data/pythonPrograms.ts:3743:15)
    at <unknown> (./src/data/pythonPrograms.ts:3745:17)
    at <unknown> (./src/data/pythonPrograms.ts:3784:15)
    at <unknown> (./src/data/pythonPrograms.ts:3785:15)
    at <unknown> (./src/data/pythonPrograms.ts:3787:17)
    at <unknown> (./src/data/pythonPrograms.ts:3845:15)
    at <unknown> (./src/data/pythonPrograms.ts:3846:15)
    at <unknown> (./src/data/pythonPrograms.ts:3848:17)
    at <unknown> (./src/data/pythonPrograms.ts:3902:15)
    at <unknown> (./src/data/pythonPrograms.ts:3903:15)
    at <unknown> (./src/data/pythonPrograms.ts:3905:17)
    at <unknown> (./src/data/pythonPrograms.ts:3950:15)
    at <unknown> (./src/data/pythonPrograms.ts:3951:15)
    at <unknown> (./src/data/pythonPrograms.ts:3953:17)
    at <unknown> (./src/data/pythonPrograms.ts:4014:15)
    at <unknown> (./src/data/pythonPrograms.ts:4015:15)
    at <unknown> (./src/data/pythonPrograms.ts:4017:17)
    at <unknown> (./src/data/pythonPrograms.ts:4076:15)
    at <unknown> (./src/data/pythonPrograms.ts:4077:15)
    at <unknown> (./src/data/pythonPrograms.ts:4079:17)
    at <unknown> (./src/data/pythonPrograms.ts:4133:15)
    at <unknown> (./src/data/pythonPrograms.ts:4134:15)
    at <unknown> (./src/data/pythonPrograms.ts:4136:17)
    at <unknown> (./src/data/pythonPrograms.ts:4198:15)
    at <unknown> (./src/data/pythonPrograms.ts:4199:15)
    at <unknown> (./src/data/pythonPrograms.ts:4201:17)
    at <unknown> (./src/data/pythonPrograms.ts:4262:15)
    at <unknown> (./src/data/pythonPrograms.ts:4263:15)
    at <unknown> (./src/data/pythonPrograms.ts:4265:17)
    at <unknown> (./src/data/pythonPrograms.ts:4314:15)
    at <unknown> (./src/data/pythonPrograms.ts:4315:15)
    at <unknown> (./src/data/pythonPrograms.ts:4317:17)
    at <unknown> (./src/data/pythonPrograms.ts:4388:15)
    at <unknown> (./src/data/pythonPrograms.ts:4389:15)
    at <unknown> (./src/data/pythonPrograms.ts:4391:17)
    at <unknown> (./src/data/pythonPrograms.ts:4464:15)
    at <unknown> (./src/data/pythonPrograms.ts:4465:15)
    at <unknown> (./src/data/pythonPrograms.ts:4467:17)
    at <unknown> (./src/data/pythonPrograms.ts:4550:15)
    at <unknown> (./src/data/pythonPrograms.ts:4551:15)
    at <unknown> (./src/data/pythonPrograms.ts:4553:17)
